[ +158 ms] Artifact Instance of 'MaterialFonts' is not required, skipping update.
[        ] Artifact Instance of 'GradleWrapper' is not required, skipping update.
[        ] Artifact Instance of 'AndroidGenSnapshotArtifacts' is not required, skipping update.
[        ] Artifact Instance of 'AndroidInternalBuildArtifacts' is not required, skipping update.
[        ] Artifact Instance of 'IOSEngineArtifacts' is not required, skipping update.
[        ] Artifact Instance of 'FlutterWebSdk' is not required, skipping update.
[        ] Artifact Instance of 'LegacyCanvasKitRemover' is not required, skipping update.
[        ] Artifact Instance of 'FlutterSdk' is not required, skipping update.
[        ] Artifact Instance of 'WindowsEngineArtifacts' is not required, skipping update.
[        ] Artifact Instance of 'MacOSEngineArtifacts' is not required, skipping update.
[        ] Artifact Instance of 'LinuxEngineArtifacts' is not required, skipping update.
[        ] Artifact Instance of 'LinuxFuchsiaSDKArtifacts' is not required, skipping update.
[        ] Artifact Instance of 'MacOSFuchsiaSDKArtifacts' is not required, skipping update.
[        ] Artifact Instance of 'FlutterRunnerSDKArtifacts' is not required, skipping update.
[        ] Artifact Instance of 'FlutterRunnerDebugSymbols' is not required, skipping update.
[        ] Artifact Instance of 'IosUsbArtifacts' is not required, skipping update.
[        ] Artifact Instance of 'IosUsbArtifacts' is not required, skipping update.
[        ] Artifact Instance of 'IosUsbArtifacts' is not required, skipping update.
[        ] Artifact Instance of 'IosUsbArtifacts' is not required, skipping update.
[        ] Artifact Instance of 'IosUsbArtifacts' is not required, skipping update.
[        ] Artifact Instance of 'IosUsbArtifacts' is not required, skipping update.
[        ] Artifact Instance of 'FontSubsetArtifacts' is not required, skipping update.
[        ] Artifact Instance of 'PubDependencies' is not required, skipping update.
[        ] executing: [E:\flutter/] git -c log.showSignature=false log HEAD -n 1 --pretty=format:%ad --date=iso
[  +65 ms] Exit code 0 from: git -c log.showSignature=false log HEAD -n 1 --pretty=format:%ad --date=iso
[        ] 2026-01-28 13:43:12 -0800
[  +25 ms] Artifact Instance of 'AndroidGenSnapshotArtifacts' is not required, skipping update.
[        ] Artifact Instance of 'AndroidInternalBuildArtifacts' is not required, skipping update.
[        ] Artifact Instance of 'IOSEngineArtifacts' is not required, skipping update.
[        ] Artifact Instance of 'FlutterWebSdk' is not required, skipping update.
[        ] Artifact Instance of 'FlutterEngineStamp' is not required, skipping update.
[        ] Artifact Instance of 'LegacyCanvasKitRemover' is not required, skipping update.
[   +1 ms] Artifact Instance of 'WindowsEngineArtifacts' is not required, skipping update.
[        ] Artifact Instance of 'MacOSEngineArtifacts' is not required, skipping update.
[        ] Artifact Instance of 'LinuxEngineArtifacts' is not required, skipping update.
[        ] Artifact Instance of 'LinuxFuchsiaSDKArtifacts' is not required, skipping update.
[        ] Artifact Instance of 'MacOSFuchsiaSDKArtifacts' is not required, skipping update.
[        ] Artifact Instance of 'FlutterRunnerSDKArtifacts' is not required, skipping update.
[        ] Artifact Instance of 'FlutterRunnerDebugSymbols' is not required, skipping update.
[  +64 ms] executing: E:\AndroidSDK\platform-tools\adb.exe devices -l
[  +63 ms] List of devices attached
           1c3d2914               device product:CPH2487 model:CPH2487 device:OP5961L1 transport_id:2
[   +5 ms] E:\AndroidSDK\platform-tools\adb.exe -s 1c3d2914 shell getprop
[  +88 ms] Artifact Instance of 'AndroidInternalBuildArtifacts' is not required, skipping update.
[        ] Artifact Instance of 'IOSEngineArtifacts' is not required, skipping update.
[  +30 ms] Artifact Instance of 'FlutterEngineStamp' is not required, skipping update.
[   +2 ms] Artifact Instance of 'MacOSEngineArtifacts' is not required, skipping update.
[        ] Artifact Instance of 'LinuxEngineArtifacts' is not required, skipping update.
[        ] Artifact Instance of 'LinuxFuchsiaSDKArtifacts' is not required, skipping update.
[        ] Artifact Instance of 'MacOSFuchsiaSDKArtifacts' is not required, skipping update.
[        ] Artifact Instance of 'FlutterRunnerSDKArtifacts' is not required, skipping update.
[        ] Artifact Instance of 'FlutterRunnerDebugSymbols' is not required, skipping update.
[ +119 ms] Skipping pub get: version match.
[  +82 ms] Found plugin record at C:\Users\Volted User\AppData\Local\Pub\Cache\hosted\pub.dev\record-6.2.0\
[  +11 ms] Found plugin record_windows at C:\Users\Volted User\AppData\Local\Pub\Cache\hosted\pub.dev\record_windows-1.0.7\
[   +5 ms] Found plugin record_web at C:\Users\Volted User\AppData\Local\Pub\Cache\hosted\pub.dev\record_web-1.3.0\
[   +6 ms] Found plugin record_macos at C:\Users\Volted User\AppData\Local\Pub\Cache\hosted\pub.dev\record_macos-1.2.0\
[   +2 ms] Found plugin record_linux at C:\Users\Volted User\AppData\Local\Pub\Cache\hosted\pub.dev\record_linux-1.3.0\
[   +3 ms] Found plugin record_ios at C:\Users\Volted User\AppData\Local\Pub\Cache\hosted\pub.dev\record_ios-1.2.0\
[   +2 ms] Found plugin record_android at C:\Users\Volted User\AppData\Local\Pub\Cache\hosted\pub.dev\record_android-1.5.0\
[   +3 ms] Found plugin permission_handler at C:\Users\Volted User\AppData\Local\Pub\Cache\hosted\pub.dev\permission_handler-12.0.1\
[   +2 ms] Found plugin permission_handler_windows at C:\Users\Volted User\AppData\Local\Pub\Cache\hosted\pub.dev\permission_handler_windows-0.2.1\
[   +3 ms] Found plugin permission_handler_html at C:\Users\Volted User\AppData\Local\Pub\Cache\hosted\pub.dev\permission_handler_html-0.1.3+5\
[   +1 ms] Found plugin permission_handler_apple at C:\Users\Volted User\AppData\Local\Pub\Cache\hosted\pub.dev\permission_handler_apple-9.4.7\
[   +3 ms] Found plugin permission_handler_android at C:\Users\Volted User\AppData\Local\Pub\Cache\hosted\pub.dev\permission_handler_android-13.0.1\
[   +3 ms] Found plugin path_provider at C:\Users\Volted User\AppData\Local\Pub\Cache\hosted\pub.dev\path_provider-2.1.5\
[   +2 ms] Found plugin path_provider_windows at C:\Users\Volted User\AppData\Local\Pub\Cache\hosted\pub.dev\path_provider_windows-2.3.0\
[   +9 ms] Found plugin path_provider_linux at C:\Users\Volted User\AppData\Local\Pub\Cache\hosted\pub.dev\path_provider_linux-2.2.1\
[   +4 ms] Found plugin path_provider_foundation at C:\Users\Volted User\AppData\Local\Pub\Cache\hosted\pub.dev\path_provider_foundation-2.6.0\
[  +17 ms] Found plugin path_provider_android at C:\Users\Volted User\AppData\Local\Pub\Cache\hosted\pub.dev\path_provider_android-2.2.22\
[  +69 ms] Found plugin record at C:\Users\Volted User\AppData\Local\Pub\Cache\hosted\pub.dev\record-6.2.0\
[   +5 ms] Found plugin record_windows at C:\Users\Volted User\AppData\Local\Pub\Cache\hosted\pub.dev\record_windows-1.0.7\
[   +2 ms] Found plugin record_web at C:\Users\Volted User\AppData\Local\Pub\Cache\hosted\pub.dev\record_web-1.3.0\
[   +2 ms] Found plugin record_macos at C:\Users\Volted User\AppData\Local\Pub\Cache\hosted\pub.dev\record_macos-1.2.0\
[   +1 ms] Found plugin record_linux at C:\Users\Volted User\AppData\Local\Pub\Cache\hosted\pub.dev\record_linux-1.3.0\
[   +2 ms] Found plugin record_ios at C:\Users\Volted User\AppData\Local\Pub\Cache\hosted\pub.dev\record_ios-1.2.0\
[   +2 ms] Found plugin record_android at C:\Users\Volted User\AppData\Local\Pub\Cache\hosted\pub.dev\record_android-1.5.0\
[   +1 ms] Found plugin permission_handler at C:\Users\Volted User\AppData\Local\Pub\Cache\hosted\pub.dev\permission_handler-12.0.1\
[   +1 ms] Found plugin permission_handler_windows at C:\Users\Volted User\AppData\Local\Pub\Cache\hosted\pub.dev\permission_handler_windows-0.2.1\
[   +2 ms] Found plugin permission_handler_html at C:\Users\Volted User\AppData\Local\Pub\Cache\hosted\pub.dev\permission_handler_html-0.1.3+5\
[   +1 ms] Found plugin permission_handler_apple at C:\Users\Volted User\AppData\Local\Pub\Cache\hosted\pub.dev\permission_handler_apple-9.4.7\
[   +1 ms] Found plugin permission_handler_android at C:\Users\Volted User\AppData\Local\Pub\Cache\hosted\pub.dev\permission_handler_android-13.0.1\
[   +1 ms] Found plugin path_provider at C:\Users\Volted User\AppData\Local\Pub\Cache\hosted\pub.dev\path_provider-2.1.5\
[   +1 ms] Found plugin path_provider_windows at C:\Users\Volted User\AppData\Local\Pub\Cache\hosted\pub.dev\path_provider_windows-2.3.0\
[   +2 ms] Found plugin path_provider_linux at C:\Users\Volted User\AppData\Local\Pub\Cache\hosted\pub.dev\path_provider_linux-2.2.1\
[   +1 ms] Found plugin path_provider_foundation at C:\Users\Volted User\AppData\Local\Pub\Cache\hosted\pub.dev\path_provider_foundation-2.6.0\
[  +12 ms] Found plugin path_provider_android at C:\Users\Volted User\AppData\Local\Pub\Cache\hosted\pub.dev\path_provider_android-2.2.22\
[  +11 ms] Generating E:\My Projects\EchoSift\frontend\android\app\src\main\java\io\flutter\plugins\GeneratedPluginRegistrant.java
[  +12 ms] Skipping generating GeneratedPluginRegistrant.java because it is up-to-date.
[   +1 ms] ro.hardware = qcom
[  +54 ms] Initializing file store
[  +11 ms] Skipping target: gen_localizations
[   +2 ms] gen_dart_plugin_registrant: Starting due to {InvalidatedReasonKind.inputChanged: The following inputs have updated contents: E:\My Projects\EchoSift\frontend\.dart_tool\package_config.json}
[  +40 ms] Found plugin record at C:\Users\Volted User\AppData\Local\Pub\Cache\hosted\pub.dev\record-6.2.0\
[   +4 ms] Found plugin record_windows at C:\Users\Volted User\AppData\Local\Pub\Cache\hosted\pub.dev\record_windows-1.0.7\
[   +3 ms] Found plugin record_web at C:\Users\Volted User\AppData\Local\Pub\Cache\hosted\pub.dev\record_web-1.3.0\
[   +2 ms] Found plugin record_macos at C:\Users\Volted User\AppData\Local\Pub\Cache\hosted\pub.dev\record_macos-1.2.0\
[   +1 ms] Found plugin record_linux at C:\Users\Volted User\AppData\Local\Pub\Cache\hosted\pub.dev\record_linux-1.3.0\
[   +3 ms] Found plugin record_ios at C:\Users\Volted User\AppData\Local\Pub\Cache\hosted\pub.dev\record_ios-1.2.0\
[   +2 ms] Found plugin record_android at C:\Users\Volted User\AppData\Local\Pub\Cache\hosted\pub.dev\record_android-1.5.0\
[   +1 ms] Found plugin permission_handler at C:\Users\Volted User\AppData\Local\Pub\Cache\hosted\pub.dev\permission_handler-12.0.1\
[   +1 ms] Found plugin permission_handler_windows at C:\Users\Volted User\AppData\Local\Pub\Cache\hosted\pub.dev\permission_handler_windows-0.2.1\
[   +2 ms] Found plugin permission_handler_html at C:\Users\Volted User\AppData\Local\Pub\Cache\hosted\pub.dev\permission_handler_html-0.1.3+5\
[  +12 ms] Found plugin permission_handler_apple at C:\Users\Volted User\AppData\Local\Pub\Cache\hosted\pub.dev\permission_handler_apple-9.4.7\
[   +1 ms] Found plugin permission_handler_android at C:\Users\Volted User\AppData\Local\Pub\Cache\hosted\pub.dev\permission_handler_android-13.0.1\
[        ] Found plugin path_provider at C:\Users\Volted User\AppData\Local\Pub\Cache\hosted\pub.dev\path_provider-2.1.5\
[   +1 ms] Found plugin path_provider_windows at C:\Users\Volted User\AppData\Local\Pub\Cache\hosted\pub.dev\path_provider_windows-2.3.0\
[   +4 ms] Found plugin path_provider_linux at C:\Users\Volted User\AppData\Local\Pub\Cache\hosted\pub.dev\path_provider_linux-2.2.1\
[   +2 ms] Found plugin path_provider_foundation at C:\Users\Volted User\AppData\Local\Pub\Cache\hosted\pub.dev\path_provider_foundation-2.6.0\
[   +6 ms] Found plugin path_provider_android at C:\Users\Volted User\AppData\Local\Pub\Cache\hosted\pub.dev\path_provider_android-2.2.22\
[  +57 ms] gen_dart_plugin_registrant: Complete
[   +4 ms] _composite: Starting due to {}
[        ] _composite: Complete
[   +2 ms] complete
[   +7 ms] Launching lib\main.dart on CPH2487 in debug mode...
[   +3 ms] E:\flutter\bin\cache\dart-sdk\bin\dartaotruntime.exe E:\flutter\bin\cache\dart-sdk\bin\snapshots\frontend_server_aot.dart.snapshot --sdk-root E:\flutter\bin\cache\artifacts\engine\common\flutter_patched_sdk/ --incremental --target=flutter --experimental-emit-debug-metadata -DFLUTTER_VERSION=3.38.9 -DFLUTTER_CHANNEL=stable -DFLUTTER_GIT_URL=https://github.com/flutter/flutter.git -DFLUTTER_FRAMEWORK_REVISION=67323de285 -DFLUTTER_ENGINE_REVISION=587c18f873 -DFLUTTER_DART_VERSION=3.10.8 --output-dill C:\Users\VOLTED~1\AppData\Local\Temp\flutter_tools.8e9bcdcd\flutter_tool.4af2fa50\app.dill --packages E:\My Projects\EchoSift\frontend\.dart_tool\package_config.json -Ddart.vm.profile=false -Ddart.vm.product=false --enable-asserts --track-widget-creation --filesystem-scheme org-dartlang-root --initialize-from-dill build\f537d389bd7fe17e116f8b847863fcdd.cache.dill.track.dill --source file:///E:/My%20Projects/EchoSift/frontend/.dart_tool/flutter_build/dart_plugin_registrant.dart --source package:flutter/src/dart_plugin_registrant.dart -Dflutter.dart_plugin_registrant=file:///E:/My%20Projects/EchoSift/frontend/.dart_tool/flutter_build/dart_plugin_registrant.dart --verbosity=error --enable-experiment=alternative-invalidation-strategy
[  +26 ms] executing: E:\AndroidSDK\platform-tools\adb.exe -s 1c3d2914 shell -x logcat -v time -t 1
[  +47 ms] <- compile package:echosift/main.dart
[ +106 ms] --------- beginning of main
           02-10 22:42:22.004 D/ChargerInfo( 2327): getInfo: type: 0x1, update: 1
[   +9 ms] executing: E:\AndroidSDK\platform-tools\adb.exe version
[  +93 ms] Android Debug Bridge version 1.0.41
           Version 36.0.2-14143358
           Installed as E:\AndroidSDK\platform-tools\adb.exe
           Running on Windows 10.0.19045
[   +2 ms] executing: E:\AndroidSDK\platform-tools\adb.exe start-server
[  +56 ms] Building APK
[   +9 ms] executing: E:\Android Studio\jbr\bin\java -version
[ +678 ms] Exit code 0 from: E:\Android Studio\jbr\bin\java -version
[        ] openjdk version "21.0.8" 2025-07-15
           OpenJDK Runtime Environment (build 21.0.8+-14196175-b1038.72)
           OpenJDK 64-Bit Server VM (build 21.0.8+-14196175-b1038.72, mixed mode)
[   +7 ms] Top-level Gradle build file not found, skipping migration of task "clean".
[   +1 ms] executing: E:\Android Studio\jbr\bin\java --version
[ +176 ms] Exit code 0 from: E:\Android Studio\jbr\bin\java --version
[        ] openjdk 21.0.8 2025-07-15
           OpenJDK Runtime Environment (build 21.0.8+-14196175-b1038.72)
           OpenJDK 64-Bit Server VM (build 21.0.8+-14196175-b1038.72, mixed mode)
[   +2 ms] Version of Java is different than impacted version, no migration attempted.
[  +19 ms] CMake project not found, skipping support Android 15 16k page size migration.
[   +3 ms] Using gradle from E:\My Projects\EchoSift\frontend\android\gradlew.bat.
[  +31 ms] LocalFile: 'E:\My Projects\EchoSift\frontend\android\build.gradle.kts' doesn't provide an AGP version. Checking settings.
[  +14 ms] LocalFile: 'E:\My Projects\EchoSift\frontend\android\settings.gradle.kts' provides AGP version: 8.11.1
[   +5 ms] Running Gradle task 'assembleDebug'...
[   +1 ms] executing: [E:\My Projects\EchoSift\frontend\android/] E:\My Projects\EchoSift\frontend\android\gradlew.bat --full-stacktrace --info -Pverbose=true -Ptarget-platform=android-arm64 -Ptarget=E:\My Projects\EchoSift\frontend\lib\main.dart -Pbase-application-name=android.app.Application -Pdart-defines=RkxVVFRFUl9WRVJTSU9OPTMuMzguOQ==,RkxVVFRFUl9DSEFOTkVMPXN0YWJsZQ==,RkxVVFRFUl9HSVRfVVJMPWh0dHBzOi8vZ2l0aHViLmNvbS9mbHV0dGVyL2ZsdXR0ZXIuZ2l0,RkxVVFRFUl9GUkFNRVdPUktfUkVWSVNJT049NjczMjNkZTI4NQ==,RkxVVFRFUl9FTkdJTkVfUkVWSVNJT049NTg3YzE4Zjg3Mw==,RkxVVFRFUl9EQVJUX1ZFUlNJT049My4xMC44 -Pdart-obfuscation=false -Ptrack-widget-creation=true -Ptree-shake-icons=false -Pfilesystem-scheme=org-dartlang-root assembleDebug
[+1780 ms] Initialized native services in: C:\Users\Volted User\.gradle\native
[        ] Initialized jansi services in: C:\Users\Volted User\.gradle\native
[ +632 ms] The client will now receive all logging from the daemon (pid: 24092). The daemon log file: C:\Users\Volted User\.gradle\daemon\8.14\daemon-24092.out.log
[        ] Starting 2nd build in daemon [uptime: 8 mins 10.426 secs, performance: 100%, GC rate: 0.00/s, heap usage: 0% of 8 GiB, non-heap usage: 3% of 4 GiB]
[  +91 ms] Using 6 worker leases.
[ +201 ms] Now considering [E:\My Projects\EchoSift\frontend\android, E:\flutter\packages\flutter_tools\gradle] as hierarchies to watch
[        ] Watching the file system is configured to be enabled if available
[        ] File system watching is active
[ +110 ms] Starting Build
[ +198 ms] Now considering [E:\flutter\packages\flutter_tools\gradle, E:\My Projects\EchoSift\frontend\android] as hierarchies to watch
[ +788 ms] > Configure project :gradle
[        ] Evaluating project ':gradle' using build file 'E:\flutter\packages\flutter_tools\gradle\build.gradle.kts'.
[        ] Resolved plugin [id: 'org.gradle.java-gradle-plugin']
[        ] Resolved plugin [id: 'org.gradle.groovy']
[        ] Resolved plugin [id: 'org.gradle.kotlin.kotlin-dsl', version: '5.2.0']
[        ] Resolved plugin [id: 'org.jetbrains.kotlin.jvm', version: '1.9.20']
[        ] Using Kotlin Gradle Plugin gradle85 variant
[        ] kotlin scripting plugin: created the scripting discovery configuration: kotlinScriptDef
[        ] kotlin scripting plugin: created the scripting discovery configuration: testKotlinScriptDef
[        ] file or directory 'E:\flutter\packages\flutter_tools\gradle\src\main\java', not found
[        ] Resolved plugin [id: 'dev.flutter.flutter-plugin-loader', version: '1.0.0']
[        ] Resolved plugin [id: 'com.android.application', version: '8.11.1', apply: false]
[        ] Resolved plugin [id: 'org.jetbrains.kotlin.android', version: '2.2.20', apply: false]
[ +119 ms] Resolve mutations for :gradle:checkKotlinGradlePluginConfigurationErrors (Thread[#166,included builds,5,main]) started.
[        ] :gradle:checkKotlinGradlePluginConfigurationErrors (Thread[#166,included builds,5,main]) started.
[   +3 ms] > Task :gradle:checkKotlinGradlePluginConfigurationErrors SKIPPED
[   +1 ms] Skipping task ':gradle:checkKotlinGradlePluginConfigurationErrors' as task onlyIf 'errorDiagnostics are present' is false.
[        ] Resolve mutations for :gradle:compileKotlin (Thread[#166,included builds,5,main]) started.
[        ] :gradle:compileKotlin (Thread[#166,included builds,5,main]) started.
[ +274 ms] > Task :gradle:compileKotlin UP-TO-DATE
[        ] Caching disabled for task ':gradle:compileKotlin' because:
[        ]   Build cache is disabled
[        ] Skipping task ':gradle:compileKotlin' as it is up-to-date.
[        ] Resolve mutations for :gradle:compileJava (Thread[#166,included builds,5,main]) started.
[        ] :gradle:compileJava (Thread[#171,Execution worker Thread 5,5,main]) started.
[ +110 ms] > Task :gradle:compileJava NO-SOURCE
[        ] Skipping task ':gradle:compileJava' as it has no source files and no previous output files.
[        ] Resolve mutations for :gradle:compileGroovy (Thread[#171,Execution worker Thread 5,5,main]) started.
[        ] :gradle:compileGroovy (Thread[#171,Execution worker Thread 5,5,main]) started.
[        ] > Task :gradle:compileGroovy NO-SOURCE
[        ] Skipping task ':gradle:compileGroovy' as it has no source files and no previous output files.
[        ] Resolve mutations for :gradle:pluginDescriptors (Thread[#171,Execution worker Thread 5,5,main]) started.
[        ] :gradle:pluginDescriptors (Thread[#171,Execution worker Thread 5,5,main]) started.
[        ] > Task :gradle:pluginDescriptors UP-TO-DATE
[        ] Caching disabled for task ':gradle:pluginDescriptors' because:
[        ]   Build cache is disabled
[        ]   Not worth caching
[        ] Skipping task ':gradle:pluginDescriptors' as it is up-to-date.
[        ] Resolve mutations for :gradle:processResources (Thread[#166,included builds,5,main]) started.
[        ] :gradle:processResources (Thread[#166,included builds,5,main]) started.
[        ] > Task :gradle:processResources UP-TO-DATE
[        ] Caching disabled for task ':gradle:processResources' because:
[        ]   Build cache is disabled
[        ]   Not worth caching
[        ] Skipping task ':gradle:processResources' as it is up-to-date.
[        ] Resolve mutations for :gradle:classes (Thread[#166,included builds,5,main]) started.
[        ] :gradle:classes (Thread[#166,included builds,5,main]) started.
[        ] > Task :gradle:classes UP-TO-DATE
[        ] Skipping task ':gradle:classes' as it has no actions.
[        ] Resolve mutations for :gradle:jar (Thread[#171,Execution worker Thread 5,5,main]) started.
[        ] :gradle:jar (Thread[#171,Execution worker Thread 5,5,main]) started.
[        ] > Task :gradle:jar UP-TO-DATE
[        ] Caching disabled for task ':gradle:jar' because:
[        ]   Build cache is disabled
[        ]   Not worth caching
[        ] Skipping task ':gradle:jar' as it is up-to-date.
[ +693 ms] Settings evaluated using settings file 'E:\My Projects\EchoSift\frontend\android\settings.gradle.kts'.
[        ] Projects loaded. Root project using build file 'E:\My Projects\EchoSift\frontend\android\build.gradle.kts'.
[        ] Included projects: [root project 'android', project ':app', project ':path_provider_android', project ':permission_handler_android', project ':record_android']
[+1093 ms] > Configure project :app
[        ] Evaluating project ':app' using build file 'E:\My Projects\EchoSift\frontend\android\app\build.gradle.kts'.
[        ] Resolved plugin [id: 'com.android.application']
[        ] Resolved plugin [id: 'kotlin-android']
[        ] Resolved plugin [id: 'dev.flutter.flutter-gradle-plugin']
[        ] Using default execution profile
[        ] Build ceda366c-98df-4440-a3ad-bfc5d2b215b8 is started
[        ] Using Kotlin Gradle Plugin gradle813 variant
[        ] C/C++: android.ndkVersion from module build.gradle is [28.2.13676358]
[        ] C/C++: android.ndkPath from module build.gradle is not set
[        ] C/C++: ndk.dir in local.properties is not set
[        ] C/C++: Not considering ANDROID_NDK_HOME because support was removed after deprecation period.
[        ] C/C++: sdkFolder is E:\AndroidSDK
[        ] C/C++: android.ndkVersion from module build.gradle is [28.2.13676358]
[        ] C/C++: android.ndkPath from module build.gradle is not set
[   +2 ms] C/C++: ndk.dir in local.properties is not set
[        ] C/C++: Not considering ANDROID_NDK_HOME because support was removed after deprecation period.
[        ] C/C++: sdkFolder is E:\AndroidSDK
[   +2 ms] C/C++: android.ndkVersion from module build.gradle is [28.2.13676358]
[        ] C/C++: android.ndkPath from module build.gradle is not set
[        ] C/C++: ndk.dir in local.properties is not set
[        ] C/C++: Not considering ANDROID_NDK_HOME because support was removed after deprecation period.
[        ] C/C++: sdkFolder is E:\AndroidSDK
[        ] C/C++: android.ndkVersion from module build.gradle is [28.2.13676358]
[        ] C/C++: android.ndkPath from module build.gradle is not set
[        ] C/C++: ndk.dir in local.properties is not set
[        ] C/C++: Not considering ANDROID_NDK_HOME because support was removed after deprecation period.
[        ] C/C++: sdkFolder is E:\AndroidSDK
[        ] C/C++: android.ndkVersion from module build.gradle is [28.2.13676358]
[        ] C/C++: android.ndkPath from module build.gradle is not set
[        ] C/C++: ndk.dir in local.properties is not set
[        ] C/C++: Not considering ANDROID_NDK_HOME because support was removed after deprecation period.
[        ] C/C++: sdkFolder is E:\AndroidSDK
[        ] C/C++: android.ndkVersion from module build.gradle is [28.2.13676358]
[        ] C/C++: android.ndkPath from module build.gradle is not set
[        ] C/C++: ndk.dir in local.properties is not set
[        ] C/C++: Not considering ANDROID_NDK_HOME because support was removed after deprecation period.
[        ] C/C++: sdkFolder is E:\AndroidSDK
[        ] C/C++: android.ndkVersion from module build.gradle is [28.2.13676358]
[        ] C/C++: android.ndkPath from module build.gradle is not set
[        ] C/C++: ndk.dir in local.properties is not set
[        ] C/C++: Not considering ANDROID_NDK_HOME because support was removed after deprecation period.
[        ] C/C++: sdkFolder is E:\AndroidSDK
[        ] C/C++: android.ndkVersion from module build.gradle is [28.2.13676358]
[        ] C/C++: android.ndkPath from module build.gradle is not set
[        ] C/C++: ndk.dir in local.properties is not set
[        ] C/C++: Not considering ANDROID_NDK_HOME because support was removed after deprecation period.
[        ] C/C++: sdkFolder is E:\AndroidSDK
[        ] C/C++: android.ndkVersion from module build.gradle is [28.2.13676358]
[        ] C/C++: android.ndkPath from module build.gradle is not set
[        ] C/C++: ndk.dir in local.properties is not set
[        ] C/C++: Not considering ANDROID_NDK_HOME because support was removed after deprecation period.
[        ] C/C++: sdkFolder is E:\AndroidSDK
[        ] C/C++: android.ndkVersion from module build.gradle is [28.2.13676358]
[        ] C/C++: android.ndkPath from module build.gradle is not set
[        ] C/C++: ndk.dir in local.properties is not set
[        ] C/C++: Not considering ANDROID_NDK_HOME because support was removed after deprecation period.
[        ] C/C++: sdkFolder is E:\AndroidSDK
[        ] C/C++: android.ndkVersion from module build.gradle is [28.2.13676358]
[        ] C/C++: android.ndkPath from module build.gradle is not set
[        ] C/C++: ndk.dir in local.properties is not set
[        ] C/C++: Not considering ANDROID_NDK_HOME because support was removed after deprecation period.
[        ] C/C++: sdkFolder is E:\AndroidSDK
[        ] C/C++: android.ndkVersion from module build.gradle is [28.2.13676358]
[        ] C/C++: android.ndkPath from module build.gradle is not set
[        ] C/C++: ndk.dir in local.properties is not set
[        ] C/C++: Not considering ANDROID_NDK_HOME because support was removed after deprecation period.
[        ] C/C++: sdkFolder is E:\AndroidSDK
[   +1 ms] C/C++: android.ndkVersion from module build.gradle is [28.2.13676358]
[        ] C/C++: android.ndkPath from module build.gradle is not set
[        ] C/C++: ndk.dir in local.properties is not set
[        ] C/C++: Not considering ANDROID_NDK_HOME because support was removed after deprecation period.
[        ] C/C++: sdkFolder is E:\AndroidSDK
[        ] C/C++: android.ndkVersion from module build.gradle is [28.2.13676358]
[        ] C/C++: android.ndkPath from module build.gradle is not set
[        ] C/C++: ndk.dir in local.properties is not set
[        ] C/C++: Not considering ANDROID_NDK_HOME because support was removed after deprecation period.
[        ] C/C++: sdkFolder is E:\AndroidSDK
[        ] C/C++: android.ndkVersion from module build.gradle is [28.2.13676358]
[        ] C/C++: android.ndkPath from module build.gradle is not set
[        ] C/C++: ndk.dir in local.properties is not set
[        ] C/C++: Not considering ANDROID_NDK_HOME because support was removed after deprecation period.
[        ] C/C++: sdkFolder is E:\AndroidSDK
[        ] C/C++: android.ndkVersion from module build.gradle is [28.2.13676358]
[        ] C/C++: android.ndkPath from module build.gradle is not set
[        ] C/C++: ndk.dir in local.properties is not set
[        ] C/C++: Not considering ANDROID_NDK_HOME because support was removed after deprecation period.
[        ] C/C++: sdkFolder is E:\AndroidSDK
[        ] C/C++: android.ndkVersion from module build.gradle is [28.2.13676358]
[        ] C/C++: android.ndkPath from module build.gradle is not set
[        ] C/C++: ndk.dir in local.properties is not set
[        ] C/C++: Not considering ANDROID_NDK_HOME because support was removed after deprecation period.
[        ] C/C++: sdkFolder is E:\AndroidSDK
[        ] C/C++: android.ndkVersion from module build.gradle is [28.2.13676358]
[        ] C/C++: android.ndkPath from module build.gradle is not set
[        ] C/C++: ndk.dir in local.properties is not set
[        ] C/C++: Not considering ANDROID_NDK_HOME because support was removed after deprecation period.
[        ] C/C++: sdkFolder is E:\AndroidSDK
[        ] C/C++: android.ndkVersion from module build.gradle is [28.2.13676358]
[        ] C/C++: android.ndkPath from module build.gradle is not set
[        ] C/C++: ndk.dir in local.properties is not set
[        ] C/C++: Not considering ANDROID_NDK_HOME because support was removed after deprecation period.
[        ] C/C++: sdkFolder is E:\AndroidSDK
[        ] > Configure project :
[        ] Evaluating root project 'android' using build file 'E:\My Projects\EchoSift\frontend\android\build.gradle.kts'.
[ +181 ms] > Configure project :path_provider_android
[        ] Evaluating project ':path_provider_android' using build file 'C:\Users\Volted User\AppData\Local\Pub\Cache\hosted\pub.dev\path_provider_android-2.2.22\android\build.gradle'.
[        ] Using default execution profile
[+2005 ms] > Configure project :permission_handler_android
[        ] Evaluating project ':permission_handler_android' using build file 'C:\Users\Volted User\AppData\Local\Pub\Cache\hosted\pub.dev\permission_handler_android-13.0.1\android\build.gradle'.
[        ] Caching disabled for Groovy DSL script compilation (cp_proj) because:
[   +2 ms]   Build cache is disabled
[        ]   Not worth caching.
[        ] Compiling build file 'C:\Users\Volted User\AppData\Local\Pub\Cache\hosted\pub.dev\permission_handler_android-13.0.1\android\build.gradle' using SubsetScriptTransformer.
[+1099 ms] Downloading https://dl.google.com/dl/android/maven2/com/android/tools/build/gradle/8.0.2/gradle-8.0.2.pom to C:\Users\Volted User\.gradle\.tmp\gradle_download15232190404625991214bin
[ +398 ms] Downloading https://dl.google.com/dl/android/maven2/com/android/tools/build/gradle/8.0.2/gradle-8.0.2.module to C:\Users\Volted User\.gradle\.tmp\gradle_download9652487800958886234bin
[ +202 ms] Downloading https://dl.google.com/dl/android/maven2/com/android/tools/sdklib/31.0.2/sdklib-31.0.2.pom to C:\Users\Volted User\.gradle\.tmp\gradle_download16655857784290783166bin
[  +93 ms] Downloading https://dl.google.com/dl/android/maven2/com/android/tools/sdk-common/31.0.2/sdk-common-31.0.2.pom to C:\Users\Volted User\.gradle\.tmp\gradle_download13377788109470850394bin
[        ] Downloading https://dl.google.com/dl/android/maven2/com/android/tools/build/aapt2-proto/8.0.2-9289358/aapt2-proto-8.0.2-9289358.pom to C:\Users\Volted User\.gradle\.tmp\gradle_download18347600862357102575bin
[        ] Downloading https://dl.google.com/dl/android/maven2/com/android/tools/repository/31.0.2/repository-31.0.2.pom to C:\Users\Volted User\.gradle\.tmp\gradle_download13339303645933264773bin
[        ] Downloading https://dl.google.com/dl/android/maven2/com/android/tools/build/gradle-settings-api/8.0.2/gradle-settings-api-8.0.2.pom to C:\Users\Volted User\.gradle\.tmp\gradle_download4799379742696142325bin
[ +106 ms] Downloading https://dl.google.com/dl/android/maven2/com/android/tools/ddms/ddmlib/31.0.2/ddmlib-31.0.2.pom to C:\Users\Volted User\.gradle\.tmp\gradle_download17024090049443409314bin
[ +203 ms] Downloading https://dl.google.com/dl/android/maven2/com/android/tools/analytics-library/shared/31.0.2/shared-31.0.2.pom to C:\Users\Volted User\.gradle\.tmp\gradle_download5682452715066441010bin
[        ] Downloading https://dl.google.com/dl/android/maven2/com/android/tools/build/aaptcompiler/8.0.2/aaptcompiler-8.0.2.pom to C:\Users\Volted User\.gradle\.tmp\gradle_download13607175203115580327bin
[        ] Downloading https://dl.google.com/dl/android/maven2/com/android/tools/lint/lint-model/31.0.2/lint-model-31.0.2.pom to C:\Users\Volted User\.gradle\.tmp\gradle_download4726657243554368481bin
[        ] Downloading https://dl.google.com/dl/android/maven2/com/android/tools/build/gradle-settings-api/8.0.2/gradle-settings-api-8.0.2.module to C:\Users\Volted User\.gradle\.tmp\gradle_download14478446262100298123bin
[        ] Downloading https://dl.google.com/dl/android/maven2/com/android/tools/build/aapt2-proto/8.0.2-9289358/aapt2-proto-8.0.2-9289358.module to C:\Users\Volted User\.gradle\.tmp\gradle_download2154971602965900231bin
[        ] Downloading https://dl.google.com/dl/android/maven2/com/android/tools/analytics-library/crash/31.0.2/crash-31.0.2.pom to C:\Users\Volted User\.gradle\.tmp\gradle_download18222567717270723411bin
[ +191 ms] Downloading https://dl.google.com/dl/android/maven2/com/android/tools/build/builder-test-api/8.0.2/builder-test-api-8.0.2.pom to C:\Users\Volted User\.gradle\.tmp\gradle_download9690362451465766111bin
[        ] Downloading https://dl.google.com/dl/android/maven2/com/android/tools/build/aaptcompiler/8.0.2/aaptcompiler-8.0.2.module to C:\Users\Volted User\.gradle\.tmp\gradle_download1367611936356222611bin
[        ] Downloading https://dl.google.com/dl/android/maven2/androidx/databinding/databinding-compiler-common/8.0.2/databinding-compiler-common-8.0.2.pom to C:\Users\Volted User\.gradle\.tmp\gradle_download127271037582544131bin
[  +92 ms] Downloading https://dl.google.com/dl/android/maven2/com/android/databinding/baseLibrary/8.0.2/baseLibrary-8.0.2.pom to C:\Users\Volted User\.gradle\.tmp\gradle_download5498533238712393368bin
[        ] Downloading https://dl.google.com/dl/android/maven2/com/android/tools/lint/lint-typedef-remover/31.0.2/lint-typedef-remover-31.0.2.pom to C:\Users\Volted User\.gradle\.tmp\gradle_download7519766371289160010bin
[  +97 ms] Downloading https://dl.google.com/dl/android/maven2/androidx/databinding/databinding-common/8.0.2/databinding-common-8.0.2.pom to C:\Users\Volted User\.gradle\.tmp\gradle_download10206090505617968052bin
[ +109 ms] Downloading https://dl.google.com/dl/android/maven2/com/android/tools/utp/android-test-plugin-host-additional-test-output-proto/31.0.2/android-test-plugin-host-additional-test-output-proto-31.0.2.pom to C:\Users\Volted User\.gradle\.tmp\gradle_download10852169935135492558bin
[ +102 ms] Downloading https://dl.google.com/dl/android/maven2/com/android/tools/utp/android-device-provider-gradle-proto/31.0.2/android-device-provider-gradle-proto-31.0.2.pom to C:\Users\Volted User\.gradle\.tmp\gradle_download9152736661859187531bin
[        ] Downloading https://dl.google.com/dl/android/maven2/com/android/tools/build/builder-test-api/8.0.2/builder-test-api-8.0.2.module to C:\Users\Volted User\.gradle\.tmp\gradle_download6262419760843528494bin
[        ] Downloading https://dl.google.com/dl/android/maven2/com/android/tools/utp/android-test-plugin-host-coverage-proto/31.0.2/android-test-plugin-host-coverage-proto-31.0.2.pom to C:\Users\Volted User\.gradle\.tmp\gradle_download8024722803049457338bin
[   +3 ms] Downloading https://dl.google.com/dl/android/maven2/com/android/tools/utp/android-device-provider-ddmlib-proto/31.0.2/android-device-provider-ddmlib-proto-31.0.2.pom to C:\Users\Volted User\.gradle\.tmp\gradle_download15836129281297961751bin
[        ] Downloading https://dl.google.com/dl/android/maven2/com/android/tools/layoutlib/layoutlib-api/31.0.2/layoutlib-api-31.0.2.pom to C:\Users\Volted User\.gradle\.tmp\gradle_download1115285464529648869bin
[ +185 ms] Downloading https://dl.google.com/dl/android/maven2/com/android/tools/utp/android-test-plugin-result-listener-gradle-proto/31.0.2/android-test-plugin-result-listener-gradle-proto-31.0.2.pom to C:\Users\Volted User\.gradle\.tmp\gradle_download13918251036673040391bin
[        ] Downloading https://dl.google.com/dl/android/maven2/com/android/tools/build/builder/8.0.2/builder-8.0.2.pom to C:\Users\Volted User\.gradle\.tmp\gradle_download14861595533911021316bin
[        ] Downloading https://dl.google.com/dl/android/maven2/com/android/tools/build/builder-model/8.0.2/builder-model-8.0.2.pom to C:\Users\Volted User\.gradle\.tmp\gradle_download8735017966630136148bin
[        ] Downloading https://dl.google.com/dl/android/maven2/com/android/tools/utp/android-test-plugin-host-logcat-proto/31.0.2/android-test-plugin-host-logcat-proto-31.0.2.pom to C:\Users\Volted User\.gradle\.tmp\gradle_download13791022171406265222bin
[ +107 ms] Downloading https://dl.google.com/dl/android/maven2/com/android/tools/utp/android-test-plugin-host-retention-proto/31.0.2/android-test-plugin-host-retention-proto-31.0.2.pom to C:\Users\Volted User\.gradle\.tmp\gradle_download424018422802519555bin
[        ] Downloading https://dl.google.com/dl/android/maven2/com/android/tools/build/gradle-api/8.0.2/gradle-api-8.0.2.pom to C:\Users\Volted User\.gradle\.tmp\gradle_download1703684606352262131bin
[  +91 ms] Downloading https://dl.google.com/dl/android/maven2/com/android/tools/build/builder-model/8.0.2/builder-model-8.0.2.module to C:\Users\Volted User\.gradle\.tmp\gradle_download3548176769988483998bin
[ +108 ms] Downloading https://dl.google.com/dl/android/maven2/com/android/tools/build/builder/8.0.2/builder-8.0.2.module to C:\Users\Volted User\.gradle\.tmp\gradle_download4298860662396874502bin
[  +92 ms] Downloading https://dl.google.com/dl/android/maven2/com/android/tools/build/gradle-api/8.0.2/gradle-api-8.0.2.module to C:\Users\Volted User\.gradle\.tmp\gradle_download7704099149438335515bin
[ +205 ms] Downloading https://dl.google.com/dl/android/maven2/com/android/tools/common/31.0.2/common-31.0.2.pom to C:\Users\Volted User\.gradle\.tmp\gradle_download16909509735066768571bin
[ +306 ms] Downloading https://dl.google.com/dl/android/maven2/com/android/tools/dvlib/31.0.2/dvlib-31.0.2.pom to C:\Users\Volted User\.gradle\.tmp\gradle_download2095182795591392154bin
[ +200 ms] Downloading https://dl.google.com/dl/android/maven2/com/android/tools/annotations/31.0.2/annotations-31.0.2.pom to C:\Users\Volted User\.gradle\.tmp\gradle_download2681366917363508295bin
[ +388 ms] Downloading https://dl.google.com/dl/android/maven2/com/android/tools/analytics-library/protos/31.0.2/protos-31.0.2.pom to C:\Users\Volted User\.gradle\.tmp\gradle_download11080210680129569702bin
[ +114 ms] Downloading https://dl.google.com/dl/android/maven2/com/android/tools/build/apksig/8.0.2/apksig-8.0.2.pom to C:\Users\Volted User\.gradle\.tmp\gradle_download18116929472761506279bin
[        ] Downloading https://dl.google.com/dl/android/maven2/com/android/tools/build/manifest-merger/31.0.2/manifest-merger-31.0.2.pom to C:\Users\Volted User\.gradle\.tmp\gradle_download3457891742184218051bin
[        ] Downloading https://dl.google.com/dl/android/maven2/com/android/signflinger/8.0.2/signflinger-8.0.2.pom to C:\Users\Volted User\.gradle\.tmp\gradle_download17863543306763374475bin
[  +85 ms] Downloading https://dl.google.com/dl/android/maven2/com/android/tools/analytics-library/tracker/31.0.2/tracker-31.0.2.pom to C:\Users\Volted User\.gradle\.tmp\gradle_download10247374410655297934bin
[        ] Downloading https://dl.google.com/dl/android/maven2/com/android/zipflinger/8.0.2/zipflinger-8.0.2.pom to C:\Users\Volted User\.gradle\.tmp\gradle_download14863079064541453606bin
[        ] Downloading https://dl.google.com/dl/android/maven2/com/android/tools/build/apkzlib/8.0.2/apkzlib-8.0.2.pom to C:\Users\Volted User\.gradle\.tmp\gradle_download6715723393854508386bin
[ +403 ms] Downloading https://dl.google.com/dl/android/maven2/com/android/tools/build/manifest-merger/31.0.2/manifest-merger-31.0.2.module to C:\Users\Volted User\.gradle\.tmp\gradle_download6266238208528021431bin
[ +199 ms] Downloading https://dl.google.com/dl/android/maven2/com/android/tools/lint/lint-model/31.0.2/lint-model-31.0.2.jar to C:\Users\Volted User\.gradle\.tmp\gradle_download16494937260479206275bin
[        ] Downloading https://dl.google.com/dl/android/maven2/com/android/tools/sdk-common/31.0.2/sdk-common-31.0.2.jar to C:\Users\Volted User\.gradle\.tmp\gradle_download7310920821395455722bin
[        ] Downloading https://dl.google.com/dl/android/maven2/com/android/tools/build/manifest-merger/31.0.2/manifest-merger-31.0.2.jar to C:\Users\Volted User\.gradle\.tmp\gradle_download9772854285407683364bin
[        ] Downloading https://dl.google.com/dl/android/maven2/com/android/tools/build/gradle/8.0.2/gradle-8.0.2.jar to C:\Users\Volted User\.gradle\.tmp\gradle_download18261931229799636705bin
[        ] Downloading https://dl.google.com/dl/android/maven2/com/android/tools/build/gradle-settings-api/8.0.2/gradle-settings-api-8.0.2.jar to C:\Users\Volted User\.gradle\.tmp\gradle_download4303050444778475173bin
[        ] Downloading https://dl.google.com/dl/android/maven2/com/android/tools/build/builder/8.0.2/builder-8.0.2.jar to C:\Users\Volted User\.gradle\.tmp\gradle_download5042170384106605505bin
[ +594 ms] Downloading https://dl.google.com/dl/android/maven2/com/android/tools/repository/31.0.2/repository-31.0.2.jar to C:\Users\Volted User\.gradle\.tmp\gradle_download16164693035934753953bin
[        ] Downloading https://dl.google.com/dl/android/maven2/com/android/tools/sdklib/31.0.2/sdklib-31.0.2.jar to C:\Users\Volted User\.gradle\.tmp\gradle_download8781771170935370777bin
[        ] Downloading https://dl.google.com/dl/android/maven2/com/android/tools/build/gradle-api/8.0.2/gradle-api-8.0.2.jar to C:\Users\Volted User\.gradle\.tmp\gradle_download4854348244099946666bin
[ +304 ms] Downloading https://dl.google.com/dl/android/maven2/com/android/tools/ddms/ddmlib/31.0.2/ddmlib-31.0.2.jar to C:\Users\Volted User\.gradle\.tmp\gradle_download17475804276918211447bin
[        ] Downloading https://dl.google.com/dl/android/maven2/com/android/tools/build/aaptcompiler/8.0.2/aaptcompiler-8.0.2.jar to C:\Users\Volted User\.gradle\.tmp\gradle_download10937484590083878693bin
[ +103 ms] Downloading https://dl.google.com/dl/android/maven2/com/android/tools/build/builder-test-api/8.0.2/builder-test-api-8.0.2.jar to C:\Users\Volted User\.gradle\.tmp\gradle_download7595751563394968187bin
[ +197 ms] Downloading https://dl.google.com/dl/android/maven2/com/android/tools/build/aapt2-proto/8.0.2-9289358/aapt2-proto-8.0.2-9289358.jar to C:\Users\Volted User\.gradle\.tmp\gradle_download16628370721710973352bin
[  +91 ms] Downloading https://dl.google.com/dl/android/maven2/com/android/tools/analytics-library/crash/31.0.2/crash-31.0.2.jar to C:\Users\Volted User\.gradle\.tmp\gradle_download15638175055831818955bin
[ +106 ms] Downloading https://dl.google.com/dl/android/maven2/com/android/tools/analytics-library/tracker/31.0.2/tracker-31.0.2.jar to C:\Users\Volted User\.gradle\.tmp\gradle_download292844900905817934bin
[ +105 ms] Downloading https://dl.google.com/dl/android/maven2/com/android/tools/analytics-library/shared/31.0.2/shared-31.0.2.jar to C:\Users\Volted User\.gradle\.tmp\gradle_download11838449628304052598bin
[ +196 ms] Downloading https://dl.google.com/dl/android/maven2/com/android/tools/lint/lint-typedef-remover/31.0.2/lint-typedef-remover-31.0.2.jar to C:\Users\Volted User\.gradle\.tmp\gradle_download6335879535477457072bin
[ +197 ms] Downloading https://dl.google.com/dl/android/maven2/com/android/tools/layoutlib/layoutlib-api/31.0.2/layoutlib-api-31.0.2.jar to C:\Users\Volted User\.gradle\.tmp\gradle_download11602466945891630692bin
[        ] Downloading https://dl.google.com/dl/android/maven2/androidx/databinding/databinding-compiler-common/8.0.2/databinding-compiler-common-8.0.2.jar to C:\Users\Volted User\.gradle\.tmp\gradle_download1715931189696785897bin
[        ] Downloading https://dl.google.com/dl/android/maven2/androidx/databinding/databinding-common/8.0.2/databinding-common-8.0.2.jar to C:\Users\Volted User\.gradle\.tmp\gradle_download5279170710246746126bin
[ +108 ms] Downloading https://dl.google.com/dl/android/maven2/com/android/databinding/baseLibrary/8.0.2/baseLibrary-8.0.2.jar to C:\Users\Volted User\.gradle\.tmp\gradle_download9784771601355856702bin
[ +199 ms] Downloading https://dl.google.com/dl/android/maven2/com/android/tools/utp/android-device-provider-ddmlib-proto/31.0.2/android-device-provider-ddmlib-proto-31.0.2.jar to C:\Users\Volted User\.gradle\.tmp\gradle_download18373035552722457171bin
[ +290 ms] Downloading https://dl.google.com/dl/android/maven2/com/android/tools/utp/android-device-provider-gradle-proto/31.0.2/android-device-provider-gradle-proto-31.0.2.jar to C:\Users\Volted User\.gradle\.tmp\gradle_download12914722306521143633bin
[   +1 ms] Downloading https://dl.google.com/dl/android/maven2/com/android/tools/utp/android-test-plugin-host-logcat-proto/31.0.2/android-test-plugin-host-logcat-proto-31.0.2.jar to C:\Users\Volted User\.gradle\.tmp\gradle_download15994517469337866963bin
[        ] Downloading https://dl.google.com/dl/android/maven2/com/android/tools/utp/android-test-plugin-host-additional-test-output-proto/31.0.2/android-test-plugin-host-additional-test-output-proto-31.0.2.jar to C:\Users\Volted User\.gradle\.tmp\gradle_download1779916351491111154bin
[        ] Downloading https://dl.google.com/dl/android/maven2/com/android/tools/utp/android-test-plugin-host-coverage-proto/31.0.2/android-test-plugin-host-coverage-proto-31.0.2.jar to C:\Users\Volted User\.gradle\.tmp\gradle_download4218584521613645020bin
[ +605 ms] Downloading https://dl.google.com/dl/android/maven2/com/android/tools/utp/android-test-plugin-host-retention-proto/31.0.2/android-test-plugin-host-retention-proto-31.0.2.jar to C:\Users\Volted User\.gradle\.tmp\gradle_download17083266301843372107bin
[        ] Downloading https://dl.google.com/dl/android/maven2/com/android/tools/utp/android-test-plugin-result-listener-gradle-proto/31.0.2/android-test-plugin-result-listener-gradle-proto-31.0.2.jar to C:\Users\Volted User\.gradle\.tmp\gradle_download6235247539343762832bin
[        ] Downloading https://dl.google.com/dl/android/maven2/com/android/tools/dvlib/31.0.2/dvlib-31.0.2.jar to C:\Users\Volted User\.gradle\.tmp\gradle_download6728694820490588649bin
[        ] Downloading https://dl.google.com/dl/android/maven2/com/android/tools/build/builder-model/8.0.2/builder-model-8.0.2.jar to C:\Users\Volted User\.gradle\.tmp\gradle_download668778864052322258bin
[ +198 ms] Downloading https://dl.google.com/dl/android/maven2/com/android/tools/common/31.0.2/common-31.0.2.jar to C:\Users\Volted User\.gradle\.tmp\gradle_download17338341991251038738bin
[ +290 ms] Downloading https://dl.google.com/dl/android/maven2/com/android/tools/annotations/31.0.2/annotations-31.0.2.jar to C:\Users\Volted User\.gradle\.tmp\gradle_download5050536869174974102bin
[        ] Downloading https://dl.google.com/dl/android/maven2/com/android/zipflinger/8.0.2/zipflinger-8.0.2.jar to C:\Users\Volted User\.gradle\.tmp\gradle_download12236126094021474705bin
[        ] Downloading https://dl.google.com/dl/android/maven2/com/android/tools/analytics-library/protos/31.0.2/protos-31.0.2.jar to C:\Users\Volted User\.gradle\.tmp\gradle_download3377029044071162131bin
[        ] Downloading https://dl.google.com/dl/android/maven2/com/android/signflinger/8.0.2/signflinger-8.0.2.jar to C:\Users\Volted User\.gradle\.tmp\gradle_download12252293853412348663bin
[ +104 ms] Downloading https://dl.google.com/dl/android/maven2/com/android/tools/build/apksig/8.0.2/apksig-8.0.2.jar to C:\Users\Volted User\.gradle\.tmp\gradle_download15280395581512479031bin
[ +106 ms] Downloading https://dl.google.com/dl/android/maven2/com/android/tools/build/apkzlib/8.0.2/apkzlib-8.0.2.jar to C:\Users\Volted User\.gradle\.tmp\gradle_download467524954172156827bin
[ +891 ms] Caching disabled for InstrumentationAnalysisTransform: C:\Users\Volted User\.gradle\caches\modules-2\files-2.1\com.android.tools.build\gradle\8.0.2\5ca111c1d40e29d3c661a0805f4754c56938d010\gradle-8.0.2.jar because:
[        ]   Build cache is disabled
[        ]   Caching not enabled.
[ +117 ms] Caching disabled for InstrumentationAnalysisTransform: C:\Users\Volted User\.gradle\caches\modules-2\files-2.1\com.android.tools.build\gradle-settings-api\8.0.2\df1aeb5b973f38f9a93e563d5bb5c153e20fbc3a\gradle-settings-api-8.0.2.jar because:
[        ]   Build cache is disabled
[        ]   Caching not enabled.
[        ] Caching disabled for InstrumentationAnalysisTransform: C:\Users\Volted User\.gradle\caches\modules-2\files-2.1\com.android.tools.lint\lint-model\31.0.2\db18224b011462f0c24656733be1324ce822090\lint-model-31.0.2.jar because:
[        ]   Build cache is disabled
[        ]   Caching not enabled.
[        ] Caching disabled for InstrumentationAnalysisTransform: C:\Users\Volted User\.gradle\caches\modules-2\files-2.1\com.android.tools.build\builder\8.0.2\c4593dc89c1d43aef054ca0d43f9a686d1be02a4\builder-8.0.2.jar because:
[        ]   Build cache is disabled
[        ]   Caching not enabled.
[        ] Caching disabled for InstrumentationAnalysisTransform: C:\Users\Volted User\.gradle\caches\modules-2\files-2.1\com.android.tools.build\manifest-merger\31.0.2\20ef30dccc1e9252c9cd94151c9f722fe87b3d9f\manifest-merger-31.0.2.jar because:
[        ]   Build cache is disabled
[        ]   Caching not enabled.
[ +157 ms] Caching disabled for InstrumentationAnalysisTransform: C:\Users\Volted User\.gradle\caches\modules-2\files-2.1\com.android.tools\sdk-common\31.0.2\578e46520c75b415184b9c5bf45f7414f17b286a\sdk-common-31.0.2.jar because:
[   +1 ms]   Build cache is disabled
[   +3 ms]   Caching not enabled.
[ +164 ms] Caching disabled for InstrumentationAnalysisTransform: C:\Users\Volted User\.gradle\caches\modules-2\files-2.1\com.android.tools\sdklib\31.0.2\92055f99986f01d63d9e3f4de8bf5208197d7802\sdklib-31.0.2.jar because:
[   +1 ms]   Build cache is disabled
[   +4 ms]   Caching not enabled.
[   +1 ms] Caching disabled for InstrumentationAnalysisTransform: C:\Users\Volted User\.gradle\caches\modules-2\files-2.1\com.android.tools\repository\31.0.2\c9facaca740e41683fc978551b909da1f6ed211b\repository-31.0.2.jar because:
[        ]   Build cache is disabled
[        ]   Caching not enabled.
[ +243 ms] Caching disabled for InstrumentationAnalysisTransform: C:\Users\Volted User\.gradle\caches\modules-2\files-2.1\com.android.tools.build\gradle-api\8.0.2\fc413f3e38089c88444fdf2a9836c211e214ce0f\gradle-api-8.0.2.jar because:
[        ]   Build cache is disabled
[        ]   Caching not enabled.
[        ] Caching disabled for InstrumentationAnalysisTransform: C:\Users\Volted User\.gradle\caches\modules-2\files-2.1\com.android.tools.build\builder-test-api\8.0.2\e9f9a18d0e22b3a9c2879e13dd46d9c6066bcaa9\builder-test-api-8.0.2.jar because:
[        ]   Build cache is disabled
[        ]   Caching not enabled.
[ +187 ms] Caching disabled for InstrumentationAnalysisTransform: C:\Users\Volted User\.gradle\caches\modules-2\files-2.1\com.android.tools.ddms\ddmlib\31.0.2\4841ca3d8fb995267eea0e73e812f1c76025a09e\ddmlib-31.0.2.jar because:
[        ]   Build cache is disabled
[  +11 ms]   Caching not enabled.
[        ] Caching disabled for InstrumentationAnalysisTransform: C:\Users\Volted User\.gradle\caches\modules-2\files-2.1\com.android.tools.build\aaptcompiler\8.0.2\dbf7dec9353171252df58dec7f5ecbb997273c4f\aaptcompiler-8.0.2.jar because:
[        ]   Build cache is disabled
[        ]   Caching not enabled.
[ +115 ms] Caching disabled for InstrumentationAnalysisTransform: C:\Users\Volted User\.gradle\caches\modules-2\files-2.1\com.android.tools.build\aapt2-proto\8.0.2-9289358\b773c761b39c71cade1b9ae1c826b5cce53a3760\aapt2-proto-8.0.2-9289358.jar because:
[        ]   Build cache is disabled
[        ]   Caching not enabled.
[        ] Caching disabled for InstrumentationAnalysisTransform: C:\Users\Volted User\.gradle\caches\modules-2\files-2.1\com.android.tools.analytics-library\crash\31.0.2\130a30174838af6a9aab4c060248991136cc4a1e\crash-31.0.2.jar because:
[        ]   Build cache is disabled
[        ]   Caching not enabled.
[        ] Caching disabled for InstrumentationAnalysisTransform: C:\Users\Volted User\.gradle\caches\modules-2\files-2.1\com.android.tools.analytics-library\tracker\31.0.2\93e267ae33339e3e4c31513a481d4e5da25a3f3c\tracker-31.0.2.jar because:
[        ]   Build cache is disabled
[        ]   Caching not enabled.
[        ] Caching disabled for InstrumentationAnalysisTransform: C:\Users\Volted User\.gradle\caches\modules-2\files-2.1\com.android.tools.analytics-library\shared\31.0.2\7552ea5c8af6a8a256c66fbebf00c868394a253d\shared-31.0.2.jar because:
[        ]   Build cache is disabled
[        ]   Caching not enabled.
[  +85 ms] Caching disabled for InstrumentationAnalysisTransform: C:\Users\Volted User\.gradle\caches\modules-2\files-2.1\com.android.tools.lint\lint-typedef-remover\31.0.2\dc294605db32e2a07fd9bba72a4e337eba837a03\lint-typedef-remover-31.0.2.jar because:
[   +1 ms]   Build cache is disabled
[        ]   Caching not enabled.
[   +2 ms] Caching disabled for InstrumentationAnalysisTransform: C:\Users\Volted User\.gradle\caches\modules-2\files-2.1\androidx.databinding\databinding-compiler-common\8.0.2\4d4b862515ba043bfe963d09dab8eea0194e00e3\databinding-compiler-common-8.0.2.jar because:
[        ]   Build cache is disabled
[        ]   Caching not enabled.
[ +195 ms] Caching disabled for InstrumentationAnalysisTransform: C:\Users\Volted User\.gradle\caches\modules-2\files-2.1\androidx.databinding\databinding-common\8.0.2\84ed411631d2c4113f4ad992669fe3f50a83f072\databinding-common-8.0.2.jar because:
[        ]   Build cache is disabled
[        ]   Caching not enabled.
[ +206 ms] Caching disabled for InstrumentationAnalysisTransform: C:\Users\Volted User\.gradle\caches\modules-2\files-2.1\com.android.databinding\baseLibrary\8.0.2\816af75743910bbee1f2a4e0620683bc3ec6e453\baseLibrary-8.0.2.jar because:
[        ]   Build cache is disabled
[        ]   Caching not enabled.
[        ] Caching disabled for InstrumentationAnalysisTransform: C:\Users\Volted User\.gradle\caches\modules-2\files-2.1\com.android.tools.layoutlib\layoutlib-api\31.0.2\d5df6c18a46cc2360b8310b62a7fad1c130cb685\layoutlib-api-31.0.2.jar because:
[        ]   Build cache is disabled
[        ]   Caching not enabled.
[ +196 ms] Caching disabled for InstrumentationAnalysisTransform: C:\Users\Volted User\.gradle\caches\modules-2\files-2.1\com.android.tools.utp\android-device-provider-ddmlib-proto\31.0.2\7e8d418bf45f4f9f8cc1708429aa996d34b938b2\android-device-provider-ddmlib-proto-31.0.2.jar because:
[        ]   Build cache is disabled
[        ]   Caching not enabled.
[ +103 ms] Caching disabled for InstrumentationAnalysisTransform: C:\Users\Volted User\.gradle\caches\modules-2\files-2.1\com.android.tools.utp\android-device-provider-gradle-proto\31.0.2\22011eee9bd4de4e651cf55446fb65c812a2e442\android-device-provider-gradle-proto-31.0.2.jar because:
[        ]   Build cache is disabled
[        ]   Caching not enabled.
[  +93 ms] Caching disabled for InstrumentationAnalysisTransform: C:\Users\Volted User\.gradle\caches\modules-2\files-2.1\com.android.tools.utp\android-test-plugin-host-additional-test-output-proto\31.0.2\b8976b9ae955caa037a485c1c18fb0f4334c6fec\android-test-plugin-host-additional-test-output-proto-31.0.2.jar because:
[        ]   Build cache is disabled
[        ]   Caching not enabled.
[ +200 ms] Caching disabled for InstrumentationAnalysisTransform: C:\Users\Volted User\.gradle\caches\modules-2\files-2.1\com.android.tools.utp\android-test-plugin-host-coverage-proto\31.0.2\1a03db90bb6487372b10ee06c667447a85a8034b\android-test-plugin-host-coverage-proto-31.0.2.jar because:
[        ]   Build cache is disabled
[        ]   Caching not enabled.
[        ] Caching disabled for InstrumentationAnalysisTransform: C:\Users\Volted User\.gradle\caches\modules-2\files-2.1\com.android.tools.utp\android-test-plugin-host-logcat-proto\31.0.2\70f3b50e00822fdff5f60753a122d53ee99ae0aa\android-test-plugin-host-logcat-proto-31.0.2.jar because:
[        ]   Build cache is disabled
[        ]   Caching not enabled.
[ +203 ms] Caching disabled for InstrumentationAnalysisTransform: C:\Users\Volted User\.gradle\caches\modules-2\files-2.1\com.android.tools.utp\android-test-plugin-host-retention-proto\31.0.2\6be4fb1cdcba03d41d6c9888b914518bdc2d38d2\android-test-plugin-host-retention-proto-31.0.2.jar because:
[        ]   Build cache is disabled
[        ]   Caching not enabled.
[        ] Caching disabled for InstrumentationAnalysisTransform: C:\Users\Volted User\.gradle\caches\modules-2\files-2.1\com.android.tools.utp\android-test-plugin-result-listener-gradle-proto\31.0.2\39441225d84dc85587d2c87845058544e9140160\android-test-plugin-result-listener-gradle-proto-31.0.2.jar because:
[        ]   Build cache is disabled
[        ]   Caching not enabled.
[        ] Caching disabled for InstrumentationAnalysisTransform: C:\Users\Volted User\.gradle\caches\modules-2\files-2.1\com.android.tools.build\builder-model\8.0.2\a6d231c69cb96367baa8d554c93b18986ac092e5\builder-model-8.0.2.jar because:
[        ]   Build cache is disabled
[        ]   Caching not enabled.
[ +203 ms] Caching disabled for InstrumentationAnalysisTransform: C:\Users\Volted User\.gradle\caches\modules-2\files-2.1\com.android.tools\dvlib\31.0.2\ef8dfce1e50dc4b683cdb8ce9507cc87878ebcb5\dvlib-31.0.2.jar because:
[        ]   Build cache is disabled
[        ]   Caching not enabled.
[        ] Caching disabled for InstrumentationAnalysisTransform: C:\Users\Volted User\.gradle\caches\modules-2\files-2.1\com.android.tools\common\31.0.2\e78240c4a0e406eaa2bb6d6aa633c7cd4c8a5866\common-31.0.2.jar because:
[        ]   Build cache is disabled
[        ]   Caching not enabled.
[        ] Caching disabled for InstrumentationAnalysisTransform: C:\Users\Volted User\.gradle\caches\modules-2\files-2.1\com.android.tools.build\apkzlib\8.0.2\ad7136410ad4c88b1d1dea24ddeb5f9379e157e5\apkzlib-8.0.2.jar because:
[        ]   Build cache is disabled
[        ]   Caching not enabled.
[        ] Caching disabled for InstrumentationAnalysisTransform: C:\Users\Volted User\.gradle\caches\modules-2\files-2.1\com.android.tools.analytics-library\protos\31.0.2\1a391ebfcfc6b3fbd249f12f58bd301c3f13855f\protos-31.0.2.jar because:
[        ]   Build cache is disabled
[        ]   Caching not enabled.
[  +87 ms] Caching disabled for InstrumentationAnalysisTransform: C:\Users\Volted User\.gradle\caches\modules-2\files-2.1\com.android\signflinger\8.0.2\eadca001587305c0d2498104183497eaa7013ce2\signflinger-8.0.2.jar because:
[        ]   Build cache is disabled
[        ]   Caching not enabled.
[        ] Caching disabled for InstrumentationAnalysisTransform: C:\Users\Volted User\.gradle\caches\modules-2\files-2.1\com.android\zipflinger\8.0.2\c8905e73d011fc1683db2dfd08397ab250672d4e\zipflinger-8.0.2.jar because:
[        ]   Build cache is disabled
[        ]   Caching not enabled.
[ +109 ms] Caching disabled for InstrumentationAnalysisTransform: C:\Users\Volted User\.gradle\caches\modules-2\files-2.1\com.android.tools\annotations\31.0.2\9251cabb9830e0f59e30e8e99f58af7bbc97c34f\annotations-31.0.2.jar because:
[        ]   Build cache is disabled
[        ]   Caching not enabled.
[        ] Caching disabled for InstrumentationAnalysisTransform: C:\Users\Volted User\.gradle\caches\modules-2\files-2.1\com.android.tools.build\apksig\8.0.2\dda491097f106bdd32f4c8e664a58d3ba650fba\apksig-8.0.2.jar because:
[        ]   Build cache is disabled
[        ]   Caching not enabled.
[  +88 ms] Caching disabled for MergeInstrumentationAnalysisTransform: C:\Users\Volted User\.gradle\caches\8.14\transforms\431e4f1d719803ad97d3f606bd1707d7\transformed\.gradle-instrumented-classpath.marker because:
[        ]   Build cache is disabled
[        ]   Caching not enabled.
[  +93 ms] Caching disabled for MergeInstrumentationAnalysisTransform: C:\Users\Volted User\.gradle\caches\8.14\transforms\674b9279ac73468aafdb56b8bbfd6747\transformed\analysis\instrumentation-hierarchy.bin because:
[        ]   Build cache is disabled
[        ]   Caching not enabled.
[        ] Caching disabled for MergeInstrumentationAnalysisTransform: C:\Users\Volted User\.gradle\caches\8.14\transforms\a76ff31f2e303c00f113fedcfaee316b\transformed\analysis\instrumentation-hierarchy.bin because:
[        ]   Build cache is disabled
[        ]   Caching not enabled.
[        ] Caching disabled for MergeInstrumentationAnalysisTransform: C:\Users\Volted User\.gradle\caches\8.14\transforms\3ed27091c70a63092b85506306196e9e\transformed\analysis\instrumentation-hierarchy.bin because:
[        ]   Build cache is disabled
[        ]   Caching not enabled.
[        ] Caching disabled for MergeInstrumentationAnalysisTransform: C:\Users\Volted User\.gradle\caches\8.14\transforms\5be32be54cd9af3fc94147589244350d\transformed\analysis\instrumentation-hierarchy.bin because:
[        ]   Build cache is disabled
[        ]   Caching not enabled.
[        ] Caching disabled for MergeInstrumentationAnalysisTransform: C:\Users\Volted User\.gradle\caches\8.14\transforms\431e4f1d719803ad97d3f606bd1707d7\transformed\analysis\instrumentation-hierarchy.bin because:
[        ]   Build cache is disabled
[        ]   Caching not enabled.
[        ] Caching disabled for MergeInstrumentationAnalysisTransform: C:\Users\Volted User\.gradle\caches\8.14\transforms\764490cc4f4a8a931259e8fe81e188a0\transformed\analysis\instrumentation-hierarchy.bin because:
[        ]   Build cache is disabled
[        ]   Caching not enabled.
[        ] Caching disabled for MergeInstrumentationAnalysisTransform: C:\Users\Volted User\.gradle\caches\8.14\transforms\674b9279ac73468aafdb56b8bbfd6747\transformed\analysis\instrumentation-dependencies.bin because:
[        ]   Build cache is disabled
[        ]   Caching not enabled.
[        ] Caching disabled for MergeInstrumentationAnalysisTransform: C:\Users\Volted User\.gradle\caches\8.14\transforms\764490cc4f4a8a931259e8fe81e188a0\transformed\analysis\instrumentation-dependencies.bin because:
[        ]   Build cache is disabled
[        ]   Caching not enabled.
[        ] Caching disabled for MergeInstrumentationAnalysisTransform: C:\Users\Volted User\.gradle\caches\8.14\transforms\a76ff31f2e303c00f113fedcfaee316b\transformed\analysis\instrumentation-dependencies.bin because:
[        ]   Build cache is disabled
[        ]   Caching not enabled.
[        ] Caching disabled for MergeInstrumentationAnalysisTransform: C:\Users\Volted User\.gradle\caches\8.14\transforms\431e4f1d719803ad97d3f606bd1707d7\transformed\analysis\instrumentation-dependencies.bin because:
[        ]   Build cache is disabled
[        ]   Caching not enabled.
[        ] Caching disabled for MergeInstrumentationAnalysisTransform: C:\Users\Volted User\.gradle\caches\8.14\transforms\3ed27091c70a63092b85506306196e9e\transformed\analysis\instrumentation-dependencies.bin because:
[        ]   Build cache is disabled
[        ]   Caching not enabled.
[        ] Caching disabled for MergeInstrumentationAnalysisTransform: C:\Users\Volted User\.gradle\caches\8.14\transforms\5be32be54cd9af3fc94147589244350d\transformed\analysis\instrumentation-dependencies.bin because:
[        ]   Build cache is disabled
[        ]   Caching not enabled.
[ +517 ms] Caching disabled for MergeInstrumentationAnalysisTransform: C:\Users\Volted User\.gradle\caches\modules-2\files-2.1\com.android.tools.lint\lint-model\31.0.2\db18224b011462f0c24656733be1324ce822090\lint-model-31.0.2.jar because:
[        ]   Build cache is disabled
[        ]   Caching not enabled.
[  +83 ms] Caching disabled for MergeInstrumentationAnalysisTransform: C:\Users\Volted User\.gradle\caches\modules-2\files-2.1\com.android.tools.build\gradle-settings-api\8.0.2\df1aeb5b973f38f9a93e563d5bb5c153e20fbc3a\gradle-settings-api-8.0.2.jar because:
[        ]   Build cache is disabled
[        ]   Caching not enabled.
[        ] Caching disabled for MergeInstrumentationAnalysisTransform: C:\Users\Volted User\.gradle\caches\modules-2\files-2.1\com.android.tools.build\manifest-merger\31.0.2\20ef30dccc1e9252c9cd94151c9f722fe87b3d9f\manifest-merger-31.0.2.jar because:
[        ]   Build cache is disabled
[        ]   Caching not enabled.
[        ] Caching disabled for MergeInstrumentationAnalysisTransform: C:\Users\Volted User\.gradle\caches\modules-2\files-2.1\com.android.tools.build\builder\8.0.2\c4593dc89c1d43aef054ca0d43f9a686d1be02a4\builder-8.0.2.jar because:
[        ]   Build cache is disabled
[        ]   Caching not enabled.
[        ] Caching disabled for ExternalDependencyInstrumentingArtifactTransform: C:\Users\Volted User\.gradle\caches\8.14\transforms\47d771a2499058eecce2c690bb76731a\transformed\merge\instrumentation-dependencies.bin because:
[        ]   Build cache is disabled
[        ]   Caching not enabled.
[        ] Caching disabled for MergeInstrumentationAnalysisTransform: C:\Users\Volted User\.gradle\caches\modules-2\files-2.1\com.android.tools\sdk-common\31.0.2\578e46520c75b415184b9c5bf45f7414f17b286a\sdk-common-31.0.2.jar because:
[        ]   Build cache is disabled
[        ]   Caching not enabled.
[        ] Caching disabled for ExternalDependencyInstrumentingArtifactTransform: C:\Users\Volted User\.gradle\caches\8.14\transforms\388b34601866857f2e93b091ef9973ad\transformed\merge\instrumentation-dependencies.bin because:
[        ]   Build cache is disabled
[        ]   Caching not enabled.
[        ] Caching disabled for ExternalDependencyInstrumentingArtifactTransform: C:\Users\Volted User\.gradle\caches\8.14\transforms\2721002d2d8844f330d46d0f6c3342e4\transformed\merge\instrumentation-dependencies.bin because:
[        ]   Build cache is disabled
[        ]   Caching not enabled.
[        ] Caching disabled for MergeInstrumentationAnalysisTransform: C:\Users\Volted User\.gradle\caches\modules-2\files-2.1\com.android.tools.build\gradle\8.0.2\5ca111c1d40e29d3c661a0805f4754c56938d010\gradle-8.0.2.jar because:
[        ]   Build cache is disabled
[        ]   Caching not enabled.
[        ] Caching disabled for ExternalDependencyInstrumentingArtifactTransform: C:\Users\Volted User\.gradle\caches\8.14\transforms\f0e4ad909483f743970b01fafdae8c62\transformed\merge\instrumentation-dependencies.bin because:
[        ]   Build cache is disabled
[        ]   Caching not enabled.
[        ] Caching disabled for ExternalDependencyInstrumentingArtifactTransform: C:\Users\Volted User\.gradle\caches\8.14\transforms\10dbe62dac2e6d05724f2b1565b039ec\transformed\merge\instrumentation-dependencies.bin because:
[        ]   Build cache is disabled
[        ]   Caching not enabled.
[        ] Caching disabled for ExternalDependencyInstrumentingArtifactTransform: C:\Users\Volted User\.gradle\caches\8.14\transforms\98af0690af99bd3a11e8693f3377c26e\transformed\merge\instrumentation-dependencies.bin because:
[        ]   Build cache is disabled
[        ]   Caching not enabled.
[ +451 ms] Caching disabled for ExternalDependencyInstrumentingArtifactTransform: C:\Users\Volted User\.gradle\caches\modules-2\files-2.1\com.android.tools.build\gradle-settings-api\8.0.2\df1aeb5b973f38f9a93e563d5bb5c153e20fbc3a\gradle-settings-api-8.0.2.jar because:
[   +4 ms]   Build cache is disabled
[        ]   Caching not enabled.
[        ] Caching disabled for MergeInstrumentationAnalysisTransform: C:\Users\Volted User\.gradle\caches\8.14\transforms\5fcd8c449c525702bfd55d5b73824628\transformed\analysis\instrumentation-hierarchy.bin because:
[        ]   Build cache is disabled
[        ]   Caching not enabled.
[  +63 ms] Caching disabled for ExternalDependencyInstrumentingArtifactTransform: C:\Users\Volted User\.gradle\caches\modules-2\files-2.1\com.android.tools.lint\lint-model\31.0.2\db18224b011462f0c24656733be1324ce822090\lint-model-31.0.2.jar because:
[        ]   Build cache is disabled
[        ]   Caching not enabled.
[        ] Caching disabled for ExternalDependencyInstrumentingArtifactTransform: C:\Users\Volted User\.gradle\caches\modules-2\files-2.1\com.android.tools.build\manifest-merger\31.0.2\20ef30dccc1e9252c9cd94151c9f722fe87b3d9f\manifest-merger-31.0.2.jar because:
[        ]   Build cache is disabled
[        ]   Caching not enabled.
[        ] Caching disabled for MergeInstrumentationAnalysisTransform: C:\Users\Volted User\.gradle\caches\8.14\transforms\5fcd8c449c525702bfd55d5b73824628\transformed\analysis\instrumentation-dependencies.bin because:
[        ]   Build cache is disabled
[        ]   Caching not enabled.
[        ] Caching disabled for MergeInstrumentationAnalysisTransform: C:\Users\Volted User\.gradle\caches\8.14\transforms\68842e4db78753b55d57484e49de9225\transformed\analysis\instrumentation-hierarchy.bin because:
[        ]   Build cache is disabled
[        ]   Caching not enabled.
[ +278 ms] Caching disabled for MergeInstrumentationAnalysisTransform: C:\Users\Volted User\.gradle\caches\8.14\transforms\9539c6d1a3a77379135fd580e9ed230a\transformed\analysis\instrumentation-hierarchy.bin because:
[        ]   Build cache is disabled
[        ]   Caching not enabled.
[ +555 ms] Caching disabled for MergeInstrumentationAnalysisTransform: C:\Users\Volted User\.gradle\caches\8.14\transforms\68842e4db78753b55d57484e49de9225\transformed\analysis\instrumentation-dependencies.bin because:
[   +1 ms]   Build cache is disabled
[        ]   Caching not enabled.
[        ] Caching disabled for MergeInstrumentationAnalysisTransform: C:\Users\Volted User\.gradle\caches\8.14\transforms\9539c6d1a3a77379135fd580e9ed230a\transformed\analysis\instrumentation-dependencies.bin because:
[        ]   Build cache is disabled
[        ]   Caching not enabled.
[  +75 ms] Caching disabled for MergeInstrumentationAnalysisTransform: C:\Users\Volted User\.gradle\caches\modules-2\files-2.1\com.android.tools\sdklib\31.0.2\92055f99986f01d63d9e3f4de8bf5208197d7802\sdklib-31.0.2.jar because:
[   +2 ms]   Build cache is disabled
[        ]   Caching not enabled.
[ +180 ms] Caching disabled for MergeInstrumentationAnalysisTransform: C:\Users\Volted User\.gradle\caches\modules-2\files-2.1\com.android.tools.build\gradle-api\8.0.2\fc413f3e38089c88444fdf2a9836c211e214ce0f\gradle-api-8.0.2.jar because:
[        ]   Build cache is disabled
[        ]   Caching not enabled.
[        ] Caching disabled for ExternalDependencyInstrumentingArtifactTransform: C:\Users\Volted User\.gradle\caches\8.14\transforms\f060eb0c5a76c7e1d5457f7bda45722f\transformed\merge\instrumentation-dependencies.bin because:
[        ]   Build cache is disabled
[        ]   Caching not enabled.
[ +512 ms] Caching disabled for MergeInstrumentationAnalysisTransform: C:\Users\Volted User\.gradle\caches\modules-2\files-2.1\com.android.tools\repository\31.0.2\c9facaca740e41683fc978551b909da1f6ed211b\repository-31.0.2.jar because:
[        ]   Build cache is disabled
[        ]   Caching not enabled.
[        ] Caching disabled for ExternalDependencyInstrumentingArtifactTransform: C:\Users\Volted User\.gradle\caches\8.14\transforms\6018d670c537bc2b3a72f8d161c10e30\transformed\merge\instrumentation-dependencies.bin because:
[        ]   Build cache is disabled
[        ]   Caching not enabled.
[        ] Caching disabled for ExternalDependencyInstrumentingArtifactTransform: C:\Users\Volted User\.gradle\caches\modules-2\files-2.1\com.android.tools\sdk-common\31.0.2\578e46520c75b415184b9c5bf45f7414f17b286a\sdk-common-31.0.2.jar because:
[        ]   Build cache is disabled
[        ]   Caching not enabled.
[ +163 ms] Caching disabled for ExternalDependencyInstrumentingArtifactTransform: C:\Users\Volted User\.gradle\caches\modules-2\files-2.1\com.android.tools\sdklib\31.0.2\92055f99986f01d63d9e3f4de8bf5208197d7802\sdklib-31.0.2.jar because:
[        ]   Build cache is disabled
[        ]   Caching not enabled.
[ +148 ms] Caching disabled for ExternalDependencyInstrumentingArtifactTransform: C:\Users\Volted User\.gradle\caches\8.14\transforms\076351c4171f613300ed39f02644fcc2\transformed\merge\instrumentation-dependencies.bin because:
[   +1 ms]   Build cache is disabled
[        ]   Caching not enabled.
[        ] Caching disabled for MergeInstrumentationAnalysisTransform: C:\Users\Volted User\.gradle\caches\8.14\transforms\8bb8f82cc86e3d17f786a8654ab97a3e\transformed\analysis\instrumentation-hierarchy.bin because:
[        ]   Build cache is disabled
[        ]   Caching not enabled.
[        ] Caching disabled for MergeInstrumentationAnalysisTransform: C:\Users\Volted User\.gradle\caches\8.14\transforms\86b165731580ec5864aae61a62a5b60f\transformed\analysis\instrumentation-hierarchy.bin because:
[        ]   Build cache is disabled
[        ]   Caching not enabled.
[  +99 ms] Caching disabled for MergeInstrumentationAnalysisTransform: C:\Users\Volted User\.gradle\caches\8.14\transforms\8bb8f82cc86e3d17f786a8654ab97a3e\transformed\analysis\instrumentation-dependencies.bin because:
[        ]   Build cache is disabled
[        ]   Caching not enabled.
[   +5 ms] Caching disabled for MergeInstrumentationAnalysisTransform: C:\Users\Volted User\.gradle\caches\8.14\transforms\86b165731580ec5864aae61a62a5b60f\transformed\analysis\instrumentation-dependencies.bin because:
[        ]   Build cache is disabled
[        ]   Caching not enabled.
[        ] Caching disabled for ExternalDependencyInstrumentingArtifactTransform: C:\Users\Volted User\.gradle\caches\modules-2\files-2.1\com.android.tools.build\gradle-api\8.0.2\fc413f3e38089c88444fdf2a9836c211e214ce0f\gradle-api-8.0.2.jar because:
[        ]   Build cache is disabled
[        ]   Caching not enabled.
[        ] Caching disabled for ExternalDependencyInstrumentingArtifactTransform: C:\Users\Volted User\.gradle\caches\modules-2\files-2.1\com.android.tools\repository\31.0.2\c9facaca740e41683fc978551b909da1f6ed211b\repository-31.0.2.jar because:
[        ]   Build cache is disabled
[        ]   Caching not enabled.
[ +244 ms] Caching disabled for MergeInstrumentationAnalysisTransform: C:\Users\Volted User\.gradle\caches\8.14\transforms\8acdf0002b32db404615bc136a8f7a12\transformed\analysis\instrumentation-hierarchy.bin because:
[        ]   Build cache is disabled
[        ]   Caching not enabled.
[        ] Caching disabled for MergeInstrumentationAnalysisTransform: C:\Users\Volted User\.gradle\caches\modules-2\files-2.1\com.android.tools.build\builder-test-api\8.0.2\e9f9a18d0e22b3a9c2879e13dd46d9c6066bcaa9\builder-test-api-8.0.2.jar because:
[        ]   Build cache is disabled
[        ]   Caching not enabled.
[        ] Caching disabled for MergeInstrumentationAnalysisTransform: C:\Users\Volted User\.gradle\caches\8.14\transforms\d72e0705623f95fe2dd18f7706b1957e\transformed\analysis\instrumentation-hierarchy.bin because:
[        ]   Build cache is disabled
[        ]   Caching not enabled.
[        ] Caching disabled for MergeInstrumentationAnalysisTransform: C:\Users\Volted User\.gradle\caches\modules-2\files-2.1\com.android.tools.ddms\ddmlib\31.0.2\4841ca3d8fb995267eea0e73e812f1c76025a09e\ddmlib-31.0.2.jar because:
[        ]   Build cache is disabled
[        ]   Caching not enabled.
[        ] Caching disabled for ExternalDependencyInstrumentingArtifactTransform: C:\Users\Volted User\.gradle\caches\8.14\transforms\a0f74fce3e05402c19a173828aaa82e9\transformed\merge\instrumentation-dependencies.bin because:
[        ]   Build cache is disabled
[        ]   Caching not enabled.
[  +97 ms] Caching disabled for MergeInstrumentationAnalysisTransform: C:\Users\Volted User\.gradle\caches\8.14\transforms\d72e0705623f95fe2dd18f7706b1957e\transformed\analysis\instrumentation-dependencies.bin because:
[   +2 ms]   Build cache is disabled
[  +11 ms]   Caching not enabled.
[   +5 ms] Caching disabled for MergeInstrumentationAnalysisTransform: C:\Users\Volted User\.gradle\caches\8.14\transforms\8acdf0002b32db404615bc136a8f7a12\transformed\analysis\instrumentation-dependencies.bin because:
[        ]   Build cache is disabled
[        ]   Caching not enabled.
[        ] Caching disabled for ExternalDependencyInstrumentingArtifactTransform: C:\Users\Volted User\.gradle\caches\8.14\transforms\fbf995fa5b7f3421ce068ec89219070b\transformed\merge\instrumentation-dependencies.bin because:
[        ]   Build cache is disabled
[        ]   Caching not enabled.
[ +149 ms] Caching disabled for ExternalDependencyInstrumentingArtifactTransform: C:\Users\Volted User\.gradle\caches\modules-2\files-2.1\com.android.tools.ddms\ddmlib\31.0.2\4841ca3d8fb995267eea0e73e812f1c76025a09e\ddmlib-31.0.2.jar because:
[   +3 ms]   Build cache is disabled
[        ]   Caching not enabled.
[        ] Caching disabled for ExternalDependencyInstrumentingArtifactTransform: C:\Users\Volted User\.gradle\caches\modules-2\files-2.1\com.android.tools.build\builder-test-api\8.0.2\e9f9a18d0e22b3a9c2879e13dd46d9c6066bcaa9\builder-test-api-8.0.2.jar because:
[        ]   Build cache is disabled
[        ]   Caching not enabled.
[        ] Caching disabled for MergeInstrumentationAnalysisTransform: C:\Users\Volted User\.gradle\caches\8.14\transforms\55b46ac611f7cb7e06729cd3104309a2\transformed\analysis\instrumentation-hierarchy.bin because:
[        ]   Build cache is disabled
[        ]   Caching not enabled.
[   +2 ms] Caching disabled for MergeInstrumentationAnalysisTransform: C:\Users\Volted User\.gradle\caches\modules-2\files-2.1\com.android.tools.build\bundletool\1.13.2\798e2bed735e55d91270aa363d2817a05c49b022\bundletool-1.13.2.jar because:
[   +1 ms]   Build cache is disabled
[        ]   Caching not enabled.
[        ] Caching disabled for MergeInstrumentationAnalysisTransform: C:\Users\Volted User\.gradle\caches\8.14\transforms\55b46ac611f7cb7e06729cd3104309a2\transformed\analysis\instrumentation-dependencies.bin because:
[        ]   Build cache is disabled
[        ]   Caching not enabled.
[        ] Caching disabled for MergeInstrumentationAnalysisTransform: C:\Users\Volted User\.gradle\caches\8.14\transforms\54e75fe7880ca5c27f46872aba46c41a\transformed\analysis\instrumentation-hierarchy.bin because:
[        ]   Build cache is disabled
[        ]   Caching not enabled.
[        ] Caching disabled for MergeInstrumentationAnalysisTransform: C:\Users\Volted User\.gradle\caches\8.14\transforms\9eb8a49315342d694854b1d7231d2c5c\transformed\analysis\instrumentation-hierarchy.bin because:
[        ]   Build cache is disabled
[        ]   Caching not enabled.
[        ] Caching disabled for MergeInstrumentationAnalysisTransform: C:\Users\Volted User\.gradle\caches\8.14\transforms\54e75fe7880ca5c27f46872aba46c41a\transformed\analysis\instrumentation-dependencies.bin because:
[        ]   Build cache is disabled
[        ]   Caching not enabled.
[  +37 ms] Caching disabled for MergeInstrumentationAnalysisTransform: C:\Users\Volted User\.gradle\caches\8.14\transforms\9eb8a49315342d694854b1d7231d2c5c\transformed\analysis\instrumentation-dependencies.bin because:
[        ]   Build cache is disabled
[        ]   Caching not enabled.
[        ] Caching disabled for MergeInstrumentationAnalysisTransform: C:\Users\Volted User\.gradle\caches\modules-2\files-2.1\com.android.tools.build\aapt2-proto\8.0.2-9289358\b773c761b39c71cade1b9ae1c826b5cce53a3760\aapt2-proto-8.0.2-9289358.jar because:
[        ]   Build cache is disabled
[        ]   Caching not enabled.
[        ] Caching disabled for MergeInstrumentationAnalysisTransform: C:\Users\Volted User\.gradle\caches\modules-2\files-2.1\com.android.tools.analytics-library\tracker\31.0.2\93e267ae33339e3e4c31513a481d4e5da25a3f3c\tracker-31.0.2.jar because:
[        ]   Build cache is disabled
[        ]   Caching not enabled.
[        ] Caching disabled for ExternalDependencyInstrumentingArtifactTransform: C:\Users\Volted User\.gradle\caches\8.14\transforms\fbeccc07d2e6a77fc81026c31d0dca00\transformed\merge\instrumentation-dependencies.bin because:
[        ]   Build cache is disabled
[        ]   Caching not enabled.
[ +128 ms] Caching disabled for ExternalDependencyInstrumentingArtifactTransform: C:\Users\Volted User\.gradle\caches\8.14\transforms\05994632ec75d06705819931c546e7e0\transformed\merge\instrumentation-dependencies.bin because:
[        ]   Build cache is disabled
[        ]   Caching not enabled.
[        ] Caching disabled for MergeInstrumentationAnalysisTransform: C:\Users\Volted User\.gradle\caches\modules-2\files-2.1\com.android.tools.analytics-library\crash\31.0.2\130a30174838af6a9aab4c060248991136cc4a1e\crash-31.0.2.jar because:
[        ]   Build cache is disabled
[        ]   Caching not enabled.
[        ] Caching disabled for MergeInstrumentationAnalysisTransform: C:\Users\Volted User\.gradle\caches\modules-2\files-2.1\com.android.tools.build\aaptcompiler\8.0.2\dbf7dec9353171252df58dec7f5ecbb997273c4f\aaptcompiler-8.0.2.jar because:
[        ]   Build cache is disabled
[        ]   Caching not enabled.
[        ] Caching disabled for ExternalDependencyInstrumentingArtifactTransform: C:\Users\Volted User\.gradle\caches\modules-2\files-2.1\com.android.tools.analytics-library\tracker\31.0.2\93e267ae33339e3e4c31513a481d4e5da25a3f3c\tracker-31.0.2.jar because:
[        ]   Build cache is disabled
[        ]   Caching not enabled.
[        ] Caching disabled for ExternalDependencyInstrumentingArtifactTransform: C:\Users\Volted User\.gradle\caches\8.14\transforms\d7d7df90fd9b89f2f323423639d60df5\transformed\merge\instrumentation-dependencies.bin because:
[        ]   Build cache is disabled
[        ]   Caching not enabled.
[        ] Caching disabled for MergeInstrumentationAnalysisTransform: C:\Users\Volted User\.gradle\caches\8.14\transforms\ade62a98e60f1d6177307d05e6edb19a\transformed\analysis\instrumentation-hierarchy.bin because:
[        ]   Build cache is disabled
[        ]   Caching not enabled.
[  +51 ms] Caching disabled for MergeInstrumentationAnalysisTransform: C:\Users\Volted User\.gradle\caches\8.14\transforms\ade62a98e60f1d6177307d05e6edb19a\transformed\analysis\instrumentation-dependencies.bin because:
[        ]   Build cache is disabled
[        ]   Caching not enabled.
[  +96 ms] Caching disabled for MergeInstrumentationAnalysisTransform: C:\Users\Volted User\.gradle\caches\modules-2\files-2.1\com.android.tools.analytics-library\shared\31.0.2\7552ea5c8af6a8a256c66fbebf00c868394a253d\shared-31.0.2.jar because:
[  +11 ms]   Build cache is disabled
[        ]   Caching not enabled.
[        ] Caching disabled for ExternalDependencyInstrumentingArtifactTransform: C:\Users\Volted User\.gradle\caches\8.14\transforms\7e3051e5013924da25a2ba742d60bbf8\transformed\merge\instrumentation-dependencies.bin because:
[        ]   Build cache is disabled
[        ]   Caching not enabled.
[        ] Caching disabled for ExternalDependencyInstrumentingArtifactTransform: C:\Users\Volted User\.gradle\caches\8.14\transforms\7eced5ca07c74a080f1cac0a386d052c\transformed\merge\instrumentation-dependencies.bin because:
[        ]   Build cache is disabled
[        ]   Caching not enabled.
[  +91 ms] Caching disabled for ExternalDependencyInstrumentingArtifactTransform: C:\Users\Volted User\.gradle\caches\modules-2\files-2.1\com.android.tools.build\aapt2-proto\8.0.2-9289358\b773c761b39c71cade1b9ae1c826b5cce53a3760\aapt2-proto-8.0.2-9289358.jar because:
[        ]   Build cache is disabled
[        ]   Caching not enabled.
[        ] Caching disabled for ExternalDependencyInstrumentingArtifactTransform: C:\Users\Volted User\.gradle\caches\modules-2\files-2.1\com.android.tools.build\aaptcompiler\8.0.2\dbf7dec9353171252df58dec7f5ecbb997273c4f\aaptcompiler-8.0.2.jar because:
[        ]   Build cache is disabled
[   +1 ms]   Caching not enabled.
[        ] Caching disabled for ExternalDependencyInstrumentingArtifactTransform: C:\Users\Volted User\.gradle\caches\modules-2\files-2.1\com.android.tools.analytics-library\crash\31.0.2\130a30174838af6a9aab4c060248991136cc4a1e\crash-31.0.2.jar because:
[        ]   Build cache is disabled
[        ]   Caching not enabled.
[        ] Caching disabled for MergeInstrumentationAnalysisTransform: C:\Users\Volted User\.gradle\caches\8.14\transforms\1ad514a9b68131450e90d3dc59bf4cfc\transformed\analysis\instrumentation-hierarchy.bin because:
[   +4 ms]   Build cache is disabled
[   +3 ms]   Caching not enabled.
[   +1 ms] Caching disabled for MergeInstrumentationAnalysisTransform: C:\Users\Volted User\.gradle\caches\8.14\transforms\739a856d10ea9f0dabb2ac4ca1174efd\transformed\analysis\instrumentation-hierarchy.bin because:
[        ]   Build cache is disabled
[        ]   Caching not enabled.
[        ] Caching disabled for MergeInstrumentationAnalysisTransform: C:\Users\Volted User\.gradle\caches\8.14\transforms\b048f036f81e584d6321db861d32a9cb\transformed\analysis\instrumentation-hierarchy.bin because:
[        ]   Build cache is disabled
[        ]   Caching not enabled.
[   +4 ms] Caching disabled for ExternalDependencyInstrumentingArtifactTransform: C:\Users\Volted User\.gradle\caches\modules-2\files-2.1\com.android.tools.build\builder\8.0.2\c4593dc89c1d43aef054ca0d43f9a686d1be02a4\builder-8.0.2.jar because:
[        ]   Build cache is disabled
[        ]   Caching not enabled.
[        ] Caching disabled for MergeInstrumentationAnalysisTransform: C:\Users\Volted User\.gradle\caches\8.14\transforms\1ad514a9b68131450e90d3dc59bf4cfc\transformed\analysis\instrumentation-dependencies.bin because:
[        ]   Build cache is disabled
[        ]   Caching not enabled.
[        ] Caching disabled for ExternalDependencyInstrumentingArtifactTransform: C:\Users\Volted User\.gradle\caches\modules-2\files-2.1\com.android.tools.analytics-library\shared\31.0.2\7552ea5c8af6a8a256c66fbebf00c868394a253d\shared-31.0.2.jar because:
[        ]   Build cache is disabled
[        ]   Caching not enabled.
[        ] Caching disabled for MergeInstrumentationAnalysisTransform: C:\Users\Volted User\.gradle\caches\8.14\transforms\739a856d10ea9f0dabb2ac4ca1174efd\transformed\analysis\instrumentation-dependencies.bin because:
[        ]   Build cache is disabled
[        ]   Caching not enabled.
[  +93 ms] Caching disabled for MergeInstrumentationAnalysisTransform: C:\Users\Volted User\.gradle\caches\modules-2\files-2.1\com.android.tools.lint\lint-typedef-remover\31.0.2\dc294605db32e2a07fd9bba72a4e337eba837a03\lint-typedef-remover-31.0.2.jar because:
[        ]   Build cache is disabled
[        ]   Caching not enabled.
[        ] Caching disabled for ExternalDependencyInstrumentingArtifactTransform: C:\Users\Volted User\.gradle\caches\8.14\transforms\ed0fef39b2dd75bc23a05ec4e5c50a64\transformed\merge\instrumentation-dependencies.bin because:
[        ]   Build cache is disabled
[        ]   Caching not enabled.
[        ] Caching disabled for MergeInstrumentationAnalysisTransform: C:\Users\Volted User\.gradle\caches\8.14\transforms\73d6bc7a4912c18bd32bc8e9df8904a0\transformed\analysis\instrumentation-hierarchy.bin because:
[        ]   Build cache is disabled
[        ]   Caching not enabled.
[        ] Caching disabled for MergeInstrumentationAnalysisTransform: C:\Users\Volted User\.gradle\caches\modules-2\files-2.1\androidx.databinding\databinding-compiler-common\8.0.2\4d4b862515ba043bfe963d09dab8eea0194e00e3\databinding-compiler-common-8.0.2.jar because:
[        ]   Build cache is disabled
[        ]   Caching not enabled.
[        ] Caching disabled for MergeInstrumentationAnalysisTransform: C:\Users\Volted User\.gradle\caches\8.14\transforms\06b83ca65ebbe5ac5544cb83d1fce139\transformed\analysis\instrumentation-hierarchy.bin because:
[        ]   Build cache is disabled
[        ]   Caching not enabled.
[        ] Caching disabled for MergeInstrumentationAnalysisTransform: C:\Users\Volted User\.gradle\caches\8.14\transforms\73d6bc7a4912c18bd32bc8e9df8904a0\transformed\analysis\instrumentation-dependencies.bin because:
[        ]   Build cache is disabled
[        ]   Caching not enabled.
[        ] Caching disabled for ExternalDependencyInstrumentingArtifactTransform: C:\Users\Volted User\.gradle\caches\8.14\transforms\0b97050b9ec4c0bd39333d4004c671bb\transformed\merge\instrumentation-dependencies.bin because:
[        ]   Build cache is disabled
[        ]   Caching not enabled.
[        ] Caching disabled for MergeInstrumentationAnalysisTransform: C:\Users\Volted User\.gradle\caches\8.14\transforms\06b83ca65ebbe5ac5544cb83d1fce139\transformed\analysis\instrumentation-dependencies.bin because:
[        ]   Build cache is disabled
[        ]   Caching not enabled.
[        ] Caching disabled for ExternalDependencyInstrumentingArtifactTransform: C:\Users\Volted User\.gradle\caches\modules-2\files-2.1\com.android.tools.lint\lint-typedef-remover\31.0.2\dc294605db32e2a07fd9bba72a4e337eba837a03\lint-typedef-remover-31.0.2.jar because:
[        ]   Build cache is disabled
[        ]   Caching not enabled.
[  +76 ms] Caching disabled for MergeInstrumentationAnalysisTransform: C:\Users\Volted User\.gradle\caches\8.14\transforms\b048f036f81e584d6321db861d32a9cb\transformed\analysis\instrumentation-dependencies.bin because:
[        ]   Build cache is disabled
[        ]   Caching not enabled.
[        ] Caching disabled for MergeInstrumentationAnalysisTransform: C:\Users\Volted User\.gradle\caches\modules-2\files-2.1\com.android.tools.layoutlib\layoutlib-api\31.0.2\d5df6c18a46cc2360b8310b62a7fad1c130cb685\layoutlib-api-31.0.2.jar because:
[        ]   Build cache is disabled
[        ]   Caching not enabled.
[        ] Caching disabled for MergeInstrumentationAnalysisTransform: C:\Users\Volted User\.gradle\caches\modules-2\files-2.1\com.android.databinding\baseLibrary\8.0.2\816af75743910bbee1f2a4e0620683bc3ec6e453\baseLibrary-8.0.2.jar because:
[        ]   Build cache is disabled
[        ]   Caching not enabled.
[ +102 ms] Caching disabled for ExternalDependencyInstrumentingArtifactTransform: C:\Users\Volted User\.gradle\caches\8.14\transforms\14535c052bcaaa656ea3d9e4034cc624\transformed\merge\instrumentation-dependencies.bin because:
[        ]   Build cache is disabled
[        ]   Caching not enabled.
[        ] Caching disabled for ExternalDependencyInstrumentingArtifactTransform: C:\Users\Volted User\.gradle\caches\8.14\transforms\40cc9f2d9641a79fb00b9b01f5d68128\transformed\merge\instrumentation-dependencies.bin because:
[        ]   Build cache is disabled
[        ]   Caching not enabled.
[        ] Caching disabled for ExternalDependencyInstrumentingArtifactTransform: C:\Users\Volted User\.gradle\caches\modules-2\files-2.1\com.android.tools.build\gradle\8.0.2\5ca111c1d40e29d3c661a0805f4754c56938d010\gradle-8.0.2.jar because:
[        ]   Build cache is disabled
[        ]   Caching not enabled.
[   +6 ms] Caching disabled for MergeInstrumentationAnalysisTransform: C:\Users\Volted User\.gradle\caches\8.14\transforms\0505d3e772e53f535960ec395aca5893\transformed\analysis\instrumentation-hierarchy.bin because:
[        ]   Build cache is disabled
[        ]   Caching not enabled.
[        ] Caching disabled for MergeInstrumentationAnalysisTransform: C:\Users\Volted User\.gradle\caches\8.14\transforms\41fe4c1e7985254c5be704e02d9897cd\transformed\analysis\instrumentation-hierarchy.bin because:
[        ]   Build cache is disabled
[        ]   Caching not enabled.
[  +81 ms] Caching disabled for MergeInstrumentationAnalysisTransform: C:\Users\Volted User\.gradle\caches\8.14\transforms\0505d3e772e53f535960ec395aca5893\transformed\analysis\instrumentation-dependencies.bin because:
[        ]   Build cache is disabled
[        ]   Caching not enabled.
[        ] Caching disabled for MergeInstrumentationAnalysisTransform: C:\Users\Volted User\.gradle\caches\8.14\transforms\41fe4c1e7985254c5be704e02d9897cd\transformed\analysis\instrumentation-dependencies.bin because:
[        ]   Build cache is disabled
[        ]   Caching not enabled.
[        ] Caching disabled for ExternalDependencyInstrumentingArtifactTransform: C:\Users\Volted User\.gradle\caches\modules-2\files-2.1\androidx.databinding\databinding-compiler-common\8.0.2\4d4b862515ba043bfe963d09dab8eea0194e00e3\databinding-compiler-common-8.0.2.jar because:
[        ]   Build cache is disabled
[        ]   Caching not enabled.
[        ] Caching disabled for ExternalDependencyInstrumentingArtifactTransform: C:\Users\Volted User\.gradle\caches\modules-2\files-2.1\com.android.tools.layoutlib\layoutlib-api\31.0.2\d5df6c18a46cc2360b8310b62a7fad1c130cb685\layoutlib-api-31.0.2.jar because:
[        ]   Build cache is disabled
[        ]   Caching not enabled.
[ +105 ms] Caching disabled for MergeInstrumentationAnalysisTransform: C:\Users\Volted User\.gradle\caches\8.14\transforms\f69b2139ffb4d8a0d34338eeb7e3c682\transformed\analysis\instrumentation-hierarchy.bin because:
[        ]   Build cache is disabled
[        ]   Caching not enabled.
[   +1 ms] Caching disabled for MergeInstrumentationAnalysisTransform: C:\Users\Volted User\.gradle\caches\modules-2\files-2.1\com.android.tools.utp\android-device-provider-gradle-proto\31.0.2\22011eee9bd4de4e651cf55446fb65c812a2e442\android-device-provider-gradle-proto-31.0.2.jar because:
[   +1 ms]   Build cache is disabled
[        ]   Caching not enabled.
[        ] Caching disabled for MergeInstrumentationAnalysisTransform: C:\Users\Volted User\.gradle\caches\modules-2\files-2.1\com.android.tools.utp\android-device-provider-ddmlib-proto\31.0.2\7e8d418bf45f4f9f8cc1708429aa996d34b938b2\android-device-provider-ddmlib-proto-31.0.2.jar because:
[        ]   Build cache is disabled
[        ]   Caching not enabled.
[        ] Caching disabled for MergeInstrumentationAnalysisTransform: C:\Users\Volted User\.gradle\caches\modules-2\files-2.1\androidx.databinding\databinding-common\8.0.2\84ed411631d2c4113f4ad992669fe3f50a83f072\databinding-common-8.0.2.jar because:
[        ]   Build cache is disabled
[        ]   Caching not enabled.
[        ] Caching disabled for ExternalDependencyInstrumentingArtifactTransform: C:\Users\Volted User\.gradle\caches\8.14\transforms\85ff0d0090dec8a1b433291d33c9a553\transformed\merge\instrumentation-dependencies.bin because:
[        ]   Build cache is disabled
[        ]   Caching not enabled.
[        ] Caching disabled for ExternalDependencyInstrumentingArtifactTransform: C:\Users\Volted User\.gradle\caches\modules-2\files-2.1\com.android.databinding\baseLibrary\8.0.2\816af75743910bbee1f2a4e0620683bc3ec6e453\baseLibrary-8.0.2.jar because:
[        ]   Build cache is disabled
[        ]   Caching not enabled.
[        ] Caching disabled for MergeInstrumentationAnalysisTransform: C:\Users\Volted User\.gradle\caches\8.14\transforms\8087ce1b783d3be129695f0bcce2a4a6\transformed\analysis\instrumentation-hierarchy.bin because:
[        ]   Build cache is disabled
[        ]   Caching not enabled.
[        ] Caching disabled for ExternalDependencyInstrumentingArtifactTransform: C:\Users\Volted User\.gradle\caches\8.14\transforms\a30481da2b2d0b2e02b91ccf49609c8f\transformed\merge\instrumentation-dependencies.bin because:
[        ]   Build cache is disabled
[        ]   Caching not enabled.
[        ] Caching disabled for MergeInstrumentationAnalysisTransform: C:\Users\Volted User\.gradle\caches\8.14\transforms\f69b2139ffb4d8a0d34338eeb7e3c682\transformed\analysis\instrumentation-dependencies.bin because:
[        ]   Build cache is disabled
[        ]   Caching not enabled.
[        ] Caching disabled for ExternalDependencyInstrumentingArtifactTransform: C:\Users\Volted User\.gradle\caches\8.14\transforms\0678389e02a4dbad6b8f5a592007796b\transformed\merge\instrumentation-dependencies.bin because:
[        ]   Build cache is disabled
[        ]   Caching not enabled.
[  +88 ms] Caching disabled for MergeInstrumentationAnalysisTransform: C:\Users\Volted User\.gradle\caches\8.14\transforms\1338f9c9fd5d85dd480c3280f5caa261\transformed\analysis\instrumentation-hierarchy.bin because:
[        ]   Build cache is disabled
[        ]   Caching not enabled.
[        ] Caching disabled for MergeInstrumentationAnalysisTransform: C:\Users\Volted User\.gradle\caches\8.14\transforms\8087ce1b783d3be129695f0bcce2a4a6\transformed\analysis\instrumentation-dependencies.bin because:
[        ]   Build cache is disabled
[        ]   Caching not enabled.
[ +108 ms] Caching disabled for MergeInstrumentationAnalysisTransform: C:\Users\Volted User\.gradle\caches\modules-2\files-2.1\com.android.tools.utp\android-test-plugin-host-additional-test-output-proto\31.0.2\b8976b9ae955caa037a485c1c18fb0f4334c6fec\android-test-plugin-host-additional-test-output-proto-31.0.2.jar because:
[   +1 ms]   Build cache is disabled
[        ]   Caching not enabled.
[        ] Caching disabled for MergeInstrumentationAnalysisTransform: C:\Users\Volted User\.gradle\caches\8.14\transforms\1338f9c9fd5d85dd480c3280f5caa261\transformed\analysis\instrumentation-dependencies.bin because:
[        ]   Build cache is disabled
[        ]   Caching not enabled.
[        ] Caching disabled for ExternalDependencyInstrumentingArtifactTransform: C:\Users\Volted User\.gradle\caches\8.14\transforms\a25c58d19fc20657514c137c15123539\transformed\merge\instrumentation-dependencies.bin because:
[        ]   Build cache is disabled
[        ]   Caching not enabled.
[        ] Caching disabled for ExternalDependencyInstrumentingArtifactTransform: C:\Users\Volted User\.gradle\caches\modules-2\files-2.1\com.android.tools.utp\android-device-provider-gradle-proto\31.0.2\22011eee9bd4de4e651cf55446fb65c812a2e442\android-device-provider-gradle-proto-31.0.2.jar because:
[        ]   Build cache is disabled
[        ]   Caching not enabled.
[        ] Caching disabled for MergeInstrumentationAnalysisTransform: C:\Users\Volted User\.gradle\caches\modules-2\files-2.1\com.android.tools.utp\android-test-plugin-host-coverage-proto\31.0.2\1a03db90bb6487372b10ee06c667447a85a8034b\android-test-plugin-host-coverage-proto-31.0.2.jar because:
[        ]   Build cache is disabled
[        ]   Caching not enabled.
[  +91 ms] Caching disabled for ExternalDependencyInstrumentingArtifactTransform: C:\Users\Volted User\.gradle\caches\modules-2\files-2.1\com.android.tools.utp\android-device-provider-ddmlib-proto\31.0.2\7e8d418bf45f4f9f8cc1708429aa996d34b938b2\android-device-provider-ddmlib-proto-31.0.2.jar because:
[        ]   Build cache is disabled
[        ]   Caching not enabled.
[        ] Caching disabled for MergeInstrumentationAnalysisTransform: C:\Users\Volted User\.gradle\caches\8.14\transforms\cdca043481423f3510a3476ebdce7e0f\transformed\analysis\instrumentation-hierarchy.bin because:
[   +6 ms]   Build cache is disabled
[        ]   Caching not enabled.
[  +13 ms] Caching disabled for ExternalDependencyInstrumentingArtifactTransform: C:\Users\Volted User\.gradle\caches\8.14\transforms\c82b1a4a90ebadbe2ee85524aa70fa8e\transformed\merge\instrumentation-dependencies.bin because:
[   +4 ms]   Build cache is disabled
[        ]   Caching not enabled.
[   +1 ms] Caching disabled for MergeInstrumentationAnalysisTransform: C:\Users\Volted User\.gradle\caches\modules-2\files-2.1\com.android.tools.utp\android-test-plugin-host-logcat-proto\31.0.2\70f3b50e00822fdff5f60753a122d53ee99ae0aa\android-test-plugin-host-logcat-proto-31.0.2.jar because:
[        ]   Build cache is disabled
[   +1 ms]   Caching not enabled.
[   +2 ms] Caching disabled for ExternalDependencyInstrumentingArtifactTransform: C:\Users\Volted User\.gradle\caches\modules-2\files-2.1\androidx.databinding\databinding-common\8.0.2\84ed411631d2c4113f4ad992669fe3f50a83f072\databinding-common-8.0.2.jar because:
[        ]   Build cache is disabled
[   +1 ms]   Caching not enabled.
[ +152 ms] Caching disabled for MergeInstrumentationAnalysisTransform: C:\Users\Volted User\.gradle\caches\8.14\transforms\cdca043481423f3510a3476ebdce7e0f\transformed\analysis\instrumentation-dependencies.bin because:
[        ]   Build cache is disabled
[        ]   Caching not enabled.
[        ] Caching disabled for MergeInstrumentationAnalysisTransform: C:\Users\Volted User\.gradle\caches\8.14\transforms\3cd93a62b5bacc356d3108e9f227e2f2\transformed\analysis\instrumentation-hierarchy.bin because:
[        ]   Build cache is disabled
[        ]   Caching not enabled.
[        ] Caching disabled for MergeInstrumentationAnalysisTransform: C:\Users\Volted User\.gradle\caches\8.14\transforms\2267f1502e21532078e00ef671f705a4\transformed\analysis\instrumentation-hierarchy.bin because:
[        ]   Build cache is disabled
[        ]   Caching not enabled.
[        ] Caching disabled for ExternalDependencyInstrumentingArtifactTransform: C:\Users\Volted User\.gradle\caches\modules-2\files-2.1\com.android.tools.utp\android-test-plugin-host-additional-test-output-proto\31.0.2\b8976b9ae955caa037a485c1c18fb0f4334c6fec\android-test-plugin-host-additional-test-output-proto-31.0.2.jar because:
[        ]   Build cache is disabled
[        ]   Caching not enabled.
[        ] Caching disabled for MergeInstrumentationAnalysisTransform: C:\Users\Volted User\.gradle\caches\8.14\transforms\3cd93a62b5bacc356d3108e9f227e2f2\transformed\analysis\instrumentation-dependencies.bin because:
[        ]   Build cache is disabled
[        ]   Caching not enabled.
[        ] Caching disabled for ExternalDependencyInstrumentingArtifactTransform: C:\Users\Volted User\.gradle\caches\8.14\transforms\df7f290f9c65b6d7117d4fcd1f6d4913\transformed\merge\instrumentation-dependencies.bin because:
[        ]   Build cache is disabled
[        ]   Caching not enabled.
[        ] Caching disabled for ExternalDependencyInstrumentingArtifactTransform: C:\Users\Volted User\.gradle\caches\modules-2\files-2.1\com.android.tools.utp\android-test-plugin-host-coverage-proto\31.0.2\1a03db90bb6487372b10ee06c667447a85a8034b\android-test-plugin-host-coverage-proto-31.0.2.jar because:
[        ]   Build cache is disabled
[        ]   Caching not enabled.
[        ] Caching disabled for MergeInstrumentationAnalysisTransform: C:\Users\Volted User\.gradle\caches\8.14\transforms\dc2227f4f15d048ab5904378d9c7fc2a\transformed\analysis\instrumentation-hierarchy.bin because:
[        ]   Build cache is disabled
[        ]   Caching not enabled.
[        ] Caching disabled for MergeInstrumentationAnalysisTransform: C:\Users\Volted User\.gradle\caches\8.14\transforms\2267f1502e21532078e00ef671f705a4\transformed\analysis\instrumentation-dependencies.bin because:
[        ]   Build cache is disabled
[        ]   Caching not enabled.
[ +103 ms] Caching disabled for MergeInstrumentationAnalysisTransform: C:\Users\Volted User\.gradle\caches\8.14\transforms\dc2227f4f15d048ab5904378d9c7fc2a\transformed\analysis\instrumentation-dependencies.bin because:
[        ]   Build cache is disabled
[        ]   Caching not enabled.
[        ] Caching disabled for MergeInstrumentationAnalysisTransform: C:\Users\Volted User\.gradle\caches\modules-2\files-2.1\com.android.tools.utp\android-test-plugin-result-listener-gradle-proto\31.0.2\39441225d84dc85587d2c87845058544e9140160\android-test-plugin-result-listener-gradle-proto-31.0.2.jar because:
[        ]   Build cache is disabled
[        ]   Caching not enabled.
[        ] Caching disabled for MergeInstrumentationAnalysisTransform: C:\Users\Volted User\.gradle\caches\modules-2\files-2.1\com.android.tools.utp\android-test-plugin-host-retention-proto\31.0.2\6be4fb1cdcba03d41d6c9888b914518bdc2d38d2\android-test-plugin-host-retention-proto-31.0.2.jar because:
[        ]   Build cache is disabled
[        ]   Caching not enabled.
[        ] Caching disabled for MergeInstrumentationAnalysisTransform: C:\Users\Volted User\.gradle\caches\modules-2\files-2.1\com.android.tools\dvlib\31.0.2\ef8dfce1e50dc4b683cdb8ce9507cc87878ebcb5\dvlib-31.0.2.jar because:
[        ]   Build cache is disabled
[        ]   Caching not enabled.
[        ] Caching disabled for ExternalDependencyInstrumentingArtifactTransform: C:\Users\Volted User\.gradle\caches\8.14\transforms\cabd8327d1209da6bc3c405456b1a894\transformed\merge\instrumentation-dependencies.bin because:
[        ]   Build cache is disabled
[        ]   Caching not enabled.
[  +93 ms] Caching disabled for ExternalDependencyInstrumentingArtifactTransform: C:\Users\Volted User\.gradle\caches\8.14\transforms\a0ca692e9b204b4acd124d04372d1eb2\transformed\merge\instrumentation-dependencies.bin because:
[        ]   Build cache is disabled
[        ]   Caching not enabled.
[        ] Caching disabled for ExternalDependencyInstrumentingArtifactTransform: C:\Users\Volted User\.gradle\caches\8.14\transforms\dbdc975eb4ef65b397845bd3d55a046c\transformed\merge\instrumentation-dependencies.bin because:
[        ]   Build cache is disabled
[        ]   Caching not enabled.
[        ] Caching disabled for ExternalDependencyInstrumentingArtifactTransform: C:\Users\Volted User\.gradle\caches\modules-2\files-2.1\com.android.tools.utp\android-test-plugin-host-logcat-proto\31.0.2\70f3b50e00822fdff5f60753a122d53ee99ae0aa\android-test-plugin-host-logcat-proto-31.0.2.jar because:
[        ]   Build cache is disabled
[        ]   Caching not enabled.
[        ] Caching disabled for MergeInstrumentationAnalysisTransform: C:\Users\Volted User\.gradle\caches\8.14\transforms\31f956b29168267da6a223d834dbddc6\transformed\analysis\instrumentation-hierarchy.bin because:
[        ]   Build cache is disabled
[        ]   Caching not enabled.
[        ] Caching disabled for MergeInstrumentationAnalysisTransform: C:\Users\Volted User\.gradle\caches\modules-2\files-2.1\com.android.tools.build\builder-model\8.0.2\a6d231c69cb96367baa8d554c93b18986ac092e5\builder-model-8.0.2.jar because:
[        ]   Build cache is disabled
[        ]   Caching not enabled.
[        ] Caching disabled for MergeInstrumentationAnalysisTransform: C:\Users\Volted User\.gradle\caches\8.14\transforms\31f956b29168267da6a223d834dbddc6\transformed\analysis\instrumentation-dependencies.bin because:
[        ]   Build cache is disabled
[        ]   Caching not enabled.
[        ] Caching disabled for ExternalDependencyInstrumentingArtifactTransform: C:\Users\Volted User\.gradle\caches\8.14\transforms\324da60afca7175cb6f0b42d1ec74343\transformed\merge\instrumentation-dependencies.bin because:
[        ]   Build cache is disabled
[        ]   Caching not enabled.
[        ] Caching disabled for MergeInstrumentationAnalysisTransform: C:\Users\Volted User\.gradle\caches\8.14\transforms\3e45a9b56d4fc26c069539706ce66a16\transformed\analysis\instrumentation-hierarchy.bin because:
[        ]   Build cache is disabled
[        ]   Caching not enabled.
[        ] Caching disabled for ExternalDependencyInstrumentingArtifactTransform: C:\Users\Volted User\.gradle\caches\modules-2\files-2.1\com.android.tools\dvlib\31.0.2\ef8dfce1e50dc4b683cdb8ce9507cc87878ebcb5\dvlib-31.0.2.jar because:
[        ]   Build cache is disabled
[        ]   Caching not enabled.
[ +100 ms] Caching disabled for ExternalDependencyInstrumentingArtifactTransform: C:\Users\Volted User\.gradle\caches\modules-2\files-2.1\com.android.tools.utp\android-test-plugin-result-listener-gradle-proto\31.0.2\39441225d84dc85587d2c87845058544e9140160\android-test-plugin-result-listener-gradle-proto-31.0.2.jar because:
[        ]   Build cache is disabled
[        ]   Caching not enabled.
[        ] Caching disabled for MergeInstrumentationAnalysisTransform: C:\Users\Volted User\.gradle\caches\8.14\transforms\6128a36d6c5d81f189d6adbffa731ac0\transformed\analysis\instrumentation-hierarchy.bin because:
[        ]   Build cache is disabled
[        ]   Caching not enabled.
[        ] Caching disabled for MergeInstrumentationAnalysisTransform: C:\Users\Volted User\.gradle\caches\8.14\transforms\8371811cf358d3aa8e15dfc29a0fb8e7\transformed\analysis\instrumentation-hierarchy.bin because:
[        ]   Build cache is disabled
[        ]   Caching not enabled.
[        ] Caching disabled for MergeInstrumentationAnalysisTransform: C:\Users\Volted User\.gradle\caches\8.14\transforms\6128a36d6c5d81f189d6adbffa731ac0\transformed\analysis\instrumentation-dependencies.bin because:
[        ]   Build cache is disabled
[        ]   Caching not enabled.
[        ] Caching disabled for ExternalDependencyInstrumentingArtifactTransform: C:\Users\Volted User\.gradle\caches\modules-2\files-2.1\com.android.tools.utp\android-test-plugin-host-retention-proto\31.0.2\6be4fb1cdcba03d41d6c9888b914518bdc2d38d2\android-test-plugin-host-retention-proto-31.0.2.jar because:
[        ]   Build cache is disabled
[        ]   Caching not enabled.
[        ] Caching disabled for MergeInstrumentationAnalysisTransform: C:\Users\Volted User\.gradle\caches\8.14\transforms\8371811cf358d3aa8e15dfc29a0fb8e7\transformed\analysis\instrumentation-dependencies.bin because:
[        ]   Build cache is disabled
[        ]   Caching not enabled.
[        ] Caching disabled for MergeInstrumentationAnalysisTransform: C:\Users\Volted User\.gradle\caches\8.14\transforms\3e45a9b56d4fc26c069539706ce66a16\transformed\analysis\instrumentation-dependencies.bin because:
[        ]   Build cache is disabled
[        ]   Caching not enabled.
[        ] Caching disabled for ExternalDependencyInstrumentingArtifactTransform: C:\Users\Volted User\.gradle\caches\modules-2\files-2.1\com.android.tools.build\builder-model\8.0.2\a6d231c69cb96367baa8d554c93b18986ac092e5\builder-model-8.0.2.jar because:
[        ]   Build cache is disabled
[        ]   Caching not enabled.
[        ] Caching disabled for MergeInstrumentationAnalysisTransform: C:\Users\Volted User\.gradle\caches\modules-2\files-2.1\com.android.tools.build\transform-api\2.0.0-deprecated-use-gradle-api\47f6c56527c42425742fa9b56ffd3fd80763fe03\transform-api-2.0.0-deprecated-use-gradle-api.jar because:
[        ]   Build cache is disabled
[        ]   Caching not enabled.
[        ] Caching disabled for MergeInstrumentationAnalysisTransform: C:\Users\Volted User\.gradle\caches\modules-2\files-2.1\com.android.tools\common\31.0.2\e78240c4a0e406eaa2bb6d6aa633c7cd4c8a5866\common-31.0.2.jar because:
[        ]   Build cache is disabled
[        ]   Caching not enabled.
[        ] Caching disabled for MergeInstrumentationAnalysisTransform: C:\Users\Volted User\.gradle\caches\8.14\transforms\e9244e186eb1c3470adaa77098f26554\transformed\analysis\instrumentation-hierarchy.bin because:
[        ]   Build cache is disabled
[        ]   Caching not enabled.
[ +109 ms] Caching disabled for MergeInstrumentationAnalysisTransform: C:\Users\Volted User\.gradle\caches\modules-2\files-2.1\org.jetbrains.kotlin\kotlin-stdlib-jdk8\1.7.10\d70d7d2c56371f7aa18f32e984e3e2e998fe9081\kotlin-stdlib-jdk8-1.7.10.jar because:
[        ]   Build cache is disabled
[        ]   Caching not enabled.
[        ] Caching disabled for MergeInstrumentationAnalysisTransform: C:\Users\Volted User\.gradle\caches\modules-2\files-2.1\org.apache.httpcomponents\httpmime\4.5.6\164343da11db817e81e24e0d9869527e069850c9\httpmime-4.5.6.jar because:
[        ]   Build cache is disabled
[        ]   Caching not enabled.
[        ] Caching disabled for MergeInstrumentationAnalysisTransform: C:\Users\Volted User\.gradle\caches\8.14\transforms\8fc5c3035a16d1db96c9d750b4008169\transformed\analysis\instrumentation-hierarchy.bin because:
[        ]   Build cache is disabled
[        ]   Caching not enabled.
[        ] Caching disabled for MergeInstrumentationAnalysisTransform: C:\Users\Volted User\.gradle\caches\8.14\transforms\e9244e186eb1c3470adaa77098f26554\transformed\analysis\instrumentation-dependencies.bin because:
[        ]   Build cache is disabled
[        ]   Caching not enabled.
[        ] Caching disabled for MergeInstrumentationAnalysisTransform: C:\Users\Volted User\.gradle\caches\8.14\transforms\d99272768b62a8e687bad3a4811c79bb\transformed\analysis\instrumentation-hierarchy.bin because:
[        ]   Build cache is disabled
[        ]   Caching not enabled.
[        ] Caching disabled for MergeInstrumentationAnalysisTransform: C:\Users\Volted User\.gradle\caches\8.14\transforms\4be6fb07844ee31250d5fca969f49517\transformed\analysis\instrumentation-hierarchy.bin because:
[        ]   Build cache is disabled
[        ]   Caching not enabled.
[        ] Caching disabled for MergeInstrumentationAnalysisTransform: C:\Users\Volted User\.gradle\caches\8.14\transforms\8c9a8453f682249b13829a5d5b0fcacd\transformed\analysis\instrumentation-hierarchy.bin because:
[        ]   Build cache is disabled
[        ]   Caching not enabled.
[        ] Caching disabled for MergeInstrumentationAnalysisTransform: C:\Users\Volted User\.gradle\caches\8.14\transforms\8fc5c3035a16d1db96c9d750b4008169\transformed\analysis\instrumentation-dependencies.bin because:
[        ]   Build cache is disabled
[        ]   Caching not enabled.
[        ] Caching disabled for ExternalDependencyInstrumentingArtifactTransform: C:\Users\Volted User\.gradle\caches\8.14\transforms\4b4ced18f0073453025c0448a1d3a1e3\transformed\merge\instrumentation-dependencies.bin because:
[        ]   Build cache is disabled
[        ]   Caching not enabled.
[        ] Caching disabled for MergeInstrumentationAnalysisTransform: C:\Users\Volted User\.gradle\caches\8.14\transforms\d99272768b62a8e687bad3a4811c79bb\transformed\analysis\instrumentation-dependencies.bin because:
[        ]   Build cache is disabled
[        ]   Caching not enabled.
[        ] Caching disabled for MergeInstrumentationAnalysisTransform: C:\Users\Volted User\.gradle\caches\modules-2\files-2.1\commons-io\commons-io\2.4\b1b6ea3b7e4aa4f492509a4952029cd8e48019ad\commons-io-2.4.jar because:
[        ]   Build cache is disabled
[        ]   Caching not enabled.
[        ] Caching disabled for MergeInstrumentationAnalysisTransform: C:\Users\Volted User\.gradle\caches\8.14\transforms\4be6fb07844ee31250d5fca969f49517\transformed\analysis\instrumentation-dependencies.bin because:
[        ]   Build cache is disabled
[        ]   Caching not enabled.
[        ] Caching disabled for MergeInstrumentationAnalysisTransform: C:\Users\Volted User\.gradle\caches\8.14\transforms\8c9a8453f682249b13829a5d5b0fcacd\transformed\analysis\instrumentation-dependencies.bin because:
[        ]   Build cache is disabled
[        ]   Caching not enabled.
[        ] Caching disabled for MergeInstrumentationAnalysisTransform: C:\Users\Volted User\.gradle\caches\8.14\transforms\f6553c2af7a5b0e2bc81648d843da3f1\transformed\analysis\instrumentation-hierarchy.bin because:
[        ]   Build cache is disabled
[        ]   Caching not enabled.
[        ] Caching disabled for MergeInstrumentationAnalysisTransform: C:\Users\Volted User\.gradle\caches\modules-2\files-2.1\org.ow2.asm\asm-commons\9.2\f4d7f0fc9054386f2893b602454d48e07d4fbead\asm-commons-9.2.jar because:
[        ]   Build cache is disabled
[        ]   Caching not enabled.
[        ] Caching disabled for MergeInstrumentationAnalysisTransform: C:\Users\Volted User\.gradle\caches\modules-2\files-2.1\com.android.tools.build.jetifier\jetifier-processor\1.0.0-beta10\946c39eb0c052ff4f60a8939648a8b99af20d604\jetifier-processor-1.0.0-beta10.jar because:
[        ]   Build cache is disabled
[        ]   Caching not enabled.
[        ] Caching disabled for MergeInstrumentationAnalysisTransform: C:\Users\Volted User\.gradle\caches\8.14\transforms\f6553c2af7a5b0e2bc81648d843da3f1\transformed\analysis\instrumentation-dependencies.bin because:
[        ]   Build cache is disabled
[        ]   Caching not enabled.
[  +84 ms] Caching disabled for MergeInstrumentationAnalysisTransform: C:\Users\Volted User\.gradle\caches\8.14\transforms\31d7bd5d34902e124aa212ddd6dcf1ad\transformed\analysis\instrumentation-hierarchy.bin because:
[        ]   Build cache is disabled
[        ]   Caching not enabled.
[        ] Caching disabled for MergeInstrumentationAnalysisTransform: C:\Users\Volted User\.gradle\caches\8.14\transforms\2841815b6b23531f2b6d0e66c2c331b7\transformed\analysis\instrumentation-hierarchy.bin because:
[        ]   Build cache is disabled
[        ]   Caching not enabled.
[        ] Caching disabled for MergeInstrumentationAnalysisTransform: C:\Users\Volted User\.gradle\caches\modules-2\files-2.1\org.ow2.asm\asm-util\9.2\fbc178fc5ba3dab50fd7e8a5317b8b647c8e8946\asm-util-9.2.jar because:
[        ]   Build cache is disabled
[        ]   Caching not enabled.
[        ] Caching disabled for MergeInstrumentationAnalysisTransform: C:\Users\Volted User\.gradle\caches\8.14\transforms\aefa1cef986932ae3e12e922552e8f69\transformed\analysis\instrumentation-hierarchy.bin because:
[        ]   Build cache is disabled
[        ]   Caching not enabled.
[        ] Caching disabled for MergeInstrumentationAnalysisTransform: C:\Users\Volted User\.gradle\caches\8.14\transforms\2841815b6b23531f2b6d0e66c2c331b7\transformed\analysis\instrumentation-dependencies.bin because:
[        ]   Build cache is disabled
[        ]   Caching not enabled.
[        ] Caching disabled for MergeInstrumentationAnalysisTransform: C:\Users\Volted User\.gradle\caches\modules-2\files-2.1\org.ow2.asm\asm-tree\9.2\d96c99a30f5e1a19b0e609dbb19a44d8518ac01e\asm-tree-9.2.jar because:
[        ]   Build cache is disabled
[        ]   Caching not enabled.
[        ] Caching disabled for MergeInstrumentationAnalysisTransform: C:\Users\Volted User\.gradle\caches\modules-2\files-2.1\org.ow2.asm\asm-analysis\9.2\7487dd756daf96cab9986e44b9d7bcb796a61c10\asm-analysis-9.2.jar because:
[        ]   Build cache is disabled
[        ]   Caching not enabled.
[        ] Caching disabled for MergeInstrumentationAnalysisTransform: C:\Users\Volted User\.gradle\caches\8.14\transforms\31d7bd5d34902e124aa212ddd6dcf1ad\transformed\analysis\instrumentation-dependencies.bin because:
[        ]   Build cache is disabled
[        ]   Caching not enabled.
[        ] Caching disabled for MergeInstrumentationAnalysisTransform: C:\Users\Volted User\.gradle\caches\8.14\transforms\7d0b495da3e94b9513f7899aa4fc052a\transformed\analysis\instrumentation-hierarchy.bin because:
[        ]   Build cache is disabled
[        ]   Caching not enabled.
[        ] Caching disabled for MergeInstrumentationAnalysisTransform: C:\Users\Volted User\.gradle\caches\8.14\transforms\38718154af92971d236fd5af51511df9\transformed\analysis\instrumentation-hierarchy.bin because:
[        ]   Build cache is disabled
[        ]   Caching not enabled.
[  +92 ms] Caching disabled for MergeInstrumentationAnalysisTransform: C:\Users\Volted User\.gradle\caches\8.14\transforms\7d0b495da3e94b9513f7899aa4fc052a\transformed\analysis\instrumentation-dependencies.bin because:
[        ]   Build cache is disabled
[        ]   Caching not enabled.
[        ] Caching disabled for MergeInstrumentationAnalysisTransform: C:\Users\Volted User\.gradle\caches\modules-2\files-2.1\org.ow2.asm\asm\9.2\81a03f76019c67362299c40e0ba13405f5467bff\asm-9.2.jar because:
[        ]   Build cache is disabled
[        ]   Caching not enabled.
[        ] Caching disabled for MergeInstrumentationAnalysisTransform: C:\Users\Volted User\.gradle\caches\8.14\transforms\38718154af92971d236fd5af51511df9\transformed\analysis\instrumentation-dependencies.bin because:
[        ]   Build cache is disabled
[        ]   Caching not enabled.
[        ] Caching disabled for MergeInstrumentationAnalysisTransform: C:\Users\Volted User\.gradle\caches\modules-2\files-2.1\com.android.tools.build\apkzlib\8.0.2\ad7136410ad4c88b1d1dea24ddeb5f9379e157e5\apkzlib-8.0.2.jar because:
[        ]   Build cache is disabled
[        ]   Caching not enabled.
[        ] Caching disabled for ExternalDependencyInstrumentingArtifactTransform: C:\Users\Volted User\.gradle\caches\modules-2\files-2.1\com.android.tools\common\31.0.2\e78240c4a0e406eaa2bb6d6aa633c7cd4c8a5866\common-31.0.2.jar because:
[        ]   Build cache is disabled
[        ]   Caching not enabled.
[        ] Caching disabled for MergeInstrumentationAnalysisTransform: C:\Users\Volted User\.gradle\caches\8.14\transforms\aefa1cef986932ae3e12e922552e8f69\transformed\analysis\instrumentation-dependencies.bin because:
[        ]   Build cache is disabled
[        ]   Caching not enabled.
[        ] Caching disabled for MergeInstrumentationAnalysisTransform: C:\Users\Volted User\.gradle\caches\8.14\transforms\45f515a74421b5d14c88fcb72eeba950\transformed\analysis\instrumentation-hierarchy.bin because:
[        ]   Build cache is disabled
[        ]   Caching not enabled.
[        ] Caching disabled for MergeInstrumentationAnalysisTransform: C:\Users\Volted User\.gradle\caches\modules-2\files-2.1\org.glassfish.jaxb\jaxb-runtime\2.3.2\5528bc882ea499a09d720b42af11785c4fc6be2a\jaxb-runtime-2.3.2.jar because:
[        ]   Build cache is disabled
[        ]   Caching not enabled.
[        ] Caching disabled for MergeInstrumentationAnalysisTransform: C:\Users\Volted User\.gradle\caches\8.14\transforms\214e8f2365bd43e4a8ccb1573a478784\transformed\analysis\instrumentation-hierarchy.bin because:
[        ]   Build cache is disabled
[        ]   Caching not enabled.
[        ] Caching disabled for ExternalDependencyInstrumentingArtifactTransform: C:\Users\Volted User\.gradle\caches\8.14\transforms\6ed22dddfe2df4fac3ef5c2417328da1\transformed\merge\instrumentation-dependencies.bin because:
[        ]   Build cache is disabled
[        ]   Caching not enabled.
[        ] Caching disabled for MergeInstrumentationAnalysisTransform: C:\Users\Volted User\.gradle\caches\8.14\transforms\b151d41c0d08d04605bcd0f0d4bce1f8\transformed\analysis\instrumentation-hierarchy.bin because:
[        ]   Build cache is disabled
[        ]   Caching not enabled.
[        ] Caching disabled for MergeInstrumentationAnalysisTransform: C:\Users\Volted User\.gradle\caches\8.14\transforms\214e8f2365bd43e4a8ccb1573a478784\transformed\analysis\instrumentation-dependencies.bin because:
[        ]   Build cache is disabled
[        ]   Caching not enabled.
[        ] Caching disabled for MergeInstrumentationAnalysisTransform: C:\Users\Volted User\.gradle\caches\modules-2\files-2.1\net.sf.jopt-simple\jopt-simple\4.9\ee9e9eaa0a35360dcfeac129ff4923215fd65904\jopt-simple-4.9.jar because:
[        ]   Build cache is disabled
[        ]   Caching not enabled.
[ +104 ms] Caching disabled for MergeInstrumentationAnalysisTransform: C:\Users\Volted User\.gradle\caches\8.14\transforms\45f515a74421b5d14c88fcb72eeba950\transformed\analysis\instrumentation-dependencies.bin because:
[        ]   Build cache is disabled
[        ]   Caching not enabled.
[        ] Caching disabled for MergeInstrumentationAnalysisTransform: C:\Users\Volted User\.gradle\caches\8.14\transforms\b151d41c0d08d04605bcd0f0d4bce1f8\transformed\analysis\instrumentation-dependencies.bin because:
[        ]   Build cache is disabled
[        ]   Caching not enabled.
[        ] Caching disabled for MergeInstrumentationAnalysisTransform: C:\Users\Volted User\.gradle\caches\modules-2\files-2.1\org.bouncycastle\bcpkix-jdk15on\1.67\5f48020a2a60a8d6bcbecceca23529d225b28efb\bcpkix-jdk15on-1.67.jar because:
[        ]   Build cache is disabled
[        ]   Caching not enabled.
[        ] Caching disabled for MergeInstrumentationAnalysisTransform: C:\Users\Volted User\.gradle\caches\8.14\transforms\159844a99a9e875a03267ac8bd99b745\transformed\analysis\instrumentation-hierarchy.bin because:
[        ]   Build cache is disabled
[        ]   Caching not enabled.
[        ] Caching disabled for MergeInstrumentationAnalysisTransform: C:\Users\Volted User\.gradle\caches\8.14\transforms\8f3c72fc33a299bf4168ea60a7d6dcbd\transformed\analysis\instrumentation-hierarchy.bin because:
[        ]   Build cache is disabled
[        ]   Caching not enabled.
[        ] Caching disabled for MergeInstrumentationAnalysisTransform: C:\Users\Volted User\.gradle\caches\modules-2\files-2.1\com.squareup\javapoet\1.10.0\712c178d35185d8261295913c9f2a7d6867a6007\javapoet-1.10.0.jar because:
[        ]   Build cache is disabled
[        ]   Caching not enabled.
[        ] Caching disabled for MergeInstrumentationAnalysisTransform: C:\Users\Volted User\.gradle\caches\8.14\transforms\8f3c72fc33a299bf4168ea60a7d6dcbd\transformed\analysis\instrumentation-dependencies.bin because:
[        ]   Build cache is disabled
[        ]   Caching not enabled.
[        ] Caching disabled for MergeInstrumentationAnalysisTransform: C:\Users\Volted User\.gradle\caches\8.14\transforms\159844a99a9e875a03267ac8bd99b745\transformed\analysis\instrumentation-dependencies.bin because:
[        ]   Build cache is disabled
[        ]   Caching not enabled.
[        ] Caching disabled for ExternalDependencyInstrumentingArtifactTransform: C:\Users\Volted User\.gradle\caches\modules-2\files-2.1\com.android.tools.build\apkzlib\8.0.2\ad7136410ad4c88b1d1dea24ddeb5f9379e157e5\apkzlib-8.0.2.jar because:
[        ]   Build cache is disabled
[        ]   Caching not enabled.
[        ] Caching disabled for MergeInstrumentationAnalysisTransform: C:\Users\Volted User\.gradle\caches\8.14\transforms\f5150a421b879a0f572779d1f0800a38\transformed\analysis\instrumentation-hierarchy.bin because:
[        ]   Build cache is disabled
[        ]   Caching not enabled.
[  +92 ms] Caching disabled for MergeInstrumentationAnalysisTransform: C:\Users\Volted User\.gradle\caches\modules-2\files-2.1\com.google.protobuf\protobuf-java-util\3.19.3\3e6812cbbb7e6faffa7b56438740dec510e1fc1a\protobuf-java-util-3.19.3.jar because:
[        ]   Build cache is disabled
[        ]   Caching not enabled.
[        ] Caching disabled for MergeInstrumentationAnalysisTransform: C:\Users\Volted User\.gradle\caches\8.14\transforms\792cb9c7b77094b2979a89e0f6813390\transformed\analysis\instrumentation-hierarchy.bin because:
[        ]   Build cache is disabled
[        ]   Caching not enabled.
[        ] Caching disabled for MergeInstrumentationAnalysisTransform: C:\Users\Volted User\.gradle\caches\8.14\transforms\49d33b0f8d292b9727ecde589dd8db16\transformed\analysis\instrumentation-hierarchy.bin because:
[        ]   Build cache is disabled
[        ]   Caching not enabled.
[        ] Caching disabled for MergeInstrumentationAnalysisTransform: C:\Users\Volted User\.gradle\caches\modules-2\files-2.1\io.grpc\grpc-protobuf\1.45.1\480d2a8c2592c7067d2fe9cc773d3a36402bc463\grpc-protobuf-1.45.1.jar because:
[        ]   Build cache is disabled
[        ]   Caching not enabled.
[        ] Caching disabled for MergeInstrumentationAnalysisTransform: C:\Users\Volted User\.gradle\caches\8.14\transforms\49d33b0f8d292b9727ecde589dd8db16\transformed\analysis\instrumentation-dependencies.bin because:
[        ]   Build cache is disabled
[        ]   Caching not enabled.
[        ] Caching disabled for MergeInstrumentationAnalysisTransform: C:\Users\Volted User\.gradle\caches\8.14\transforms\792cb9c7b77094b2979a89e0f6813390\transformed\analysis\instrumentation-dependencies.bin because:
[        ]   Build cache is disabled
[        ]   Caching not enabled.
[        ] Caching disabled for MergeInstrumentationAnalysisTransform: C:\Users\Volted User\.gradle\caches\8.14\transforms\f5150a421b879a0f572779d1f0800a38\transformed\analysis\instrumentation-dependencies.bin because:
[        ]   Build cache is disabled
[        ]   Caching not enabled.
[        ] Caching disabled for MergeInstrumentationAnalysisTransform: C:\Users\Volted User\.gradle\caches\modules-2\files-2.1\com.android.tools.build.jetifier\jetifier-core\1.0.0-beta10\6e621022a9c95af12a7004d6b55805bbd1126837\jetifier-core-1.0.0-beta10.jar because:
[        ]   Build cache is disabled
[        ]   Caching not enabled.
[        ] Caching disabled for MergeInstrumentationAnalysisTransform: C:\Users\Volted User\.gradle\caches\8.14\transforms\22c823b7d19f9a92820f3be955278468\transformed\analysis\instrumentation-hierarchy.bin because:
[        ]   Build cache is disabled
[        ]   Caching not enabled.
[        ] Caching disabled for MergeInstrumentationAnalysisTransform: C:\Users\Volted User\.gradle\caches\modules-2\files-2.1\com.google.crypto.tink\tink\1.7.0\668b57f109d32349b2870448f06ae6f202713edc\tink-1.7.0.jar because:
[        ]   Build cache is disabled
[        ]   Caching not enabled.
[ +105 ms] Caching disabled for MergeInstrumentationAnalysisTransform: C:\Users\Volted User\.gradle\caches\8.14\transforms\975cc7fa82892f7c90007cef414d2313\transformed\analysis\instrumentation-hierarchy.bin because:
[        ]   Build cache is disabled
[        ]   Caching not enabled.
[        ] Caching disabled for MergeInstrumentationAnalysisTransform: C:\Users\Volted User\.gradle\caches\8.14\transforms\1e65a939a84c50dc5637f10e635ac0e8\transformed\analysis\instrumentation-hierarchy.bin because:
[        ]   Build cache is disabled
[        ]   Caching not enabled.
[        ] Caching disabled for MergeInstrumentationAnalysisTransform: C:\Users\Volted User\.gradle\caches\8.14\transforms\22c823b7d19f9a92820f3be955278468\transformed\analysis\instrumentation-dependencies.bin because:
[        ]   Build cache is disabled
[        ]   Caching not enabled.
[        ] Caching disabled for MergeInstrumentationAnalysisTransform: C:\Users\Volted User\.gradle\caches\8.14\transforms\975cc7fa82892f7c90007cef414d2313\transformed\analysis\instrumentation-dependencies.bin because:
[        ]   Build cache is disabled
[        ]   Caching not enabled.
[        ] Caching disabled for MergeInstrumentationAnalysisTransform: C:\Users\Volted User\.gradle\caches\modules-2\files-2.1\com.google.protobuf\protobuf-java\3.19.3\4b57f1b1b9e281231c3fcfc039ce3021e29ff570\protobuf-java-3.19.3.jar because:
[        ]   Build cache is disabled
[        ]   Caching not enabled.
[        ] Caching disabled for MergeInstrumentationAnalysisTransform: C:\Users\Volted User\.gradle\caches\modules-2\files-2.1\com.android.tools.analytics-library\protos\31.0.2\1a391ebfcfc6b3fbd249f12f58bd301c3f13855f\protos-31.0.2.jar because:
[        ]   Build cache is disabled
[        ]   Caching not enabled.
[        ] Caching disabled for MergeInstrumentationAnalysisTransform: C:\Users\Volted User\.gradle\caches\modules-2\files-2.1\com.google.api.grpc\proto-google-common-protos\2.0.1\20827628ea2b9f69ae22987b2aedb0050e9c470d\proto-google-common-protos-2.0.1.jar because:
[        ]   Build cache is disabled
[        ]   Caching not enabled.
[        ] Caching disabled for MergeInstrumentationAnalysisTransform: C:\Users\Volted User\.gradle\caches\8.14\transforms\1e65a939a84c50dc5637f10e635ac0e8\transformed\analysis\instrumentation-dependencies.bin because:
[        ]   Build cache is disabled
[        ]   Caching not enabled.
[        ] Caching disabled for MergeInstrumentationAnalysisTransform: C:\Users\Volted User\.gradle\caches\8.14\transforms\a56f136059c6b29606e4676ce65b9e4c\transformed\analysis\instrumentation-hierarchy.bin because:
[        ]   Build cache is disabled
[        ]   Caching not enabled.
[        ] Caching disabled for MergeInstrumentationAnalysisTransform: C:\Users\Volted User\.gradle\caches\8.14\transforms\86b461e745d6e10a87d288e0396f7dab\transformed\analysis\instrumentation-hierarchy.bin because:
[        ]   Build cache is disabled
[        ]   Caching not enabled.
[        ] Caching disabled for MergeInstrumentationAnalysisTransform: C:\Users\Volted User\.gradle\caches\modules-2\files-2.1\io.grpc\grpc-core\1.45.1\9d886fc7d591fac00cd1bbd2347ba66efb31ef20\grpc-core-1.45.1.jar because:
[        ]   Build cache is disabled
[        ]   Caching not enabled.
[        ] Caching disabled for MergeInstrumentationAnalysisTransform: C:\Users\Volted User\.gradle\caches\modules-2\files-2.1\io.grpc\grpc-netty\1.45.1\e2a1bc48548213144f00aa709c4da92626b35cd8\grpc-netty-1.45.1.jar because:
[        ]   Build cache is disabled
[        ]   Caching not enabled.
[        ] Caching disabled for MergeInstrumentationAnalysisTransform: C:\Users\Volted User\.gradle\caches\modules-2\files-2.1\com.google.code.gson\gson\2.8.9\8a432c1d6825781e21a02db2e2c33c5fde2833b9\gson-2.8.9.jar because:
[        ]   Build cache is disabled
[        ]   Caching not enabled.
[        ] Caching disabled for ExternalDependencyInstrumentingArtifactTransform: C:\Users\Volted User\.gradle\caches\8.14\transforms\01b24d3490204427f9c6a254e6d9340f\transformed\merge\instrumentation-dependencies.bin because:
[        ]   Build cache is disabled
[        ]   Caching not enabled.
[        ] Caching disabled for MergeInstrumentationAnalysisTransform: C:\Users\Volted User\.gradle\caches\8.14\transforms\86b461e745d6e10a87d288e0396f7dab\transformed\analysis\instrumentation-dependencies.bin because:
[        ]   Build cache is disabled
[        ]   Caching not enabled.
[        ] Caching disabled for MergeInstrumentationAnalysisTransform: C:\Users\Volted User\.gradle\caches\8.14\transforms\a56f136059c6b29606e4676ce65b9e4c\transformed\analysis\instrumentation-dependencies.bin because:
[        ]   Build cache is disabled
[        ]   Caching not enabled.
[        ] Caching disabled for MergeInstrumentationAnalysisTransform: C:\Users\Volted User\.gradle\caches\8.14\transforms\29652b12d54e1ca59c7fe2266799493b\transformed\analysis\instrumentation-hierarchy.bin because:
[        ]   Build cache is disabled
[        ]   Caching not enabled.
[        ] Caching disabled for MergeInstrumentationAnalysisTransform: C:\Users\Volted User\.gradle\caches\8.14\transforms\e1af31b6f6841aeef4f866f19498c6b7\transformed\analysis\instrumentation-hierarchy.bin because:
[        ]   Build cache is disabled
[        ]   Caching not enabled.
[        ] Caching disabled for MergeInstrumentationAnalysisTransform: C:\Users\Volted User\.gradle\caches\8.14\transforms\3ae60b3840f76fbc495a453c70c97bf0\transformed\analysis\instrumentation-hierarchy.bin because:
[        ]   Build cache is disabled
[        ]   Caching not enabled.
[        ] Caching disabled for MergeInstrumentationAnalysisTransform: C:\Users\Volted User\.gradle\caches\8.14\transforms\29652b12d54e1ca59c7fe2266799493b\transformed\analysis\instrumentation-dependencies.bin because:
[        ]   Build cache is disabled
[        ]   Caching not enabled.
[        ] Caching disabled for MergeInstrumentationAnalysisTransform: C:\Users\Volted User\.gradle\caches\8.14\transforms\3ae60b3840f76fbc495a453c70c97bf0\transformed\analysis\instrumentation-dependencies.bin because:
[        ]   Build cache is disabled
[        ]   Caching not enabled.
[  +89 ms] Caching disabled for MergeInstrumentationAnalysisTransform: C:\Users\Volted User\.gradle\caches\modules-2\files-2.1\com.google.testing.platform\core-proto\0.0.8-alpha08\72ca52065789993f2f029b34d797813c467d5d74\core-proto-0.0.8-alpha08.jar because:
[        ]   Build cache is disabled
[        ]   Caching not enabled.
[        ] Caching disabled for MergeInstrumentationAnalysisTransform: C:\Users\Volted User\.gradle\caches\8.14\transforms\e1af31b6f6841aeef4f866f19498c6b7\transformed\analysis\instrumentation-dependencies.bin because:
[        ]   Build cache is disabled
[        ]   Caching not enabled.
[        ] Caching disabled for MergeInstrumentationAnalysisTransform: C:\Users\Volted User\.gradle\caches\modules-2\files-2.1\io.grpc\grpc-stub\1.45.1\3cf1d4ef88808bbabea5d929b78854ccc7f95242\grpc-stub-1.45.1.jar because:
[        ]   Build cache is disabled
[        ]   Caching not enabled.
[        ] Caching disabled for MergeInstrumentationAnalysisTransform: C:\Users\Volted User\.gradle\caches\modules-2\files-2.1\com.google.jimfs\jimfs\1.1\8fbd0579dc68aba6186935cc1bee21d2f3e7ec1c\jimfs-1.1.jar because:
[        ]   Build cache is disabled
[        ]   Caching not enabled.
[        ] Caching disabled for MergeInstrumentationAnalysisTransform: C:\Users\Volted User\.gradle\caches\8.14\transforms\5e1a2f32d1a05384871154f280fde272\transformed\analysis\instrumentation-hierarchy.bin because:
[        ]   Build cache is disabled
[        ]   Caching not enabled.
[        ] Caching disabled for MergeInstrumentationAnalysisTransform: C:\Users\Volted User\.gradle\caches\8.14\transforms\9975a1251fc8f831e5502f13dd3c93b1\transformed\analysis\instrumentation-hierarchy.bin because:
[        ]   Build cache is disabled
[        ]   Caching not enabled.
[        ] Caching disabled for MergeInstrumentationAnalysisTransform: C:\Users\Volted User\.gradle\caches\8.14\transforms\a27f8f323f42a330a9eff73eafecd6e0\transformed\analysis\instrumentation-hierarchy.bin because:
[        ]   Build cache is disabled
[        ]   Caching not enabled.
[        ] Caching disabled for MergeInstrumentationAnalysisTransform: C:\Users\Volted User\.gradle\caches\modules-2\files-2.1\com.google.flatbuffers\flatbuffers-java\1.12.0\8201cc7b511177a37071249e891f2f2fea4b32e9\flatbuffers-java-1.12.0.jar because:
[        ]   Build cache is disabled
[        ]   Caching not enabled.
[        ] Caching disabled for MergeInstrumentationAnalysisTransform: C:\Users\Volted User\.gradle\caches\8.14\transforms\9975a1251fc8f831e5502f13dd3c93b1\transformed\analysis\instrumentation-dependencies.bin because:
[        ]   Build cache is disabled
[        ]   Caching not enabled.
[        ] Caching disabled for MergeInstrumentationAnalysisTransform: C:\Users\Volted User\.gradle\caches\8.14\transforms\ba603a8e5cd50a7c88cc1c83cedbafe1\transformed\analysis\instrumentation-hierarchy.bin because:
[        ]   Build cache is disabled
[        ]   Caching not enabled.
[        ] Caching disabled for MergeInstrumentationAnalysisTransform: C:\Users\Volted User\.gradle\caches\8.14\transforms\a27f8f323f42a330a9eff73eafecd6e0\transformed\analysis\instrumentation-dependencies.bin because:
[        ]   Build cache is disabled
[        ]   Caching not enabled.
[        ] Caching disabled for MergeInstrumentationAnalysisTransform: C:\Users\Volted User\.gradle\caches\8.14\transforms\5e1a2f32d1a05384871154f280fde272\transformed\analysis\instrumentation-dependencies.bin because:
[        ]   Build cache is disabled
[        ]   Caching not enabled.
[        ] Caching disabled for MergeInstrumentationAnalysisTransform: C:\Users\Volted User\.gradle\caches\modules-2\files-2.1\org.tensorflow\tensorflow-lite-metadata\0.1.0-rc2\7aa9b3e16d85c2aae5eff741265315a37c9f731a\tensorflow-lite-metadata-0.1.0-rc2.jar because:
[        ]   Build cache is disabled
[        ]   Caching not enabled.
[        ] Caching disabled for MergeInstrumentationAnalysisTransform: C:\Users\Volted User\.gradle\caches\8.14\transforms\1f33ebe59883eca7cf0b19e5fe8de863\transformed\analysis\instrumentation-dependencies.bin because:
[        ]   Build cache is disabled
[        ]   Caching not enabled.
[        ] Caching disabled for MergeInstrumentationAnalysisTransform: C:\Users\Volted User\.gradle\caches\modules-2\files-2.1\io.grpc\grpc-api\1.45.1\521df70b1f69648d5f418015ee594fc15a065dfc\grpc-api-1.45.1.jar because:
[        ]   Build cache is disabled
[        ]   Caching not enabled.
[        ] Caching disabled for MergeInstrumentationAnalysisTransform: C:\Users\Volted User\.gradle\caches\8.14\transforms\ba603a8e5cd50a7c88cc1c83cedbafe1\transformed\analysis\instrumentation-dependencies.bin because:
[        ]   Build cache is disabled
[        ]   Caching not enabled.
[        ] Caching disabled for MergeInstrumentationAnalysisTransform: C:\Users\Volted User\.gradle\caches\modules-2\files-2.1\io.grpc\grpc-protobuf-lite\1.45.1\a842605124e6542550b2da550a9acae1443a945\grpc-protobuf-lite-1.45.1.jar because:
[        ]   Build cache is disabled
[        ]   Caching not enabled.
[  +90 ms] Caching disabled for MergeInstrumentationAnalysisTransform: C:\Users\Volted User\.gradle\caches\modules-2\files-2.1\javax.inject\javax.inject\1\6975da39a7040257bd51d21a231b76c915872d38\javax.inject-1.jar because:
[        ]   Build cache is disabled
[        ]   Caching not enabled.
[        ] Caching disabled for MergeInstrumentationAnalysisTransform: C:\Users\Volted User\.gradle\caches\8.14\transforms\f805d7e08d3fd67d4774c3e86f99ef63\transformed\analysis\instrumentation-hierarchy.bin because:
[        ]   Build cache is disabled
[        ]   Caching not enabled.
[        ] Caching disabled for MergeInstrumentationAnalysisTransform: C:\Users\Volted User\.gradle\caches\8.14\transforms\9b0e98629bc06f5b01cc526ebfdfc3c3\transformed\analysis\instrumentation-hierarchy.bin because:
[        ]   Build cache is disabled
[        ]   Caching not enabled.
[        ] Caching disabled for MergeInstrumentationAnalysisTransform: C:\Users\Volted User\.gradle\caches\modules-2\files-2.1\com.google.guava\guava\31.0.1-jre\119ea2b2bc205b138974d351777b20f02b92704b\guava-31.0.1-jre.jar because:
[        ]   Build cache is disabled
[        ]   Caching not enabled.
[        ] Caching disabled for MergeInstrumentationAnalysisTransform: C:\Users\Volted User\.gradle\caches\8.14\transforms\f805d7e08d3fd67d4774c3e86f99ef63\transformed\analysis\instrumentation-dependencies.bin because:
[        ]   Build cache is disabled
[        ]   Caching not enabled.
[        ] Caching disabled for MergeInstrumentationAnalysisTransform: C:\Users\Volted User\.gradle\caches\8.14\transforms\9b0e98629bc06f5b01cc526ebfdfc3c3\transformed\analysis\instrumentation-dependencies.bin because:
[        ]   Build cache is disabled
[        ]   Caching not enabled.
[        ] Caching disabled for MergeInstrumentationAnalysisTransform: C:\Users\Volted User\.gradle\caches\modules-2\files-2.1\com.google.dagger\dagger\2.28.3\10d83810ef9e19714116ed518896c90c6606d633\dagger-2.28.3.jar because:
[        ]   Build cache is disabled
[        ]   Caching not enabled.
[        ] Caching disabled for MergeInstrumentationAnalysisTransform: C:\Users\Volted User\.gradle\caches\8.14\transforms\3c31e71a7838345b49ffab5674d8ff5e\transformed\analysis\instrumentation-hierarchy.bin because:
[        ]   Build cache is disabled
[        ]   Caching not enabled.
[        ] Caching disabled for MergeInstrumentationAnalysisTransform: C:\Users\Volted User\.gradle\caches\8.14\transforms\6e87fed15181a08976306911f6e44287\transformed\analysis\instrumentation-hierarchy.bin because:
[        ]   Build cache is disabled
[        ]   Caching not enabled.
[        ] Caching disabled for MergeInstrumentationAnalysisTransform: C:\Users\Volted User\.gradle\caches\8.14\transforms\23e095634903846b1e4d36d18c569164\transformed\analysis\instrumentation-hierarchy.bin because:
[        ]   Build cache is disabled
[        ]   Caching not enabled.
[        ] Caching disabled for MergeInstrumentationAnalysisTransform: C:\Users\Volted User\.gradle\caches\8.14\transforms\3c31e71a7838345b49ffab5674d8ff5e\transformed\analysis\instrumentation-dependencies.bin because:
[        ]   Build cache is disabled
[        ]   Caching not enabled.
[        ] Caching disabled for MergeInstrumentationAnalysisTransform: C:\Users\Volted User\.gradle\caches\8.14\transforms\6e87fed15181a08976306911f6e44287\transformed\analysis\instrumentation-dependencies.bin because:
[        ]   Build cache is disabled
[        ]   Caching not enabled.
[        ] Caching disabled for MergeInstrumentationAnalysisTransform: C:\Users\Volted User\.gradle\caches\modules-2\files-2.1\org.bouncycastle\bcprov-jdk15on\1.67\8c0998045da87dbc2f1d4b6480458ed811ca7b82\bcprov-jdk15on-1.67.jar because:
[        ]   Build cache is disabled
[        ]   Caching not enabled.
[        ] Caching disabled for MergeInstrumentationAnalysisTransform: C:\Users\Volted User\.gradle\caches\8.14\transforms\23e095634903846b1e4d36d18c569164\transformed\analysis\instrumentation-dependencies.bin because:
[        ]   Build cache is disabled
[        ]   Caching not enabled.
[ +106 ms] Caching disabled for MergeInstrumentationAnalysisTransform: C:\Users\Volted User\.gradle\caches\8.14\transforms\a4fed51b1a8b098ceba69849a357f8be\transformed\analysis\instrumentation-hierarchy.bin because:
[        ]   Build cache is disabled
[        ]   Caching not enabled.
[        ] Caching disabled for MergeInstrumentationAnalysisTransform: C:\Users\Volted User\.gradle\caches\8.14\transforms\a4fed51b1a8b098ceba69849a357f8be\transformed\analysis\instrumentation-dependencies.bin because:
[        ]   Build cache is disabled
[        ]   Caching not enabled.
[        ] Caching disabled for MergeInstrumentationAnalysisTransform: C:\Users\Volted User\.gradle\caches\modules-2\files-2.1\org.jetbrains.intellij.deps\trove4j\1.0.20200330\3afb14d5f9ceb459d724e907a21145e8ff394f02\trove4j-1.0.20200330.jar because:
[        ]   Build cache is disabled
[        ]   Caching not enabled.
[  +86 ms] Caching disabled for MergeInstrumentationAnalysisTransform: C:\Users\Volted User\.gradle\caches\modules-2\files-2.1\org.apache.commons\commons-compress\1.20\b8df472b31e1f17c232d2ad78ceb1c84e00c641b\commons-compress-1.20.jar because:
[        ]   Build cache is disabled
[        ]   Caching not enabled.
[        ] Caching disabled for MergeInstrumentationAnalysisTransform: C:\Users\Volted User\.gradle\caches\modules-2\files-2.1\net.sf.kxml\kxml2\2.3.0\ccbc77a5fd907ef863c29f3596c6f54ffa4e9442\kxml2-2.3.0.jar because:
[        ]   Build cache is disabled
[        ]   Caching not enabled.
[        ] Caching disabled for MergeInstrumentationAnalysisTransform: C:\Users\Volted User\.gradle\caches\modules-2\files-2.1\org.jetbrains.kotlin\kotlin-reflect\1.7.10\165e600dfea6185cf5efa700756294cc4904dbeb\kotlin-reflect-1.7.10.jar because:
[        ]   Build cache is disabled
[        ]   Caching not enabled.
[        ] Caching disabled for MergeInstrumentationAnalysisTransform: C:\Users\Volted User\.gradle\caches\8.14\transforms\a0c26581fa6656fe0cc9cbbf4cebacc3\transformed\analysis\instrumentation-hierarchy.bin because:
[        ]   Build cache is disabled
[        ]   Caching not enabled.
[        ] Caching disabled for MergeInstrumentationAnalysisTransform: C:\Users\Volted User\.gradle\caches\8.14\transforms\0b75ec30a4c75063289499649e9e9982\transformed\analysis\instrumentation-hierarchy.bin because:
[        ]   Build cache is disabled
[        ]   Caching not enabled.
[        ] Caching disabled for MergeInstrumentationAnalysisTransform: C:\Users\Volted User\.gradle\caches\modules-2\files-2.1\xerces\xercesImpl\2.12.0\f02c844149fd306601f20e0b34853a670bef7fa2\xercesImpl-2.12.0.jar because:
[        ]   Build cache is disabled
[        ]   Caching not enabled.
[        ] Caching disabled for MergeInstrumentationAnalysisTransform: C:\Users\Volted User\.gradle\caches\8.14\transforms\1a1d3b61d5a868318f8594a976389b2b\transformed\analysis\instrumentation-hierarchy.bin because:
[        ]   Build cache is disabled
[        ]   Caching not enabled.
[        ] Caching disabled for MergeInstrumentationAnalysisTransform: C:\Users\Volted User\.gradle\caches\8.14\transforms\0b75ec30a4c75063289499649e9e9982\transformed\analysis\instrumentation-dependencies.bin because:
[        ]   Build cache is disabled
[        ]   Caching not enabled.
[        ] Caching disabled for MergeInstrumentationAnalysisTransform: C:\Users\Volted User\.gradle\caches\8.14\transforms\a0c26581fa6656fe0cc9cbbf4cebacc3\transformed\analysis\instrumentation-dependencies.bin because:
[        ]   Build cache is disabled
[        ]   Caching not enabled.
[        ] Caching disabled for MergeInstrumentationAnalysisTransform: C:\Users\Volted User\.gradle\caches\8.14\transforms\0a92adb5ade4a50ad2c9cfae82aec0b4\transformed\analysis\instrumentation-hierarchy.bin because:
[        ]   Build cache is disabled
[        ]   Caching not enabled.
[        ] Caching disabled for MergeInstrumentationAnalysisTransform: C:\Users\Volted User\.gradle\caches\8.14\transforms\5ee1d9892ee2708729e00268155727ad\transformed\analysis\instrumentation-hierarchy.bin because:
[        ]   Build cache is disabled
[        ]   Caching not enabled.
[        ] Caching disabled for MergeInstrumentationAnalysisTransform: C:\Users\Volted User\.gradle\caches\8.14\transforms\1a1d3b61d5a868318f8594a976389b2b\transformed\analysis\instrumentation-dependencies.bin because:
[        ]   Build cache is disabled
[        ]   Caching not enabled.
[        ] Caching disabled for MergeInstrumentationAnalysisTransform: C:\Users\Volted User\.gradle\caches\modules-2\files-2.1\org.apache.httpcomponents\httpcore\4.4.15\7f2e0c573eaa7a74bac2e89b359e1f73d92a0a1d\httpcore-4.4.15.jar because:
[        ]   Build cache is disabled
[        ]   Caching not enabled.
[        ] Caching disabled for MergeInstrumentationAnalysisTransform: C:\Users\Volted User\.gradle\caches\8.14\transforms\0a92adb5ade4a50ad2c9cfae82aec0b4\transformed\analysis\instrumentation-dependencies.bin because:
[        ]   Build cache is disabled
[        ]   Caching not enabled.
[        ] Caching disabled for MergeInstrumentationAnalysisTransform: C:\Users\Volted User\.gradle\caches\modules-2\files-2.1\org.apache.httpcomponents\httpclient\4.5.13\e5f6cae5ca7ecaac1ec2827a9e2d65ae2869cada\httpclient-4.5.13.jar because:
[        ]   Build cache is disabled
[        ]   Caching not enabled.
[        ] Caching disabled for MergeInstrumentationAnalysisTransform: C:\Users\Volted User\.gradle\caches\8.14\transforms\5ee1d9892ee2708729e00268155727ad\transformed\analysis\instrumentation-dependencies.bin because:
[        ]   Build cache is disabled
[        ]   Caching not enabled.
[ +109 ms] Caching disabled for MergeInstrumentationAnalysisTransform: C:\Users\Volted User\.gradle\caches\8.14\transforms\fe297a5a19d5a52b75d06ba229378ac0\transformed\analysis\instrumentation-dependencies.bin because:
[        ]   Build cache is disabled
[        ]   Caching not enabled.
[        ] Caching disabled for MergeInstrumentationAnalysisTransform: C:\Users\Volted User\.gradle\caches\modules-2\files-2.1\com.sun.activation\javax.activation\1.2.0\bf744c1e2776ed1de3c55c8dac1057ec331ef744\javax.activation-1.2.0.jar because:
[        ]   Build cache is disabled
[        ]   Caching not enabled.
[        ] Caching disabled for MergeInstrumentationAnalysisTransform: C:\Users\Volted User\.gradle\caches\8.14\transforms\9d9db33769008ce2d50528e5a4bafbe7\transformed\analysis\instrumentation-hierarchy.bin because:
[        ]   Build cache is disabled
[        ]   Caching not enabled.
[ +118 ms] Caching disabled for MergeInstrumentationAnalysisTransform: C:\Users\Volted User\.gradle\caches\modules-2\files-2.1\org.jetbrains\annotations\13.0\919f0dfe192fb4e063e7dacadee7f8bb9a2672a9\annotations-13.0.jar because:
[        ]   Build cache is disabled
[   +4 ms]   Caching not enabled.
[        ] Caching disabled for MergeInstrumentationAnalysisTransform: C:\Users\Volted User\.gradle\caches\8.14\transforms\b56223c3177265516e98b41b56346f97\transformed\analysis\instrumentation-hierarchy.bin because:
[        ]   Build cache is disabled
[        ]   Caching not enabled.
[        ] Caching disabled for MergeInstrumentationAnalysisTransform: C:\Users\Volted User\.gradle\caches\8.14\transforms\9d9db33769008ce2d50528e5a4bafbe7\transformed\analysis\instrumentation-dependencies.bin because:
[        ]   Build cache is disabled
[        ]   Caching not enabled.
[        ] Caching disabled for MergeInstrumentationAnalysisTransform: C:\Users\Volted User\.gradle\caches\8.14\transforms\b56223c3177265516e98b41b56346f97\transformed\analysis\instrumentation-dependencies.bin because:
[        ]   Build cache is disabled
[        ]   Caching not enabled.
[        ] Caching disabled for MergeInstrumentationAnalysisTransform: C:\Users\Volted User\.gradle\caches\modules-2\files-2.1\org.jetbrains.kotlin\kotlin-stdlib-jdk7\1.7.10\1ef73fee66f45d52c67e2aca12fd945dbe0659bf\kotlin-stdlib-jdk7-1.7.10.jar because:
[        ]   Build cache is disabled
[        ]   Caching not enabled.
[        ] Caching disabled for MergeInstrumentationAnalysisTransform: C:\Users\Volted User\.gradle\caches\modules-2\files-2.1\org.jetbrains.kotlin\kotlin-stdlib\1.7.10\d2abf9e77736acc4450dc4a3f707fa2c10f5099d\kotlin-stdlib-1.7.10.jar because:
[        ]   Build cache is disabled
[        ]   Caching not enabled.
[        ] Caching disabled for MergeInstrumentationAnalysisTransform: C:\Users\Volted User\.gradle\caches\8.14\transforms\327e0c50a28d31238b539009e88e007c\transformed\analysis\instrumentation-dependencies.bin because:
[        ]   Build cache is disabled
[        ]   Caching not enabled.
[        ] Caching disabled for MergeInstrumentationAnalysisTransform: C:\Users\Volted User\.gradle\caches\modules-2\files-2.1\com.android\signflinger\8.0.2\eadca001587305c0d2498104183497eaa7013ce2\signflinger-8.0.2.jar because:
[        ]   Build cache is disabled
[        ]   Caching not enabled.
[        ] Caching disabled for MergeInstrumentationAnalysisTransform: C:\Users\Volted User\.gradle\caches\8.14\transforms\f62290c4265fae9fb0cf357d49462801\transformed\analysis\instrumentation-hierarchy.bin because:
[        ]   Build cache is disabled
[   +1 ms]   Caching not enabled.
[        ] Caching disabled for MergeInstrumentationAnalysisTransform: C:\Users\Volted User\.gradle\caches\8.14\transforms\63e0a1f75d91cde9ecfd6e29ce3f4dc8\transformed\analysis\instrumentation-hierarchy.bin because:
[        ]   Build cache is disabled
[        ]   Caching not enabled.
[        ] Caching disabled for MergeInstrumentationAnalysisTransform: C:\Users\Volted User\.gradle\caches\modules-2\files-2.1\com.android\zipflinger\8.0.2\c8905e73d011fc1683db2dfd08397ab250672d4e\zipflinger-8.0.2.jar because:
[        ]   Build cache is disabled
[        ]   Caching not enabled.
[        ] Caching disabled for ExternalDependencyInstrumentingArtifactTransform: C:\Users\Volted User\.gradle\caches\8.14\transforms\99406dfa0c5b6ad2dbbbb9895c5ae61a\transformed\merge\instrumentation-dependencies.bin because:
[        ]   Build cache is disabled
[  +62 ms]   Caching not enabled.
[        ] Caching disabled for MergeInstrumentationAnalysisTransform: C:\Users\Volted User\.gradle\caches\8.14\transforms\63e0a1f75d91cde9ecfd6e29ce3f4dc8\transformed\analysis\instrumentation-dependencies.bin because:
[        ]   Build cache is disabled
[        ]   Caching not enabled.
[        ] Caching disabled for MergeInstrumentationAnalysisTransform: C:\Users\Volted User\.gradle\caches\8.14\transforms\f62290c4265fae9fb0cf357d49462801\transformed\analysis\instrumentation-dependencies.bin because:
[        ]   Build cache is disabled
[        ]   Caching not enabled.
[ +122 ms] Caching disabled for ExternalDependencyInstrumentingArtifactTransform: C:\Users\Volted User\.gradle\caches\8.14\transforms\7b0327f970d2f8a39c285d97ea8657d0\transformed\merge\instrumentation-dependencies.bin because:
[        ]   Build cache is disabled
[        ]   Caching not enabled.
[  +70 ms] Caching disabled for MergeInstrumentationAnalysisTransform: C:\Users\Volted User\.gradle\caches\modules-2\files-2.1\com.android.tools\annotations\31.0.2\9251cabb9830e0f59e30e8e99f58af7bbc97c34f\annotations-31.0.2.jar because:
[        ]   Build cache is disabled
[   +2 ms]   Caching not enabled.
[        ] Caching disabled for MergeInstrumentationAnalysisTransform: C:\Users\Volted User\.gradle\caches\modules-2\files-2.1\net.java.dev.jna\jna-platform\5.6.0\d18424ffb8bbfd036d71bcaab9b546858f2ef986\jna-platform-5.6.0.jar because:
[        ]   Build cache is disabled
[        ]   Caching not enabled.
[        ] Caching disabled for MergeInstrumentationAnalysisTransform: C:\Users\Volted User\.gradle\caches\modules-2\files-2.1\com.googlecode.juniversalchardet\juniversalchardet\1.0.3\cd49678784c46aa8789c060538e0154013bb421b\juniversalchardet-1.0.3.jar because:
[        ]   Build cache is disabled
[        ]   Caching not enabled.
[        ] Caching disabled for ExternalDependencyInstrumentingArtifactTransform: C:\Users\Volted User\.gradle\caches\8.14\transforms\1d78ac1852ee79e4dab54527209a1e7f\transformed\merge\instrumentation-dependencies.bin because:
[        ]   Build cache is disabled
[        ]   Caching not enabled.
[        ] Caching disabled for ExternalDependencyInstrumentingArtifactTransform: C:\Users\Volted User\.gradle\caches\modules-2\files-2.1\com.android\signflinger\8.0.2\eadca001587305c0d2498104183497eaa7013ce2\signflinger-8.0.2.jar because:
[        ]   Build cache is disabled
[        ]   Caching not enabled.
[        ] Caching disabled for ExternalDependencyInstrumentingArtifactTransform: C:\Users\Volted User\.gradle\caches\modules-2\files-2.1\com.android\zipflinger\8.0.2\c8905e73d011fc1683db2dfd08397ab250672d4e\zipflinger-8.0.2.jar because:
[        ]   Build cache is disabled
[        ]   Caching not enabled.
[ +110 ms] Caching disabled for MergeInstrumentationAnalysisTransform: C:\Users\Volted User\.gradle\caches\8.14\transforms\a9bb419057f2ec78198df5a5329559ea\transformed\analysis\instrumentation-hierarchy.bin because:
[        ]   Build cache is disabled
[  +12 ms]   Caching not enabled.
[        ] Caching disabled for MergeInstrumentationAnalysisTransform: C:\Users\Volted User\.gradle\caches\8.14\transforms\8c12647086c0a3ca5d593c8e6e97b7eb\transformed\analysis\instrumentation-hierarchy.bin because:
[        ]   Build cache is disabled
[        ]   Caching not enabled.
[   +1 ms] Caching disabled for MergeInstrumentationAnalysisTransform: C:\Users\Volted User\.gradle\caches\8.14\transforms\a9bb419057f2ec78198df5a5329559ea\transformed\analysis\instrumentation-dependencies.bin because:
[        ]   Build cache is disabled
[        ]   Caching not enabled.
[        ] Caching disabled for MergeInstrumentationAnalysisTransform: C:\Users\Volted User\.gradle\caches\8.14\transforms\8c12647086c0a3ca5d593c8e6e97b7eb\transformed\analysis\instrumentation-dependencies.bin because:
[        ]   Build cache is disabled
[        ]   Caching not enabled.
[        ] Caching disabled for ExternalDependencyInstrumentingArtifactTransform: C:\Users\Volted User\.gradle\caches\modules-2\files-2.1\com.android.tools\annotations\31.0.2\9251cabb9830e0f59e30e8e99f58af7bbc97c34f\annotations-31.0.2.jar because:
[        ]   Build cache is disabled
[        ]   Caching not enabled.
[        ] Caching disabled for MergeInstrumentationAnalysisTransform: C:\Users\Volted User\.gradle\caches\8.14\transforms\9a9891476629ac44014c62adfce6452d\transformed\analysis\instrumentation-hierarchy.bin because:
[        ]   Build cache is disabled
[        ]   Caching not enabled.
[        ] Caching disabled for MergeInstrumentationAnalysisTransform: C:\Users\Volted User\.gradle\caches\8.14\transforms\0e4888efffc5b1de0f2cc5286369299e\transformed\analysis\instrumentation-hierarchy.bin because:
[        ]   Build cache is disabled
[        ]   Caching not enabled.
[        ] Caching disabled for MergeInstrumentationAnalysisTransform: C:\Users\Volted User\.gradle\caches\8.14\transforms\9a9891476629ac44014c62adfce6452d\transformed\analysis\instrumentation-dependencies.bin because:
[        ]   Build cache is disabled
[        ]   Caching not enabled.
[        ] Caching disabled for MergeInstrumentationAnalysisTransform: C:\Users\Volted User\.gradle\caches\8.14\transforms\0e4888efffc5b1de0f2cc5286369299e\transformed\analysis\instrumentation-dependencies.bin because:
[        ]   Build cache is disabled
[        ]   Caching not enabled.
[        ] Caching disabled for MergeInstrumentationAnalysisTransform: C:\Users\Volted User\.gradle\caches\modules-2\files-2.1\jakarta.xml.bind\jakarta.xml.bind-api\2.3.2\8d49996a4338670764d7ca4b85a1c4ccf7fe665d\jakarta.xml.bind-api-2.3.2.jar because:
[        ]   Build cache is disabled
[        ]   Caching not enabled.
[        ] Caching disabled for MergeInstrumentationAnalysisTransform: C:\Users\Volted User\.gradle\caches\modules-2\files-2.1\org.glassfish.jaxb\txw2\2.3.2\ce5be7da2e442c25ec14c766cb60cb802741727b\txw2-2.3.2.jar because:
[        ]   Build cache is disabled
[        ]   Caching not enabled.
[        ] Caching disabled for MergeInstrumentationAnalysisTransform: C:\Users\Volted User\.gradle\caches\modules-2\files-2.1\org.jvnet.staxex\stax-ex\1.8.1\78011e483a21102fb4858f3e8f269a677e50aa23\stax-ex-1.8.1.jar because:
[        ]   Build cache is disabled
[        ]   Caching not enabled.
[  +77 ms] Caching disabled for MergeInstrumentationAnalysisTransform: C:\Users\Volted User\.gradle\caches\8.14\transforms\fefff9ef1ad0af2b4d20e97600842cb4\transformed\analysis\instrumentation-hierarchy.bin because:
[        ]   Build cache is disabled
[        ]   Caching not enabled.
[        ] Caching disabled for MergeInstrumentationAnalysisTransform: C:\Users\Volted User\.gradle\caches\8.14\transforms\c491d8608f57b6bb06428abd12a909c3\transformed\analysis\instrumentation-hierarchy.bin because:
[        ]   Build cache is disabled
[        ]   Caching not enabled.
[        ] Caching disabled for MergeInstrumentationAnalysisTransform: C:\Users\Volted User\.gradle\caches\8.14\transforms\fefff9ef1ad0af2b4d20e97600842cb4\transformed\analysis\instrumentation-dependencies.bin because:
[        ]   Build cache is disabled
[   +3 ms]   Caching not enabled.
[   +7 ms] Caching disabled for MergeInstrumentationAnalysisTransform: C:\Users\Volted User\.gradle\caches\8.14\transforms\c491d8608f57b6bb06428abd12a909c3\transformed\analysis\instrumentation-dependencies.bin because:
[        ]   Build cache is disabled
[        ]   Caching not enabled.
[        ] Caching disabled for MergeInstrumentationAnalysisTransform: C:\Users\Volted User\.gradle\caches\8.14\transforms\9f7bf5a533b6fa8b7c91c970eaa2b8a2\transformed\analysis\instrumentation-dependencies.bin because:
[  +36 ms]   Build cache is disabled
[   +1 ms]   Caching not enabled.
[   +2 ms] Caching disabled for ExternalDependencyInstrumentingArtifactTransform: C:\Users\Volted User\.gradle\caches\modules-2\files-2.1\com.android.tools.analytics-library\protos\31.0.2\1a391ebfcfc6b3fbd249f12f58bd301c3f13855f\protos-31.0.2.jar because:
[        ]   Build cache is disabled
[        ]   Caching not enabled.
[        ] Caching disabled for MergeInstrumentationAnalysisTransform: C:\Users\Volted User\.gradle\caches\8.14\transforms\e0226a994236d7bf90152c665abe60df\transformed\analysis\instrumentation-dependencies.bin because:
[        ]   Build cache is disabled
[        ]   Caching not enabled.
[        ] Caching disabled for MergeInstrumentationAnalysisTransform: C:\Users\Volted User\.gradle\caches\modules-2\files-2.1\com.sun.xml.fastinfoset\FastInfoset\1.2.16\4eb6a0adad553bf759ffe86927df6f3b848c8bea\FastInfoset-1.2.16.jar because:
[        ]   Build cache is disabled
[        ]   Caching not enabled.
[        ] Caching disabled for MergeInstrumentationAnalysisTransform: C:\Users\Volted User\.gradle\caches\modules-2\files-2.1\jakarta.activation\jakarta.activation-api\1.2.1\562a587face36ec7eff2db7f2fc95425c6602bc1\jakarta.activation-api-1.2.1.jar because:
[        ]   Build cache is disabled
[        ]   Caching not enabled.
[        ] Caching disabled for MergeInstrumentationAnalysisTransform: C:\Users\Volted User\.gradle\caches\modules-2\files-2.1\com.google.auto.value\auto-value-annotations\1.6.2\ed193d86e0af90cc2342aedbe73c5d86b03fa09b\auto-value-annotations-1.6.2.jar because:
[        ]   Build cache is disabled
[        ]   Caching not enabled.
[   +2 ms] Caching disabled for MergeInstrumentationAnalysisTransform: C:\Users\Volted User\.gradle\caches\8.14\transforms\78e02451688092e8b1188efc318e7f63\transformed\analysis\instrumentation-dependencies.bin because:
[  +12 ms]   Build cache is disabled
[        ]   Caching not enabled.
[   +8 ms] Caching disabled for MergeInstrumentationAnalysisTransform: C:\Users\Volted User\.gradle\caches\8.14\transforms\02afc11b8ec1264570aeb56b58c49aa9\transformed\analysis\instrumentation-hierarchy.bin because:
[   +1 ms]   Build cache is disabled
[        ]   Caching not enabled.
[        ] Caching disabled for MergeInstrumentationAnalysisTransform: C:\Users\Volted User\.gradle\caches\modules-2\files-2.1\javax.annotation\javax.annotation-api\1.3.2\934c04d3cfef185a8008e7bf34331b79730a9d43\javax.annotation-api-1.3.2.jar because:
[        ]   Build cache is disabled
[        ]   Caching not enabled.
[        ] Caching disabled for MergeInstrumentationAnalysisTransform: C:\Users\Volted User\.gradle\caches\8.14\transforms\6f8bdd5d75a2382fcea921634ccf18cb\transformed\analysis\instrumentation-hierarchy.bin because:
[        ]   Build cache is disabled
[        ]   Caching not enabled.
[        ] Caching disabled for MergeInstrumentationAnalysisTransform: C:\Users\Volted User\.gradle\caches\8.14\transforms\58004fb02668d400301539bc7fd0023b\transformed\analysis\instrumentation-hierarchy.bin because:
[        ]   Build cache is disabled
[        ]   Caching not enabled.
[        ] Caching disabled for MergeInstrumentationAnalysisTransform: C:\Users\Volted User\.gradle\caches\8.14\transforms\6f8bdd5d75a2382fcea921634ccf18cb\transformed\analysis\instrumentation-dependencies.bin because:
[        ]   Build cache is disabled
[        ]   Caching not enabled.
[        ] Caching disabled for MergeInstrumentationAnalysisTransform: C:\Users\Volted User\.gradle\caches\8.14\transforms\c04565228a40c2a592032fe842819095\transformed\analysis\instrumentation-dependencies.bin because:
[        ]   Build cache is disabled
[  +22 ms]   Caching not enabled.
[   +8 ms] Caching disabled for MergeInstrumentationAnalysisTransform: C:\Users\Volted User\.gradle\caches\modules-2\files-2.1\com.google.errorprone\error_prone_annotations\2.10.0\9bc20b94d3ac42489cf6ce1e42509c86f6f861a1\error_prone_annotations-2.10.0.jar because:
[        ]   Build cache is disabled
[        ]   Caching not enabled.
[  +70 ms] Caching disabled for MergeInstrumentationAnalysisTransform: C:\Users\Volted User\.gradle\caches\modules-2\files-2.1\org.slf4j\slf4j-api\1.7.30\b5a4b6d16ab13e34a88fae84c35cd5d68cac922c\slf4j-api-1.7.30.jar because:
[        ]   Build cache is disabled
[        ]   Caching not enabled.
[        ] Caching disabled for MergeInstrumentationAnalysisTransform: C:\Users\Volted User\.gradle\caches\8.14\transforms\d8695b060e50975c4594c2fcb6098560\transformed\analysis\instrumentation-hierarchy.bin because:
[        ]   Build cache is disabled
[        ]   Caching not enabled.
[        ] Caching disabled for MergeInstrumentationAnalysisTransform: C:\Users\Volted User\.gradle\caches\modules-2\files-2.1\com.google.j2objc\j2objc-annotations\1.3\ba035118bc8bac37d7eff77700720999acd9986d\j2objc-annotations-1.3.jar because:
[        ]   Build cache is disabled
[        ]   Caching not enabled.
[        ] Caching disabled for MergeInstrumentationAnalysisTransform: C:\Users\Volted User\.gradle\caches\8.14\transforms\085ab5d22c0c73b805b5ceab6a9ea7ff\transformed\analysis\instrumentation-dependencies.bin because:
[        ]   Build cache is disabled
[        ]   Caching not enabled.
[        ] Caching disabled for MergeInstrumentationAnalysisTransform: C:\Users\Volted User\.gradle\caches\8.14\transforms\d8695b060e50975c4594c2fcb6098560\transformed\analysis\instrumentation-dependencies.bin because:
[        ]   Build cache is disabled
[        ]   Caching not enabled.
[        ] Caching disabled for MergeInstrumentationAnalysisTransform: C:\Users\Volted User\.gradle\caches\8.14\transforms\58004fb02668d400301539bc7fd0023b\transformed\analysis\instrumentation-dependencies.bin because:
[        ]   Build cache is disabled
[        ]   Caching not enabled.
[        ] Caching disabled for MergeInstrumentationAnalysisTransform: C:\Users\Volted User\.gradle\caches\8.14\transforms\02afc11b8ec1264570aeb56b58c49aa9\transformed\analysis\instrumentation-dependencies.bin because:
[        ]   Build cache is disabled
[        ]   Caching not enabled.
[        ] Caching disabled for MergeInstrumentationAnalysisTransform: C:\Users\Volted User\.gradle\caches\8.14\transforms\6b4896d50078fc41c74f8e4a72b63e60\transformed\analysis\instrumentation-dependencies.bin because:
[        ]   Build cache is disabled
[        ]   Caching not enabled.
[        ] Caching disabled for MergeInstrumentationAnalysisTransform: C:\Users\Volted User\.gradle\caches\modules-2\files-2.1\com.google.android\annotations\4.1.1.4\a1678ba907bf92691d879fef34e1a187038f9259\annotations-4.1.1.4.jar because:
[        ]   Build cache is disabled
[        ]   Caching not enabled.
[        ] Caching disabled for MergeInstrumentationAnalysisTransform: C:\Users\Volted User\.gradle\caches\modules-2\files-2.1\org.jdom\jdom2\2.0.6\6f14738ec2e9dd0011e343717fa624a10f8aab64\jdom2-2.0.6.jar because:
[        ]   Build cache is disabled
[        ]   Caching not enabled.
[        ] Caching disabled for MergeInstrumentationAnalysisTransform: C:\Users\Volted User\.gradle\caches\modules-2\files-2.1\org.codehaus.mojo\animal-sniffer-annotations\1.19\1536e1a8fd552dc05f12b5f0827fbb2ee3d5a89b\animal-sniffer-annotations-1.19.jar because:
[        ]   Build cache is disabled
[        ]   Caching not enabled.
[        ] Caching disabled for MergeInstrumentationAnalysisTransform: C:\Users\Volted User\.gradle\caches\modules-2\files-2.1\org.bitbucket.b_c\jose4j\0.7.0\478ee8518687f9b01f20912fc7edd9d7b46d06da\jose4j-0.7.0.jar because:
[        ]   Build cache is disabled
[        ]   Caching not enabled.
[        ] Caching disabled for MergeInstrumentationAnalysisTransform: C:\Users\Volted User\.gradle\caches\modules-2\files-2.1\com.sun.istack\istack-commons-runtime\3.0.8\d6a97364045aa6b99bf2d3c566a3f98599c2d296\istack-commons-runtime-3.0.8.jar because:
[        ]   Build cache is disabled
[        ]   Caching not enabled.
[        ] Caching disabled for MergeInstrumentationAnalysisTransform: C:\Users\Volted User\.gradle\caches\8.14\transforms\61eabbdd592209c866189e9368efd599\transformed\analysis\instrumentation-hierarchy.bin because:
[        ]   Build cache is disabled
[        ]   Caching not enabled.
[        ] Caching disabled for MergeInstrumentationAnalysisTransform: C:\Users\Volted User\.gradle\caches\8.14\transforms\1c64fe326b882aa37de9238b95461df2\transformed\analysis\instrumentation-hierarchy.bin because:
[        ]   Build cache is disabled
[        ]   Caching not enabled.
[        ] Caching disabled for MergeInstrumentationAnalysisTransform: C:\Users\Volted User\.gradle\caches\8.14\transforms\2435f7b817e8be6cac23167f5f6df65a\transformed\analysis\instrumentation-hierarchy.bin because:
[        ]   Build cache is disabled
[        ]   Caching not enabled.
[  +90 ms] Caching disabled for MergeInstrumentationAnalysisTransform: C:\Users\Volted User\.gradle\caches\8.14\transforms\059495c8615bae36d0fc93a846ab4920\transformed\analysis\instrumentation-hierarchy.bin because:
[        ]   Build cache is disabled
[        ]   Caching not enabled.
[        ] Caching disabled for MergeInstrumentationAnalysisTransform: C:\Users\Volted User\.gradle\caches\8.14\transforms\782649645c3a53e9d7f4af9d024e9995\transformed\analysis\instrumentation-dependencies.bin because:
[        ]   Build cache is disabled
[        ]   Caching not enabled.
[        ] Caching disabled for MergeInstrumentationAnalysisTransform: C:\Users\Volted User\.gradle\caches\8.14\transforms\1c64fe326b882aa37de9238b95461df2\transformed\analysis\instrumentation-dependencies.bin because:
[        ]   Build cache is disabled
[        ]   Caching not enabled.
[        ] Caching disabled for MergeInstrumentationAnalysisTransform: C:\Users\Volted User\.gradle\caches\8.14\transforms\2435f7b817e8be6cac23167f5f6df65a\transformed\analysis\instrumentation-dependencies.bin because:
[        ]   Build cache is disabled
[        ]   Caching not enabled.
[        ] Caching disabled for MergeInstrumentationAnalysisTransform: C:\Users\Volted User\.gradle\caches\modules-2\files-2.1\org.checkerframework\checker-qual\3.12.0\d5692f0526415fcc6de94bb5bfbd3afd9dd3b3e5\checker-qual-3.12.0.jar because:
[        ]   Build cache is disabled
[        ]   Caching not enabled.
[        ] Caching disabled for MergeInstrumentationAnalysisTransform: C:\Users\Volted User\.gradle\caches\8.14\transforms\61eabbdd592209c866189e9368efd599\transformed\analysis\instrumentation-dependencies.bin because:
[        ]   Build cache is disabled
[        ]   Caching not enabled.
[        ] Caching disabled for MergeInstrumentationAnalysisTransform: C:\Users\Volted User\.gradle\caches\8.14\transforms\059495c8615bae36d0fc93a846ab4920\transformed\analysis\instrumentation-dependencies.bin because:
[        ]   Build cache is disabled
[        ]   Caching not enabled.
[        ] Caching disabled for MergeInstrumentationAnalysisTransform: C:\Users\Volted User\.gradle\caches\modules-2\files-2.1\io.netty\netty-handler-proxy\4.1.72.Final\90de0fe610454d4296052ae36acb8a6a1d0333f1\netty-handler-proxy-4.1.72.Final.jar because:
[        ]   Build cache is disabled
[        ]   Caching not enabled.
[        ] Caching disabled for MergeInstrumentationAnalysisTransform: C:\Users\Volted User\.gradle\caches\modules-2\files-2.1\com.google.code.findbugs\jsr305\3.0.2\25ea2e8b0c338a877313bd4672d3fe056ea78f0d\jsr305-3.0.2.jar because:
[        ]   Build cache is disabled
[        ]   Caching not enabled.
[        ] Caching disabled for MergeInstrumentationAnalysisTransform: C:\Users\Volted User\.gradle\caches\8.14\transforms\be4910687f40d46fb3c663d42a789a6a\transformed\analysis\instrumentation-hierarchy.bin because:
[        ]   Build cache is disabled
[        ]   Caching not enabled.
[        ] Caching disabled for MergeInstrumentationAnalysisTransform: C:\Users\Volted User\.gradle\caches\modules-2\files-2.1\commons-codec\commons-codec\1.11\3acb4705652e16236558f0f4f2192cc33c3bd189\commons-codec-1.11.jar because:
[        ]   Build cache is disabled
[        ]   Caching not enabled.
[        ] Caching disabled for MergeInstrumentationAnalysisTransform: C:\Users\Volted User\.gradle\caches\8.14\transforms\2d6ad7057afe351af184d49f5efa7fa0\transformed\analysis\instrumentation-hierarchy.bin because:
[        ]   Build cache is disabled
[        ]   Caching not enabled.
[        ] Caching disabled for MergeInstrumentationAnalysisTransform: C:\Users\Volted User\.gradle\caches\modules-2\files-2.1\io.netty\netty-codec-http2\4.1.72.Final\4b269e666fbace27d2c1efa57703e99b09655822\netty-codec-http2-4.1.72.Final.jar because:
[        ]   Build cache is disabled
[        ]   Caching not enabled.
[        ] Caching disabled for MergeInstrumentationAnalysisTransform: C:\Users\Volted User\.gradle\caches\8.14\transforms\2d952aba5eede5fb4e1f256b2006639a\transformed\analysis\instrumentation-dependencies.bin because:
[        ]   Build cache is disabled
[        ]   Caching not enabled.
[        ] Caching disabled for MergeInstrumentationAnalysisTransform: C:\Users\Volted User\.gradle\caches\8.14\transforms\be4910687f40d46fb3c663d42a789a6a\transformed\analysis\instrumentation-dependencies.bin because:
[        ]   Build cache is disabled
[        ]   Caching not enabled.
[        ] Caching disabled for MergeInstrumentationAnalysisTransform: C:\Users\Volted User\.gradle\caches\8.14\transforms\2d6ad7057afe351af184d49f5efa7fa0\transformed\analysis\instrumentation-dependencies.bin because:
[        ]   Build cache is disabled
[        ]   Caching not enabled.
[        ] Caching disabled for MergeInstrumentationAnalysisTransform: C:\Users\Volted User\.gradle\caches\8.14\transforms\b4e207aa96e8d470c5c1c936134d8f4c\transformed\analysis\instrumentation-dependencies.bin because:
[        ]   Build cache is disabled
[        ]   Caching not enabled.
[        ] Caching disabled for MergeInstrumentationAnalysisTransform: C:\Users\Volted User\.gradle\caches\modules-2\files-2.1\io.perfmark\perfmark-api\0.23.0\b813b7539fae6550541da8caafd6add86d4e22f\perfmark-api-0.23.0.jar because:
[        ]   Build cache is disabled
[        ]   Caching not enabled.
[        ] Caching disabled for MergeInstrumentationAnalysisTransform: C:\Users\Volted User\.gradle\caches\8.14\transforms\e9f9892790f994b7f50c4e7e25403e05\transformed\analysis\instrumentation-hierarchy.bin because:
[        ]   Build cache is disabled
[        ]   Caching not enabled.
[ +105 ms] Caching disabled for MergeInstrumentationAnalysisTransform: C:\Users\Volted User\.gradle\caches\modules-2\files-2.1\com.google.guava\failureaccess\1.0.1\1dcf1de382a0bf95a3d8b0849546c88bac1292c9\failureaccess-1.0.1.jar because:
[        ]   Build cache is disabled
[        ]   Caching not enabled.
[        ] Caching disabled for MergeInstrumentationAnalysisTransform: C:\Users\Volted User\.gradle\caches\8.14\transforms\8e362c5f3c362fbc630f6643bca41639\transformed\analysis\instrumentation-hierarchy.bin because:
[        ]   Build cache is disabled
[        ]   Caching not enabled.
[        ] Caching disabled for MergeInstrumentationAnalysisTransform: C:\Users\Volted User\.gradle\caches\modules-2\files-2.1\com.google.guava\listenablefuture\9999.0-empty-to-avoid-conflict-with-guava\b421526c5f297295adef1c886e5246c39d4ac629\listenablefuture-9999.0-empty-to-avoid-conflict-with-guava.jar because:
[        ]   Build cache is disabled
[        ]   Caching not enabled.
[        ] Caching disabled for MergeInstrumentationAnalysisTransform: C:\Users\Volted User\.gradle\caches\8.14\transforms\e9f9892790f994b7f50c4e7e25403e05\transformed\analysis\instrumentation-dependencies.bin because:
[        ]   Build cache is disabled
[        ]   Caching not enabled.
[        ] Caching disabled for MergeInstrumentationAnalysisTransform: C:\Users\Volted User\.gradle\caches\8.14\transforms\8e362c5f3c362fbc630f6643bca41639\transformed\analysis\instrumentation-dependencies.bin because:
[        ]   Build cache is disabled
[        ]   Caching not enabled.
[        ] Caching disabled for MergeInstrumentationAnalysisTransform: C:\Users\Volted User\.gradle\caches\8.14\transforms\b61fb44fc1d8321fadf92de7a61bc6d5\transformed\analysis\instrumentation-hierarchy.bin because:
[        ]   Build cache is disabled
[        ]   Caching not enabled.
[        ] Caching disabled for MergeInstrumentationAnalysisTransform: C:\Users\Volted User\.gradle\caches\modules-2\files-2.1\com.android.tools.build\apksig\8.0.2\dda491097f106bdd32f4c8e664a58d3ba650fba\apksig-8.0.2.jar because:
[        ]   Build cache is disabled
[        ]   Caching not enabled.
[        ] Caching disabled for MergeInstrumentationAnalysisTransform: C:\Users\Volted User\.gradle\caches\modules-2\files-2.1\com.squareup\javawriter\2.5.0\81241ff7078ef14f42ea2a8995fa09c096256e6b\javawriter-2.5.0.jar because:
[        ]   Build cache is disabled
[        ]   Caching not enabled.
[        ] Caching disabled for MergeInstrumentationAnalysisTransform: C:\Users\Volted User\.gradle\caches\modules-2\files-2.1\xml-apis\xml-apis\1.4.01\3789d9fada2d3d458c4ba2de349d48780f381ee3\xml-apis-1.4.01.jar because:
[        ]   Build cache is disabled
[        ]   Caching not enabled.
[        ] Caching disabled for MergeInstrumentationAnalysisTransform: C:\Users\Volted User\.gradle\caches\8.14\transforms\b61fb44fc1d8321fadf92de7a61bc6d5\transformed\analysis\instrumentation-dependencies.bin because:
[        ]   Build cache is disabled
[        ]   Caching not enabled.
[        ] Caching disabled for MergeInstrumentationAnalysisTransform: C:\Users\Volted User\.gradle\caches\8.14\transforms\7a70fb4d213a8fbd641b889c88117e06\transformed\analysis\instrumentation-dependencies.bin because:
[        ]   Build cache is disabled
[        ]   Caching not enabled.
[        ] Caching disabled for MergeInstrumentationAnalysisTransform: C:\Users\Volted User\.gradle\caches\8.14\transforms\953a5260ca21b03c44ccb42c411f0190\transformed\analysis\instrumentation-hierarchy.bin because:
[        ]   Build cache is disabled
[        ]   Caching not enabled.
[        ] Caching disabled for MergeInstrumentationAnalysisTransform: C:\Users\Volted User\.gradle\caches\8.14\transforms\0b2fc128b45510be124b327a03e0acaf\transformed\analysis\instrumentation-hierarchy.bin because:
[        ]   Build cache is disabled
[        ]   Caching not enabled.
[        ] Caching disabled for ExternalDependencyInstrumentingArtifactTransform: C:\Users\Volted User\.gradle\caches\8.14\transforms\280e9d27d7871901471cc3a3d5ac6b3b\transformed\merge\instrumentation-dependencies.bin because:
[        ]   Build cache is disabled
[        ]   Caching not enabled.
[        ] Caching disabled for MergeInstrumentationAnalysisTransform: C:\Users\Volted User\.gradle\caches\8.14\transforms\953a5260ca21b03c44ccb42c411f0190\transformed\analysis\instrumentation-dependencies.bin because:
[        ]   Build cache is disabled
[        ]   Caching not enabled.
[        ] Caching disabled for MergeInstrumentationAnalysisTransform: C:\Users\Volted User\.gradle\caches\8.14\transforms\0b2fc128b45510be124b327a03e0acaf\transformed\analysis\instrumentation-dependencies.bin because:
[        ]   Build cache is disabled
[        ]   Caching not enabled.
[        ] Caching disabled for MergeInstrumentationAnalysisTransform: C:\Users\Volted User\.gradle\caches\modules-2\files-2.1\io.grpc\grpc-context\1.45.1\485a08c019cc78914a477b1dfc7052820b8d822c\grpc-context-1.45.1.jar because:
[        ]   Build cache is disabled
[        ]   Caching not enabled.
[        ] Caching disabled for MergeInstrumentationAnalysisTransform: C:\Users\Volted User\.gradle\caches\modules-2\files-2.1\commons-logging\commons-logging\1.2\4bfc12adfe4842bf07b657f0369c4cb522955686\commons-logging-1.2.jar because:
[        ]   Build cache is disabled
[        ]   Caching not enabled.
[        ] Caching disabled for MergeInstrumentationAnalysisTransform: C:\Users\Volted User\.gradle\caches\modules-2\files-2.1\org.jetbrains.kotlin\kotlin-stdlib-common\1.7.10\bac80c520d0a9e3f3673bc2658c6ed02ef45a76a\kotlin-stdlib-common-1.7.10.jar because:
[        ]   Build cache is disabled
[        ]   Caching not enabled.
[  +88 ms] Caching disabled for MergeInstrumentationAnalysisTransform: C:\Users\Volted User\.gradle\caches\8.14\transforms\05a37d88c697991b2cf0d42f64b2e713\transformed\analysis\instrumentation-hierarchy.bin because:
[        ]   Build cache is disabled
[        ]   Caching not enabled.
[        ] Caching disabled for MergeInstrumentationAnalysisTransform: C:\Users\Volted User\.gradle\caches\modules-2\files-2.1\io.netty\netty-codec-http\4.1.72.Final\a8f062d67303a5e4b2bc2ad48fb4fd8c99108e45\netty-codec-http-4.1.72.Final.jar because:
[        ]   Build cache is disabled
[        ]   Caching not enabled.
[        ] Caching disabled for MergeInstrumentationAnalysisTransform: C:\Users\Volted User\.gradle\caches\8.14\transforms\05a37d88c697991b2cf0d42f64b2e713\transformed\analysis\instrumentation-dependencies.bin because:
[        ]   Build cache is disabled
[        ]   Caching not enabled.
[        ] Caching disabled for MergeInstrumentationAnalysisTransform: C:\Users\Volted User\.gradle\caches\8.14\transforms\a9144774249ea4154c7dd917f71c8402\transformed\analysis\instrumentation-hierarchy.bin because:
[        ]   Build cache is disabled
[        ]   Caching not enabled.
[        ] Caching disabled for MergeInstrumentationAnalysisTransform: C:\Users\Volted User\.gradle\caches\8.14\transforms\d5df5425c17b12890d4ce6bf8582a029\transformed\analysis\instrumentation-hierarchy.bin because:
[        ]   Build cache is disabled
[        ]   Caching not enabled.
[        ] Caching disabled for MergeInstrumentationAnalysisTransform: C:\Users\Volted User\.gradle\caches\8.14\transforms\5fdfb420204ad7ed29c5fb2a74879053\transformed\analysis\instrumentation-hierarchy.bin because:
[        ]   Build cache is disabled
[        ]   Caching not enabled.
[        ] Caching disabled for MergeInstrumentationAnalysisTransform: C:\Users\Volted User\.gradle\caches\8.14\transforms\a9144774249ea4154c7dd917f71c8402\transformed\analysis\instrumentation-dependencies.bin because:
[        ]   Build cache is disabled
[        ]   Caching not enabled.
[        ] Caching disabled for MergeInstrumentationAnalysisTransform: C:\Users\Volted User\.gradle\caches\modules-2\files-2.1\io.netty\netty-handler\4.1.72.Final\9feee089fee606c64be90c0332db9aef1f7d8e46\netty-handler-4.1.72.Final.jar because:
[        ]   Build cache is disabled
[        ]   Caching not enabled.
[        ] Caching disabled for MergeInstrumentationAnalysisTransform: C:\Users\Volted User\.gradle\caches\8.14\transforms\d5df5425c17b12890d4ce6bf8582a029\transformed\analysis\instrumentation-dependencies.bin because:
[        ]   Build cache is disabled
[        ]   Caching not enabled.
[        ] Caching disabled for MergeInstrumentationAnalysisTransform: C:\Users\Volted User\.gradle\caches\8.14\transforms\5fdfb420204ad7ed29c5fb2a74879053\transformed\analysis\instrumentation-dependencies.bin because:
[        ]   Build cache is disabled
[        ]   Caching not enabled.
[        ] Caching disabled for ExternalDependencyInstrumentingArtifactTransform: C:\Users\Volted User\.gradle\caches\modules-2\files-2.1\com.android.tools.build\apksig\8.0.2\dda491097f106bdd32f4c8e664a58d3ba650fba\apksig-8.0.2.jar because:
[        ]   Build cache is disabled
[        ]   Caching not enabled.
[ +104 ms] Caching disabled for MergeInstrumentationAnalysisTransform: C:\Users\Volted User\.gradle\caches\8.14\transforms\ce9abbde795f83cb2305533bb38b4149\transformed\analysis\instrumentation-hierarchy.bin because:
[        ]   Build cache is disabled
[        ]   Caching not enabled.
[        ] Caching disabled for MergeInstrumentationAnalysisTransform: C:\Users\Volted User\.gradle\caches\modules-2\files-2.1\net.java.dev.jna\jna\5.6.0\330f2244e9030119ab3030fc3fededc86713d9cc\jna-5.6.0.jar because:
[        ]   Build cache is disabled
[        ]   Caching not enabled.
[        ] Caching disabled for MergeInstrumentationAnalysisTransform: C:\Users\Volted User\.gradle\caches\modules-2\files-2.1\io.netty\netty-transport\4.1.72.Final\99138b436a584879355aca8fe3c64b46227d5d79\netty-transport-4.1.72.Final.jar because:
[        ]   Build cache is disabled
[        ]   Caching not enabled.
[        ] Caching disabled for MergeInstrumentationAnalysisTransform: C:\Users\Volted User\.gradle\caches\8.14\transforms\178d0f0a6e901b878c7025e14ea4329e\transformed\analysis\instrumentation-hierarchy.bin because:
[        ]   Build cache is disabled
[        ]   Caching not enabled.
[        ] Caching disabled for MergeInstrumentationAnalysisTransform: C:\Users\Volted User\.gradle\caches\8.14\transforms\ce9abbde795f83cb2305533bb38b4149\transformed\analysis\instrumentation-dependencies.bin because:
[        ]   Build cache is disabled
[        ]   Caching not enabled.
[        ] Caching disabled for MergeInstrumentationAnalysisTransform: C:\Users\Volted User\.gradle\caches\modules-2\files-2.1\io.netty\netty-codec\4.1.72.Final\613c4019d687db4e9a5532564e442f83c4474ed7\netty-codec-4.1.72.Final.jar because:
[        ]   Build cache is disabled
[        ]   Caching not enabled.
[        ] Caching disabled for MergeInstrumentationAnalysisTransform: C:\Users\Volted User\.gradle\caches\8.14\transforms\c655fc02f5f2f44dd0b0cd2f42396d5d\transformed\analysis\instrumentation-hierarchy.bin because:
[        ]   Build cache is disabled
[        ]   Caching not enabled.
[        ] Caching disabled for MergeInstrumentationAnalysisTransform: C:\Users\Volted User\.gradle\caches\8.14\transforms\4e5c4b669bf612b72faa5c82bd8b026c\transformed\analysis\instrumentation-hierarchy.bin because:
[        ]   Build cache is disabled
[        ]   Caching not enabled.
[        ] Caching disabled for MergeInstrumentationAnalysisTransform: C:\Users\Volted User\.gradle\caches\8.14\transforms\c655fc02f5f2f44dd0b0cd2f42396d5d\transformed\analysis\instrumentation-dependencies.bin because:
[        ]   Build cache is disabled
[        ]   Caching not enabled.
[        ] Caching disabled for MergeInstrumentationAnalysisTransform: C:\Users\Volted User\.gradle\caches\modules-2\files-2.1\io.netty\netty-buffer\4.1.72.Final\f306eec3f79541f9b8af9c471a0d5b63b7996272\netty-buffer-4.1.72.Final.jar because:
[        ]   Build cache is disabled
[        ]   Caching not enabled.
[        ] Caching disabled for MergeInstrumentationAnalysisTransform: C:\Users\Volted User\.gradle\caches\8.14\transforms\4e5c4b669bf612b72faa5c82bd8b026c\transformed\analysis\instrumentation-dependencies.bin because:
[        ]   Build cache is disabled
[        ]   Caching not enabled.
[        ] Caching disabled for MergeInstrumentationAnalysisTransform: C:\Users\Volted User\.gradle\caches\modules-2\files-2.1\io.netty\netty-codec-socks\4.1.72.Final\d3bc427b6e2dc4bb6dc9d18d1cc47f8530970a8b\netty-codec-socks-4.1.72.Final.jar because:
[        ]   Build cache is disabled
[        ]   Caching not enabled.
[        ] Caching disabled for MergeInstrumentationAnalysisTransform: C:\Users\Volted User\.gradle\caches\modules-2\files-2.1\io.netty\netty-common\4.1.72.Final\a55bac9c3af5f59828207b551a96ac19bbfc341e\netty-common-4.1.72.Final.jar because:
[        ]   Build cache is disabled
[        ]   Caching not enabled.
[        ] Caching disabled for MergeInstrumentationAnalysisTransform: C:\Users\Volted User\.gradle\caches\8.14\transforms\178d0f0a6e901b878c7025e14ea4329e\transformed\analysis\instrumentation-dependencies.bin because:
[        ]   Build cache is disabled
[        ]   Caching not enabled.
[  +89 ms] Caching disabled for MergeInstrumentationAnalysisTransform: C:\Users\Volted User\.gradle\caches\modules-2\files-2.1\io.netty\netty-tcnative-classes\2.0.46.Final\9937a832d9c19861822d345b48ced388b645aa5f\netty-tcnative-classes-2.0.46.Final.jar because:
[        ]   Build cache is disabled
[        ]   Caching not enabled.
[        ] Caching disabled for MergeInstrumentationAnalysisTransform: C:\Users\Volted User\.gradle\caches\modules-2\files-2.1\io.netty\netty-resolver\4.1.72.Final\4ff458458ea32ed1156086820b624a815fcbf2c0\netty-resolver-4.1.72.Final.jar because:
[        ]   Build cache is disabled
[        ]   Caching not enabled.
[ +497 ms] Caching disabled for Groovy DSL script compilation (proj) because:
[        ]   Build cache is disabled
[        ]   Not worth caching.
[        ] Compiling build file 'C:\Users\Volted User\AppData\Local\Pub\Cache\hosted\pub.dev\permission_handler_android-13.0.1\android\build.gradle' using BuildScriptTransformer.
[ +402 ms] Using default execution profile
[ +296 ms] > Configure project :record_android
[        ] Evaluating project ':record_android' using build file 'C:\Users\Volted User\AppData\Local\Pub\Cache\hosted\pub.dev\record_android-1.5.0\android\build.gradle'.
[        ] Using default execution profile
[        ] Using Kotlin Gradle Plugin gradle813 variant
[        ] All projects evaluated.
[        ] Task name matched 'assembleDebug'
[        ] Selected primary task 'assembleDebug' from project :
[ +199 ms] Adding -Xuse-inline-scopes-numbers Kotlin compiler flag for task :app:compileDebugKotlin
[+1007 ms] SDK Manager found the following installed packages: build-tools;35.0.0 build-tools;36.1.0 cmdline-tools;latest emulator extras;google;Android_Emulator_Hypervisor_Driver ndk;28.2.13676358 platform-tools platforms;android-34 platforms;android-36 sources;android-36 system-images;android-36.1;google_apis_playstore;x86_64
[ +293 ms] SDK Manager found the following installed packages: build-tools;35.0.0 build-tools;36.1.0 cmdline-tools;latest emulator extras;google;Android_Emulator_Hypervisor_Driver ndk;28.2.13676358 platform-tools platforms;android-34 platforms;android-36 sources;android-36 system-images;android-36.1;google_apis_playstore;x86_64
[+1402 ms] Checking the license for package Android SDK Platform 35 in E:\AndroidSDK\licenses
[        ] License for package Android SDK Platform 35 accepted.
[        ] Preparing "Install Android SDK Platform 35 (revision 2)".
[+19393 ms] "Install Android SDK Platform 35 (revision 2)" ready.
[        ] Installing Android SDK Platform 35 in E:\AndroidSDK\platforms\android-35
[ +109 ms] "Install Android SDK Platform 35 (revision 2)" complete.
[ +391 ms] "Install Android SDK Platform 35 (revision 2)" finished.
[+1899 ms] SDK Manager found the following installed packages: build-tools;35.0.0 build-tools;36.1.0 cmdline-tools;latest emulator extras;google;Android_Emulator_Hypervisor_Driver ndk;28.2.13676358 platform-tools platforms;android-34 platforms;android-35 platforms;android-36 sources;android-36 system-images;android-36.1;google_apis_playstore;x86_64
[+1112 ms] SDK initialized in 25455 ms
[        ] [=========                              ] 25%                                   
[        ] [=========                              ] 25% Fetch remote repository...        
[        ] [=======================================] 100% Fetch remote repository...       
[ +201 ms] Tasks to be executed: [task ':app:DebugMinSdkCheck', task ':app:preBuild', task ':app:preDebugBuild', task ':app:mergeDebugNativeDebugMetadata', task ':app:checkKotlinGradlePluginConfigurationErrors', task ':app:compileFlutterBuildDebug', task ':app:packJniLibsflutterBuildDebug', task ':path_provider_android:preBuild', task ':path_provider_android:preDebugBuild', task ':path_provider_android:writeDebugAarMetadata', task ':permission_handler_android:preBuild', task ':permission_handler_android:preDebugBuild', task ':permission_handler_android:writeDebugAarMetadata', task ':record_android:preBuild', task ':record_android:preDebugBuild', task ':record_android:writeDebugAarMetadata', task ':app:checkDebugAarMetadata', task ':app:cleanMergeDebugAssets', task ':app:mergeDebugShaders', task ':app:compileDebugShaders', task ':app:generateDebugAssets', task ':path_provider_android:mergeDebugShaders', task ':path_provider_android:compileDebugShaders', task ':path_provider_android:generateDebugAssets', task ':path_provider_android:mergeDebugAssets', task ':permission_handler_android:mergeDebugShaders', task ':permission_handler_android:compileDebugShaders', task ':permission_handler_android:generateDebugAssets', task ':permission_handler_android:mergeDebugAssets', task ':record_android:mergeDebugShaders', task ':record_android:compileDebugShaders', task ':record_android:generateDebugAssets', task ':record_android:mergeDebugAssets', task ':app:mergeDebugAssets', task ':app:copyFlutterAssetsDebug', task ':app:generateDebugResValues', task ':path_provider_android:generateDebugResValues', task ':path_provider_android:generateDebugResources', task ':path_provider_android:packageDebugResources', task ':permission_handler_android:generateDebugResValues', task ':permission_handler_android:generateDebugResources', task ':permission_handler_android:packageDebugResources', task ':record_android:generateDebugResValues', task ':record_android:generateDebugResources', task ':record_android:packageDebugResources', task ':app:mapDebugSourceSetPaths', task ':app:generateDebugResources', task ':app:mergeDebugResources', task ':app:packageDebugResources', task ':app:parseDebugLocalResources', task ':app:createDebugCompatibleScreenManifests', task ':app:extractDeepLinksDebug', task ':path_provider_android:extractDeepLinksDebug', task ':path_provider_android:processDebugManifest', task ':permission_handler_android:extractDeepLinksDebug', task ':permission_handler_android:processDebugManifest', task ':record_android:extractDeepLinksDebug', task ':record_android:processDebugManifest', task ':app:processDebugMainManifest', task ':app:outputDebugAppLinkSettings', task ':app:processDebugManifest', task ':app:processDebugManifestForPackage', task ':path_provider_android:compileDebugLibraryResources', task ':path_provider_android:parseDebugLocalResources', task ':path_provider_android:generateDebugRFile', task ':permission_handler_android:compileDebugLibraryResources', task ':permission_handler_android:parseDebugLocalResources', task ':permission_handler_android:generateDebugRFile', task ':record_android:compileDebugLibraryResources', task ':record_android:parseDebugLocalResources', task ':record_android:generateDebugRFile', task ':app:processDebugResources', task ':path_provider_android:javaPreCompileDebug', task ':path_provider_android:compileDebugJavaWithJavac', task ':path_provider_android:bundleLibCompileToJarDebug', task ':permission_handler_android:javaPreCompileDebug', task ':permission_handler_android:compileDebugJavaWithJavac', task ':permission_handler_android:bundleLibCompileToJarDebug', task ':record_android:checkKotlinGradlePluginConfigurationErrors', task ':record_android:compileDebugKotlin', task ':record_android:javaPreCompileDebug', task ':record_android:compileDebugJavaWithJavac', task ':record_android:bundleLibCompileToJarDebug', task ':app:compileDebugKotlin', task ':app:javaPreCompileDebug', task ':app:compileDebugJavaWithJavac', task ':app:compressDebugAssets', task ':path_provider_android:bundleLibRuntimeToJarDebug', task ':permission_handler_android:bundleLibRuntimeToJarDebug', task ':record_android:bundleLibRuntimeToJarDebug', task ':app:desugarDebugFileDependencies', task ':app:dexBuilderDebug', task ':app:mergeDebugGlobalSynthetics', task ':app:processDebugJavaRes', task ':path_provider_android:processDebugJavaRes', task ':permission_handler_android:processDebugJavaRes', task ':record_android:processDebugJavaRes', task ':app:mergeDebugJavaResource', task ':app:checkDebugDuplicateClasses', task ':app:mergeExtDexDebug', task ':path_provider_android:bundleLibRuntimeToDirDebug', task ':permission_handler_android:bundleLibRuntimeToDirDebug', task ':record_android:bundleLibRuntimeToDirDebug', task ':app:mergeLibDexDebug', task ':app:mergeProjectDexDebug', task ':app:configureCMakeDebug[arm64-v8a]', task ':app:buildCMakeDebug[arm64-v8a]', task ':app:configureCMakeDebug[armeabi-v7a]', task ':app:buildCMakeDebug[armeabi-v7a]', task ':app:configureCMakeDebug[x86_64]', task ':app:buildCMakeDebug[x86_64]', task ':app:mergeDebugJniLibFolders', task ':path_provider_android:mergeDebugJniLibFolders', task ':path_provider_android:mergeDebugNativeLibs', task ':path_provider_android:copyDebugJniLibsProjectOnly', task ':permission_handler_android:mergeDebugJniLibFolders', task ':permission_handler_android:mergeDebugNativeLibs', task ':permission_handler_android:copyDebugJniLibsProjectOnly', task ':record_android:mergeDebugJniLibFolders', task ':record_android:mergeDebugNativeLibs', task ':record_android:copyDebugJniLibsProjectOnly', task ':app:mergeDebugNativeLibs', task ':app:stripDebugDebugSymbols', task ':app:validateSigningDebug', task ':app:writeDebugAppMetadata', task ':app:writeDebugSigningConfigVersions', task ':app:packageDebug', task ':app:createDebugApkListingFileRedirect', task ':app:assembleDebug', task ':path_provider_android:stripDebugDebugSymbols', task ':path_provider_android:copyDebugJniLibsProjectAndLocalJars', task ':path_provider_android:extractDebugAnnotations', task ':path_provider_android:extractDeepLinksForAarDebug', task ':path_provider_android:mergeDebugGeneratedProguardFiles', task ':path_provider_android:mergeDebugConsumerProguardFiles', task ':path_provider_android:prepareDebugArtProfile', task ':path_provider_android:prepareLintJarForPublish', task ':path_provider_android:mergeDebugJavaResource', task ':path_provider_android:syncDebugLibJars', task ':path_provider_android:bundleDebugAar', task ':path_provider_android:assembleDebug', task ':permission_handler_android:stripDebugDebugSymbols', task ':permission_handler_android:copyDebugJniLibsProjectAndLocalJars', task ':permission_handler_android:extractDebugAnnotations', task ':permission_handler_android:extractDeepLinksForAarDebug', task ':permission_handler_android:mergeDebugGeneratedProguardFiles', task ':permission_handler_android:mergeDebugConsumerProguardFiles', task ':permission_handler_android:prepareDebugArtProfile', task ':permission_handler_android:prepareLintJarForPublish', task ':permission_handler_android:mergeDebugJavaResource', task ':permission_handler_android:syncDebugLibJars', task ':permission_handler_android:bundleDebugAar', task ':permission_handler_android:assembleDebug', task ':record_android:stripDebugDebugSymbols', task ':record_android:copyDebugJniLibsProjectAndLocalJars', task ':record_android:extractDebugAnnotations', task ':record_android:extractDeepLinksForAarDebug', task ':record_android:mergeDebugGeneratedProguardFiles', task ':record_android:mergeDebugConsumerProguardFiles', task ':record_android:prepareDebugArtProfile', task ':record_android:prepareLintJarForPublish', task ':record_android:mergeDebugJavaResource', task ':record_android:syncDebugLibJars', task ':record_android:bundleDebugAar', task ':record_android:assembleDebug']
[        ] Tasks that were excluded: []
[        ] work action Parameters of IdentityTransform (Thread[#168,Execution worker Thread 2,5,main]) started.
[        ] work action Parameters of DexingNoClasspathTransform (Thread[#168,Execution worker Thread 2,5,main]) started.
[        ] work action Parameters of DexingOutputSplitTransform (Thread[#168,Execution worker Thread 2,5,main]) started.
[        ] work action Parameters of ClassesDirToClassesTransform (Thread[#168,Execution worker Thread 2,5,main]) started.
[        ] work action Parameters of DexingOutputSplitTransform (Thread[#168,Execution worker Thread 2,5,main]) started.
[        ] Resolve mutations for :app:DebugMinSdkCheck (Thread[#168,Execution worker Thread 2,5,main]) started.
[        ] :app:DebugMinSdkCheck (Thread[#168,Execution worker Thread 2,5,main]) started.
[   +1 ms] > Task :app:DebugMinSdkCheck
[        ] Caching disabled for task ':app:DebugMinSdkCheck' because:
[        ]   Build cache is disabled
[        ] Task ':app:DebugMinSdkCheck' is not up-to-date because:
[        ]   Task has not declared any outputs despite executing actions.
[        ] Resolve mutations for :app:preBuild (Thread[#168,Execution worker Thread 2,5,main]) started.
[        ] :app:preBuild (Thread[#168,Execution worker Thread 2,5,main]) started.
[        ] > Task :app:preBuild UP-TO-DATE
[        ] Skipping task ':app:preBuild' as it has no actions.
[        ] Resolve mutations for :app:preDebugBuild (Thread[#168,Execution worker Thread 2,5,main]) started.
[        ] :app:preDebugBuild (Thread[#168,Execution worker Thread 2,5,main]) started.
[        ] > Task :app:preDebugBuild UP-TO-DATE
[        ] Skipping task ':app:preDebugBuild' as it has no actions.
[        ] Resolve mutations for :app:mergeDebugNativeDebugMetadata (Thread[#168,Execution worker Thread 2,5,main]) started.
[        ] :app:mergeDebugNativeDebugMetadata (Thread[#168,Execution worker Thread 2,5,main]) started.
[        ] > Task :app:mergeDebugNativeDebugMetadata NO-SOURCE
[        ] Skipping task ':app:mergeDebugNativeDebugMetadata' as it has no source files and no previous output files.
[        ] Resolve mutations for :app:checkKotlinGradlePluginConfigurationErrors (Thread[#167,Execution worker,5,main]) started.
[        ] :app:checkKotlinGradlePluginConfigurationErrors (Thread[#167,Execution worker,5,main]) started.
[        ] > Task :app:checkKotlinGradlePluginConfigurationErrors SKIPPED
[        ] Skipping task ':app:checkKotlinGradlePluginConfigurationErrors' as task onlyIf 'errorDiagnostics are present' is false.
[        ] Resolve mutations for :app:compileFlutterBuildDebug (Thread[#167,Execution worker,5,main]) started.
[        ] :app:compileFlutterBuildDebug (Thread[#167,Execution worker,5,main]) started.
[+1990 ms] > Task :app:compileFlutterBuildDebug
[        ] Caching disabled for task ':app:compileFlutterBuildDebug' because:
[        ]   Build cache is disabled
[        ]   Caching has not been enabled for the task
[        ] Task ':app:compileFlutterBuildDebug' is not up-to-date because:
[        ]   Task has failed previously.
[        ] Starting process 'command 'E:\flutter\bin\flutter.bat''. Working directory: E:\My Projects\EchoSift\frontend Command: E:\flutter\bin\flutter.bat --verbose assemble --no-version-check --depfile E:\My Projects\EchoSift\frontend\build\app\intermediates\flutter\debug/flutter_build.d --output E:\My Projects\EchoSift\frontend\build\app\intermediates\flutter\debug -dTargetFile=E:\My Projects\EchoSift\frontend\lib\main.dart -dTargetPlatform=android -dBuildMode=debug -dTrackWidgetCreation=true --DartDefines=RkxVVFRFUl9WRVJTSU9OPTMuMzguOQ==,RkxVVFRFUl9DSEFOTkVMPXN0YWJsZQ==,RkxVVFRFUl9HSVRfVVJMPWh0dHBzOi8vZ2l0aHViLmNvbS9mbHV0dGVyL2ZsdXR0ZXIuZ2l0,RkxVVFRFUl9GUkFNRVdPUktfUkVWSVNJT049NjczMjNkZTI4NQ==,RkxVVFRFUl9FTkdJTkVfUkVWSVNJT049NTg3YzE4Zjg3Mw==,RkxVVFRFUl9EQVJUX1ZFUlNJT049My4xMC44 -dFlavor= -dAndroidArchs=android-arm64 -dMinSdkVersion=24 debug_android_application
[        ] Successfully started process 'command 'E:\flutter\bin\flutter.bat''
[ +789 ms] [ +219 ms] Artifact Instance of 'MaterialFonts' is not required, skipping update.
[        ] [        ] Artifact Instance of 'GradleWrapper' is not required, skipping update.
[   +3 ms] [        ] Artifact Instance of 'AndroidGenSnapshotArtifacts' is not required, skipping update.
[        ] [        ] Artifact Instance of 'AndroidInternalBuildArtifacts' is not required, skipping update.
[        ] [        ] Artifact Instance of 'IOSEngineArtifacts' is not required, skipping update.
[        ] [        ] Artifact Instance of 'FlutterWebSdk' is not required, skipping update.
[        ] [   +1 ms] Artifact Instance of 'LegacyCanvasKitRemover' is not required, skipping update.
[        ] [        ] Artifact Instance of 'FlutterSdk' is not required, skipping update.
[        ] [        ] Artifact Instance of 'WindowsEngineArtifacts' is not required, skipping update.
[        ] [        ] Artifact Instance of 'MacOSEngineArtifacts' is not required, skipping update.
[        ] [        ] Artifact Instance of 'LinuxEngineArtifacts' is not required, skipping update.
[        ] [        ] Artifact Instance of 'LinuxFuchsiaSDKArtifacts' is not required, skipping update.
[        ] [        ] Artifact Instance of 'MacOSFuchsiaSDKArtifacts' is not required, skipping update.
[        ] [        ] Artifact Instance of 'FlutterRunnerSDKArtifacts' is not required, skipping update.
[        ] [        ] Artifact Instance of 'FlutterRunnerDebugSymbols' is not required, skipping update.
[        ] [        ] Artifact Instance of 'IosUsbArtifacts' is not required, skipping update.
[        ] [        ] Artifact Instance of 'IosUsbArtifacts' is not required, skipping update.
[        ] [        ] Artifact Instance of 'IosUsbArtifacts' is not required, skipping update.
[        ] [        ] Artifact Instance of 'IosUsbArtifacts' is not required, skipping update.
[        ] [        ] Artifact Instance of 'IosUsbArtifacts' is not required, skipping update.
[        ] [        ] Artifact Instance of 'IosUsbArtifacts' is not required, skipping update.
[        ] [        ] Artifact Instance of 'FontSubsetArtifacts' is not required, skipping update.
[        ] [        ] Artifact Instance of 'PubDependencies' is not required, skipping update.
[  +99 ms] [  +28 ms] Artifact Instance of 'AndroidGenSnapshotArtifacts' is not required, skipping update.
[        ] [        ] Artifact Instance of 'AndroidInternalBuildArtifacts' is not required, skipping update.
[        ] [        ] Artifact Instance of 'IOSEngineArtifacts' is not required, skipping update.
[        ] [        ] Artifact Instance of 'FlutterWebSdk' is not required, skipping update.
[        ] [        ] Artifact Instance of 'FlutterEngineStamp' is not required, skipping update.
[        ] [        ] Artifact Instance of 'LegacyCanvasKitRemover' is not required, skipping update.
[        ] [  +16 ms] Artifact Instance of 'WindowsEngineArtifacts' is not required, skipping update.
[        ] [        ] Artifact Instance of 'MacOSEngineArtifacts' is not required, skipping update.
[        ] [        ] Artifact Instance of 'LinuxEngineArtifacts' is not required, skipping update.
[        ] [        ] Artifact Instance of 'LinuxFuchsiaSDKArtifacts' is not required, skipping update.
[        ] [        ] Artifact Instance of 'MacOSFuchsiaSDKArtifacts' is not required, skipping update.
[        ] [        ] Artifact Instance of 'FlutterRunnerSDKArtifacts' is not required, skipping update.
[        ] [        ] Artifact Instance of 'FlutterRunnerDebugSymbols' is not required, skipping update.
[        ] [  +75 ms] Artifact Instance of 'MaterialFonts' is not required, skipping update.
[        ] [        ] Artifact Instance of 'GradleWrapper' is not required, skipping update.
[  +92 ms] [  +16 ms] Artifact Instance of 'AndroidInternalBuildArtifacts' is not required, skipping update.
[        ] [        ] Artifact Instance of 'IOSEngineArtifacts' is not required, skipping update.
[        ] [        ] Artifact Instance of 'FlutterWebSdk' is not required, skipping update.
[        ] [        ] Artifact Instance of 'FlutterEngineStamp' is not required, skipping update.
[        ] [        ] Artifact Instance of 'LegacyCanvasKitRemover' is not required, skipping update.
[        ] [        ] Artifact Instance of 'FlutterSdk' is not required, skipping update.
[        ] [        ] Artifact Instance of 'WindowsEngineArtifacts' is not required, skipping update.
[        ] [        ] Artifact Instance of 'MacOSEngineArtifacts' is not required, skipping update.
[        ] [        ] Artifact Instance of 'LinuxEngineArtifacts' is not required, skipping update.
[        ] [        ] Artifact Instance of 'LinuxFuchsiaSDKArtifacts' is not required, skipping update.
[        ] [        ] Artifact Instance of 'MacOSFuchsiaSDKArtifacts' is not required, skipping update.
[        ] [        ] Artifact Instance of 'FlutterRunnerSDKArtifacts' is not required, skipping update.
[        ] [        ] Artifact Instance of 'FlutterRunnerDebugSymbols' is not required, skipping update.
[        ] [        ] Artifact Instance of 'IosUsbArtifacts' is not required, skipping update.
[        ] [        ] Artifact Instance of 'IosUsbArtifacts' is not required, skipping update.
[        ] [        ] Artifact Instance of 'IosUsbArtifacts' is not required, skipping update.
[        ] [        ] Artifact Instance of 'IosUsbArtifacts' is not required, skipping update.
[        ] [        ] Artifact Instance of 'IosUsbArtifacts' is not required, skipping update.
[        ] [        ] Artifact Instance of 'IosUsbArtifacts' is not required, skipping update.
[        ] [        ] Artifact Instance of 'FontSubsetArtifacts' is not required, skipping update.
[        ] [        ] Artifact Instance of 'PubDependencies' is not required, skipping update.
[        ] [  +36 ms] Initializing file store
[        ] [  +42 ms] dart_build: Starting due to {}
[        ] [   +2 ms] Skipping target: gen_localizations
[ +105 ms] [   +2 ms] gen_dart_plugin_registrant: Starting due to {InvalidatedReasonKind.outputSetAddition: The following outputs were added to the output set: E:\My Projects\EchoSift\frontend\.dart_tool\flutter_build\dart_plugin_registrant.dart, InvalidatedReasonKind.inputChanged: The following inputs have updated contents: E:\My Projects\EchoSift\frontend\.dart_tool\package_config.json}
[  +93 ms] [ +192 ms] Found plugin record at C:\Users\Volted User\AppData\Local\Pub\Cache\hosted\pub.dev\record-6.2.0\
[ +110 ms] [  +31 ms] Found plugin record_windows at C:\Users\Volted User\AppData\Local\Pub\Cache\hosted\pub.dev\record_windows-1.0.7\
[   +1 ms] [  +48 ms] Building native assets for android_arm64.
[        ] [  +32 ms] Found plugin record_web at C:\Users\Volted User\AppData\Local\Pub\Cache\hosted\pub.dev\record_web-1.3.0\
[        ] [   +6 ms] Found plugin record_macos at C:\Users\Volted User\AppData\Local\Pub\Cache\hosted\pub.dev\record_macos-1.2.0\
[  +92 ms] [  +25 ms] Found plugin record_linux at C:\Users\Volted User\AppData\Local\Pub\Cache\hosted\pub.dev\record_linux-1.3.0\
[        ] [   +3 ms] Found plugin record_ios at C:\Users\Volted User\AppData\Local\Pub\Cache\hosted\pub.dev\record_ios-1.2.0\
[        ] [   +6 ms] Found plugin record_android at C:\Users\Volted User\AppData\Local\Pub\Cache\hosted\pub.dev\record_android-1.5.0\
[        ] [   +8 ms] Running `E:\flutter\bin\cache\dart-sdk\bin\dart compile kernel '--packages=E:\My Projects\EchoSift\frontend\.dart_tool\package_config.json' '--output=E:\My Projects\EchoSift\frontend\.dart_tool\hooks_runner\objective_c\6187729b8094e9659d677de64fe529bb\hook.dill' '--depfile=E:\My Projects\EchoSift\frontend\.dart_tool\hooks_runner\objective_c\6187729b8094e9659d677de64fe529bb\hook.dill.d' 'C:\Users\Volted User\AppData\Local\Pub\Cache\hosted\pub.dev\objective_c-9.3.0\hook\build.dart'`.
[        ] [   +1 ms] Found plugin permission_handler at C:\Users\Volted User\AppData\Local\Pub\Cache\hosted\pub.dev\permission_handler-12.0.1\
[        ] [  +25 ms] Found plugin permission_handler_windows at C:\Users\Volted User\AppData\Local\Pub\Cache\hosted\pub.dev\permission_handler_windows-0.2.1\
[        ] [   +7 ms] Found plugin permission_handler_html at C:\Users\Volted User\AppData\Local\Pub\Cache\hosted\pub.dev\permission_handler_html-0.1.3+5\
[        ] [   +4 ms] Found plugin permission_handler_apple at C:\Users\Volted User\AppData\Local\Pub\Cache\hosted\pub.dev\permission_handler_apple-9.4.7\
[        ] [   +3 ms] Found plugin permission_handler_android at C:\Users\Volted User\AppData\Local\Pub\Cache\hosted\pub.dev\permission_handler_android-13.0.1\
[ +102 ms] [   +6 ms] Found plugin path_provider at C:\Users\Volted User\AppData\Local\Pub\Cache\hosted\pub.dev\path_provider-2.1.5\
[        ] [   +3 ms] Found plugin path_provider_windows at C:\Users\Volted User\AppData\Local\Pub\Cache\hosted\pub.dev\path_provider_windows-2.3.0\
[        ] [  +15 ms] Found plugin path_provider_linux at C:\Users\Volted User\AppData\Local\Pub\Cache\hosted\pub.dev\path_provider_linux-2.2.1\
[        ] [  +12 ms] Found plugin path_provider_foundation at C:\Users\Volted User\AppData\Local\Pub\Cache\hosted\pub.dev\path_provider_foundation-2.6.0\
[        ] [  +28 ms] Found plugin path_provider_android at C:\Users\Volted User\AppData\Local\Pub\Cache\hosted\pub.dev\path_provider_android-2.2.22\
[ +402 ms] [ +347 ms] Skipping generating dart_plugin_registrant.dart because it is up-to-date.
[        ] [        ] gen_dart_plugin_registrant: Complete
[        ] [   +4 ms] kernel_snapshot_program: Starting due to {}
[        ] [  +17 ms] E:\flutter\bin\cache\dart-sdk\bin\dartaotruntime.exe E:\flutter\bin\cache\dart-sdk\bin\snapshots\frontend_server_aot.dart.snapshot --sdk-root E:\flutter\bin\cache\artifacts\engine\common\flutter_patched_sdk/ --target=flutter --no-print-incremental-dependencies -DFLUTTER_VERSION=3.38.9 -DFLUTTER_CHANNEL=stable -DFLUTTER_GIT_URL=https://github.com/flutter/flutter.git -DFLUTTER_FRAMEWORK_REVISION=67323de285 -DFLUTTER_ENGINE_REVISION=587c18f873 -DFLUTTER_DART_VERSION=3.10.8 -DFLUTTER_APP_FLAVOR= -Ddart.vm.profile=false -Ddart.vm.product=false --enable-asserts --track-widget-creation --no-link-platform --packages E:\My Projects\EchoSift\frontend\.dart_tool\package_config.json --output-dill E:\My Projects\EchoSift\frontend\.dart_tool\flutter_build\040e88bbd9f9742ae4f0eecd0b81ac59\app.dill --depfile E:\My Projects\EchoSift\frontend\.dart_tool\flutter_build\040e88bbd9f9742ae4f0eecd0b81ac59\kernel_snapshot_program.d --incremental --initialize-from-dill E:\My Projects\EchoSift\frontend\.dart_tool\flutter_build\040e88bbd9f9742ae4f0eecd0b81ac59\app.dill --source file:///E:/My%20Projects/EchoSift/frontend/.dart_tool/flutter_build/dart_plugin_registrant.dart --source package:flutter/src/dart_plugin_registrant.dart -Dflutter.dart_plugin_registrant=file:///E:/My%20Projects/EchoSift/frontend/.dart_tool/flutter_build/dart_plugin_registrant.dart --verbosity=error package:echosift/main.dart
[+3892 ms] [+3959 ms] input.json contents:
[        ]            {
[        ]              "assets": {},
[        ]              "config": {
[        ]                "build_asset_types": [
[        ]                  "code_assets/code"
[        ]                ],
[        ]                "extensions": {
[        ]                  "code_assets": {
[        ]                    "android": {
[        ]                      "target_ndk_api": 24
[        ]                    },
[        ]                    "c_compiler": {
[        ]                      "ar": "E:\\AndroidSDK\\ndk\\28.2.13676358\\toolchains\\llvm\\prebuilt\\windows-x86_64\\bin\\llvm-ar.exe",
[        ]                      "cc": "E:\\AndroidSDK\\ndk\\28.2.13676358\\toolchains\\llvm\\prebuilt\\windows-x86_64\\bin\\clang.exe",
[        ]                      "ld": "E:\\AndroidSDK\\ndk\\28.2.13676358\\toolchains\\llvm\\prebuilt\\windows-x86_64\\bin\\ld.lld.exe"
[        ]                    },
[        ]                    "link_mode_preference": "dynamic",
[        ]                    "target_architecture": "arm64",
[        ]                    "target_os": "android"
[        ]                  }
[        ]                },
[        ]                "linking_enabled": false
[        ]              },
[        ]              "out_dir_shared": "E:\\My Projects\\EchoSift\\frontend\\.dart_tool\\hooks_runner\\shared\\objective_c\\build\\",
[        ]              "out_file": "E:\\My Projects\\EchoSift\\frontend\\.dart_tool\\hooks_runner\\objective_c\\6187729b8094e9659d677de64fe529bb\\output.json",
[        ]              "package_name": "objective_c",
[        ]              "package_root": "C:\\Users\\Volted User\\AppData\\Local\\Pub\\Cache\\hosted\\pub.dev\\objective_c-9.3.0\\",
[        ]              "user_defines": {}
[        ]            }
[        ] [   +4 ms] Running `(cd C:\Users\Volted User\AppData\Local\Pub\Cache\hosted\pub.dev\objective_c-9.3.0\; PATH=E:\Android Studio\jbr\bin;E:\flutter\bin\;c:\Users\Volted User\AppData\Roaming\Code\User\globalStorage\github.copilot-chat\debugCommand;c:\Users\Volted User\AppData\Roaming\Code\User\globalStorage\github.copilot-chat\copilotCli;C:\Python313\Scripts\;C:\Python313\;C:\Program Files\Common Files\Oracle\Java\javapath;C:\Python39\Scripts\;C:\Python39\;C:\Windows\system32;C:\Windows;C:\Windows\System32\Wbem;C:\Windows\System32\WindowsPowerShell\v1.0\;C:\Windows\System32\OpenSSH\;C:\Program Files\NVIDIA Corporation\NVIDIA NvDLISR;C:\Program Files (x86)\NVIDIA Corporation\PhysX\Common;C:\ProgramData\chocolatey\bin;C:\WINDOWS\system32;C:\WINDOWS;C:\WINDOWS\System32\Wbem;C:\WINDOWS\System32\WindowsPowerShell\v1.0\;C:\WINDOWS\System32\OpenSSH\;C:\Android;C:\Program Files\Java\jdk-22\bin;C:\Python39\python.exe;C:\Spark\bin;C:\Spark\spark-3.5.1-bin-hadoop3\;C:\Spark\spark-3.5.1-bin-hadoop3\bin;C:\Program Files\Microsoft SQL Server\150\Tools\Binn\;C:\Program Files\Microsoft SQL Server\Client SDK\ODBC\170\Tools\Binn\;C:\Program Files\dotnet\;C:\Program Files\nodejs\;C:\Program Files\Git\cmd;C:\Program Files\Docker\Docker\resources\bin;C:\Users\Volted User\AppData\Local\Programs\Python\Python310\Scripts\;C:\Users\Volted User\AppData\Local\Programs\Python\Python310\;C:\Program Files\Common Files\Oracle\Java\javapath;C:\Python39\Scripts\;C:\Python39\;C:\Windows\system32;C:\Windows;C:\Windows\System32\Wbem;C:\Windows\System32\WindowsPowerShell\v1.0\;C:\Windows\System32\OpenSSH\;C:\Program Files\NVIDIA Corporation\NVIDIA NvDLISR;C:\Program Files (x86)\NVIDIA Corporation\PhysX\Common;C:\Program Files\nodejs\;C:\ProgramData\chocolatey\bin;C:\WINDOWS\system32;C:\WINDOWS;C:\WINDOWS\System32\Wbem;C:\WINDOWS\System32\WindowsPowerShell\v1.0\;C:\WINDOWS\System32\OpenSSH\;C:\Android;C:\Spark\spark-3.5.1-bin-hadoop3\;C:\Spark\spark-3.5.1-bin-hadoop3\bin;C:\Python39\python.exe;C:\Program Files\Java\jdk-22\bin;C:\Spark\bin;C:\Users\Volted User\anaconda3;C:\Users\Volted User\anaconda3\Library\mingw-w64\bin;C:\Users\Volted User\anaconda3\Library\usr\bin;C:\Users\Volted User\anaconda3\Library\bin;C:\Users\Volted User\anaconda3\Scripts;C:\Users\Volted User;C:\Program Files\JetBrains\PyCharm Community Edition 2024.1\bin;;C:\Users\Volted User\.dotnet\tools;C:\Users\Volted User\AppData\Roaming\npm;C:\Users\Volted User\AppData\Local\Programs\Microsoft VS Code\bin;E:\flutter\bin PROGRAMDATA=C:\ProgramData SYSTEMDRIVE=C: SYSTEMROOT=C:\WINDOWS TEMP=C:\Users\VOLTED~1\AppData\Local\Temp TMP=C:\Users\VOLTED~1\AppData\Local\Temp USERPROFILE=C:\Users\Volted User WINDIR=C:\WINDOWS E:\flutter\bin\cache\dart-sdk\bin\dart '--packages=E:\My Projects\EchoSift\frontend\.dart_tool\package_config.json' 'E:\My Projects\EchoSift\frontend\.dart_tool\hooks_runner\objective_c\6187729b8094e9659d677de64fe529bb\hook.dill' '--config=E:\My Projects\EchoSift\frontend\.dart_tool\hooks_runner\objective_c\6187729b8094e9659d677de64fe529bb\input.json' )`.
[+2200 ms] [+2145 ms] output.json contents:
[        ]            {
[        ]              "assets_for_linking": {},
[        ]              "status": "success",
[        ]              "timestamp": "2026-02-10 22:43:28.000"
[        ]            }
[        ] [  +48 ms] Building native assets for android_arm64 done.
[        ] [   +7 ms] dart_build: Complete
[ +397 ms] [ +332 ms] install_code_assets: Starting due to {}
[        ] [   +3 ms] Writing native assets json to file:///E:/My%20Projects/EchoSift/frontend/.dart_tool/flutter_build/040e88bbd9f9742ae4f0eecd0b81ac59/native_assets.json.
[        ] [  +24 ms] Writing E:\My Projects\EchoSift\frontend\.dart_tool\flutter_build\040e88bbd9f9742ae4f0eecd0b81ac59\native_assets.json done.
[        ] [   +1 ms] install_code_assets: Complete
[+12692 ms] [+12690 ms] kernel_snapshot_program: Complete
[+1813 ms] [+1839 ms] debug_android_application: Starting due to {}
[+1794 ms] [+1813 ms] shaderc command: [E:\flutter\bin\cache\artifacts\engine\windows-x64\impellerc.exe, --sksl, --runtime-stage-gles, --runtime-stage-gles3, --runtime-stage-vulkan, --iplr, --sl=E:\My Projects\EchoSift\frontend\build\app\intermediates\flutter\debug\flutter_assets\shaders/ink_sparkle.frag, --spirv=E:\My Projects\EchoSift\frontend\build\app\intermediates\flutter\debug\flutter_assets\shaders/ink_sparkle.frag.spirv, --input=E:\flutter\packages\flutter\lib\src\material\shaders\ink_sparkle.frag, --input-type=frag, --include=E:\flutter\packages\flutter\lib\src\material\shaders, --include=E:\flutter\bin\cache\artifacts\engine\windows-x64\shader_lib]
[  +90 ms] [   +5 ms] shaderc command: [E:\flutter\bin\cache\artifacts\engine\windows-x64\impellerc.exe, --sksl, --runtime-stage-gles, --runtime-stage-gles3, --runtime-stage-vulkan, --iplr, --sl=E:\My Projects\EchoSift\frontend\build\app\intermediates\flutter\debug\flutter_assets\shaders/stretch_effect.frag, --spirv=E:\My Projects\EchoSift\frontend\build\app\intermediates\flutter\debug\flutter_assets\shaders/stretch_effect.frag.spirv, --input=E:\flutter\packages\flutter\lib\src\material\shaders\stretch_effect.frag, --input-type=frag, --include=E:\flutter\packages\flutter\lib\src\material\shaders, --include=E:\flutter\bin\cache\artifacts\engine\windows-x64\shader_lib]
[+2202 ms] [+2231 ms] debug_android_application: Complete
[+1007 ms] [ +969 ms] Persisting file store
[        ] [  +10 ms] Done persisting file store
[        ] [  +21 ms] build succeeded.
[ +104 ms] [  +63 ms] "flutter assemble" took 27,179ms.
[  +82 ms] [ +157 ms] Running 1 shutdown hook
[        ] [   +1 ms] Shutdown hooks complete
[ +109 ms] [ +115 ms] exiting with code 0
[ +294 ms] Resolve mutations for :app:packJniLibsflutterBuildDebug (Thread[#168,Execution worker Thread 2,5,main]) started.
[        ] :app:packJniLibsflutterBuildDebug (Thread[#168,Execution worker Thread 2,5,main]) started.
[ +203 ms] > Task :app:packJniLibsflutterBuildDebug
[        ] Caching disabled for task ':app:packJniLibsflutterBuildDebug' because:
[        ]   Build cache is disabled
[        ]   Not worth caching
[        ] Task ':app:packJniLibsflutterBuildDebug' is not up-to-date because:
[        ]   No history is available.
[        ] file or directory 'E:\My Projects\EchoSift\frontend\build\app\intermediates\flutter\debug\arm64-v8a', not found
[        ] file or directory 'E:\My Projects\EchoSift\frontend\build\native_assets\android\jniLibs\lib\arm64-v8a', not found
[        ] Resolve mutations for :path_provider_android:preBuild (Thread[#168,Execution worker Thread 2,5,main]) started.
[        ] :path_provider_android:preBuild (Thread[#167,Execution worker,5,main]) started.
[        ] > Task :path_provider_android:preBuild UP-TO-DATE
[        ] Skipping task ':path_provider_android:preBuild' as it has no actions.
[        ] Resolve mutations for :path_provider_android:preDebugBuild (Thread[#168,Execution worker Thread 2,5,main]) started.
[        ] :path_provider_android:preDebugBuild (Thread[#168,Execution worker Thread 2,5,main]) started.
[        ] > Task :path_provider_android:preDebugBuild UP-TO-DATE
[        ] Skipping task ':path_provider_android:preDebugBuild' as it has no actions.
[        ] Resolve mutations for :path_provider_android:writeDebugAarMetadata (Thread[#168,Execution worker Thread 2,5,main]) started.
[        ] :path_provider_android:writeDebugAarMetadata (Thread[#168,Execution worker Thread 2,5,main]) started.
[ +104 ms] Resolve mutations for :permission_handler_android:preBuild (Thread[#167,Execution worker,5,main]) started.
[        ] :permission_handler_android:preBuild (Thread[#167,Execution worker,5,main]) started.
[        ] > Task :permission_handler_android:preBuild UP-TO-DATE
[        ] Skipping task ':permission_handler_android:preBuild' as it has no actions.
[        ] Resolve mutations for :permission_handler_android:preDebugBuild (Thread[#167,Execution worker,5,main]) started.
[        ] :permission_handler_android:preDebugBuild (Thread[#167,Execution worker,5,main]) started.
[        ] > Task :permission_handler_android:preDebugBuild UP-TO-DATE
[        ] Skipping task ':permission_handler_android:preDebugBuild' as it has no actions.
[        ] Resolve mutations for :permission_handler_android:writeDebugAarMetadata (Thread[#167,Execution worker,5,main]) started.
[        ] :permission_handler_android:writeDebugAarMetadata (Thread[#167,Execution worker,5,main]) started.
[  +92 ms] Resolve mutations for :record_android:preBuild (Thread[#170,Execution worker Thread 4,5,main]) started.
[        ] :record_android:preBuild (Thread[#170,Execution worker Thread 4,5,main]) started.
[        ] > Task :record_android:preBuild UP-TO-DATE
[        ] Skipping task ':record_android:preBuild' as it has no actions.
[        ] Resolve mutations for :record_android:preDebugBuild (Thread[#170,Execution worker Thread 4,5,main]) started.
[        ] :record_android:preDebugBuild (Thread[#170,Execution worker Thread 4,5,main]) started.
[        ] > Task :record_android:preDebugBuild UP-TO-DATE
[        ] Skipping task ':record_android:preDebugBuild' as it has no actions.
[        ] Resolve mutations for :record_android:writeDebugAarMetadata (Thread[#170,Execution worker Thread 4,5,main]) started.
[        ] :record_android:writeDebugAarMetadata (Thread[#170,Execution worker Thread 4,5,main]) started.
[        ] Resolve mutations for :app:cleanMergeDebugAssets (Thread[#166,included builds,5,main]) started.
[        ] :app:cleanMergeDebugAssets (Thread[#166,included builds,5,main]) started.
[        ] > Task :app:cleanMergeDebugAssets UP-TO-DATE
[        ] Caching disabled for task ':app:cleanMergeDebugAssets' because:
[        ]   Build cache is disabled
[        ] Task ':app:cleanMergeDebugAssets' is not up-to-date because:
[        ]   Task has not declared any outputs despite executing actions.
[        ] Resolve mutations for :app:mergeDebugShaders (Thread[#166,included builds,5,main]) started.
[        ] :app:mergeDebugShaders (Thread[#166,included builds,5,main]) started.
[        ] > Task :permission_handler_android:writeDebugAarMetadata
[        ] Caching disabled for task ':permission_handler_android:writeDebugAarMetadata' because:
[        ]   Build cache is disabled
[        ]   Caching has been disabled for the task
[        ] Task ':permission_handler_android:writeDebugAarMetadata' is not up-to-date because:
[        ]   No history is available.
[        ] > Task :path_provider_android:writeDebugAarMetadata
[        ] Caching disabled for task ':path_provider_android:writeDebugAarMetadata' because:
[        ]   Build cache is disabled
[        ]   Caching has been disabled for the task
[        ] Task ':path_provider_android:writeDebugAarMetadata' is not up-to-date because:
[        ]   No history is available.
[        ] > Task :record_android:writeDebugAarMetadata
[        ] Caching disabled for task ':record_android:writeDebugAarMetadata' because:
[        ]   Build cache is disabled
[        ]   Caching has been disabled for the task
[        ] Task ':record_android:writeDebugAarMetadata' is not up-to-date because:
[        ]   No history is available.
[ +106 ms] > Task :app:mergeDebugShaders
[        ] Caching disabled for task ':app:mergeDebugShaders' because:
[        ]   Build cache is disabled
[        ]   Simple merging task
[        ] Task ':app:mergeDebugShaders' is not up-to-date because:
[        ]   No history is available.
[        ] The input changes require a full rebuild for incremental task ':app:mergeDebugShaders'.
[        ] work action resolve aar-metadata.properties (project :record_android) (Thread[#166,included builds,5,main]) started.
[        ] work action resolve aar-metadata.properties (project :permission_handler_android) (Thread[#166,included builds,5,main]) started.
[        ] work action resolve aar-metadata.properties (project :path_provider_android) (Thread[#166,included builds,5,main]) started.
[        ] Resolve mutations for :app:checkDebugAarMetadata (Thread[#166,included builds,5,main]) started.
[        ] :app:checkDebugAarMetadata (Thread[#166,included builds,5,main]) started.
[+1985 ms] > Task :app:checkDebugAarMetadata
[        ] Resource missing. [HTTP GET: https://dl.google.com/dl/android/maven2/org/jetbrains/kotlin/kotlin-stdlib/2.2.20/kotlin-stdlib-2.2.20.pom]
[        ] Resource missing. [HTTP GET: https://dl.google.com/dl/android/maven2/io/flutter/arm64_v8a_debug/1.0.0-587c18f873b8ab57330422bce09047420d9c7f42/arm64_v8a_debug-1.0.0-587c18f873b8ab57330422bce09047420d9c7f42.pom]
[        ] Downloading https://repo.maven.apache.org/maven2/org/jetbrains/kotlin/kotlin-stdlib/2.2.20/kotlin-stdlib-2.2.20.pom to C:\Users\Volted User\.gradle\.tmp\gradle_download10187390972232301441bin
[        ] Resource missing. [HTTP GET: https://repo.maven.apache.org/maven2/io/flutter/arm64_v8a_debug/1.0.0-587c18f873b8ab57330422bce09047420d9c7f42/arm64_v8a_debug-1.0.0-587c18f873b8ab57330422bce09047420d9c7f42.pom]
[        ] Downloading https://repo.maven.apache.org/maven2/org/jetbrains/kotlin/kotlin-stdlib/2.2.20/kotlin-stdlib-2.2.20.module to C:\Users\Volted User\.gradle\.tmp\gradle_download600511456997559634bin
[        ] Downloading https://storage.googleapis.com/download.flutter.io/io/flutter/arm64_v8a_debug/1.0.0-587c18f873b8ab57330422bce09047420d9c7f42/arm64_v8a_debug-1.0.0-587c18f873b8ab57330422bce09047420d9c7f42.pom to C:\Users\Volted User\.gradle\.tmp\gradle_download7027967500415015595bin
[        ] Downloading https://dl.google.com/dl/android/maven2/androidx/annotation/annotation/1.9.1/annotation-1.9.1.pom to C:\Users\Volted User\.gradle\.tmp\gradle_download3986066212250298866bin
[        ] Resource missing. [HTTP GET: https://dl.google.com/dl/android/maven2/io/flutter/flutter_embedding_debug/1.0.0-587c18f873b8ab57330422bce09047420d9c7f42/flutter_embedding_debug-1.0.0-587c18f873b8ab57330422bce09047420d9c7f42.pom]
[        ] Resource missing. [HTTP GET: https://repo.maven.apache.org/maven2/io/flutter/flutter_embedding_debug/1.0.0-587c18f873b8ab57330422bce09047420d9c7f42/flutter_embedding_debug-1.0.0-587c18f873b8ab57330422bce09047420d9c7f42.pom]
[        ] Downloading https://storage.googleapis.com/download.flutter.io/io/flutter/flutter_embedding_debug/1.0.0-587c18f873b8ab57330422bce09047420d9c7f42/flutter_embedding_debug-1.0.0-587c18f873b8ab57330422bce09047420d9c7f42.pom to C:\Users\Volted User\.gradle\.tmp\gradle_download16869273389530807711bin
[        ] Downloading https://dl.google.com/dl/android/maven2/androidx/annotation/annotation/1.9.1/annotation-1.9.1.module to C:\Users\Volted User\.gradle\.tmp\gradle_download5084536117348950765bin
[        ] Downloading https://dl.google.com/dl/android/maven2/androidx/lifecycle/lifecycle-common/2.7.0/lifecycle-common-2.7.0.pom to C:\Users\Volted User\.gradle\.tmp\gradle_download382703920404746536bin
[        ] Downloading https://dl.google.com/dl/android/maven2/androidx/lifecycle/lifecycle-process/2.7.0/lifecycle-process-2.7.0.pom to C:\Users\Volted User\.gradle\.tmp\gradle_download10122127954030185443bin
[        ] Downloading https://dl.google.com/dl/android/maven2/androidx/lifecycle/lifecycle-common-java8/2.7.0/lifecycle-common-java8-2.7.0.pom to C:\Users\Volted User\.gradle\.tmp\gradle_download5466484030051281983bin
[        ] Downloading https://dl.google.com/dl/android/maven2/androidx/lifecycle/lifecycle-runtime/2.7.0/lifecycle-runtime-2.7.0.pom to C:\Users\Volted User\.gradle\.tmp\gradle_download7605586312359195832bin
[        ] Downloading https://dl.google.com/dl/android/maven2/androidx/tracing/tracing/1.2.0/tracing-1.2.0.pom to C:\Users\Volted User\.gradle\.tmp\gradle_download4254687390220789934bin
[        ] Downloading https://dl.google.com/dl/android/maven2/androidx/fragment/fragment/1.7.1/fragment-1.7.1.pom to C:\Users\Volted User\.gradle\.tmp\gradle_download9060997314580085364bin
[        ] Downloading https://dl.google.com/dl/android/maven2/androidx/tracing/tracing/1.2.0/tracing-1.2.0.module to C:\Users\Volted User\.gradle\.tmp\gradle_download12392241298062816774bin
[        ] Downloading https://dl.google.com/dl/android/maven2/androidx/lifecycle/lifecycle-process/2.7.0/lifecycle-process-2.7.0.module to C:\Users\Volted User\.gradle\.tmp\gradle_download15560164524103235213bin
[        ] Downloading https://dl.google.com/dl/android/maven2/androidx/lifecycle/lifecycle-runtime/2.7.0/lifecycle-runtime-2.7.0.module to C:\Users\Volted User\.gradle\.tmp\gradle_download17705801069050141874bin
[        ] Downloading https://dl.google.com/dl/android/maven2/androidx/lifecycle/lifecycle-common-java8/2.7.0/lifecycle-common-java8-2.7.0.module to C:\Users\Volted User\.gradle\.tmp\gradle_download9347470622200535425bin
[        ] Downloading https://dl.google.com/dl/android/maven2/androidx/lifecycle/lifecycle-common/2.7.0/lifecycle-common-2.7.0.module to C:\Users\Volted User\.gradle\.tmp\gradle_download8577665819158434368bin
[        ] Resource missing. [HTTP GET: https://dl.google.com/dl/android/maven2/com/getkeepsafe/relinker/relinker/1.4.5/relinker-1.4.5.pom]
[        ] Downloading https://dl.google.com/dl/android/maven2/androidx/core/core/1.13.1/core-1.13.1.pom to C:\Users\Volted User\.gradle\.tmp\gradle_download7609117903203079807bin
[        ] Downloading https://repo.maven.apache.org/maven2/com/getkeepsafe/relinker/relinker/1.4.5/relinker-1.4.5.pom to C:\Users\Volted User\.gradle\.tmp\gradle_download16222693742073756791bin
[        ] Downloading https://dl.google.com/dl/android/maven2/androidx/fragment/fragment/1.7.1/fragment-1.7.1.module to C:\Users\Volted User\.gradle\.tmp\gradle_download16204856724235265021bin
[        ] Downloading https://dl.google.com/dl/android/maven2/androidx/window/window-java/1.2.0/window-java-1.2.0.pom to C:\Users\Volted User\.gradle\.tmp\gradle_download18037643800627724749bin
[        ] Downloading https://repo.maven.apache.org/maven2/com/getkeepsafe/relinker/relinker/1.4.5/relinker-1.4.5.module to C:\Users\Volted User\.gradle\.tmp\gradle_download2271265872567044714bin
[ +105 ms] Downloading https://dl.google.com/dl/android/maven2/androidx/window/window-java/1.2.0/window-java-1.2.0.module to C:\Users\Volted User\.gradle\.tmp\gradle_download16153180753547469239bin
[        ] Downloading https://dl.google.com/dl/android/maven2/androidx/core/core/1.13.1/core-1.13.1.module to C:\Users\Volted User\.gradle\.tmp\gradle_download3757896522233743063bin
[ +201 ms] Resource missing. [HTTP GET: https://dl.google.com/dl/android/maven2/org/jetbrains/kotlinx/kotlinx-coroutines-android/1.7.1/kotlinx-coroutines-android-1.7.1.pom]
[  +93 ms] Downloading https://repo.maven.apache.org/maven2/org/jetbrains/kotlinx/kotlinx-coroutines-android/1.7.1/kotlinx-coroutines-android-1.7.1.pom to C:\Users\Volted User\.gradle\.tmp\gradle_download5425495052706352282bin
[        ] Resource missing. [HTTP GET: https://dl.google.com/dl/android/maven2/org/jetbrains/kotlinx/kotlinx-coroutines-core/1.7.1/kotlinx-coroutines-core-1.7.1.pom]
[        ] Downloading https://repo.maven.apache.org/maven2/org/jetbrains/kotlinx/kotlinx-coroutines-core/1.7.1/kotlinx-coroutines-core-1.7.1.pom to C:\Users\Volted User\.gradle\.tmp\gradle_download9326963061425317447bin
[ +200 ms] Resource missing. [HTTP GET: https://dl.google.com/dl/android/maven2/org/jetbrains/kotlinx/kotlinx-coroutines-bom/1.7.1/kotlinx-coroutines-bom-1.7.1.pom]
[  +93 ms] Downloading https://repo.maven.apache.org/maven2/org/jetbrains/kotlinx/kotlinx-coroutines-bom/1.7.1/kotlinx-coroutines-bom-1.7.1.pom to C:\Users\Volted User\.gradle\.tmp\gradle_download18155195631335496262bin
[        ] Downloading https://repo.maven.apache.org/maven2/org/jetbrains/kotlinx/kotlinx-coroutines-core/1.7.1/kotlinx-coroutines-core-1.7.1.module to C:\Users\Volted User\.gradle\.tmp\gradle_download10006881099497411136bin
[        ] Downloading https://repo.maven.apache.org/maven2/org/jetbrains/kotlinx/kotlinx-coroutines-android/1.7.1/kotlinx-coroutines-android-1.7.1.module to C:\Users\Volted User\.gradle\.tmp\gradle_download17997454492612211299bin
[ +201 ms] Downloading https://dl.google.com/dl/android/maven2/androidx/startup/startup-runtime/1.1.1/startup-runtime-1.1.1.pom to C:\Users\Volted User\.gradle\.tmp\gradle_download16423308833439598456bin
[ +311 ms] Downloading https://dl.google.com/dl/android/maven2/androidx/startup/startup-runtime/1.1.1/startup-runtime-1.1.1.module to C:\Users\Volted User\.gradle\.tmp\gradle_download14722870257368815121bin
[  +93 ms] Downloading https://dl.google.com/dl/android/maven2/androidx/profileinstaller/profileinstaller/1.3.0/profileinstaller-1.3.0.pom to C:\Users\Volted User\.gradle\.tmp\gradle_download183159150067500162bin
[   +1 ms] Downloading https://dl.google.com/dl/android/maven2/androidx/arch/core/core-common/2.2.0/core-common-2.2.0.pom to C:\Users\Volted User\.gradle\.tmp\gradle_download13845458607957452267bin
[        ] Downloading https://dl.google.com/dl/android/maven2/androidx/arch/core/core-runtime/2.2.0/core-runtime-2.2.0.pom to C:\Users\Volted User\.gradle\.tmp\gradle_download926934622837935464bin
[ +402 ms] Downloading https://dl.google.com/dl/android/maven2/androidx/profileinstaller/profileinstaller/1.3.0/profileinstaller-1.3.0.module to C:\Users\Volted User\.gradle\.tmp\gradle_download8345700038920615944bin
[        ] Downloading https://dl.google.com/dl/android/maven2/androidx/arch/core/core-common/2.2.0/core-common-2.2.0.module to C:\Users\Volted User\.gradle\.tmp\gradle_download10302216211926791068bin
[        ] Downloading https://dl.google.com/dl/android/maven2/androidx/arch/core/core-runtime/2.2.0/core-runtime-2.2.0.module to C:\Users\Volted User\.gradle\.tmp\gradle_download2754044994009889351bin
[ +202 ms] Downloading https://dl.google.com/dl/android/maven2/androidx/profileinstaller/profileinstaller/1.3.1/profileinstaller-1.3.1.pom to C:\Users\Volted User\.gradle\.tmp\gradle_download14715717359396859323bin
[ +288 ms] Downloading https://dl.google.com/dl/android/maven2/androidx/profileinstaller/profileinstaller/1.3.1/profileinstaller-1.3.1.module to C:\Users\Volted User\.gradle\.tmp\gradle_download6202347686177658933bin
[ +108 ms] Downloading https://dl.google.com/dl/android/maven2/androidx/savedstate/savedstate/1.2.1/savedstate-1.2.1.pom to C:\Users\Volted User\.gradle\.tmp\gradle_download4058292878222418318bin
[        ] Downloading https://dl.google.com/dl/android/maven2/androidx/annotation/annotation-experimental/1.4.0/annotation-experimental-1.4.0.pom to C:\Users\Volted User\.gradle\.tmp\gradle_download16716002931198991561bin
[        ] Downloading https://dl.google.com/dl/android/maven2/androidx/core/core-ktx/1.2.0/core-ktx-1.2.0.pom to C:\Users\Volted User\.gradle\.tmp\gradle_download3321754099385311959bin
[        ] Downloading https://dl.google.com/dl/android/maven2/androidx/loader/loader/1.0.0/loader-1.0.0.pom to C:\Users\Volted User\.gradle\.tmp\gradle_download8071801162451330175bin
[        ] Downloading https://dl.google.com/dl/android/maven2/androidx/collection/collection/1.1.0/collection-1.1.0.pom to C:\Users\Volted User\.gradle\.tmp\gradle_download10116297112426494769bin
[  +90 ms] Downloading https://dl.google.com/dl/android/maven2/androidx/activity/activity/1.8.1/activity-1.8.1.pom to C:\Users\Volted User\.gradle\.tmp\gradle_download11396105361903520738bin
[ +200 ms] Downloading https://dl.google.com/dl/android/maven2/androidx/activity/activity/1.8.1/activity-1.8.1.module to C:\Users\Volted User\.gradle\.tmp\gradle_download1285852105198897454bin
[        ] Downloading https://dl.google.com/dl/android/maven2/androidx/annotation/annotation-experimental/1.4.0/annotation-experimental-1.4.0.module to C:\Users\Volted User\.gradle\.tmp\gradle_download4349040878955854941bin
[ +107 ms] Downloading https://dl.google.com/dl/android/maven2/androidx/viewpager/viewpager/1.0.0/viewpager-1.0.0.pom to C:\Users\Volted User\.gradle\.tmp\gradle_download6289040818354444791bin
[  +93 ms] Downloading https://dl.google.com/dl/android/maven2/androidx/savedstate/savedstate/1.2.1/savedstate-1.2.1.module to C:\Users\Volted User\.gradle\.tmp\gradle_download8958383904821768833bin
[ +200 ms] Downloading https://dl.google.com/dl/android/maven2/androidx/lifecycle/lifecycle-viewmodel-savedstate/2.7.0/lifecycle-viewmodel-savedstate-2.7.0.pom to C:\Users\Volted User\.gradle\.tmp\gradle_download14588728246063814873bin
[        ] Downloading https://dl.google.com/dl/android/maven2/androidx/lifecycle/lifecycle-viewmodel/2.7.0/lifecycle-viewmodel-2.7.0.pom to C:\Users\Volted User\.gradle\.tmp\gradle_download92391690359301172bin
[ +199 ms] Downloading https://dl.google.com/dl/android/maven2/androidx/lifecycle/lifecycle-livedata-core/2.7.0/lifecycle-livedata-core-2.7.0.pom to C:\Users\Volted User\.gradle\.tmp\gradle_download13697515656459374481bin
[ +109 ms] Downloading https://dl.google.com/dl/android/maven2/androidx/lifecycle/lifecycle-livedata-core/2.7.0/lifecycle-livedata-core-2.7.0.module to C:\Users\Volted User\.gradle\.tmp\gradle_download5342559054059816885bin
[        ] Downloading https://dl.google.com/dl/android/maven2/androidx/lifecycle/lifecycle-viewmodel-savedstate/2.7.0/lifecycle-viewmodel-savedstate-2.7.0.module to C:\Users\Volted User\.gradle\.tmp\gradle_download456386489417045335bin
[  +92 ms] Downloading https://dl.google.com/dl/android/maven2/androidx/lifecycle/lifecycle-viewmodel/2.7.0/lifecycle-viewmodel-2.7.0.module to C:\Users\Volted User\.gradle\.tmp\gradle_download910491117761021001bin
[ +107 ms] Downloading https://dl.google.com/dl/android/maven2/androidx/core/core-ktx/1.13.1/core-ktx-1.13.1.pom to C:\Users\Volted User\.gradle\.tmp\gradle_download5606684895302790bin
[ +386 ms] Downloading https://dl.google.com/dl/android/maven2/androidx/core/core-ktx/1.13.1/core-ktx-1.13.1.module to C:\Users\Volted User\.gradle\.tmp\gradle_download12204203593112177180bin
[ +109 ms] Downloading https://dl.google.com/dl/android/maven2/androidx/concurrent/concurrent-futures/1.0.0/concurrent-futures-1.0.0.pom to C:\Users\Volted User\.gradle\.tmp\gradle_download1295080684802047918bin
[        ] Downloading https://dl.google.com/dl/android/maven2/androidx/interpolator/interpolator/1.0.0/interpolator-1.0.0.pom to C:\Users\Volted User\.gradle\.tmp\gradle_download3057528529692306939bin
[        ] Downloading https://dl.google.com/dl/android/maven2/androidx/versionedparcelable/versionedparcelable/1.1.1/versionedparcelable-1.1.1.pom to C:\Users\Volted User\.gradle\.tmp\gradle_download11183724459556464566bin
[ +401 ms] Downloading https://dl.google.com/dl/android/maven2/androidx/window/window/1.2.0/window-1.2.0.pom to C:\Users\Volted User\.gradle\.tmp\gradle_download16862847138040488020bin
[  +92 ms] Downloading https://dl.google.com/dl/android/maven2/androidx/window/window/1.2.0/window-1.2.0.module to C:\Users\Volted User\.gradle\.tmp\gradle_download9501120460421223343bin
[ +403 ms] Resource missing. [HTTP GET: https://dl.google.com/dl/android/maven2/org/jetbrains/kotlinx/kotlinx-coroutines-core-jvm/1.7.1/kotlinx-coroutines-core-jvm-1.7.1.pom]
[        ] Downloading https://repo.maven.apache.org/maven2/org/jetbrains/kotlinx/kotlinx-coroutines-core-jvm/1.7.1/kotlinx-coroutines-core-jvm-1.7.1.pom to C:\Users\Volted User\.gradle\.tmp\gradle_download3238724086931304135bin
[        ] Downloading https://repo.maven.apache.org/maven2/org/jetbrains/kotlinx/kotlinx-coroutines-core-jvm/1.7.1/kotlinx-coroutines-core-jvm-1.7.1.module to C:\Users\Volted User\.gradle\.tmp\gradle_download10484448403304302351bin
[ +202 ms] Downloading https://dl.google.com/dl/android/maven2/androidx/concurrent/concurrent-futures/1.1.0/concurrent-futures-1.1.0.pom to C:\Users\Volted User\.gradle\.tmp\gradle_download9452019191789229069bin
[ +292 ms] Downloading https://dl.google.com/dl/android/maven2/androidx/concurrent/concurrent-futures/1.1.0/concurrent-futures-1.1.0.module to C:\Users\Volted User\.gradle\.tmp\gradle_download2321917830280159726bin
[ +201 ms] Resource missing. [HTTP GET: https://dl.google.com/dl/android/maven2/com/google/guava/listenablefuture/1.0/listenablefuture-1.0.pom]
[        ] Downloading https://repo.maven.apache.org/maven2/com/google/guava/listenablefuture/1.0/listenablefuture-1.0.pom to C:\Users\Volted User\.gradle\.tmp\gradle_download5146775500251871601bin
[ +198 ms] Downloading https://dl.google.com/dl/android/maven2/androidx/lifecycle/lifecycle-livedata/2.7.0/lifecycle-livedata-2.7.0.pom to C:\Users\Volted User\.gradle\.tmp\gradle_download7525952955073678889bin
[ +404 ms] Downloading https://dl.google.com/dl/android/maven2/androidx/lifecycle/lifecycle-livedata/2.7.0/lifecycle-livedata-2.7.0.module to C:\Users\Volted User\.gradle\.tmp\gradle_download7443593594369443962bin
[  +92 ms] Downloading https://dl.google.com/dl/android/maven2/androidx/customview/customview/1.0.0/customview-1.0.0.pom to C:\Users\Volted User\.gradle\.tmp\gradle_download2512447353395888609bin
[ +401 ms] Downloading https://dl.google.com/dl/android/maven2/androidx/window/extensions/core/core/1.0.0/core-1.0.0.pom to C:\Users\Volted User\.gradle\.tmp\gradle_download11121917524104318709bin
[ +200 ms] Downloading https://dl.google.com/dl/android/maven2/androidx/window/extensions/core/core/1.0.0/core-1.0.0.module to C:\Users\Volted User\.gradle\.tmp\gradle_download11751452804108121293bin
[ +201 ms] Resource missing. [HTTP GET: https://dl.google.com/dl/android/maven2/org/jetbrains/kotlin/kotlin-stdlib-common/2.2.20/kotlin-stdlib-common-2.2.20.pom]
[        ] Downloading https://repo.maven.apache.org/maven2/org/jetbrains/kotlin/kotlin-stdlib-common/2.2.20/kotlin-stdlib-common-2.2.20.pom to C:\Users\Volted User\.gradle\.tmp\gradle_download2600900483637649744bin
[ +107 ms] Downloading https://repo.maven.apache.org/maven2/org/jetbrains/kotlin/kotlin-stdlib-common/2.2.20/kotlin-stdlib-common-2.2.20.module to C:\Users\Volted User\.gradle\.tmp\gradle_download17022908615741780349bin
[  +91 ms] Downloading https://dl.google.com/dl/android/maven2/androidx/lifecycle/lifecycle-livedata-core-ktx/2.7.0/lifecycle-livedata-core-ktx-2.7.0.pom to C:\Users\Volted User\.gradle\.tmp\gradle_download2492689351286011331bin
[ +401 ms] Downloading https://dl.google.com/dl/android/maven2/androidx/lifecycle/lifecycle-livedata-core-ktx/2.7.0/lifecycle-livedata-core-ktx-2.7.0.module to C:\Users\Volted User\.gradle\.tmp\gradle_download14575843268360407956bin
[ +110 ms] Resource missing. [HTTP GET: https://dl.google.com/dl/android/maven2/org/jetbrains/kotlin/kotlin-stdlib-jdk8/1.8.20/kotlin-stdlib-jdk8-1.8.20.pom]
[        ] Downloading https://repo.maven.apache.org/maven2/org/jetbrains/kotlin/kotlin-stdlib-jdk8/1.8.20/kotlin-stdlib-jdk8-1.8.20.pom to C:\Users\Volted User\.gradle\.tmp\gradle_download611853164160505944bin
[ +389 ms] Resource missing. [HTTP GET: https://dl.google.com/dl/android/maven2/org/jetbrains/kotlin/kotlin-stdlib-jdk7/1.8.20/kotlin-stdlib-jdk7-1.8.20.pom]
[        ] Downloading https://repo.maven.apache.org/maven2/org/jetbrains/kotlin/kotlin-stdlib-jdk7/1.8.20/kotlin-stdlib-jdk7-1.8.20.pom to C:\Users\Volted User\.gradle\.tmp\gradle_download12913412312107798659bin
[ +200 ms] Downloading https://dl.google.com/dl/android/maven2/androidx/fragment/fragment/1.7.1/fragment-1.7.1.aar to C:\Users\Volted User\.gradle\.tmp\gradle_download13650097909197557131bin
[        ] Downloading https://dl.google.com/dl/android/maven2/androidx/window/window-java/1.2.0/window-java-1.2.0.aar to C:\Users\Volted User\.gradle\.tmp\gradle_download5440444085211859002bin
[        ] Downloading https://dl.google.com/dl/android/maven2/androidx/window/window/1.2.0/window-1.2.0.aar to C:\Users\Volted User\.gradle\.tmp\gradle_download4367936015666020792bin
[        ] Downloading https://dl.google.com/dl/android/maven2/androidx/activity/activity/1.8.1/activity-1.8.1.aar to C:\Users\Volted User\.gradle\.tmp\gradle_download8397691199295284392bin
[        ] Caching disabled for ExtractAarTransform: C:\Users\Volted User\.gradle\caches\modules-2\files-2.1\androidx.window\window-java\1.2.0\924d0a3ca93fac4acb32c6a972e9fa1e283f1f07\window-java-1.2.0.aar because:
[        ]   Build cache is disabled
[        ]   Caching not enabled.
[ +215 ms] Caching disabled for ExtractAarTransform: C:\Users\Volted User\.gradle\caches\modules-2\files-2.1\androidx.activity\activity\1.8.1\144ff894c8c32584ca9e99ebae0a2a28b294d371\activity-1.8.1.aar because:
[        ]   Build cache is disabled
[        ]   Caching not enabled.
[        ] Caching disabled for ExtractAarTransform: C:\Users\Volted User\.gradle\caches\modules-2\files-2.1\androidx.window\window\1.2.0\1d080d0a72684227bf6eb9af56264542708f8d16\window-1.2.0.aar because:
[        ]   Build cache is disabled
[        ]   Caching not enabled.
[        ] Caching disabled for ExtractAarTransform: C:\Users\Volted User\.gradle\caches\modules-2\files-2.1\androidx.fragment\fragment\1.7.1\c7d4fcacda7c02f3b29e4d232f5f21cfa6aa7451\fragment-1.7.1.aar because:
[        ]   Build cache is disabled
[        ]   Caching not enabled.
[  +87 ms] Downloading https://dl.google.com/dl/android/maven2/androidx/viewpager/viewpager/1.0.0/viewpager-1.0.0.aar to C:\Users\Volted User\.gradle\.tmp\gradle_download14946560506531907038bin
[  +94 ms] Downloading https://dl.google.com/dl/android/maven2/androidx/loader/loader/1.0.0/loader-1.0.0.aar to C:\Users\Volted User\.gradle\.tmp\gradle_download8826437840310433666bin
[        ] Caching disabled for ExtractAarTransform: C:\Users\Volted User\.gradle\caches\modules-2\files-2.1\androidx.viewpager\viewpager\1.0.0\1f90e13820f96c2fb868f9674079a551678d68b2\viewpager-1.0.0.aar because:
[   +3 ms]   Build cache is disabled
[        ]   Caching not enabled.
[        ] Caching disabled for ExtractAarTransform: C:\Users\Volted User\.gradle\caches\modules-2\files-2.1\androidx.loader\loader\1.0.0\8af8b6cec0da85c207d03e15840e0722cbc71e70\loader-1.0.0.aar because:
[        ]   Build cache is disabled
[        ]   Caching not enabled.
[ +200 ms] Caching disabled for AarTransform: C:\Users\Volted User\.gradle\caches\8.14\transforms\7217e782825a2d4d49e286a23835439b\transformed\window-1.2.0 because:
[        ]   Build cache is disabled
[        ]   Caching not enabled.
[ +126 ms] Caching disabled for AarTransform: C:\Users\Volted User\.gradle\caches\8.14\transforms\684fec45a4a4620be950d54dccaf82cd\transformed\window-java-1.2.0 because:
[        ]   Build cache is disabled
[        ]   Caching not enabled.
[        ] Downloading https://dl.google.com/dl/android/maven2/androidx/lifecycle/lifecycle-livedata-core-ktx/2.7.0/lifecycle-livedata-core-ktx-2.7.0.aar to C:\Users\Volted User\.gradle\.tmp\gradle_download15958828929634558520bin
[  +65 ms] Caching disabled for ExtractAarTransform: C:\Users\Volted User\.gradle\caches\modules-2\files-2.1\androidx.lifecycle\lifecycle-livedata-core-ktx\2.7.0\746c75e5d0a819d11e255ad137083a51c746e953\lifecycle-livedata-core-ktx-2.7.0.aar because:
[        ]   Build cache is disabled
[        ]   Caching not enabled.
[        ] Caching disabled for AarTransform: C:\Users\Volted User\.gradle\caches\8.14\transforms\1e42bd289ddf0f442a3fc01efb84d3ba\transformed\activity-1.8.1 because:
[        ]   Build cache is disabled
[        ]   Caching not enabled.
[ +108 ms] Caching disabled for AarTransform: C:\Users\Volted User\.gradle\caches\8.14\transforms\0b8c65722c66640cf120e60317d42362\transformed\loader-1.0.0 because:
[        ]   Build cache is disabled
[        ]   Caching not enabled.
[        ] Caching disabled for AarTransform: C:\Users\Volted User\.gradle\caches\8.14\transforms\7be6cf4f52d84b0f524b317232df5d4c\transformed\viewpager-1.0.0 because:
[        ]   Build cache is disabled
[        ]   Caching not enabled.
[  +86 ms] Caching disabled for AarTransform: C:\Users\Volted User\.gradle\caches\8.14\transforms\5fb50349239706e8a6594e22cd560397\transformed\fragment-1.7.1 because:
[        ]   Build cache is disabled
[        ]   Caching not enabled.
[        ] Downloading https://dl.google.com/dl/android/maven2/androidx/lifecycle/lifecycle-viewmodel/2.7.0/lifecycle-viewmodel-2.7.0.aar to C:\Users\Volted User\.gradle\.tmp\gradle_download13921480921872209940bin
[ +107 ms] Caching disabled for ExtractAarTransform: C:\Users\Volted User\.gradle\caches\modules-2\files-2.1\androidx.lifecycle\lifecycle-viewmodel\2.7.0\ea64fb2e504d200f2b7f03c76f51edd7e9ef62a9\lifecycle-viewmodel-2.7.0.aar because:
[        ]   Build cache is disabled
[        ]   Caching not enabled.
[        ] Downloading https://dl.google.com/dl/android/maven2/androidx/lifecycle/lifecycle-livedata/2.7.0/lifecycle-livedata-2.7.0.aar to C:\Users\Volted User\.gradle\.tmp\gradle_download5435146160559758157bin
[        ] Downloading https://dl.google.com/dl/android/maven2/androidx/lifecycle/lifecycle-livedata-core/2.7.0/lifecycle-livedata-core-2.7.0.aar to C:\Users\Volted User\.gradle\.tmp\gradle_download16770921973260611431bin
[        ] Caching disabled for ExtractAarTransform: C:\Users\Volted User\.gradle\caches\modules-2\files-2.1\androidx.lifecycle\lifecycle-livedata-core\2.7.0\d95c9c0b74a6b9882c416c688f6cf201dc416bed\lifecycle-livedata-core-2.7.0.aar because:
[        ]   Build cache is disabled
[        ]   Caching not enabled.
[        ] Caching disabled for ExtractAarTransform: C:\Users\Volted User\.gradle\caches\modules-2\files-2.1\androidx.lifecycle\lifecycle-livedata\2.7.0\42ad14e1ee00719636e31a36e8cd50d7ce5c45c6\lifecycle-livedata-2.7.0.aar because:
[        ]   Build cache is disabled
[        ]   Caching not enabled.
[  +91 ms] Caching disabled for AarTransform: C:\Users\Volted User\.gradle\caches\8.14\transforms\95ee91d8a897d16eed1ef302f2de9371\transformed\lifecycle-livedata-core-ktx-2.7.0 because:
[        ]   Build cache is disabled
[        ]   Caching not enabled.
[ +105 ms] Caching disabled for AarTransform: C:\Users\Volted User\.gradle\caches\8.14\transforms\ee9028989d5df242a30968eb14819a13\transformed\lifecycle-livedata-2.7.0 because:
[        ]   Build cache is disabled
[        ]   Caching not enabled.
[  +91 ms] Downloading https://dl.google.com/dl/android/maven2/androidx/core/core-ktx/1.13.1/core-ktx-1.13.1.aar to C:\Users\Volted User\.gradle\.tmp\gradle_download18273292771620058553bin
[        ] Caching disabled for AarTransform: C:\Users\Volted User\.gradle\caches\8.14\transforms\134d38681951a9cb59e105fa43ce6ab5\transformed\lifecycle-livedata-core-2.7.0 because:
[        ]   Build cache is disabled
[        ]   Caching not enabled.
[ +106 ms] Downloading https://dl.google.com/dl/android/maven2/androidx/lifecycle/lifecycle-viewmodel-savedstate/2.7.0/lifecycle-viewmodel-savedstate-2.7.0.aar to C:\Users\Volted User\.gradle\.tmp\gradle_download17251980226612164270bin
[        ] Caching disabled for ExtractAarTransform: C:\Users\Volted User\.gradle\caches\modules-2\files-2.1\androidx.core\core-ktx\1.13.1\f595b8c10fad9099f71a3c1fc6ded1c9b5010190\core-ktx-1.13.1.aar because:
[        ]   Build cache is disabled
[        ]   Caching not enabled.
[        ] Caching disabled for ExtractAarTransform: C:\Users\Volted User\.gradle\caches\modules-2\files-2.1\androidx.lifecycle\lifecycle-viewmodel-savedstate\2.7.0\1fa14bde5efb3a96fa4fb8ced995f7fdfe99dfd\lifecycle-viewmodel-savedstate-2.7.0.aar because:
[        ]   Build cache is disabled
[        ]   Caching not enabled.
[  +92 ms] Caching disabled for AarTransform: C:\Users\Volted User\.gradle\caches\8.14\transforms\bd7e8451c9c7af9c0727ed7672bd833e\transformed\core-ktx-1.13.1 because:
[        ]   Build cache is disabled
[        ]   Caching not enabled.
[ +106 ms] Caching disabled for AarTransform: C:\Users\Volted User\.gradle\caches\8.14\transforms\608dfc9e2582f51b81c1485fd62d55da\transformed\lifecycle-viewmodel-2.7.0 because:
[        ]   Build cache is disabled
[        ]   Caching not enabled.
[        ] Downloading https://dl.google.com/dl/android/maven2/androidx/customview/customview/1.0.0/customview-1.0.0.aar to C:\Users\Volted User\.gradle\.tmp\gradle_download17044353199367491691bin
[        ] Caching disabled for ExtractAarTransform: C:\Users\Volted User\.gradle\caches\modules-2\files-2.1\androidx.customview\customview\1.0.0\30f5ff6075d112f8076e733b24410e68159735b6\customview-1.0.0.aar because:
[        ]   Build cache is disabled
[        ]   Caching not enabled.
[  +92 ms] Downloading https://dl.google.com/dl/android/maven2/androidx/core/core/1.13.1/core-1.13.1.aar to C:\Users\Volted User\.gradle\.tmp\gradle_download5791479916484779695bin
[ +213 ms] Caching disabled for AarTransform: C:\Users\Volted User\.gradle\caches\8.14\transforms\57a4845aed7b5ba78f501c04d4c94c43\transformed\lifecycle-viewmodel-savedstate-2.7.0 because:
[        ]   Build cache is disabled
[        ]   Caching not enabled.
[        ] Caching disabled for AarTransform: C:\Users\Volted User\.gradle\caches\8.14\transforms\00a453ff382677488707e15bb6af4386\transformed\customview-1.0.0 because:
[        ]   Build cache is disabled
[        ]   Caching not enabled.
[        ] Caching disabled for ExtractAarTransform: C:\Users\Volted User\.gradle\caches\modules-2\files-2.1\androidx.core\core\1.13.1\4606d420282fe1e5c8d5c4e647ec188e1045b7be\core-1.13.1.aar because:
[        ]   Build cache is disabled
[        ]   Caching not enabled.
[  +95 ms] Downloading https://dl.google.com/dl/android/maven2/androidx/lifecycle/lifecycle-process/2.7.0/lifecycle-process-2.7.0.aar to C:\Users\Volted User\.gradle\.tmp\gradle_download14615895310323759588bin
[ +102 ms] Caching disabled for ExtractAarTransform: C:\Users\Volted User\.gradle\caches\modules-2\files-2.1\androidx.lifecycle\lifecycle-process\2.7.0\10fc9ecc045a9931724c43e710c55680a772d96a\lifecycle-process-2.7.0.aar because:
[        ]   Build cache is disabled
[        ]   Caching not enabled.
[ +296 ms] Caching disabled for AarTransform: C:\Users\Volted User\.gradle\caches\8.14\transforms\70c7f9c93d870d55aa75fb2befc1cc77\transformed\lifecycle-process-2.7.0 because:
[        ]   Build cache is disabled
[        ]   Caching not enabled.
[        ] Downloading https://dl.google.com/dl/android/maven2/androidx/lifecycle/lifecycle-runtime/2.7.0/lifecycle-runtime-2.7.0.aar to C:\Users\Volted User\.gradle\.tmp\gradle_download6972063742004114750bin
[        ] Caching disabled for ExtractAarTransform: C:\Users\Volted User\.gradle\caches\modules-2\files-2.1\androidx.lifecycle\lifecycle-runtime\2.7.0\e46d7c73ab6cb3e288f51a0ad96bf372e90ceb31\lifecycle-runtime-2.7.0.aar because:
[        ]   Build cache is disabled
[        ]   Caching not enabled.
[  +88 ms] Downloading https://dl.google.com/dl/android/maven2/androidx/savedstate/savedstate/1.2.1/savedstate-1.2.1.aar to C:\Users\Volted User\.gradle\.tmp\gradle_download14753956361721291011bin
[        ] Caching disabled for ExtractAarTransform: C:\Users\Volted User\.gradle\caches\modules-2\files-2.1\androidx.savedstate\savedstate\1.2.1\e364fc9dec32aa569d855f85864e50250318a093\savedstate-1.2.1.aar because:
[        ]   Build cache is disabled
[        ]   Caching not enabled.
[ +200 ms] Caching disabled for AarTransform: C:\Users\Volted User\.gradle\caches\8.14\transforms\81bfdcaf88a095985faf642cd08a6310\transformed\lifecycle-runtime-2.7.0 because:
[        ]   Build cache is disabled
[        ]   Caching not enabled.
[ +108 ms] Caching disabled for AarTransform: C:\Users\Volted User\.gradle\caches\8.14\transforms\a3c4bf2e80a7e6a2d3bfce7149bfaf69\transformed\savedstate-1.2.1 because:
[        ]   Build cache is disabled
[        ]   Caching not enabled.
[ +200 ms] Downloading https://dl.google.com/dl/android/maven2/androidx/profileinstaller/profileinstaller/1.3.1/profileinstaller-1.3.1.aar to C:\Users\Volted User\.gradle\.tmp\gradle_download16800567527937816884bin
[        ] Caching disabled for ExtractAarTransform: C:\Users\Volted User\.gradle\caches\modules-2\files-2.1\androidx.profileinstaller\profileinstaller\1.3.1\c0bac819b4f88a648011542273373d1e5093e3a7\profileinstaller-1.3.1.aar because:
[        ]   Build cache is disabled
[        ]   Caching not enabled.
[+1095 ms] Caching disabled for AarTransform: C:\Users\Volted User\.gradle\caches\8.14\transforms\df5ed31f6e2668fd0cb1284d2affc9c1\transformed\profileinstaller-1.3.1 because:
[        ]   Build cache is disabled
[        ]   Caching not enabled.
[        ] Caching disabled for AarTransform: C:\Users\Volted User\.gradle\caches\8.14\transforms\8cb437de8fdac72e2de918f9ee215ca3\transformed\core-1.13.1 because:
[        ]   Build cache is disabled
[        ]   Caching not enabled.
[  +92 ms] Downloading https://dl.google.com/dl/android/maven2/androidx/startup/startup-runtime/1.1.1/startup-runtime-1.1.1.aar to C:\Users\Volted User\.gradle\.tmp\gradle_download12950845936384839313bin
[        ] Caching disabled for ExtractAarTransform: C:\Users\Volted User\.gradle\caches\modules-2\files-2.1\androidx.startup\startup-runtime\1.1.1\9d4ba67056aff98b69eadc1477c19a1e67cb9470\startup-runtime-1.1.1.aar because:
[        ]   Build cache is disabled
[        ]   Caching not enabled.
[        ] Downloading https://dl.google.com/dl/android/maven2/androidx/tracing/tracing/1.2.0/tracing-1.2.0.aar to C:\Users\Volted User\.gradle\.tmp\gradle_download6933225371452690169bin
[        ] Caching disabled for ExtractAarTransform: C:\Users\Volted User\.gradle\caches\modules-2\files-2.1\androidx.tracing\tracing\1.2.0\a6ac2cc501278fdc99c56b428548e0cd1e9300f7\tracing-1.2.0.aar because:
[        ]   Build cache is disabled
[        ]   Caching not enabled.
[        ] Downloading https://dl.google.com/dl/android/maven2/androidx/arch/core/core-runtime/2.2.0/core-runtime-2.2.0.aar to C:\Users\Volted User\.gradle\.tmp\gradle_download3553801044542340634bin
[        ] Downloading https://dl.google.com/dl/android/maven2/androidx/window/extensions/core/core/1.0.0/core-1.0.0.aar to C:\Users\Volted User\.gradle\.tmp\gradle_download596796502627741209bin
[ +109 ms] Caching disabled for ExtractAarTransform: C:\Users\Volted User\.gradle\caches\modules-2\files-2.1\androidx.window.extensions.core\core\1.0.0\f755f474ef8f4ff78ba7f6cbd8146ab6a383a557\core-1.0.0.aar because:
[   +1 ms]   Build cache is disabled
[        ]   Caching not enabled.
[        ] Caching disabled for ExtractAarTransform: C:\Users\Volted User\.gradle\caches\modules-2\files-2.1\androidx.arch.core\core-runtime\2.2.0\39705982680d78556b679ef9d5400d4f17509b0b\core-runtime-2.2.0.aar because:
[        ]   Build cache is disabled
[        ]   Caching not enabled.
[        ] Caching disabled for AarTransform: C:\Users\Volted User\.gradle\caches\8.14\transforms\f33585d6fc1e1b2a34e4c1d736d386ca\transformed\tracing-1.2.0 because:
[        ]   Build cache is disabled
[        ]   Caching not enabled.
[  +91 ms] Caching disabled for AarTransform: C:\Users\Volted User\.gradle\caches\8.14\transforms\95cdd7ca87255f13e4af9ad26a5e03dc\transformed\core-runtime-2.2.0 because:
[        ]   Build cache is disabled
[        ]   Caching not enabled.
[ +105 ms] Caching disabled for AarTransform: C:\Users\Volted User\.gradle\caches\8.14\transforms\8b553870adc7ac07c61aa64705ec7f72\transformed\core-1.0.0 because:
[        ]   Build cache is disabled
[        ]   Caching not enabled.
[        ] Downloading https://repo.maven.apache.org/maven2/com/getkeepsafe/relinker/relinker/1.4.5/relinker-1.4.5.aar to C:\Users\Volted User\.gradle\.tmp\gradle_download8973725560572812809bin
[        ] Caching disabled for ExtractAarTransform: C:\Users\Volted User\.gradle\caches\modules-2\files-2.1\com.getkeepsafe.relinker\relinker\1.4.5\222d7b0624248da9336bbfccff8a129e3e280ce8\relinker-1.4.5.aar because:
[        ]   Build cache is disabled
[        ]   Caching not enabled.
[  +94 ms] Downloading https://dl.google.com/dl/android/maven2/androidx/annotation/annotation-experimental/1.4.0/annotation-experimental-1.4.0.aar to C:\Users\Volted User\.gradle\.tmp\gradle_download14214773203436094693bin
[   +1 ms] Downloading https://dl.google.com/dl/android/maven2/androidx/versionedparcelable/versionedparcelable/1.1.1/versionedparcelable-1.1.1.aar to C:\Users\Volted User\.gradle\.tmp\gradle_download5226083113195661781bin
[   +1 ms] Downloading https://dl.google.com/dl/android/maven2/androidx/interpolator/interpolator/1.0.0/interpolator-1.0.0.aar to C:\Users\Volted User\.gradle\.tmp\gradle_download1145551255989363158bin
[        ] Caching disabled for AarTransform: C:\Users\Volted User\.gradle\caches\8.14\transforms\fac3bdbb065ba11aedd38e2ea2c0656c\transformed\startup-runtime-1.1.1 because:
[        ]   Build cache is disabled
[        ]   Caching not enabled.
[        ] Caching disabled for ExtractAarTransform: C:\Users\Volted User\.gradle\caches\modules-2\files-2.1\androidx.annotation\annotation-experimental\1.4.0\c7a2038d831d0cfbfb9a440890b287c2e839ecf\annotation-experimental-1.4.0.aar because:
[        ]   Build cache is disabled
[        ]   Caching not enabled.
[ +103 ms] Caching disabled for ExtractAarTransform: C:\Users\Volted User\.gradle\caches\modules-2\files-2.1\androidx.interpolator\interpolator\1.0.0\8a01fa254a23b9388571eb6334b03707c7d122d7\interpolator-1.0.0.aar because:
[        ]   Build cache is disabled
[   +6 ms]   Caching not enabled.
[        ] Caching disabled for ExtractAarTransform: C:\Users\Volted User\.gradle\caches\modules-2\files-2.1\androidx.versionedparcelable\versionedparcelable\1.1.1\18e18071e7715679e0593c570217edeb5ca48b9e\versionedparcelable-1.1.1.aar because:
[        ]   Build cache is disabled
[        ]   Caching not enabled.
[  +83 ms] Caching disabled for AarTransform: C:\Users\Volted User\.gradle\caches\8.14\transforms\875ffbd89ac9c7dfd0a91922397ce327\transformed\interpolator-1.0.0 because:
[        ]   Build cache is disabled
[        ]   Caching not enabled.
[ +232 ms] Caching disabled for AarTransform: C:\Users\Volted User\.gradle\caches\8.14\transforms\15a558128bbbec921e6710294f0a125f\transformed\relinker-1.4.5 because:
[        ]   Build cache is disabled
[        ]   Caching not enabled.
[        ] Caching disabled for AarTransform: C:\Users\Volted User\.gradle\caches\8.14\transforms\75c850d93edffb1f0e79a2b1090091ce\transformed\versionedparcelable-1.1.1 because:
[        ]   Build cache is disabled
[        ]   Caching not enabled.
[  +81 ms] Caching disabled for AarTransform: C:\Users\Volted User\.gradle\caches\8.14\transforms\44f201f6ae2e842e99898292414fc732\transformed\annotation-experimental-1.4.0 because:
[        ]   Build cache is disabled
[        ]   Caching not enabled.
[        ] Caching disabled for task ':app:checkDebugAarMetadata' because:
[        ]   Build cache is disabled
[        ]   Caching has been disabled for the task
[        ] Task ':app:checkDebugAarMetadata' is not up-to-date because:
[        ]   No history is available.
[        ] Resolve mutations for :app:compileDebugShaders (Thread[#170,Execution worker Thread 4,5,main]) started.
[        ] :app:compileDebugShaders (Thread[#170,Execution worker Thread 4,5,main]) started.
[        ] > Task :app:compileDebugShaders NO-SOURCE
[        ] Skipping task ':app:compileDebugShaders' as it has no source files and no previous output files.
[        ] Resolve mutations for :app:generateDebugAssets (Thread[#170,Execution worker Thread 4,5,main]) started.
[        ] :app:generateDebugAssets (Thread[#170,Execution worker Thread 4,5,main]) started.
[        ] > Task :app:generateDebugAssets UP-TO-DATE
[        ] Skipping task ':app:generateDebugAssets' as it has no actions.
[        ] Resolve mutations for :path_provider_android:mergeDebugShaders (Thread[#170,Execution worker Thread 4,5,main]) started.
[        ] :path_provider_android:mergeDebugShaders (Thread[#170,Execution worker Thread 4,5,main]) started.
[        ] > Task :path_provider_android:mergeDebugShaders
[        ] Caching disabled for task ':path_provider_android:mergeDebugShaders' because:
[        ]   Build cache is disabled
[        ]   Simple merging task
[        ] Task ':path_provider_android:mergeDebugShaders' is not up-to-date because:
[   +2 ms]   No history is available.
[        ] The input changes require a full rebuild for incremental task ':path_provider_android:mergeDebugShaders'.
[        ] Resolve mutations for :path_provider_android:compileDebugShaders (Thread[#170,Execution worker Thread 4,5,main]) started.
[        ] :path_provider_android:compileDebugShaders (Thread[#170,Execution worker Thread 4,5,main]) started.
[        ] > Task :path_provider_android:compileDebugShaders NO-SOURCE
[        ] Skipping task ':path_provider_android:compileDebugShaders' as it has no source files and no previous output files.
[        ] Resolve mutations for :path_provider_android:generateDebugAssets (Thread[#170,Execution worker Thread 4,5,main]) started.
[        ] :path_provider_android:generateDebugAssets (Thread[#170,Execution worker Thread 4,5,main]) started.
[        ] > Task :path_provider_android:generateDebugAssets UP-TO-DATE
[        ] Skipping task ':path_provider_android:generateDebugAssets' as it has no actions.
[        ] Resolve mutations for :path_provider_android:mergeDebugAssets (Thread[#170,Execution worker Thread 4,5,main]) started.
[        ] :path_provider_android:mergeDebugAssets (Thread[#169,Execution worker Thread 3,5,main]) started.
[        ] > Task :path_provider_android:mergeDebugAssets
[        ] Caching disabled for task ':path_provider_android:mergeDebugAssets' because:
[        ]   Build cache is disabled
[        ]   Simple merging task
[        ] Task ':path_provider_android:mergeDebugAssets' is not up-to-date because:
[        ]   No history is available.
[        ] The input changes require a full rebuild for incremental task ':path_provider_android:mergeDebugAssets'.
[        ] work action resolve mergeDebugAssets (project :path_provider_android) (Thread[#169,Execution worker Thread 3,5,main]) started.
[        ] Resolve mutations for :permission_handler_android:mergeDebugShaders (Thread[#169,Execution worker Thread 3,5,main]) started.
[        ] :permission_handler_android:mergeDebugShaders (Thread[#169,Execution worker Thread 3,5,main]) started.
[  +88 ms] > Task :permission_handler_android:mergeDebugShaders
[        ] Caching disabled for task ':permission_handler_android:mergeDebugShaders' because:
[   +2 ms]   Build cache is disabled
[        ]   Simple merging task
[        ] Task ':permission_handler_android:mergeDebugShaders' is not up-to-date because:
[   +1 ms]   No history is available.
[        ] The input changes require a full rebuild for incremental task ':permission_handler_android:mergeDebugShaders'.
[        ] Resolve mutations for :permission_handler_android:compileDebugShaders (Thread[#169,Execution worker Thread 3,5,main]) started.
[        ] :permission_handler_android:compileDebugShaders (Thread[#169,Execution worker Thread 3,5,main]) started.
[        ] > Task :permission_handler_android:compileDebugShaders NO-SOURCE
[        ] Skipping task ':permission_handler_android:compileDebugShaders' as it has no source files and no previous output files.
[        ] Resolve mutations for :permission_handler_android:generateDebugAssets (Thread[#169,Execution worker Thread 3,5,main]) started.
[        ] :permission_handler_android:generateDebugAssets (Thread[#169,Execution worker Thread 3,5,main]) started.
[        ] > Task :permission_handler_android:generateDebugAssets UP-TO-DATE
[        ] Skipping task ':permission_handler_android:generateDebugAssets' as it has no actions.
[        ] Resolve mutations for :permission_handler_android:mergeDebugAssets (Thread[#169,Execution worker Thread 3,5,main]) started.
[        ] :permission_handler_android:mergeDebugAssets (Thread[#169,Execution worker Thread 3,5,main]) started.
[        ] > Task :permission_handler_android:mergeDebugAssets
[        ] Caching disabled for task ':permission_handler_android:mergeDebugAssets' because:
[        ]   Build cache is disabled
[        ]   Simple merging task
[        ] Task ':permission_handler_android:mergeDebugAssets' is not up-to-date because:
[        ]   No history is available.
[        ] The input changes require a full rebuild for incremental task ':permission_handler_android:mergeDebugAssets'.
[        ] work action resolve mergeDebugAssets (project :permission_handler_android) (Thread[#169,Execution worker Thread 3,5,main]) started.
[        ] Resolve mutations for :record_android:mergeDebugShaders (Thread[#169,Execution worker Thread 3,5,main]) started.
[        ] :record_android:mergeDebugShaders (Thread[#169,Execution worker Thread 3,5,main]) started.
[        ] > Task :record_android:mergeDebugShaders
[        ] Caching disabled for task ':record_android:mergeDebugShaders' because:
[        ]   Build cache is disabled
[        ]   Simple merging task
[        ] Task ':record_android:mergeDebugShaders' is not up-to-date because:
[        ]   No history is available.
[        ] The input changes require a full rebuild for incremental task ':record_android:mergeDebugShaders'.
[        ] Resolve mutations for :record_android:compileDebugShaders (Thread[#169,Execution worker Thread 3,5,main]) started.
[        ] :record_android:compileDebugShaders (Thread[#169,Execution worker Thread 3,5,main]) started.
[        ] > Task :record_android:compileDebugShaders NO-SOURCE
[        ] Skipping task ':record_android:compileDebugShaders' as it has no source files and no previous output files.
[        ] Resolve mutations for :record_android:generateDebugAssets (Thread[#169,Execution worker Thread 3,5,main]) started.
[        ] :record_android:generateDebugAssets (Thread[#169,Execution worker Thread 3,5,main]) started.
[        ] > Task :record_android:generateDebugAssets UP-TO-DATE
[        ] Skipping task ':record_android:generateDebugAssets' as it has no actions.
[        ] Resolve mutations for :record_android:mergeDebugAssets (Thread[#169,Execution worker Thread 3,5,main]) started.
[        ] :record_android:mergeDebugAssets (Thread[#169,Execution worker Thread 3,5,main]) started.
[  +96 ms] > Task :record_android:mergeDebugAssets
[        ] Caching disabled for task ':record_android:mergeDebugAssets' because:
[        ]   Build cache is disabled
[        ]   Simple merging task
[        ] Task ':record_android:mergeDebugAssets' is not up-to-date because:
[        ]   No history is available.
[        ] The input changes require a full rebuild for incremental task ':record_android:mergeDebugAssets'.
[        ] work action resolve mergeDebugAssets (project :record_android) (Thread[#169,Execution worker Thread 3,5,main]) started.
[        ] Resolve mutations for :app:mergeDebugAssets (Thread[#169,Execution worker Thread 3,5,main]) started.
[        ] :app:mergeDebugAssets (Thread[#169,Execution worker Thread 3,5,main]) started.
[ +285 ms] > Task :app:mergeDebugAssets
[        ] Caching disabled for AarTransform: C:\Users\Volted User\.gradle\caches\8.14\transforms\5fb50349239706e8a6594e22cd560397\transformed\fragment-1.7.1 because:
[        ]   Build cache is disabled
[        ]   Caching not enabled.
[        ] Caching disabled for AarTransform: C:\Users\Volted User\.gradle\caches\8.14\transforms\7217e782825a2d4d49e286a23835439b\transformed\window-1.2.0 because:
[        ]   Build cache is disabled
[        ]   Caching not enabled.
[        ] Caching disabled for AarTransform: C:\Users\Volted User\.gradle\caches\8.14\transforms\684fec45a4a4620be950d54dccaf82cd\transformed\window-java-1.2.0 because:
[        ]   Build cache is disabled
[        ]   Caching not enabled.
[        ] Caching disabled for AarTransform: C:\Users\Volted User\.gradle\caches\8.14\transforms\1e42bd289ddf0f442a3fc01efb84d3ba\transformed\activity-1.8.1 because:
[        ]   Build cache is disabled
[        ]   Caching not enabled.
[        ] Caching disabled for AarTransform: C:\Users\Volted User\.gradle\caches\8.14\transforms\0b8c65722c66640cf120e60317d42362\transformed\loader-1.0.0 because:
[        ]   Build cache is disabled
[        ]   Caching not enabled.
[        ] Caching disabled for AarTransform: C:\Users\Volted User\.gradle\caches\8.14\transforms\7be6cf4f52d84b0f524b317232df5d4c\transformed\viewpager-1.0.0 because:
[        ]   Build cache is disabled
[        ]   Caching not enabled.
[        ] Caching disabled for AarTransform: C:\Users\Volted User\.gradle\caches\8.14\transforms\95ee91d8a897d16eed1ef302f2de9371\transformed\lifecycle-livedata-core-ktx-2.7.0 because:
[        ]   Build cache is disabled
[        ]   Caching not enabled.
[        ] Caching disabled for AarTransform: C:\Users\Volted User\.gradle\caches\8.14\transforms\ee9028989d5df242a30968eb14819a13\transformed\lifecycle-livedata-2.7.0 because:
[        ]   Build cache is disabled
[   +1 ms]   Caching not enabled.
[        ] Caching disabled for AarTransform: C:\Users\Volted User\.gradle\caches\8.14\transforms\134d38681951a9cb59e105fa43ce6ab5\transformed\lifecycle-livedata-core-2.7.0 because:
[        ]   Build cache is disabled
[        ]   Caching not enabled.
[        ] Caching disabled for AarTransform: C:\Users\Volted User\.gradle\caches\8.14\transforms\608dfc9e2582f51b81c1485fd62d55da\transformed\lifecycle-viewmodel-2.7.0 because:
[        ]   Build cache is disabled
[        ]   Caching not enabled.
[        ] Caching disabled for AarTransform: C:\Users\Volted User\.gradle\caches\8.14\transforms\57a4845aed7b5ba78f501c04d4c94c43\transformed\lifecycle-viewmodel-savedstate-2.7.0 because:
[        ]   Build cache is disabled
[        ]   Caching not enabled.
[        ] Caching disabled for AarTransform: C:\Users\Volted User\.gradle\caches\8.14\transforms\bd7e8451c9c7af9c0727ed7672bd833e\transformed\core-ktx-1.13.1 because:
[        ]   Build cache is disabled
[        ]   Caching not enabled.
[        ] Caching disabled for AarTransform: C:\Users\Volted User\.gradle\caches\8.14\transforms\8cb437de8fdac72e2de918f9ee215ca3\transformed\core-1.13.1 because:
[        ]   Build cache is disabled
[        ]   Caching not enabled.
[        ] Caching disabled for AarTransform: C:\Users\Volted User\.gradle\caches\8.14\transforms\00a453ff382677488707e15bb6af4386\transformed\customview-1.0.0 because:
[        ]   Build cache is disabled
[        ]   Caching not enabled.
[        ] Caching disabled for AarTransform: C:\Users\Volted User\.gradle\caches\8.14\transforms\81bfdcaf88a095985faf642cd08a6310\transformed\lifecycle-runtime-2.7.0 because:
[        ]   Build cache is disabled
[        ]   Caching not enabled.
[        ] Caching disabled for AarTransform: C:\Users\Volted User\.gradle\caches\8.14\transforms\70c7f9c93d870d55aa75fb2befc1cc77\transformed\lifecycle-process-2.7.0 because:
[        ]   Build cache is disabled
[        ]   Caching not enabled.
[        ] Caching disabled for AarTransform: C:\Users\Volted User\.gradle\caches\8.14\transforms\df5ed31f6e2668fd0cb1284d2affc9c1\transformed\profileinstaller-1.3.1 because:
[        ]   Build cache is disabled
[        ]   Caching not enabled.
[        ] Caching disabled for AarTransform: C:\Users\Volted User\.gradle\caches\8.14\transforms\f33585d6fc1e1b2a34e4c1d736d386ca\transformed\tracing-1.2.0 because:
[        ]   Build cache is disabled
[        ]   Caching not enabled.
[        ] Caching disabled for AarTransform: C:\Users\Volted User\.gradle\caches\8.14\transforms\a3c4bf2e80a7e6a2d3bfce7149bfaf69\transformed\savedstate-1.2.1 because:
[        ]   Build cache is disabled
[        ]   Caching not enabled.
[        ] Caching disabled for AarTransform: C:\Users\Volted User\.gradle\caches\8.14\transforms\fac3bdbb065ba11aedd38e2ea2c0656c\transformed\startup-runtime-1.1.1 because:
[        ]   Build cache is disabled
[        ]   Caching not enabled.
[        ] Caching disabled for AarTransform: C:\Users\Volted User\.gradle\caches\8.14\transforms\95cdd7ca87255f13e4af9ad26a5e03dc\transformed\core-runtime-2.2.0 because:
[        ]   Build cache is disabled
[        ]   Caching not enabled.
[        ] Caching disabled for AarTransform: C:\Users\Volted User\.gradle\caches\8.14\transforms\75c850d93edffb1f0e79a2b1090091ce\transformed\versionedparcelable-1.1.1 because:
[        ]   Build cache is disabled
[        ]   Caching not enabled.
[        ] Caching disabled for AarTransform: C:\Users\Volted User\.gradle\caches\8.14\transforms\875ffbd89ac9c7dfd0a91922397ce327\transformed\interpolator-1.0.0 because:
[        ]   Build cache is disabled
[        ]   Caching not enabled.
[        ] Caching disabled for AarTransform: C:\Users\Volted User\.gradle\caches\8.14\transforms\44f201f6ae2e842e99898292414fc732\transformed\annotation-experimental-1.4.0 because:
[        ]   Build cache is disabled
[        ]   Caching not enabled.
[   +1 ms] Caching disabled for AarTransform: C:\Users\Volted User\.gradle\caches\8.14\transforms\15a558128bbbec921e6710294f0a125f\transformed\relinker-1.4.5 because:
[   +2 ms]   Build cache is disabled
[        ]   Caching not enabled.
[        ] Caching disabled for AarTransform: C:\Users\Volted User\.gradle\caches\8.14\transforms\8b553870adc7ac07c61aa64705ec7f72\transformed\core-1.0.0 because:
[        ]   Build cache is disabled
[        ]   Caching not enabled.
[        ] Caching disabled for task ':app:mergeDebugAssets' because:
[        ]   Build cache is disabled
[        ]   Simple merging task
[        ] Task ':app:mergeDebugAssets' is not up-to-date because:
[        ]   No history is available.
[        ] The input changes require a full rebuild for incremental task ':app:mergeDebugAssets'.
[        ] Resolve mutations for :app:copyFlutterAssetsDebug (Thread[#169,Execution worker Thread 3,5,main]) started.
[        ] :app:copyFlutterAssetsDebug (Thread[#169,Execution worker Thread 3,5,main]) started.
[ +497 ms] > Task :app:copyFlutterAssetsDebug
[        ] Caching disabled for task ':app:copyFlutterAssetsDebug' because:
[        ]   Build cache is disabled
[        ]   Not worth caching
[        ] Task ':app:copyFlutterAssetsDebug' is not up-to-date because:
[        ]   No history is available.
[        ] Resolve mutations for :app:generateDebugResValues (Thread[#169,Execution worker Thread 3,5,main]) started.
[        ] :app:generateDebugResValues (Thread[#169,Execution worker Thread 3,5,main]) started.
[        ] > Task :app:generateDebugResValues
[        ] Caching disabled for task ':app:generateDebugResValues' because:
[        ]   Build cache is disabled
[        ] Task ':app:generateDebugResValues' is not up-to-date because:
[        ]   No history is available.
[        ] Resolve mutations for :path_provider_android:generateDebugResValues (Thread[#166,included builds,5,main]) started.
[        ] :path_provider_android:generateDebugResValues (Thread[#166,included builds,5,main]) started.
[        ] > Task :path_provider_android:generateDebugResValues
[        ] Caching disabled for task ':path_provider_android:generateDebugResValues' because:
[        ]   Build cache is disabled
[        ] Task ':path_provider_android:generateDebugResValues' is not up-to-date because:
[        ]   No history is available.
[        ] Resolve mutations for :path_provider_android:generateDebugResources (Thread[#166,included builds,5,main]) started.
[        ] :path_provider_android:generateDebugResources (Thread[#166,included builds,5,main]) started.
[        ] > Task :path_provider_android:generateDebugResources
[        ] Caching disabled for task ':path_provider_android:generateDebugResources' because:
[        ]   Build cache is disabled
[        ] Task ':path_provider_android:generateDebugResources' is not up-to-date because:
[        ]   No history is available.
[        ] Resolve mutations for :path_provider_android:packageDebugResources (Thread[#166,included builds,5,main]) started.
[        ] :path_provider_android:packageDebugResources (Thread[#166,included builds,5,main]) started.
[ +180 ms] > Task :path_provider_android:packageDebugResources
[   +2 ms] Caching disabled for task ':path_provider_android:packageDebugResources' because:
[        ]   Build cache is disabled
[        ] Task ':path_provider_android:packageDebugResources' is not up-to-date because:
[        ]   No history is available.
[        ] The input changes require a full rebuild for incremental task ':path_provider_android:packageDebugResources'.
[        ] [MergeResources] Inputs are non-incremental full task action.
[        ] work action resolve packageDebugResources (project :path_provider_android) (Thread[#166,included builds,5,main]) started.
[        ] Resolve mutations for :permission_handler_android:generateDebugResValues (Thread[#166,included builds,5,main]) started.
[        ] :permission_handler_android:generateDebugResValues (Thread[#166,included builds,5,main]) started.
[        ] > Task :permission_handler_android:generateDebugResValues
[        ] Caching disabled for task ':permission_handler_android:generateDebugResValues' because:
[        ]   Build cache is disabled
[        ] Task ':permission_handler_android:generateDebugResValues' is not up-to-date because:
[        ]   No history is available.
[        ] Resolve mutations for :permission_handler_android:generateDebugResources (Thread[#166,included builds,5,main]) started.
[        ] :permission_handler_android:generateDebugResources (Thread[#166,included builds,5,main]) started.
[        ] > Task :permission_handler_android:generateDebugResources
[        ] Caching disabled for task ':permission_handler_android:generateDebugResources' because:
[        ]   Build cache is disabled
[        ] Task ':permission_handler_android:generateDebugResources' is not up-to-date because:
[        ]   No history is available.
[        ] Resolve mutations for :permission_handler_android:packageDebugResources (Thread[#166,included builds,5,main]) started.
[        ] :permission_handler_android:packageDebugResources (Thread[#166,included builds,5,main]) started.
[ +101 ms] > Task :permission_handler_android:packageDebugResources
[        ] Caching disabled for task ':permission_handler_android:packageDebugResources' because:
[        ]   Build cache is disabled
[        ] Task ':permission_handler_android:packageDebugResources' is not up-to-date because:
[        ]   No history is available.
[        ] The input changes require a full rebuild for incremental task ':permission_handler_android:packageDebugResources'.
[        ] [MergeResources] Inputs are non-incremental full task action.
[        ] work action resolve packageDebugResources (project :permission_handler_android) (Thread[#166,included builds,5,main]) started.
[        ] Resolve mutations for :record_android:generateDebugResValues (Thread[#166,included builds,5,main]) started.
[        ] :record_android:generateDebugResValues (Thread[#166,included builds,5,main]) started.
[        ] > Task :record_android:generateDebugResValues
[        ] Caching disabled for task ':record_android:generateDebugResValues' because:
[        ]   Build cache is disabled
[        ] Task ':record_android:generateDebugResValues' is not up-to-date because:
[        ]   No history is available.
[        ] Resolve mutations for :record_android:generateDebugResources (Thread[#166,included builds,5,main]) started.
[        ] :record_android:generateDebugResources (Thread[#166,included builds,5,main]) started.
[        ] > Task :record_android:generateDebugResources
[        ] Caching disabled for task ':record_android:generateDebugResources' because:
[        ]   Build cache is disabled
[        ] Task ':record_android:generateDebugResources' is not up-to-date because:
[        ]   No history is available.
[        ] Resolve mutations for :record_android:packageDebugResources (Thread[#171,Execution worker Thread 5,5,main]) started.
[        ] :record_android:packageDebugResources (Thread[#171,Execution worker Thread 5,5,main]) started.
[ +206 ms] > Task :record_android:packageDebugResources
[        ] Caching disabled for task ':record_android:packageDebugResources' because:
[        ]   Build cache is disabled
[        ] Task ':record_android:packageDebugResources' is not up-to-date because:
[        ]   No history is available.
[        ] The input changes require a full rebuild for incremental task ':record_android:packageDebugResources'.
[        ] [MergeResources] Inputs are non-incremental full task action.
[        ] work action resolve packageDebugResources (project :record_android) (Thread[#171,Execution worker Thread 5,5,main]) started.
[        ] Resolve mutations for :app:mapDebugSourceSetPaths (Thread[#171,Execution worker Thread 5,5,main]) started.
[        ] :app:mapDebugSourceSetPaths (Thread[#171,Execution worker Thread 5,5,main]) started.
[ +292 ms] > Task :app:mapDebugSourceSetPaths
[        ] Caching disabled for AarTransform: C:\Users\Volted User\.gradle\caches\8.14\transforms\5fb50349239706e8a6594e22cd560397\transformed\fragment-1.7.1 because:
[        ]   Build cache is disabled
[        ]   Caching not enabled.
[        ] Caching disabled for AarTransform: C:\Users\Volted User\.gradle\caches\8.14\transforms\684fec45a4a4620be950d54dccaf82cd\transformed\window-java-1.2.0 because:
[        ]   Build cache is disabled
[        ]   Caching not enabled.
[        ] Caching disabled for AarTransform: C:\Users\Volted User\.gradle\caches\8.14\transforms\7217e782825a2d4d49e286a23835439b\transformed\window-1.2.0 because:
[        ]   Build cache is disabled
[        ]   Caching not enabled.
[        ] Caching disabled for AarTransform: C:\Users\Volted User\.gradle\caches\8.14\transforms\1e42bd289ddf0f442a3fc01efb84d3ba\transformed\activity-1.8.1 because:
[        ]   Build cache is disabled
[        ]   Caching not enabled.
[        ] Caching disabled for AarTransform: C:\Users\Volted User\.gradle\caches\8.14\transforms\7be6cf4f52d84b0f524b317232df5d4c\transformed\viewpager-1.0.0 because:
[        ]   Build cache is disabled
[        ]   Caching not enabled.
[        ] Caching disabled for AarTransform: C:\Users\Volted User\.gradle\caches\8.14\transforms\0b8c65722c66640cf120e60317d42362\transformed\loader-1.0.0 because:
[        ]   Build cache is disabled
[        ]   Caching not enabled.
[        ] Caching disabled for AarTransform: C:\Users\Volted User\.gradle\caches\8.14\transforms\ee9028989d5df242a30968eb14819a13\transformed\lifecycle-livedata-2.7.0 because:
[        ]   Build cache is disabled
[        ]   Caching not enabled.
[        ] Caching disabled for AarTransform: C:\Users\Volted User\.gradle\caches\8.14\transforms\608dfc9e2582f51b81c1485fd62d55da\transformed\lifecycle-viewmodel-2.7.0 because:
[        ]   Build cache is disabled
[        ]   Caching not enabled.
[        ] Caching disabled for AarTransform: C:\Users\Volted User\.gradle\caches\8.14\transforms\95ee91d8a897d16eed1ef302f2de9371\transformed\lifecycle-livedata-core-ktx-2.7.0 because:
[        ]   Build cache is disabled
[        ]   Caching not enabled.
[        ] Caching disabled for AarTransform: C:\Users\Volted User\.gradle\caches\8.14\transforms\134d38681951a9cb59e105fa43ce6ab5\transformed\lifecycle-livedata-core-2.7.0 because:
[        ]   Build cache is disabled
[        ]   Caching not enabled.
[        ] Caching disabled for AarTransform: C:\Users\Volted User\.gradle\caches\8.14\transforms\57a4845aed7b5ba78f501c04d4c94c43\transformed\lifecycle-viewmodel-savedstate-2.7.0 because:
[        ]   Build cache is disabled
[        ]   Caching not enabled.
[        ] Caching disabled for AarTransform: C:\Users\Volted User\.gradle\caches\8.14\transforms\bd7e8451c9c7af9c0727ed7672bd833e\transformed\core-ktx-1.13.1 because:
[        ]   Build cache is disabled
[        ]   Caching not enabled.
[        ] Caching disabled for AarTransform: C:\Users\Volted User\.gradle\caches\8.14\transforms\00a453ff382677488707e15bb6af4386\transformed\customview-1.0.0 because:
[        ]   Build cache is disabled
[        ]   Caching not enabled.
[        ] Caching disabled for AarTransform: C:\Users\Volted User\.gradle\caches\8.14\transforms\8cb437de8fdac72e2de918f9ee215ca3\transformed\core-1.13.1 because:
[        ]   Build cache is disabled
[        ]   Caching not enabled.
[        ] Caching disabled for AarTransform: C:\Users\Volted User\.gradle\caches\8.14\transforms\81bfdcaf88a095985faf642cd08a6310\transformed\lifecycle-runtime-2.7.0 because:
[        ]   Build cache is disabled
[        ]   Caching not enabled.
[        ] Caching disabled for AarTransform: C:\Users\Volted User\.gradle\caches\8.14\transforms\70c7f9c93d870d55aa75fb2befc1cc77\transformed\lifecycle-process-2.7.0 because:
[        ]   Build cache is disabled
[        ]   Caching not enabled.
[        ] Caching disabled for AarTransform: C:\Users\Volted User\.gradle\caches\8.14\transforms\a3c4bf2e80a7e6a2d3bfce7149bfaf69\transformed\savedstate-1.2.1 because:
[        ]   Build cache is disabled
[        ]   Caching not enabled.
[        ] Caching disabled for AarTransform: C:\Users\Volted User\.gradle\caches\8.14\transforms\df5ed31f6e2668fd0cb1284d2affc9c1\transformed\profileinstaller-1.3.1 because:
[        ]   Build cache is disabled
[        ]   Caching not enabled.
[        ] Caching disabled for AarTransform: C:\Users\Volted User\.gradle\caches\8.14\transforms\fac3bdbb065ba11aedd38e2ea2c0656c\transformed\startup-runtime-1.1.1 because:
[        ]   Build cache is disabled
[        ]   Caching not enabled.
[        ] Caching disabled for AarTransform: C:\Users\Volted User\.gradle\caches\8.14\transforms\f33585d6fc1e1b2a34e4c1d736d386ca\transformed\tracing-1.2.0 because:
[        ]   Build cache is disabled
[        ]   Caching not enabled.
[        ] Caching disabled for AarTransform: C:\Users\Volted User\.gradle\caches\8.14\transforms\95cdd7ca87255f13e4af9ad26a5e03dc\transformed\core-runtime-2.2.0 because:
[        ]   Build cache is disabled
[        ]   Caching not enabled.
[        ] Caching disabled for AarTransform: C:\Users\Volted User\.gradle\caches\8.14\transforms\75c850d93edffb1f0e79a2b1090091ce\transformed\versionedparcelable-1.1.1 because:
[        ]   Build cache is disabled
[        ]   Caching not enabled.
[        ] Caching disabled for AarTransform: C:\Users\Volted User\.gradle\caches\8.14\transforms\8b553870adc7ac07c61aa64705ec7f72\transformed\core-1.0.0 because:
[        ]   Build cache is disabled
[        ]   Caching not enabled.
[        ] Caching disabled for AarTransform: C:\Users\Volted User\.gradle\caches\8.14\transforms\875ffbd89ac9c7dfd0a91922397ce327\transformed\interpolator-1.0.0 because:
[        ]   Build cache is disabled
[        ]   Caching not enabled.
[        ] Caching disabled for AarTransform: C:\Users\Volted User\.gradle\caches\8.14\transforms\44f201f6ae2e842e99898292414fc732\transformed\annotation-experimental-1.4.0 because:
[        ]   Build cache is disabled
[        ]   Caching not enabled.
[        ] Caching disabled for AarTransform: C:\Users\Volted User\.gradle\caches\8.14\transforms\15a558128bbbec921e6710294f0a125f\transformed\relinker-1.4.5 because:
[        ]   Build cache is disabled
[        ]   Caching not enabled.
[        ] Caching disabled for task ':app:mapDebugSourceSetPaths' because:
[        ]   Build cache is disabled
[        ]   Caching has been disabled for the task
[        ] Task ':app:mapDebugSourceSetPaths' is not up-to-date because:
[        ]   No history is available.
[        ] Resolve mutations for :app:generateDebugResources (Thread[#171,Execution worker Thread 5,5,main]) started.
[        ] :app:generateDebugResources (Thread[#171,Execution worker Thread 5,5,main]) started.
[        ] > Task :app:generateDebugResources
[        ] Caching disabled for task ':app:generateDebugResources' because:
[        ]   Build cache is disabled
[        ] Task ':app:generateDebugResources' is not up-to-date because:
[        ]   No history is available.
[        ] Resolve mutations for :app:mergeDebugResources (Thread[#171,Execution worker Thread 5,5,main]) started.
[   +2 ms] :app:mergeDebugResources (Thread[#171,Execution worker Thread 5,5,main]) started.
[ +904 ms] Resolve mutations for :app:packageDebugResources (Thread[#167,Execution worker,5,main]) started.
[        ] :app:packageDebugResources (Thread[#167,Execution worker,5,main]) started.
[ +175 ms] > Task :app:packageDebugResources
[        ] Caching disabled for task ':app:packageDebugResources' because:
[        ]   Build cache is disabled
[        ] Task ':app:packageDebugResources' is not up-to-date because:
[        ]   No history is available.
[        ] The input changes require a full rebuild for incremental task ':app:packageDebugResources'.
[        ] [MergeResources] Inputs are non-incremental full task action.
[        ] Resolve mutations for :app:parseDebugLocalResources (Thread[#167,Execution worker,5,main]) started.
[        ] :app:parseDebugLocalResources (Thread[#167,Execution worker,5,main]) started.
[ +898 ms] > Task :app:mergeDebugResources
[        ] Caching disabled for task ':app:mergeDebugResources' because:
[        ]   Build cache is disabled
[        ] Task ':app:mergeDebugResources' is not up-to-date because:
[        ]   No history is available.
[        ] The input changes require a full rebuild for incremental task ':app:mergeDebugResources'.
[        ] [MergeResources] Inputs are non-incremental full task action.
[        ] Compiling XML table E:\My Projects\EchoSift\frontend\build\app\intermediates\incremental\debug\mergeDebugResources\merged.dir\values-pt\values-pt.xml to E:\My Projects\EchoSift\frontend\build\app\intermediates\merged_res\debug\mergeDebugResources\values-pt_values-pt.arsc.flat
[        ] Compiling XML table E:\My Projects\EchoSift\frontend\build\app\intermediates\incremental\debug\mergeDebugResources\merged.dir\values-lo\values-lo.xml to E:\My Projects\EchoSift\frontend\build\app\intermediates\merged_res\debug\mergeDebugResources\values-lo_values-lo.arsc.flat
[        ] Compiling XML table E:\My Projects\EchoSift\frontend\build\app\intermediates\incremental\debug\mergeDebugResources\merged.dir\values-de\values-de.xml to E:\My Projects\EchoSift\frontend\build\app\intermediates\merged_res\debug\mergeDebugResources\values-de_values-de.arsc.flat
[        ] Compiling XML table E:\My Projects\EchoSift\frontend\build\app\intermediates\incremental\debug\mergeDebugResources\merged.dir\values\values.xml to E:\My Projects\EchoSift\frontend\build\app\intermediates\merged_res\debug\mergeDebugResources\values_values.arsc.flat
[        ] Compiling XML table E:\My Projects\EchoSift\frontend\build\app\intermediates\incremental\debug\mergeDebugResources\merged.dir\values-hi\values-hi.xml to E:\My Projects\EchoSift\frontend\build\app\intermediates\merged_res\debug\mergeDebugResources\values-hi_values-hi.arsc.flat
[        ] Compiling XML table E:\My Projects\EchoSift\frontend\build\app\intermediates\incremental\debug\mergeDebugResources\merged.dir\values-en-rIN\values-en-rIN.xml to E:\My Projects\EchoSift\frontend\build\app\intermediates\merged_res\debug\mergeDebugResources\values-en-rIN_values-en-rIN.arsc.flat
[        ] Compiling XML table E:\My Projects\EchoSift\frontend\build\app\intermediates\incremental\debug\mergeDebugResources\merged.dir\values-lv\values-lv.xml to E:\My Projects\EchoSift\frontend\build\app\intermediates\merged_res\debug\mergeDebugResources\values-lv_values-lv.arsc.flat
[        ] Compiling XML table E:\My Projects\EchoSift\frontend\build\app\intermediates\incremental\debug\mergeDebugResources\merged.dir\values-hy\values-hy.xml to E:\My Projects\EchoSift\frontend\build\app\intermediates\merged_res\debug\mergeDebugResources\values-hy_values-hy.arsc.flat
[        ] Compiling XML table E:\My Projects\EchoSift\frontend\build\app\intermediates\incremental\debug\mergeDebugResources\merged.dir\values-hu\values-hu.xml to E:\My Projects\EchoSift\frontend\build\app\intermediates\merged_res\debug\mergeDebugResources\values-hu_values-hu.arsc.flat
[        ] Compiling XML table E:\My Projects\EchoSift\frontend\build\app\intermediates\incremental\debug\mergeDebugResources\merged.dir\values-mk\values-mk.xml to E:\My Projects\EchoSift\frontend\build\app\intermediates\merged_res\debug\mergeDebugResources\values-mk_values-mk.arsc.flat
[        ] Compiling XML table E:\My Projects\EchoSift\frontend\build\app\intermediates\incremental\debug\mergeDebugResources\merged.dir\values-ml\values-ml.xml to E:\My Projects\EchoSift\frontend\build\app\intermediates\merged_res\debug\mergeDebugResources\values-ml_values-ml.arsc.flat
[        ] Compiling XML table E:\My Projects\EchoSift\frontend\build\app\intermediates\incremental\debug\mergeDebugResources\merged.dir\values-uz\values-uz.xml to E:\My Projects\EchoSift\frontend\build\app\intermediates\merged_res\debug\mergeDebugResources\values-uz_values-uz.arsc.flat
[        ] Compiling XML table E:\My Projects\EchoSift\frontend\build\app\intermediates\incremental\debug\mergeDebugResources\merged.dir\values-mn\values-mn.xml to E:\My Projects\EchoSift\frontend\build\app\intermediates\merged_res\debug\mergeDebugResources\values-mn_values-mn.arsc.flat
[        ] Compiling XML table E:\My Projects\EchoSift\frontend\build\app\intermediates\incremental\debug\mergeDebugResources\merged.dir\values-in\values-in.xml to E:\My Projects\EchoSift\frontend\build\app\intermediates\merged_res\debug\mergeDebugResources\values-in_values-in.arsc.flat
[        ] Compiling XML table E:\My Projects\EchoSift\frontend\build\app\intermediates\incremental\debug\mergeDebugResources\merged.dir\values-mr\values-mr.xml to E:\My Projects\EchoSift\frontend\build\app\intermediates\merged_res\debug\mergeDebugResources\values-mr_values-mr.arsc.flat
[        ] Compiling XML table E:\My Projects\EchoSift\frontend\build\app\intermediates\incremental\debug\mergeDebugResources\merged.dir\values-ms\values-ms.xml to E:\My Projects\EchoSift\frontend\build\app\intermediates\merged_res\debug\mergeDebugResources\values-ms_values-ms.arsc.flat
[        ] Compiling XML table E:\My Projects\EchoSift\frontend\build\app\intermediates\incremental\debug\mergeDebugResources\merged.dir\values-el\values-el.xml to E:\My Projects\EchoSift\frontend\build\app\intermediates\merged_res\debug\mergeDebugResources\values-el_values-el.arsc.flat
[        ] Compiling XML table E:\My Projects\EchoSift\frontend\build\app\intermediates\incremental\debug\mergeDebugResources\merged.dir\values-it\values-it.xml to E:\My Projects\EchoSift\frontend\build\app\intermediates\merged_res\debug\mergeDebugResources\values-it_values-it.arsc.flat
[        ] Compiling XML table E:\My Projects\EchoSift\frontend\build\app\intermediates\incremental\debug\mergeDebugResources\merged.dir\values-my\values-my.xml to E:\My Projects\EchoSift\frontend\build\app\intermediates\merged_res\debug\mergeDebugResources\values-my_values-my.arsc.flat
[        ] Compiling XML table E:\My Projects\EchoSift\frontend\build\app\intermediates\incremental\debug\mergeDebugResources\merged.dir\values-am\values-am.xml to E:\My Projects\EchoSift\frontend\build\app\intermediates\merged_res\debug\mergeDebugResources\values-am_values-am.arsc.flat
[        ] Compiling XML table E:\My Projects\EchoSift\frontend\build\app\intermediates\incremental\debug\mergeDebugResources\merged.dir\values-hr\values-hr.xml to E:\My Projects\EchoSift\frontend\build\app\intermediates\merged_res\debug\mergeDebugResources\values-hr_values-hr.arsc.flat
[        ] Compiling XML table E:\My Projects\EchoSift\frontend\build\app\intermediates\incremental\debug\mergeDebugResources\merged.dir\values-eu\values-eu.xml to E:\My Projects\EchoSift\frontend\build\app\intermediates\merged_res\debug\mergeDebugResources\values-eu_values-eu.arsc.flat
[        ] Compiling XML table E:\My Projects\EchoSift\frontend\build\app\intermediates\incremental\debug\mergeDebugResources\merged.dir\values-ur\values-ur.xml to E:\My Projects\EchoSift\frontend\build\app\intermediates\merged_res\debug\mergeDebugResources\values-ur_values-ur.arsc.flat
[        ] Compiling XML table E:\My Projects\EchoSift\frontend\build\app\intermediates\incremental\debug\mergeDebugResources\merged.dir\values-ar\values-ar.xml to E:\My Projects\EchoSift\frontend\build\app\intermediates\merged_res\debug\mergeDebugResources\values-ar_values-ar.arsc.flat
[        ] Compiling XML table E:\My Projects\EchoSift\frontend\build\app\intermediates\incremental\debug\mergeDebugResources\merged.dir\values-is\values-is.xml to E:\My Projects\EchoSift\frontend\build\app\intermediates\merged_res\debug\mergeDebugResources\values-is_values-is.arsc.flat
[        ] Compiling XML table E:\My Projects\EchoSift\frontend\build\app\intermediates\incremental\debug\mergeDebugResources\merged.dir\values-es\values-es.xml to E:\My Projects\EchoSift\frontend\build\app\intermediates\merged_res\debug\mergeDebugResources\values-es_values-es.arsc.flat
[        ] Compiling XML table E:\My Projects\EchoSift\frontend\build\app\intermediates\incremental\debug\mergeDebugResources\merged.dir\values-night-v8\values-night-v8.xml to E:\My Projects\EchoSift\frontend\build\app\intermediates\merged_res\debug\mergeDebugResources\values-night-v8_values-night-v8.arsc.flat
[        ] Compiling XML table E:\My Projects\EchoSift\frontend\build\app\intermediates\incremental\debug\mergeDebugResources\merged.dir\values-af\values-af.xml to E:\My Projects\EchoSift\frontend\build\app\intermediates\merged_res\debug\mergeDebugResources\values-af_values-af.arsc.flat
[        ] Compiling XML table E:\My Projects\EchoSift\frontend\build\app\intermediates\incremental\debug\mergeDebugResources\merged.dir\values-es-rUS\values-es-rUS.xml to E:\My Projects\EchoSift\frontend\build\app\intermediates\merged_res\debug\mergeDebugResources\values-es-rUS_values-es-rUS.arsc.flat
[        ] Compiling XML table E:\My Projects\EchoSift\frontend\build\app\intermediates\incremental\debug\mergeDebugResources\merged.dir\values-fa\values-fa.xml to E:\My Projects\EchoSift\frontend\build\app\intermediates\merged_res\debug\mergeDebugResources\values-fa_values-fa.arsc.flat
[        ] Compiling XML table E:\My Projects\EchoSift\frontend\build\app\intermediates\incremental\debug\mergeDebugResources\merged.dir\values-zh-rHK\values-zh-rHK.xml to E:\My Projects\EchoSift\frontend\build\app\intermediates\merged_res\debug\mergeDebugResources\values-zh-rHK_values-zh-rHK.arsc.flat
[        ] Compiling XML table E:\My Projects\EchoSift\frontend\build\app\intermediates\incremental\debug\mergeDebugResources\merged.dir\values-nb\values-nb.xml to E:\My Projects\EchoSift\frontend\build\app\intermediates\merged_res\debug\mergeDebugResources\values-nb_values-nb.arsc.flat
[        ] Compiling XML table E:\My Projects\EchoSift\frontend\build\app\intermediates\incremental\debug\mergeDebugResources\merged.dir\values-zu\values-zu.xml to E:\My Projects\EchoSift\frontend\build\app\intermediates\merged_res\debug\mergeDebugResources\values-zu_values-zu.arsc.flat
[        ] Compiling XML table E:\My Projects\EchoSift\frontend\build\app\intermediates\incremental\debug\mergeDebugResources\merged.dir\values-ru\values-ru.xml to E:\My Projects\EchoSift\frontend\build\app\intermediates\merged_res\debug\mergeDebugResources\values-ru_values-ru.arsc.flat
[        ] Compiling XML table E:\My Projects\EchoSift\frontend\build\app\intermediates\incremental\debug\mergeDebugResources\merged.dir\values-az\values-az.xml to E:\My Projects\EchoSift\frontend\build\app\intermediates\merged_res\debug\mergeDebugResources\values-az_values-az.arsc.flat
[        ] Compiling XML table E:\My Projects\EchoSift\frontend\build\app\intermediates\incremental\debug\mergeDebugResources\merged.dir\values-b+sr+Latn\values-b+sr+Latn.xml to E:\My Projects\EchoSift\frontend\build\app\intermediates\merged_res\debug\mergeDebugResources\values-b+sr+Latn_values-b+sr+Latn.arsc.flat
[        ] Compiling XML table E:\My Projects\EchoSift\frontend\build\app\intermediates\incremental\debug\mergeDebugResources\merged.dir\values-fi\values-fi.xml to E:\My Projects\EchoSift\frontend\build\app\intermediates\merged_res\debug\mergeDebugResources\values-fi_values-fi.arsc.flat
[        ] Compiling XML table E:\My Projects\EchoSift\frontend\build\app\intermediates\incremental\debug\mergeDebugResources\merged.dir\values-en-rCA\values-en-rCA.xml to E:\My Projects\EchoSift\frontend\build\app\intermediates\merged_res\debug\mergeDebugResources\values-en-rCA_values-en-rCA.arsc.flat
[        ] Compiling XML table E:\My Projects\EchoSift\frontend\build\app\intermediates\incremental\debug\mergeDebugResources\merged.dir\values-zh-rCN\values-zh-rCN.xml to E:\My Projects\EchoSift\frontend\build\app\intermediates\merged_res\debug\mergeDebugResources\values-zh-rCN_values-zh-rCN.arsc.flat
[        ] Compiling XML table E:\My Projects\EchoSift\frontend\build\app\intermediates\incremental\debug\mergeDebugResources\merged.dir\values-bs\values-bs.xml to E:\My Projects\EchoSift\frontend\build\app\intermediates\merged_res\debug\mergeDebugResources\values-bs_values-bs.arsc.flat
[        ] Compiling XML table E:\My Projects\EchoSift\frontend\build\app\intermediates\incremental\debug\mergeDebugResources\merged.dir\values-fr\values-fr.xml to E:\My Projects\EchoSift\frontend\build\app\intermediates\merged_res\debug\mergeDebugResources\values-fr_values-fr.arsc.flat
[        ] Compiling XML table E:\My Projects\EchoSift\frontend\build\app\intermediates\incremental\debug\mergeDebugResources\merged.dir\values-sq\values-sq.xml to E:\My Projects\EchoSift\frontend\build\app\intermediates\merged_res\debug\mergeDebugResources\values-sq_values-sq.arsc.flat
[        ] Compiling XML table E:\My Projects\EchoSift\frontend\build\app\intermediates\incremental\debug\mergeDebugResources\merged.dir\values-vi\values-vi.xml to E:\My Projects\EchoSift\frontend\build\app\intermediates\merged_res\debug\mergeDebugResources\values-vi_values-vi.arsc.flat
[        ] Compiling XML table E:\My Projects\EchoSift\frontend\build\app\intermediates\incremental\debug\mergeDebugResources\merged.dir\values-si\values-si.xml to E:\My Projects\EchoSift\frontend\build\app\intermediates\merged_res\debug\mergeDebugResources\values-si_values-si.arsc.flat
[        ] Compiling XML table E:\My Projects\EchoSift\frontend\build\app\intermediates\incremental\debug\mergeDebugResources\merged.dir\values-ja\values-ja.xml to E:\My Projects\EchoSift\frontend\build\app\intermediates\merged_res\debug\mergeDebugResources\values-ja_values-ja.arsc.flat
[        ] Compiling XML table E:\My Projects\EchoSift\frontend\build\app\intermediates\incremental\debug\mergeDebugResources\merged.dir\values-or\values-or.xml to E:\My Projects\EchoSift\frontend\build\app\intermediates\merged_res\debug\mergeDebugResources\values-or_values-or.arsc.flat
[        ] Compiling XML table E:\My Projects\EchoSift\frontend\build\app\intermediates\incremental\debug\mergeDebugResources\merged.dir\values-sl\values-sl.xml to E:\My Projects\EchoSift\frontend\build\app\intermediates\merged_res\debug\mergeDebugResources\values-sl_values-sl.arsc.flat
[        ] Compiling XML table E:\My Projects\EchoSift\frontend\build\app\intermediates\incremental\debug\mergeDebugResources\merged.dir\values-nl\values-nl.xml to E:\My Projects\EchoSift\frontend\build\app\intermediates\merged_res\debug\mergeDebugResources\values-nl_values-nl.arsc.flat
[        ] Compiling XML table E:\My Projects\EchoSift\frontend\build\app\intermediates\incremental\debug\mergeDebugResources\merged.dir\values-ky\values-ky.xml to E:\My Projects\EchoSift\frontend\build\app\intermediates\merged_res\debug\mergeDebugResources\values-ky_values-ky.arsc.flat
[        ] Compiling XML table E:\My Projects\EchoSift\frontend\build\app\intermediates\incremental\debug\mergeDebugResources\merged.dir\values-kn\values-kn.xml to E:\My Projects\EchoSift\frontend\build\app\intermediates\merged_res\debug\mergeDebugResources\values-kn_values-kn.arsc.flat
[        ] Compiling XML table E:\My Projects\EchoSift\frontend\build\app\intermediates\incremental\debug\mergeDebugResources\merged.dir\values-et\values-et.xml to E:\My Projects\EchoSift\frontend\build\app\intermediates\merged_res\debug\mergeDebugResources\values-et_values-et.arsc.flat
[        ] Compiling XML table E:\My Projects\EchoSift\frontend\build\app\intermediates\incremental\debug\mergeDebugResources\merged.dir\values-ta\values-ta.xml to E:\My Projects\EchoSift\frontend\build\app\intermediates\merged_res\debug\mergeDebugResources\values-ta_values-ta.arsc.flat
[        ] Compiling XML table E:\My Projects\EchoSift\frontend\build\app\intermediates\incremental\debug\mergeDebugResources\merged.dir\values-th\values-th.xml to E:\My Projects\EchoSift\frontend\build\app\intermediates\merged_res\debug\mergeDebugResources\values-th_values-th.arsc.flat
[   +1 ms] Compiling XML table E:\My Projects\EchoSift\frontend\build\app\intermediates\incremental\debug\mergeDebugResources\merged.dir\values-v21\values-v21.xml to E:\My Projects\EchoSift\frontend\build\app\intermediates\merged_res\debug\mergeDebugResources\values-v21_values-v21.arsc.flat
[        ] Compiling XML table E:\My Projects\EchoSift\frontend\build\app\intermediates\incremental\debug\mergeDebugResources\merged.dir\values-pt-rPT\values-pt-rPT.xml to E:\My Projects\EchoSift\frontend\build\app\intermediates\merged_res\debug\mergeDebugResources\values-pt-rPT_values-pt-rPT.arsc.flat
[        ] Compiling XML table E:\My Projects\EchoSift\frontend\build\app\intermediates\incremental\debug\mergeDebugResources\merged.dir\values-pa\values-pa.xml to E:\My Projects\EchoSift\frontend\build\app\intermediates\merged_res\debug\mergeDebugResources\values-pa_values-pa.arsc.flat
[        ] Compiling XML table E:\My Projects\EchoSift\frontend\build\app\intermediates\incremental\debug\mergeDebugResources\merged.dir\values-bg\values-bg.xml to E:\My Projects\EchoSift\frontend\build\app\intermediates\merged_res\debug\mergeDebugResources\values-bg_values-bg.arsc.flat
[   +1 ms] Compiling XML table E:\My Projects\EchoSift\frontend\build\app\intermediates\incremental\debug\mergeDebugResources\merged.dir\values-ka\values-ka.xml to E:\My Projects\EchoSift\frontend\build\app\intermediates\merged_res\debug\mergeDebugResources\values-ka_values-ka.arsc.flat
[        ] Compiling XML table E:\My Projects\EchoSift\frontend\build\app\intermediates\incremental\debug\mergeDebugResources\merged.dir\values-be\values-be.xml to E:\My Projects\EchoSift\frontend\build\app\intermediates\merged_res\debug\mergeDebugResources\values-be_values-be.arsc.flat
[        ] Compiling XML table E:\My Projects\EchoSift\frontend\build\app\intermediates\incremental\debug\mergeDebugResources\merged.dir\values-en-rAU\values-en-rAU.xml to E:\My Projects\EchoSift\frontend\build\app\intermediates\merged_res\debug\mergeDebugResources\values-en-rAU_values-en-rAU.arsc.flat
[        ] Compiling XML table E:\My Projects\EchoSift\frontend\build\app\intermediates\incremental\debug\mergeDebugResources\merged.dir\values-sr\values-sr.xml to E:\My Projects\EchoSift\frontend\build\app\intermediates\merged_res\debug\mergeDebugResources\values-sr_values-sr.arsc.flat
[        ] Compiling XML table E:\My Projects\EchoSift\frontend\build\app\intermediates\incremental\debug\mergeDebugResources\merged.dir\values-bn\values-bn.xml to E:\My Projects\EchoSift\frontend\build\app\intermediates\merged_res\debug\mergeDebugResources\values-bn_values-bn.arsc.flat
[        ] Compiling image file E:\My Projects\EchoSift\frontend\android\app\src\main\res\mipmap-xxxhdpi\ic_launcher.png
[        ] Compiling file E:\My Projects\EchoSift\frontend\android\app\src\main\res\mipmap-xxxhdpi\ic_launcher.png to E:\My Projects\EchoSift\frontend\build\app\intermediates\merged_res\debug\mergeDebugResources\mipmap-xxxhdpi_ic_launcher.png.flat
[   +1 ms] Compiling XML table E:\My Projects\EchoSift\frontend\build\app\intermediates\incremental\debug\mergeDebugResources\merged.dir\values-sw\values-sw.xml to E:\My Projects\EchoSift\frontend\build\app\intermediates\merged_res\debug\mergeDebugResources\values-sw_values-sw.arsc.flat
[        ] Compiling XML table E:\My Projects\EchoSift\frontend\build\app\intermediates\incremental\debug\mergeDebugResources\merged.dir\values-kk\values-kk.xml to E:\My Projects\EchoSift\frontend\build\app\intermediates\merged_res\debug\mergeDebugResources\values-kk_values-kk.arsc.flat
[        ] Compiling XML table E:\My Projects\EchoSift\frontend\build\app\intermediates\incremental\debug\mergeDebugResources\merged.dir\values-sk\values-sk.xml to E:\My Projects\EchoSift\frontend\build\app\intermediates\merged_res\debug\mergeDebugResources\values-sk_values-sk.arsc.flat
[        ] Compiling image file E:\My Projects\EchoSift\frontend\android\app\src\main\res\mipmap-xhdpi\ic_launcher.png
[        ] Compiling file E:\My Projects\EchoSift\frontend\android\app\src\main\res\mipmap-xhdpi\ic_launcher.png to E:\My Projects\EchoSift\frontend\build\app\intermediates\merged_res\debug\mergeDebugResources\mipmap-xhdpi_ic_launcher.png.flat
[        ] Compiling XML table E:\My Projects\EchoSift\frontend\build\app\intermediates\incremental\debug\mergeDebugResources\merged.dir\values-pt-rBR\values-pt-rBR.xml to E:\My Projects\EchoSift\frontend\build\app\intermediates\merged_res\debug\mergeDebugResources\values-pt-rBR_values-pt-rBR.arsc.flat
[        ] Compiling XML table E:\My Projects\EchoSift\frontend\build\app\intermediates\incremental\debug\mergeDebugResources\merged.dir\values-km\values-km.xml to E:\My Projects\EchoSift\frontend\build\app\intermediates\merged_res\debug\mergeDebugResources\values-km_values-km.arsc.flat
[        ] Compiling XML table E:\My Projects\EchoSift\frontend\build\app\intermediates\incremental\debug\mergeDebugResources\merged.dir\values-ko\values-ko.xml to E:\My Projects\EchoSift\frontend\build\app\intermediates\merged_res\debug\mergeDebugResources\values-ko_values-ko.arsc.flat
[        ] Compiling XML table E:\My Projects\EchoSift\frontend\build\app\intermediates\incremental\debug\mergeDebugResources\merged.dir\values-gl\values-gl.xml to E:\My Projects\EchoSift\frontend\build\app\intermediates\merged_res\debug\mergeDebugResources\values-gl_values-gl.arsc.flat
[        ] Compiling XML table E:\My Projects\EchoSift\frontend\build\app\intermediates\incremental\debug\mergeDebugResources\merged.dir\values-cs\values-cs.xml to E:\My Projects\EchoSift\frontend\build\app\intermediates\merged_res\debug\mergeDebugResources\values-cs_values-cs.arsc.flat
[        ] Compiling XML table E:\My Projects\EchoSift\frontend\build\app\intermediates\incremental\debug\mergeDebugResources\merged.dir\values-te\values-te.xml to E:\My Projects\EchoSift\frontend\build\app\intermediates\merged_res\debug\mergeDebugResources\values-te_values-te.arsc.flat
[        ] Compiling XML table E:\My Projects\EchoSift\frontend\build\app\intermediates\incremental\debug\mergeDebugResources\merged.dir\values-da\values-da.xml to E:\My Projects\EchoSift\frontend\build\app\intermediates\merged_res\debug\mergeDebugResources\values-da_values-da.arsc.flat
[        ] Compiling XML table E:\My Projects\EchoSift\frontend\build\app\intermediates\incremental\debug\mergeDebugResources\merged.dir\values-pl\values-pl.xml to E:\My Projects\EchoSift\frontend\build\app\intermediates\merged_res\debug\mergeDebugResources\values-pl_values-pl.arsc.flat
[        ] Compiling XML table E:\My Projects\EchoSift\frontend\build\app\intermediates\incremental\debug\mergeDebugResources\merged.dir\values-tr\values-tr.xml to E:\My Projects\EchoSift\frontend\build\app\intermediates\merged_res\debug\mergeDebugResources\values-tr_values-tr.arsc.flat
[        ] Compiling image file E:\My Projects\EchoSift\frontend\android\app\src\main\res\mipmap-mdpi\ic_launcher.png
[        ] Compiling file E:\My Projects\EchoSift\frontend\android\app\src\main\res\mipmap-mdpi\ic_launcher.png to E:\My Projects\EchoSift\frontend\build\app\intermediates\merged_res\debug\mergeDebugResources\mipmap-mdpi_ic_launcher.png.flat
[        ] Compiling xml file E:\My Projects\EchoSift\frontend\android\app\src\main\res\drawable-v21\launch_background.xml to E:\My Projects\EchoSift\frontend\build\app\intermediates\merged_res\debug\mergeDebugResources\drawable-v21_launch_background.xml.flat
[        ] Compiling image file E:\My Projects\EchoSift\frontend\android\app\src\main\res\mipmap-xxhdpi\ic_launcher.png
[        ] Compiling file E:\My Projects\EchoSift\frontend\android\app\src\main\res\mipmap-xxhdpi\ic_launcher.png to E:\My Projects\EchoSift\frontend\build\app\intermediates\merged_res\debug\mergeDebugResources\mipmap-xxhdpi_ic_launcher.png.flat
[        ] Compiling XML table E:\My Projects\EchoSift\frontend\build\app\intermediates\incremental\debug\mergeDebugResources\merged.dir\values-lt\values-lt.xml to E:\My Projects\EchoSift\frontend\build\app\intermediates\merged_res\debug\mergeDebugResources\values-lt_values-lt.arsc.flat
[        ] Compiling XML table E:\My Projects\EchoSift\frontend\build\app\intermediates\incremental\debug\mergeDebugResources\merged.dir\values-uk\values-uk.xml to E:\My Projects\EchoSift\frontend\build\app\intermediates\merged_res\debug\mergeDebugResources\values-uk_values-uk.arsc.flat
[        ] Compiling XML table E:\My Projects\EchoSift\frontend\build\app\intermediates\incremental\debug\mergeDebugResources\merged.dir\values-fr-rCA\values-fr-rCA.xml to E:\My Projects\EchoSift\frontend\build\app\intermediates\merged_res\debug\mergeDebugResources\values-fr-rCA_values-fr-rCA.arsc.flat
[        ] Compiling XML table E:\My Projects\EchoSift\frontend\build\app\intermediates\incremental\debug\mergeDebugResources\merged.dir\values-zh-rTW\values-zh-rTW.xml to E:\My Projects\EchoSift\frontend\build\app\intermediates\merged_res\debug\mergeDebugResources\values-zh-rTW_values-zh-rTW.arsc.flat
[        ] Compiling XML table E:\My Projects\EchoSift\frontend\build\app\intermediates\incremental\debug\mergeDebugResources\merged.dir\values-iw\values-iw.xml to E:\My Projects\EchoSift\frontend\build\app\intermediates\merged_res\debug\mergeDebugResources\values-iw_values-iw.arsc.flat
[        ] Compiling XML table E:\My Projects\EchoSift\frontend\build\app\intermediates\incremental\debug\mergeDebugResources\merged.dir\values-as\values-as.xml to E:\My Projects\EchoSift\frontend\build\app\intermediates\merged_res\debug\mergeDebugResources\values-as_values-as.arsc.flat
[        ] Compiling XML table E:\My Projects\EchoSift\frontend\build\app\intermediates\incremental\debug\mergeDebugResources\merged.dir\values-ne\values-ne.xml to E:\My Projects\EchoSift\frontend\build\app\intermediates\merged_res\debug\mergeDebugResources\values-ne_values-ne.arsc.flat
[        ] Compiling XML table E:\My Projects\EchoSift\frontend\build\app\intermediates\incremental\debug\mergeDebugResources\merged.dir\values-ro\values-ro.xml to E:\My Projects\EchoSift\frontend\build\app\intermediates\merged_res\debug\mergeDebugResources\values-ro_values-ro.arsc.flat
[        ] Compiling XML table E:\My Projects\EchoSift\frontend\build\app\intermediates\incremental\debug\mergeDebugResources\merged.dir\values-en-rXC\values-en-rXC.xml to E:\My Projects\EchoSift\frontend\build\app\intermediates\merged_res\debug\mergeDebugResources\values-en-rXC_values-en-rXC.arsc.flat
[        ] Compiling XML table E:\My Projects\EchoSift\frontend\build\app\intermediates\incremental\debug\mergeDebugResources\merged.dir\values-en-rGB\values-en-rGB.xml to E:\My Projects\EchoSift\frontend\build\app\intermediates\merged_res\debug\mergeDebugResources\values-en-rGB_values-en-rGB.arsc.flat
[        ] Compiling XML table E:\My Projects\EchoSift\frontend\build\app\intermediates\incremental\debug\mergeDebugResources\merged.dir\values-ca\values-ca.xml to E:\My Projects\EchoSift\frontend\build\app\intermediates\merged_res\debug\mergeDebugResources\values-ca_values-ca.arsc.flat
[        ] Compiling XML table E:\My Projects\EchoSift\frontend\build\app\intermediates\incremental\debug\mergeDebugResources\merged.dir\values-sv\values-sv.xml to E:\My Projects\EchoSift\frontend\build\app\intermediates\merged_res\debug\mergeDebugResources\values-sv_values-sv.arsc.flat
[        ] Compiling XML table E:\My Projects\EchoSift\frontend\build\app\intermediates\incremental\debug\mergeDebugResources\merged.dir\values-gu\values-gu.xml to E:\My Projects\EchoSift\frontend\build\app\intermediates\merged_res\debug\mergeDebugResources\values-gu_values-gu.arsc.flat
[        ] Compiling XML table E:\My Projects\EchoSift\frontend\build\app\intermediates\incremental\debug\mergeDebugResources\merged.dir\values-tl\values-tl.xml to E:\My Projects\EchoSift\frontend\build\app\intermediates\merged_res\debug\mergeDebugResources\values-tl_values-tl.arsc.flat
[        ] Compiling image file E:\My Projects\EchoSift\frontend\android\app\src\main\res\mipmap-hdpi\ic_launcher.png
[        ] Compiling file E:\My Projects\EchoSift\frontend\android\app\src\main\res\mipmap-hdpi\ic_launcher.png to E:\My Projects\EchoSift\frontend\build\app\intermediates\merged_res\debug\mergeDebugResources\mipmap-hdpi_ic_launcher.png.flat
[ +347 ms] Resolve mutations for :app:createDebugCompatibleScreenManifests (Thread[#169,Execution worker Thread 3,5,main]) started.
[        ] :app:createDebugCompatibleScreenManifests (Thread[#169,Execution worker Thread 3,5,main]) started.
[        ] > Task :app:createDebugCompatibleScreenManifests
[        ] Caching disabled for task ':app:createDebugCompatibleScreenManifests' because:
[   +1 ms]   Build cache is disabled
[        ]   Caching has been disabled for the task
[        ] Task ':app:createDebugCompatibleScreenManifests' is not up-to-date because:
[        ]   No history is available.
[        ] Resolve mutations for :app:extractDeepLinksDebug (Thread[#169,Execution worker Thread 3,5,main]) started.
[        ] :app:extractDeepLinksDebug (Thread[#170,Execution worker Thread 4,5,main]) started.
[        ] > Task :app:extractDeepLinksDebug
[        ] Caching disabled for task ':app:extractDeepLinksDebug' because:
[        ]   Build cache is disabled
[        ] Task ':app:extractDeepLinksDebug' is not up-to-date because:
[        ]   No history is available.
[        ] Resolve mutations for :path_provider_android:extractDeepLinksDebug (Thread[#170,Execution worker Thread 4,5,main]) started.
[        ] :path_provider_android:extractDeepLinksDebug (Thread[#170,Execution worker Thread 4,5,main]) started.
[        ] > Task :path_provider_android:extractDeepLinksDebug
[        ] Caching disabled for task ':path_provider_android:extractDeepLinksDebug' because:
[        ]   Build cache is disabled
[        ] Task ':path_provider_android:extractDeepLinksDebug' is not up-to-date because:
[        ]   No history is available.
[        ] work action resolve navigation.json (project :path_provider_android) (Thread[#170,Execution worker Thread 4,5,main]) started.
[        ] Resolve mutations for :path_provider_android:processDebugManifest (Thread[#170,Execution worker Thread 4,5,main]) started.
[        ] :path_provider_android:processDebugManifest (Thread[#170,Execution worker Thread 4,5,main]) started.
[  +31 ms] Resolve mutations for :permission_handler_android:extractDeepLinksDebug (Thread[#168,Execution worker Thread 2,5,main]) started.
[        ] :permission_handler_android:extractDeepLinksDebug (Thread[#168,Execution worker Thread 2,5,main]) started.
[        ] > Task :permission_handler_android:extractDeepLinksDebug
[        ] Caching disabled for task ':permission_handler_android:extractDeepLinksDebug' because:
[        ]   Build cache is disabled
[        ] Task ':permission_handler_android:extractDeepLinksDebug' is not up-to-date because:
[        ]   No history is available.
[        ] work action resolve navigation.json (project :permission_handler_android) (Thread[#168,Execution worker Thread 2,5,main]) started.
[        ] Resolve mutations for :permission_handler_android:processDebugManifest (Thread[#168,Execution worker Thread 2,5,main]) started.
[        ] :permission_handler_android:processDebugManifest (Thread[#168,Execution worker Thread 2,5,main]) started.
[        ] Resolve mutations for :record_android:extractDeepLinksDebug (Thread[#166,included builds,5,main]) started.
[        ] :record_android:extractDeepLinksDebug (Thread[#166,included builds,5,main]) started.
[        ] > Task :record_android:extractDeepLinksDebug
[        ] Caching disabled for task ':record_android:extractDeepLinksDebug' because:
[        ]   Build cache is disabled
[        ] Task ':record_android:extractDeepLinksDebug' is not up-to-date because:
[        ]   No history is available.
[        ] work action resolve navigation.json (project :record_android) (Thread[#166,included builds,5,main]) started.
[        ] Resolve mutations for :record_android:processDebugManifest (Thread[#166,included builds,5,main]) started.
[        ] :record_android:processDebugManifest (Thread[#166,included builds,5,main]) started.
[ +107 ms] > Task :app:parseDebugLocalResources
[        ] Caching disabled for PlatformAttrTransform: E:\AndroidSDK\platforms\android-36\android.jar because:
[        ]   Build cache is disabled
[        ] Caching disabled for task ':app:parseDebugLocalResources' because:
[        ]   Build cache is disabled
[        ] Task ':app:parseDebugLocalResources' is not up-to-date because:
[        ]   No history is available.
[        ] The input changes require a full rebuild for incremental task ':app:parseDebugLocalResources'.
[ +297 ms] > Task :path_provider_android:processDebugManifest
[   +1 ms] Caching disabled for task ':path_provider_android:processDebugManifest' because:
[   +3 ms]   Build cache is disabled
[        ] Task ':path_provider_android:processDebugManifest' is not up-to-date because:
[        ]   No history is available.
[        ] package="io.flutter.plugins.pathprovider" found in source AndroidManifest.xml: C:\Users\Volted User\AppData\Local\Pub\Cache\hosted\pub.dev\path_provider_android-2.2.22\android\src\main\AndroidManifest.xml.
[   +4 ms] Setting the namespace via the package attribute in the source AndroidManifest.xml is no longer supported, and the value is ignored.
[        ] Recommendation: remove package="io.flutter.plugins.pathprovider" from the source AndroidManifest.xml: C:\Users\Volted User\AppData\Local\Pub\Cache\hosted\pub.dev\path_provider_android-2.2.22\android\src\main\AndroidManifest.xml.
[        ] Merging main manifest C:\Users\Volted User\AppData\Local\Pub\Cache\hosted\pub.dev\path_provider_android-2.2.22\android\src\main\AndroidManifest.xml
[        ] Merging result: SUCCESS
[        ] 1<?xml version="1.0" encoding="utf-8"?>
[        ] 2<manifest xmlns:android="http://schemas.android.com/apk/res/android"
[        ] 3    package="io.flutter.plugins.pathprovider" >
[        ] 4
[        ] 5    <uses-sdk android:minSdkVersion="21" />
[        ] 6
[        ] 7</manifest>
[        ] Merged manifest saved to E:\My Projects\EchoSift\frontend\build\path_provider_android\intermediates\merged_manifest\debug\processDebugManifest\AndroidManifest.xml
[        ] > Task :permission_handler_android:processDebugManifest
[        ] Caching disabled for task ':permission_handler_android:processDebugManifest' because:
[        ]   Build cache is disabled
[        ] Task ':permission_handler_android:processDebugManifest' is not up-to-date because:
[        ]   No history is available.
[        ] package="com.baseflow.permissionhandler" found in source AndroidManifest.xml: C:\Users\Volted User\AppData\Local\Pub\Cache\hosted\pub.dev\permission_handler_android-13.0.1\android\src\main\AndroidManifest.xml.
[        ] Setting the namespace via the package attribute in the source AndroidManifest.xml is no longer supported, and the value is ignored.
[        ] Recommendation: remove package="com.baseflow.permissionhandler" from the source AndroidManifest.xml: C:\Users\Volted User\AppData\Local\Pub\Cache\hosted\pub.dev\permission_handler_android-13.0.1\android\src\main\AndroidManifest.xml.
[        ] Merging main manifest C:\Users\Volted User\AppData\Local\Pub\Cache\hosted\pub.dev\permission_handler_android-13.0.1\android\src\main\AndroidManifest.xml
[        ] Merging result: SUCCESS
[        ] 1<?xml version="1.0" encoding="utf-8"?>
[        ] 2<manifest xmlns:android="http://schemas.android.com/apk/res/android"
[        ] 3    package="com.baseflow.permissionhandler" >
[        ] 4
[        ] 5    <uses-sdk android:minSdkVersion="19" />
[        ] 6
[        ] 7</manifest>
[        ] Merged manifest saved to E:\My Projects\EchoSift\frontend\build\permission_handler_android\intermediates\merged_manifest\debug\processDebugManifest\AndroidManifest.xml
[ +485 ms] work action resolve AndroidManifest.xml (project :permission_handler_android) (Thread[#168,Execution worker Thread 2,5,main]) started.
[        ] work action resolve AndroidManifest.xml (project :path_provider_android) (Thread[#168,Execution worker Thread 2,5,main]) started.
[        ] Resolve mutations for :path_provider_android:compileDebugLibraryResources (Thread[#168,Execution worker Thread 2,5,main]) started.
[        ] :path_provider_android:compileDebugLibraryResources (Thread[#168,Execution worker Thread 2,5,main]) started.
[ +108 ms] > Task :record_android:processDebugManifest
[        ] Caching disabled for task ':record_android:processDebugManifest' because:
[        ]   Build cache is disabled
[        ] Task ':record_android:processDebugManifest' is not up-to-date because:
[        ]   No history is available.
[        ] package="com.llfbandit.record" found in source AndroidManifest.xml: C:\Users\Volted User\AppData\Local\Pub\Cache\hosted\pub.dev\record_android-1.5.0\android\src\main\AndroidManifest.xml.
[        ] Setting the namespace via the package attribute in the source AndroidManifest.xml is no longer supported, and the value is ignored.
[        ] Recommendation: remove package="com.llfbandit.record" from the source AndroidManifest.xml: C:\Users\Volted User\AppData\Local\Pub\Cache\hosted\pub.dev\record_android-1.5.0\android\src\main\AndroidManifest.xml.
[        ] Merging main manifest C:\Users\Volted User\AppData\Local\Pub\Cache\hosted\pub.dev\record_android-1.5.0\android\src\main\AndroidManifest.xml
[        ] Merging result: SUCCESS
[        ] 1<?xml version="1.0" encoding="utf-8"?>
[        ] 2<manifest xmlns:android="http://schemas.android.com/apk/res/android"
[        ] 3    package="com.llfbandit.record" >
[        ] 4
[        ] 5    <uses-sdk android:minSdkVersion="23" />
[        ] 6
[        ] 7    <uses-permission android:name="android.permission.RECORD_AUDIO" />
[        ] 7-->C:\Users\Volted User\AppData\Local\Pub\Cache\hosted\pub.dev\record_android-1.5.0\android\src\main\AndroidManifest.xml:4:5-71
[        ] 7-->C:\Users\Volted User\AppData\Local\Pub\Cache\hosted\pub.dev\record_android-1.5.0\android\src\main\AndroidManifest.xml:4:22-68
[        ] 8
[        ] 9</manifest>
[        ] Merged manifest saved to E:\My Projects\EchoSift\frontend\build\record_android\intermediates\merged_manifest\debug\processDebugManifest\AndroidManifest.xml
[ +894 ms] work action resolve AndroidManifest.xml (project :record_android) (Thread[#166,included builds,5,main]) started.
[        ] Resolve mutations for :app:processDebugMainManifest (Thread[#166,included builds,5,main]) started.
[        ] :app:processDebugMainManifest (Thread[#166,included builds,5,main]) started.
[        ] > Task :path_provider_android:compileDebugLibraryResources
[        ] Caching disabled for task ':path_provider_android:compileDebugLibraryResources' because:
[        ]   Build cache is disabled
[        ] Task ':path_provider_android:compileDebugLibraryResources' is not up-to-date because:
[        ]   No history is available.
[        ] The input changes require a full rebuild for incremental task ':path_provider_android:compileDebugLibraryResources'.
[        ] Downloading https://dl.google.com/dl/android/maven2/com/android/tools/build/aapt2/8.11.1-12782657/aapt2-8.11.1-12782657.pom to C:\Users\Volted User\.gradle\.tmp\gradle_download14088451750706423485bin
[        ] Downloading https://dl.google.com/dl/android/maven2/com/android/tools/build/aapt2/8.11.1-12782657/aapt2-8.11.1-12782657-windows.jar to C:\Users\Volted User\.gradle\.tmp\gradle_download15042410881691030618bin
[        ] Caching disabled for Aapt2Extractor: C:\Users\Volted User\.gradle\caches\modules-2\files-2.1\com.android.tools.build\aapt2\8.11.1-12782657\7104b237a220e92fd117bab6f592b468f6e0258f\aapt2-8.11.1-12782657-windows.jar because:
[        ]   Build cache is disabled
[        ]   Caching not enabled.
[ +304 ms] work action resolve out (project :path_provider_android) (Thread[#168,Execution worker Thread 2,5,main]) started.
[ +586 ms] > Task :app:processDebugMainManifest
[        ] Caching disabled for AarTransform: C:\Users\Volted User\.gradle\caches\8.14\transforms\7217e782825a2d4d49e286a23835439b\transformed\window-1.2.0 because:
[        ]   Build cache is disabled
[        ]   Caching not enabled.
[        ] Caching disabled for AarTransform: C:\Users\Volted User\.gradle\caches\8.14\transforms\7be6cf4f52d84b0f524b317232df5d4c\transformed\viewpager-1.0.0 because:
[        ]   Build cache is disabled
[        ]   Caching not enabled.
[        ] Caching disabled for AarTransform: C:\Users\Volted User\.gradle\caches\8.14\transforms\1e42bd289ddf0f442a3fc01efb84d3ba\transformed\activity-1.8.1 because:
[        ]   Build cache is disabled
[        ]   Caching not enabled.
[        ] Caching disabled for AarTransform: C:\Users\Volted User\.gradle\caches\8.14\transforms\5fb50349239706e8a6594e22cd560397\transformed\fragment-1.7.1 because:
[        ]   Build cache is disabled
[        ]   Caching not enabled.
[        ] Caching disabled for AarTransform: C:\Users\Volted User\.gradle\caches\8.14\transforms\684fec45a4a4620be950d54dccaf82cd\transformed\window-java-1.2.0 because:
[        ]   Build cache is disabled
[        ]   Caching not enabled.
[        ] Caching disabled for AarTransform: C:\Users\Volted User\.gradle\caches\8.14\transforms\95ee91d8a897d16eed1ef302f2de9371\transformed\lifecycle-livedata-core-ktx-2.7.0 because:
[        ]   Build cache is disabled
[        ]   Caching not enabled.
[        ] Caching disabled for AarTransform: C:\Users\Volted User\.gradle\caches\8.14\transforms\ee9028989d5df242a30968eb14819a13\transformed\lifecycle-livedata-2.7.0 because:
[        ]   Build cache is disabled
[        ]   Caching not enabled.
[        ] Caching disabled for AarTransform: C:\Users\Volted User\.gradle\caches\8.14\transforms\608dfc9e2582f51b81c1485fd62d55da\transformed\lifecycle-viewmodel-2.7.0 because:
[        ]   Build cache is disabled
[        ]   Caching not enabled.
[        ] Caching disabled for AarTransform: C:\Users\Volted User\.gradle\caches\8.14\transforms\134d38681951a9cb59e105fa43ce6ab5\transformed\lifecycle-livedata-core-2.7.0 because:
[        ]   Build cache is disabled
[        ]   Caching not enabled.
[        ] Caching disabled for AarTransform: C:\Users\Volted User\.gradle\caches\8.14\transforms\57a4845aed7b5ba78f501c04d4c94c43\transformed\lifecycle-viewmodel-savedstate-2.7.0 because:
[        ]   Build cache is disabled
[        ]   Caching not enabled.
[        ] Caching disabled for AarTransform: C:\Users\Volted User\.gradle\caches\8.14\transforms\bd7e8451c9c7af9c0727ed7672bd833e\transformed\core-ktx-1.13.1 because:
[        ]   Build cache is disabled
[        ]   Caching not enabled.
[        ] Caching disabled for AarTransform: C:\Users\Volted User\.gradle\caches\8.14\transforms\00a453ff382677488707e15bb6af4386\transformed\customview-1.0.0 because:
[        ]   Build cache is disabled
[        ]   Caching not enabled.
[        ] Caching disabled for AarTransform: C:\Users\Volted User\.gradle\caches\8.14\transforms\8cb437de8fdac72e2de918f9ee215ca3\transformed\core-1.13.1 because:
[        ]   Build cache is disabled
[        ]   Caching not enabled.
[        ] Caching disabled for AarTransform: C:\Users\Volted User\.gradle\caches\8.14\transforms\a3c4bf2e80a7e6a2d3bfce7149bfaf69\transformed\savedstate-1.2.1 because:
[        ]   Build cache is disabled
[        ]   Caching not enabled.
[        ] Caching disabled for AarTransform: C:\Users\Volted User\.gradle\caches\8.14\transforms\70c7f9c93d870d55aa75fb2befc1cc77\transformed\lifecycle-process-2.7.0 because:
[        ]   Build cache is disabled
[        ]   Caching not enabled.
[        ] Caching disabled for AarTransform: C:\Users\Volted User\.gradle\caches\8.14\transforms\df5ed31f6e2668fd0cb1284d2affc9c1\transformed\profileinstaller-1.3.1 because:
[        ]   Build cache is disabled
[        ]   Caching not enabled.
[        ] Caching disabled for AarTransform: C:\Users\Volted User\.gradle\caches\8.14\transforms\81bfdcaf88a095985faf642cd08a6310\transformed\lifecycle-runtime-2.7.0 because:
[        ]   Build cache is disabled
[        ]   Caching not enabled.
[        ] Caching disabled for AarTransform: C:\Users\Volted User\.gradle\caches\8.14\transforms\fac3bdbb065ba11aedd38e2ea2c0656c\transformed\startup-runtime-1.1.1 because:
[        ]   Build cache is disabled
[        ]   Caching not enabled.
[        ] Caching disabled for AarTransform: C:\Users\Volted User\.gradle\caches\8.14\transforms\f33585d6fc1e1b2a34e4c1d736d386ca\transformed\tracing-1.2.0 because:
[        ]   Build cache is disabled
[        ]   Caching not enabled.
[        ] Caching disabled for AarTransform: C:\Users\Volted User\.gradle\caches\8.14\transforms\95cdd7ca87255f13e4af9ad26a5e03dc\transformed\core-runtime-2.2.0 because:
[        ]   Build cache is disabled
[        ]   Caching not enabled.
[        ] Caching disabled for AarTransform: C:\Users\Volted User\.gradle\caches\8.14\transforms\75c850d93edffb1f0e79a2b1090091ce\transformed\versionedparcelable-1.1.1 because:
[   +4 ms]   Build cache is disabled
[        ]   Caching not enabled.
[        ] Caching disabled for AarTransform: C:\Users\Volted User\.gradle\caches\8.14\transforms\875ffbd89ac9c7dfd0a91922397ce327\transformed\interpolator-1.0.0 because:
[        ]   Build cache is disabled
[        ]   Caching not enabled.
[        ] Caching disabled for AarTransform: C:\Users\Volted User\.gradle\caches\8.14\transforms\8b553870adc7ac07c61aa64705ec7f72\transformed\core-1.0.0 because:
[        ]   Build cache is disabled
[        ]   Caching not enabled.
[        ] Caching disabled for AarTransform: C:\Users\Volted User\.gradle\caches\8.14\transforms\44f201f6ae2e842e99898292414fc732\transformed\annotation-experimental-1.4.0 because:
[        ]   Build cache is disabled
[        ]   Caching not enabled.
[        ] Caching disabled for AarTransform: C:\Users\Volted User\.gradle\caches\8.14\transforms\15a558128bbbec921e6710294f0a125f\transformed\relinker-1.4.5 because:
[        ]   Build cache is disabled
[        ]   Caching not enabled.
[        ] Caching disabled for AarTransform: C:\Users\Volted User\.gradle\caches\8.14\transforms\0b8c65722c66640cf120e60317d42362\transformed\loader-1.0.0 because:
[        ]   Build cache is disabled
[        ]   Caching not enabled.
[        ] Caching disabled for AarTransform: C:\Users\Volted User\.gradle\caches\8.14\transforms\684fec45a4a4620be950d54dccaf82cd\transformed\window-java-1.2.0 because:
[        ]   Build cache is disabled
[        ]   Caching not enabled.
[        ] Caching disabled for AarTransform: C:\Users\Volted User\.gradle\caches\8.14\transforms\7217e782825a2d4d49e286a23835439b\transformed\window-1.2.0 because:
[        ]   Build cache is disabled
[        ]   Caching not enabled.
[        ] Caching disabled for AarTransform: C:\Users\Volted User\.gradle\caches\8.14\transforms\1e42bd289ddf0f442a3fc01efb84d3ba\transformed\activity-1.8.1 because:
[        ]   Build cache is disabled
[        ]   Caching not enabled.
[        ] Caching disabled for AarTransform: C:\Users\Volted User\.gradle\caches\8.14\transforms\5fb50349239706e8a6594e22cd560397\transformed\fragment-1.7.1 because:
[        ]   Build cache is disabled
[        ]   Caching not enabled.
[        ] Caching disabled for AarTransform: C:\Users\Volted User\.gradle\caches\8.14\transforms\0b8c65722c66640cf120e60317d42362\transformed\loader-1.0.0 because:
[        ]   Build cache is disabled
[        ]   Caching not enabled.
[        ] Caching disabled for AarTransform: C:\Users\Volted User\.gradle\caches\8.14\transforms\95ee91d8a897d16eed1ef302f2de9371\transformed\lifecycle-livedata-core-ktx-2.7.0 because:
[        ]   Build cache is disabled
[   +1 ms]   Caching not enabled.
[        ] Caching disabled for AarTransform: C:\Users\Volted User\.gradle\caches\8.14\transforms\ee9028989d5df242a30968eb14819a13\transformed\lifecycle-livedata-2.7.0 because:
[        ]   Build cache is disabled
[        ]   Caching not enabled.
[        ] Caching disabled for AarTransform: C:\Users\Volted User\.gradle\caches\8.14\transforms\608dfc9e2582f51b81c1485fd62d55da\transformed\lifecycle-viewmodel-2.7.0 because:
[        ]   Build cache is disabled
[        ]   Caching not enabled.
[        ] Caching disabled for AarTransform: C:\Users\Volted User\.gradle\caches\8.14\transforms\134d38681951a9cb59e105fa43ce6ab5\transformed\lifecycle-livedata-core-2.7.0 because:
[        ]   Build cache is disabled
[        ]   Caching not enabled.
[        ] Caching disabled for AarTransform: C:\Users\Volted User\.gradle\caches\8.14\transforms\57a4845aed7b5ba78f501c04d4c94c43\transformed\lifecycle-viewmodel-savedstate-2.7.0 because:
[        ]   Build cache is disabled
[        ]   Caching not enabled.
[        ] Caching disabled for AarTransform: C:\Users\Volted User\.gradle\caches\8.14\transforms\bd7e8451c9c7af9c0727ed7672bd833e\transformed\core-ktx-1.13.1 because:
[        ]   Build cache is disabled
[        ]   Caching not enabled.
[        ] Caching disabled for AarTransform: C:\Users\Volted User\.gradle\caches\8.14\transforms\00a453ff382677488707e15bb6af4386\transformed\customview-1.0.0 because:
[        ]   Build cache is disabled
[        ]   Caching not enabled.
[        ] Caching disabled for AarTransform: C:\Users\Volted User\.gradle\caches\8.14\transforms\8cb437de8fdac72e2de918f9ee215ca3\transformed\core-1.13.1 because:
[        ]   Build cache is disabled
[        ]   Caching not enabled.
[        ] Caching disabled for AarTransform: C:\Users\Volted User\.gradle\caches\8.14\transforms\81bfdcaf88a095985faf642cd08a6310\transformed\lifecycle-runtime-2.7.0 because:
[        ]   Build cache is disabled
[        ]   Caching not enabled.
[        ] Caching disabled for AarTransform: C:\Users\Volted User\.gradle\caches\8.14\transforms\70c7f9c93d870d55aa75fb2befc1cc77\transformed\lifecycle-process-2.7.0 because:
[        ]   Build cache is disabled
[        ]   Caching not enabled.
[   +3 ms] Caching disabled for AarTransform: C:\Users\Volted User\.gradle\caches\8.14\transforms\df5ed31f6e2668fd0cb1284d2affc9c1\transformed\profileinstaller-1.3.1 because:
[        ]   Build cache is disabled
[        ]   Caching not enabled.
[        ] Caching disabled for AarTransform: C:\Users\Volted User\.gradle\caches\8.14\transforms\fac3bdbb065ba11aedd38e2ea2c0656c\transformed\startup-runtime-1.1.1 because:
[        ]   Build cache is disabled
[        ]   Caching not enabled.
[        ] Caching disabled for AarTransform: C:\Users\Volted User\.gradle\caches\8.14\transforms\f33585d6fc1e1b2a34e4c1d736d386ca\transformed\tracing-1.2.0 because:
[        ]   Build cache is disabled
[        ]   Caching not enabled.
[        ] Caching disabled for AarTransform: C:\Users\Volted User\.gradle\caches\8.14\transforms\95cdd7ca87255f13e4af9ad26a5e03dc\transformed\core-runtime-2.2.0 because:
[        ]   Build cache is disabled
[        ]   Caching not enabled.
[        ] Caching disabled for AarTransform: C:\Users\Volted User\.gradle\caches\8.14\transforms\75c850d93edffb1f0e79a2b1090091ce\transformed\versionedparcelable-1.1.1 because:
[        ]   Build cache is disabled
[        ]   Caching not enabled.
[        ] Caching disabled for AarTransform: C:\Users\Volted User\.gradle\caches\8.14\transforms\875ffbd89ac9c7dfd0a91922397ce327\transformed\interpolator-1.0.0 because:
[        ]   Build cache is disabled
[        ]   Caching not enabled.
[        ] Caching disabled for AarTransform: C:\Users\Volted User\.gradle\caches\8.14\transforms\8b553870adc7ac07c61aa64705ec7f72\transformed\core-1.0.0 because:
[        ]   Build cache is disabled
[        ]   Caching not enabled.
[        ] Caching disabled for AarTransform: C:\Users\Volted User\.gradle\caches\8.14\transforms\44f201f6ae2e842e99898292414fc732\transformed\annotation-experimental-1.4.0 because:
[        ]   Build cache is disabled
[        ]   Caching not enabled.
[        ] Caching disabled for AarTransform: C:\Users\Volted User\.gradle\caches\8.14\transforms\15a558128bbbec921e6710294f0a125f\transformed\relinker-1.4.5 because:
[        ]   Build cache is disabled
[        ]   Caching not enabled.
[        ] Caching disabled for AarTransform: C:\Users\Volted User\.gradle\caches\8.14\transforms\7be6cf4f52d84b0f524b317232df5d4c\transformed\viewpager-1.0.0 because:
[        ]   Build cache is disabled
[        ]   Caching not enabled.
[        ] Caching disabled for AarTransform: C:\Users\Volted User\.gradle\caches\8.14\transforms\a3c4bf2e80a7e6a2d3bfce7149bfaf69\transformed\savedstate-1.2.1 because:
[        ]   Build cache is disabled
[        ]   Caching not enabled.
[        ] Caching disabled for task ':app:processDebugMainManifest' because:
[        ]   Build cache is disabled
[        ] Task ':app:processDebugMainManifest' is not up-to-date because:
[        ]   No history is available.
[        ] Loading library manifest E:\My Projects\EchoSift\frontend\build\record_android\intermediates\merged_manifest\debug\processDebugManifest\AndroidManifest.xml
[        ] Loading library manifest E:\My Projects\EchoSift\frontend\build\path_provider_android\intermediates\merged_manifest\debug\processDebugManifest\AndroidManifest.xml
[        ] Loading library manifest E:\My Projects\EchoSift\frontend\build\permission_handler_android\intermediates\merged_manifest\debug\processDebugManifest\AndroidManifest.xml
[        ] Loading library manifest C:\Users\Volted User\.gradle\caches\8.14\transforms\5fb50349239706e8a6594e22cd560397\transformed\fragment-1.7.1\AndroidManifest.xml
[        ] Loading library manifest C:\Users\Volted User\.gradle\caches\8.14\transforms\7217e782825a2d4d49e286a23835439b\transformed\window-1.2.0\AndroidManifest.xml
[        ] Loading library manifest C:\Users\Volted User\.gradle\caches\8.14\transforms\684fec45a4a4620be950d54dccaf82cd\transformed\window-java-1.2.0\AndroidManifest.xml
[        ] Loading library manifest C:\Users\Volted User\.gradle\caches\8.14\transforms\1e42bd289ddf0f442a3fc01efb84d3ba\transformed\activity-1.8.1\AndroidManifest.xml
[        ] Loading library manifest C:\Users\Volted User\.gradle\caches\8.14\transforms\0b8c65722c66640cf120e60317d42362\transformed\loader-1.0.0\AndroidManifest.xml
[        ] Loading library manifest C:\Users\Volted User\.gradle\caches\8.14\transforms\7be6cf4f52d84b0f524b317232df5d4c\transformed\viewpager-1.0.0\AndroidManifest.xml
[        ] Loading library manifest C:\Users\Volted User\.gradle\caches\8.14\transforms\95ee91d8a897d16eed1ef302f2de9371\transformed\lifecycle-livedata-core-ktx-2.7.0\AndroidManifest.xml
[        ] Loading library manifest C:\Users\Volted User\.gradle\caches\8.14\transforms\ee9028989d5df242a30968eb14819a13\transformed\lifecycle-livedata-2.7.0\AndroidManifest.xml
[        ] Loading library manifest C:\Users\Volted User\.gradle\caches\8.14\transforms\608dfc9e2582f51b81c1485fd62d55da\transformed\lifecycle-viewmodel-2.7.0\AndroidManifest.xml
[        ] Loading library manifest C:\Users\Volted User\.gradle\caches\8.14\transforms\134d38681951a9cb59e105fa43ce6ab5\transformed\lifecycle-livedata-core-2.7.0\AndroidManifest.xml
[        ] Loading library manifest C:\Users\Volted User\.gradle\caches\8.14\transforms\57a4845aed7b5ba78f501c04d4c94c43\transformed\lifecycle-viewmodel-savedstate-2.7.0\AndroidManifest.xml
[        ] Loading library manifest C:\Users\Volted User\.gradle\caches\8.14\transforms\bd7e8451c9c7af9c0727ed7672bd833e\transformed\core-ktx-1.13.1\AndroidManifest.xml
[        ] Loading library manifest C:\Users\Volted User\.gradle\caches\8.14\transforms\00a453ff382677488707e15bb6af4386\transformed\customview-1.0.0\AndroidManifest.xml
[        ] Loading library manifest C:\Users\Volted User\.gradle\caches\8.14\transforms\8cb437de8fdac72e2de918f9ee215ca3\transformed\core-1.13.1\AndroidManifest.xml
[        ] Loading library manifest C:\Users\Volted User\.gradle\caches\8.14\transforms\81bfdcaf88a095985faf642cd08a6310\transformed\lifecycle-runtime-2.7.0\AndroidManifest.xml
[        ] Loading library manifest C:\Users\Volted User\.gradle\caches\8.14\transforms\70c7f9c93d870d55aa75fb2befc1cc77\transformed\lifecycle-process-2.7.0\AndroidManifest.xml
[        ] Loading library manifest C:\Users\Volted User\.gradle\caches\8.14\transforms\a3c4bf2e80a7e6a2d3bfce7149bfaf69\transformed\savedstate-1.2.1\AndroidManifest.xml
[        ] Loading library manifest C:\Users\Volted User\.gradle\caches\8.14\transforms\df5ed31f6e2668fd0cb1284d2affc9c1\transformed\profileinstaller-1.3.1\AndroidManifest.xml
[        ] Loading library manifest C:\Users\Volted User\.gradle\caches\8.14\transforms\fac3bdbb065ba11aedd38e2ea2c0656c\transformed\startup-runtime-1.1.1\AndroidManifest.xml
[        ] Loading library manifest C:\Users\Volted User\.gradle\caches\8.14\transforms\f33585d6fc1e1b2a34e4c1d736d386ca\transformed\tracing-1.2.0\AndroidManifest.xml
[        ] Loading library manifest C:\Users\Volted User\.gradle\caches\8.14\transforms\95cdd7ca87255f13e4af9ad26a5e03dc\transformed\core-runtime-2.2.0\AndroidManifest.xml
[        ] Loading library manifest C:\Users\Volted User\.gradle\caches\8.14\transforms\75c850d93edffb1f0e79a2b1090091ce\transformed\versionedparcelable-1.1.1\AndroidManifest.xml
[        ] Loading library manifest C:\Users\Volted User\.gradle\caches\8.14\transforms\875ffbd89ac9c7dfd0a91922397ce327\transformed\interpolator-1.0.0\AndroidManifest.xml
[        ] Loading library manifest C:\Users\Volted User\.gradle\caches\8.14\transforms\8b553870adc7ac07c61aa64705ec7f72\transformed\core-1.0.0\AndroidManifest.xml
[        ] Loading library manifest C:\Users\Volted User\.gradle\caches\8.14\transforms\44f201f6ae2e842e99898292414fc732\transformed\annotation-experimental-1.4.0\AndroidManifest.xml
[        ] Loading library manifest C:\Users\Volted User\.gradle\caches\8.14\transforms\15a558128bbbec921e6710294f0a125f\transformed\relinker-1.4.5\AndroidManifest.xml
[        ] Merging flavors and build manifest E:\My Projects\EchoSift\frontend\android\app\src\debug\AndroidManifest.xml 
[        ] Merging main manifest E:\My Projects\EchoSift\frontend\android\app\src\main\AndroidManifest.xml
[        ] Merging manifest with lower AndroidManifest.xml:1:1-45:12
[        ] Adopted [application: null]
[        ] Adopted [queries: null]
[        ] Merging library manifest E:\My Projects\EchoSift\frontend\build\record_android\intermediates\merged_manifest\debug\processDebugManifest\AndroidManifest.xml
[   +2 ms] Merging manifest with lower [:record_android] AndroidManifest.xml:2:1-9:12
[        ] uses-sdk defined in both files...
[        ] Merging uses-sdk with lower [:record_android] AndroidManifest.xml:5:5-44
[        ] Adopted [uses-permission: null]
[        ] Merging library manifest E:\My Projects\EchoSift\frontend\build\path_provider_android\intermediates\merged_manifest\debug\processDebugManifest\AndroidManifest.xml
[        ] Merging manifest with lower [:path_provider_android] AndroidManifest.xml:2:1-7:12
[        ] uses-sdk defined in both files...
[        ] Merging uses-sdk with lower [:path_provider_android] AndroidManifest.xml:5:5-44
[        ] Merging library manifest E:\My Projects\EchoSift\frontend\build\permission_handler_android\intermediates\merged_manifest\debug\processDebugManifest\AndroidManifest.xml
[        ] Merging manifest with lower [:permission_handler_android] AndroidManifest.xml:2:1-7:12
[        ] uses-sdk defined in both files...
[        ] Merging uses-sdk with lower [:permission_handler_android] AndroidManifest.xml:5:5-44
[        ] Merging library manifest C:\Users\Volted User\.gradle\caches\8.14\transforms\5fb50349239706e8a6594e22cd560397\transformed\fragment-1.7.1\AndroidManifest.xml
[        ] Merging manifest with lower [androidx.fragment:fragment:1.7.1] AndroidManifest.xml:2:1-7:12
[        ] uses-sdk defined in both files...
[        ] Merging uses-sdk with lower [androidx.fragment:fragment:1.7.1] AndroidManifest.xml:5:5-44
[        ] Merging library manifest C:\Users\Volted User\.gradle\caches\8.14\transforms\7217e782825a2d4d49e286a23835439b\transformed\window-1.2.0\AndroidManifest.xml
[        ] Merging manifest with lower [androidx.window:window:1.2.0] AndroidManifest.xml:17:1-31:12
[        ] uses-sdk defined in both files...
[        ] Merging uses-sdk with lower [androidx.window:window:1.2.0] AndroidManifest.xml:20:5-44
[        ] application defined in both files...
[        ] Merging application with lower [androidx.window:window:1.2.0] AndroidManifest.xml:22:5-29:19
[        ] Adopted [uses-library: null]
[        ] Adopted [uses-library: null]
[        ] Merging library manifest C:\Users\Volted User\.gradle\caches\8.14\transforms\684fec45a4a4620be950d54dccaf82cd\transformed\window-java-1.2.0\AndroidManifest.xml
[        ] Merging manifest with lower [androidx.window:window-java:1.2.0] AndroidManifest.xml:17:1-21:12
[        ] uses-sdk defined in both files...
[        ] Merging uses-sdk with lower [androidx.window:window-java:1.2.0] AndroidManifest.xml:19:5-44
[        ] Merging library manifest C:\Users\Volted User\.gradle\caches\8.14\transforms\1e42bd289ddf0f442a3fc01efb84d3ba\transformed\activity-1.8.1\AndroidManifest.xml
[        ] Merging manifest with lower [androidx.activity:activity:1.8.1] AndroidManifest.xml:17:1-22:12
[        ] uses-sdk defined in both files...
[        ] Merging uses-sdk with lower [androidx.activity:activity:1.8.1] AndroidManifest.xml:20:5-44
[   +3 ms] Merging library manifest C:\Users\Volted User\.gradle\caches\8.14\transforms\0b8c65722c66640cf120e60317d42362\transformed\loader-1.0.0\AndroidManifest.xml
[        ] Merging manifest with lower [androidx.loader:loader:1.0.0] AndroidManifest.xml:17:1-22:12
[        ] uses-sdk defined in both files...
[        ] Merging uses-sdk with lower [androidx.loader:loader:1.0.0] AndroidManifest.xml:20:5-44
[        ] Merging library manifest C:\Users\Volted User\.gradle\caches\8.14\transforms\7be6cf4f52d84b0f524b317232df5d4c\transformed\viewpager-1.0.0\AndroidManifest.xml
[        ] Merging manifest with lower [androidx.viewpager:viewpager:1.0.0] AndroidManifest.xml:17:1-22:12
[        ] uses-sdk defined in both files...
[        ] Merging uses-sdk with lower [androidx.viewpager:viewpager:1.0.0] AndroidManifest.xml:20:5-44
[        ] Merging library manifest C:\Users\Volted User\.gradle\caches\8.14\transforms\95ee91d8a897d16eed1ef302f2de9371\transformed\lifecycle-livedata-core-ktx-2.7.0\AndroidManifest.xml
[        ] Merging manifest with lower [androidx.lifecycle:lifecycle-livedata-core-ktx:2.7.0] AndroidManifest.xml:2:1-7:12
[        ] uses-sdk defined in both files...
[        ] Merging uses-sdk with lower [androidx.lifecycle:lifecycle-livedata-core-ktx:2.7.0] AndroidManifest.xml:5:5-44
[        ] Merging library manifest C:\Users\Volted User\.gradle\caches\8.14\transforms\ee9028989d5df242a30968eb14819a13\transformed\lifecycle-livedata-2.7.0\AndroidManifest.xml
[        ] Merging manifest with lower [androidx.lifecycle:lifecycle-livedata:2.7.0] AndroidManifest.xml:17:1-22:12
[        ] uses-sdk defined in both files...
[   +2 ms] Merging uses-sdk with lower [androidx.lifecycle:lifecycle-livedata:2.7.0] AndroidManifest.xml:20:5-44
[        ] Merging library manifest C:\Users\Volted User\.gradle\caches\8.14\transforms\608dfc9e2582f51b81c1485fd62d55da\transformed\lifecycle-viewmodel-2.7.0\AndroidManifest.xml
[        ] Merging manifest with lower [androidx.lifecycle:lifecycle-viewmodel:2.7.0] AndroidManifest.xml:17:1-22:12
[        ] uses-sdk defined in both files...
[        ] Merging uses-sdk with lower [androidx.lifecycle:lifecycle-viewmodel:2.7.0] AndroidManifest.xml:20:5-44
[        ] Merging library manifest C:\Users\Volted User\.gradle\caches\8.14\transforms\134d38681951a9cb59e105fa43ce6ab5\transformed\lifecycle-livedata-core-2.7.0\AndroidManifest.xml
[        ] Merging manifest with lower [androidx.lifecycle:lifecycle-livedata-core:2.7.0] AndroidManifest.xml:17:1-22:12
[        ] uses-sdk defined in both files...
[        ] Merging uses-sdk with lower [androidx.lifecycle:lifecycle-livedata-core:2.7.0] AndroidManifest.xml:20:5-44
[        ] Merging library manifest C:\Users\Volted User\.gradle\caches\8.14\transforms\57a4845aed7b5ba78f501c04d4c94c43\transformed\lifecycle-viewmodel-savedstate-2.7.0\AndroidManifest.xml
[        ] Merging manifest with lower [androidx.lifecycle:lifecycle-viewmodel-savedstate:2.7.0] AndroidManifest.xml:17:1-22:12
[        ] uses-sdk defined in both files...
[        ] Merging uses-sdk with lower [androidx.lifecycle:lifecycle-viewmodel-savedstate:2.7.0] AndroidManifest.xml:20:5-44
[        ] Merging library manifest C:\Users\Volted User\.gradle\caches\8.14\transforms\bd7e8451c9c7af9c0727ed7672bd833e\transformed\core-ktx-1.13.1\AndroidManifest.xml
[        ] Merging manifest with lower [androidx.core:core-ktx:1.13.1] AndroidManifest.xml:2:1-7:12
[        ] uses-sdk defined in both files...
[        ] Merging uses-sdk with lower [androidx.core:core-ktx:1.13.1] AndroidManifest.xml:5:5-44
[        ] Merging library manifest C:\Users\Volted User\.gradle\caches\8.14\transforms\00a453ff382677488707e15bb6af4386\transformed\customview-1.0.0\AndroidManifest.xml
[        ] Merging manifest with lower [androidx.customview:customview:1.0.0] AndroidManifest.xml:17:1-22:12
[        ] uses-sdk defined in both files...
[        ] Merging uses-sdk with lower [androidx.customview:customview:1.0.0] AndroidManifest.xml:20:5-44
[        ] Merging library manifest C:\Users\Volted User\.gradle\caches\8.14\transforms\8cb437de8fdac72e2de918f9ee215ca3\transformed\core-1.13.1\AndroidManifest.xml
[        ] Merging manifest with lower [androidx.core:core:1.13.1] AndroidManifest.xml:17:1-30:12
[        ] uses-sdk defined in both files...
[        ] Merging uses-sdk with lower [androidx.core:core:1.13.1] AndroidManifest.xml:20:5-44
[        ] Adopted [permission: null]
[        ] Adopted [uses-permission: null]
[        ] application defined in both files...
[        ] Merging application with lower [androidx.core:core:1.13.1] AndroidManifest.xml:28:5-89
[        ] Merging library manifest C:\Users\Volted User\.gradle\caches\8.14\transforms\81bfdcaf88a095985faf642cd08a6310\transformed\lifecycle-runtime-2.7.0\AndroidManifest.xml
[        ] Merging manifest with lower [androidx.lifecycle:lifecycle-runtime:2.7.0] AndroidManifest.xml:2:1-7:12
[        ] uses-sdk defined in both files...
[        ] Merging uses-sdk with lower [androidx.lifecycle:lifecycle-runtime:2.7.0] AndroidManifest.xml:5:5-44
[        ] Merging library manifest C:\Users\Volted User\.gradle\caches\8.14\transforms\70c7f9c93d870d55aa75fb2befc1cc77\transformed\lifecycle-process-2.7.0\AndroidManifest.xml
[        ] Merging manifest with lower [androidx.lifecycle:lifecycle-process:2.7.0] AndroidManifest.xml:17:1-35:12
[        ] uses-sdk defined in both files...
[        ] Merging uses-sdk with lower [androidx.lifecycle:lifecycle-process:2.7.0] AndroidManifest.xml:21:5-44
[        ] application defined in both files...
[        ] Merging application with lower [androidx.lifecycle:lifecycle-process:2.7.0] AndroidManifest.xml:23:5-33:19
[        ] Adopted [provider: null]
[        ] Merging library manifest C:\Users\Volted User\.gradle\caches\8.14\transforms\a3c4bf2e80a7e6a2d3bfce7149bfaf69\transformed\savedstate-1.2.1\AndroidManifest.xml
[        ] Merging manifest with lower [androidx.savedstate:savedstate:1.2.1] AndroidManifest.xml:17:1-22:12
[        ] uses-sdk defined in both files...
[        ] Merging uses-sdk with lower [androidx.savedstate:savedstate:1.2.1] AndroidManifest.xml:20:5-44
[        ] Merging library manifest C:\Users\Volted User\.gradle\caches\8.14\transforms\df5ed31f6e2668fd0cb1284d2affc9c1\transformed\profileinstaller-1.3.1\AndroidManifest.xml
[        ] Merging manifest with lower [androidx.profileinstaller:profileinstaller:1.3.1] AndroidManifest.xml:17:1-55:12
[        ] uses-sdk defined in both files...
[        ] Merging uses-sdk with lower [androidx.profileinstaller:profileinstaller:1.3.1] AndroidManifest.xml:21:5-44
[        ] application defined in both files...
[        ] Merging application with lower [androidx.profileinstaller:profileinstaller:1.3.1] AndroidManifest.xml:23:5-53:19
[        ] provider#androidx.startup.InitializationProvider defined in both files...
[        ] Merging provider#androidx.startup.InitializationProvider with lower [androidx.profileinstaller:profileinstaller:1.3.1] AndroidManifest.xml:24:9-32:20
[        ] Adopted [meta-data: null]
[        ] Adopted [receiver: null]
[        ] Merging library manifest C:\Users\Volted User\.gradle\caches\8.14\transforms\fac3bdbb065ba11aedd38e2ea2c0656c\transformed\startup-runtime-1.1.1\AndroidManifest.xml
[        ] Merging manifest with lower [androidx.startup:startup-runtime:1.1.1] AndroidManifest.xml:17:1-33:12
[        ] uses-sdk defined in both files...
[        ] Merging uses-sdk with lower [androidx.startup:startup-runtime:1.1.1] AndroidManifest.xml:21:5-23:41
[        ] application defined in both files...
[        ] Merging application with lower [androidx.startup:startup-runtime:1.1.1] AndroidManifest.xml:25:5-31:19
[        ] provider#androidx.startup.InitializationProvider defined in both files...
[        ] Merging provider#androidx.startup.InitializationProvider with lower [androidx.startup:startup-runtime:1.1.1] AndroidManifest.xml:26:9-30:34
[        ] Merging library manifest C:\Users\Volted User\.gradle\caches\8.14\transforms\f33585d6fc1e1b2a34e4c1d736d386ca\transformed\tracing-1.2.0\AndroidManifest.xml
[        ] Merging manifest with lower [androidx.tracing:tracing:1.2.0] AndroidManifest.xml:17:1-22:12
[        ] uses-sdk defined in both files...
[        ] Merging uses-sdk with lower [androidx.tracing:tracing:1.2.0] AndroidManifest.xml:20:5-44
[        ] Merging library manifest C:\Users\Volted User\.gradle\caches\8.14\transforms\95cdd7ca87255f13e4af9ad26a5e03dc\transformed\core-runtime-2.2.0\AndroidManifest.xml
[        ] Merging manifest with lower [androidx.arch.core:core-runtime:2.2.0] AndroidManifest.xml:17:1-22:12
[        ] uses-sdk defined in both files...
[        ] Merging uses-sdk with lower [androidx.arch.core:core-runtime:2.2.0] AndroidManifest.xml:20:5-44
[        ] Merging library manifest C:\Users\Volted User\.gradle\caches\8.14\transforms\75c850d93edffb1f0e79a2b1090091ce\transformed\versionedparcelable-1.1.1\AndroidManifest.xml
[        ] Merging manifest with lower [androidx.versionedparcelable:versionedparcelable:1.1.1] AndroidManifest.xml:17:1-27:12
[        ] uses-sdk defined in both files...
[        ] Merging uses-sdk with lower [androidx.versionedparcelable:versionedparcelable:1.1.1] AndroidManifest.xml:20:5-22:41
[        ] application defined in both files...
[        ] Merging application with lower [androidx.versionedparcelable:versionedparcelable:1.1.1] AndroidManifest.xml:24:5-25:19
[        ] Merging library manifest C:\Users\Volted User\.gradle\caches\8.14\transforms\875ffbd89ac9c7dfd0a91922397ce327\transformed\interpolator-1.0.0\AndroidManifest.xml
[        ] Merging manifest with lower [androidx.interpolator:interpolator:1.0.0] AndroidManifest.xml:17:1-22:12
[        ] uses-sdk defined in both files...
[        ] Merging uses-sdk with lower [androidx.interpolator:interpolator:1.0.0] AndroidManifest.xml:20:5-44
[        ] Merging library manifest C:\Users\Volted User\.gradle\caches\8.14\transforms\8b553870adc7ac07c61aa64705ec7f72\transformed\core-1.0.0\AndroidManifest.xml
[        ] Merging manifest with lower [androidx.window.extensions.core:core:1.0.0] AndroidManifest.xml:2:1-7:12
[        ] uses-sdk defined in both files...
[        ] Merging uses-sdk with lower [androidx.window.extensions.core:core:1.0.0] AndroidManifest.xml:5:5-44
[        ] Merging library manifest C:\Users\Volted User\.gradle\caches\8.14\transforms\44f201f6ae2e842e99898292414fc732\transformed\annotation-experimental-1.4.0\AndroidManifest.xml
[        ] Merging manifest with lower [androidx.annotation:annotation-experimental:1.4.0] AndroidManifest.xml:2:1-7:12
[        ] uses-sdk defined in both files...
[        ] Merging uses-sdk with lower [androidx.annotation:annotation-experimental:1.4.0] AndroidManifest.xml:5:5-44
[        ] Merging library manifest C:\Users\Volted User\.gradle\caches\8.14\transforms\15a558128bbbec921e6710294f0a125f\transformed\relinker-1.4.5\AndroidManifest.xml
[        ] Merging manifest with lower [com.getkeepsafe.relinker:relinker:1.4.5] AndroidManifest.xml:2:1-7:12
[        ] uses-sdk defined in both files...
[        ] Merging uses-sdk with lower [com.getkeepsafe.relinker:relinker:1.4.5] AndroidManifest.xml:5:5-43
[        ] Merging result: SUCCESS
[   +3 ms] 1<?xml version="1.0" encoding="utf-8"?>
[        ] 2<manifest xmlns:android="http://schemas.android.com/apk/res/android"
[        ] 3    package="com.example.echosift"
[        ] 4    android:versionCode="1"
[        ] 5    android:versionName="1.0.0" >
[        ] 6
[        ] 7    <uses-sdk
[        ] 8        android:minSdkVersion="24"
[        ] 9        android:targetSdkVersion="36" />
[        ] 10    <!--
[        ] 11         The INTERNET permission is required for development. Specifically,
[        ] 12         the Flutter tool needs it to communicate with the running application
[        ] 13         to allow setting breakpoints, to provide hot reload, etc.
[        ] 14    -->
[        ] 15    <uses-permission android:name="android.permission.INTERNET" />
[        ] 15-->E:\My Projects\EchoSift\frontend\android\app\src\debug\AndroidManifest.xml:6:5-66
[   +1 ms] 15-->E:\My Projects\EchoSift\frontend\android\app\src\debug\AndroidManifest.xml:6:22-64
[        ] 16    <!--
[        ] 17     Required to query activities that can process text, see:
[        ] 18         https://developer.android.com/training/package-visibility and
[        ] 19         https://developer.android.com/reference/android/content/Intent#ACTION_PROCESS_TEXT.
[        ] 20
[        ] 21         In particular, this is used by the Flutter engine in io.flutter.plugin.text.ProcessTextPlugin.
[        ] 22    -->
[        ] 23    <queries>
[        ] 23-->E:\My Projects\EchoSift\frontend\android\app\src\main\AndroidManifest.xml:39:5-44:15
[        ] 24        <intent>
[        ] 24-->E:\My Projects\EchoSift\frontend\android\app\src\main\AndroidManifest.xml:40:9-43:18
[        ] 25            <action android:name="android.intent.action.PROCESS_TEXT" />
[        ] 25-->E:\My Projects\EchoSift\frontend\android\app\src\main\AndroidManifest.xml:41:13-72
[        ] 25-->E:\My Projects\EchoSift\frontend\android\app\src\main\AndroidManifest.xml:41:21-70
[        ] 26
[        ] 27            <data android:mimeType="text/plain" />
[        ] 27-->E:\My Projects\EchoSift\frontend\android\app\src\main\AndroidManifest.xml:42:13-50
[        ] 27-->E:\My Projects\EchoSift\frontend\android\app\src\main\AndroidManifest.xml:42:19-48
[        ] 28        </intent>
[        ] 29    </queries>
[        ] 30
[        ] 31    <uses-permission android:name="android.permission.RECORD_AUDIO" />
[        ] 31-->[:record_android] E:\My Projects\EchoSift\frontend\build\record_android\intermediates\merged_manifest\debug\processDebugManifest\AndroidManifest.xml:7:5-71
[        ] 31-->[:record_android] E:\My Projects\EchoSift\frontend\build\record_android\intermediates\merged_manifest\debug\processDebugManifest\AndroidManifest.xml:7:22-68
[        ] 32
[        ] 33    <permission
[        ] 33-->[androidx.core:core:1.13.1] C:\Users\Volted User\.gradle\caches\8.14\transforms\8cb437de8fdac72e2de918f9ee215ca3\transformed\core-1.13.1\AndroidManifest.xml:22:5-24:47
[        ] 34        android:name="com.example.echosift.DYNAMIC_RECEIVER_NOT_EXPORTED_PERMISSION"
[        ] 34-->[androidx.core:core:1.13.1] C:\Users\Volted User\.gradle\caches\8.14\transforms\8cb437de8fdac72e2de918f9ee215ca3\transformed\core-1.13.1\AndroidManifest.xml:23:9-81
[        ] 35        android:protectionLevel="signature" />
[        ] 35-->[androidx.core:core:1.13.1] C:\Users\Volted User\.gradle\caches\8.14\transforms\8cb437de8fdac72e2de918f9ee215ca3\transformed\core-1.13.1\AndroidManifest.xml:24:9-44
[        ] 36
[        ] 37    <uses-permission android:name="com.example.echosift.DYNAMIC_RECEIVER_NOT_EXPORTED_PERMISSION" />
[        ] 37-->[androidx.core:core:1.13.1] C:\Users\Volted User\.gradle\caches\8.14\transforms\8cb437de8fdac72e2de918f9ee215ca3\transformed\core-1.13.1\AndroidManifest.xml:26:5-97
[        ] 37-->[androidx.core:core:1.13.1] C:\Users\Volted User\.gradle\caches\8.14\transforms\8cb437de8fdac72e2de918f9ee215ca3\transformed\core-1.13.1\AndroidManifest.xml:26:22-94
[        ] 38
[        ] 39    <application
[        ] 40        android:name="android.app.Application"
[        ] 41        android:appComponentFactory="androidx.core.app.CoreComponentFactory"
[        ] 41-->[androidx.core:core:1.13.1] C:\Users\Volted User\.gradle\caches\8.14\transforms\8cb437de8fdac72e2de918f9ee215ca3\transformed\core-1.13.1\AndroidManifest.xml:28:18-86
[        ] 42        android:debuggable="true"
[        ] 43        android:extractNativeLibs="false"
[        ] 44        android:icon="@mipmap/ic_launcher"
[        ] 45        android:label="echosift" >
[        ] 46        <activity
[        ] 47            android:name="com.example.echosift.MainActivity"
[        ] 48            android:configChanges="orientation|keyboardHidden|keyboard|screenSize|smallestScreenSize|locale|layoutDirection|fontScale|screenLayout|density|uiMode"
[        ] 49            android:exported="true"
[        ] 50            android:hardwareAccelerated="true"
[        ] 51            android:launchMode="singleTop"
[        ] 52            android:taskAffinity=""
[        ] 53            android:theme="@style/LaunchTheme"
[        ] 54            android:windowSoftInputMode="adjustResize" >
[        ] 55
[        ] 56            <!--
[        ] 57                 Specifies an Android theme to apply to this Activity as soon as
[        ] 58                 the Android process has started. This theme is visible to the user
[        ] 59                 while the Flutter UI initializes. After that, this theme continues
[        ] 60                 to determine the Window background behind the Flutter UI.
[        ] 61            -->
[        ] 62            <meta-data
[        ] 63                android:name="io.flutter.embedding.android.NormalTheme"
[        ] 64                android:resource="@style/NormalTheme" />
[        ] 65
[        ] 66            <intent-filter>
[        ] 67                <action android:name="android.intent.action.MAIN" />
[        ] 68
[  +12 ms] 69                <category android:name="android.intent.category.LAUNCHER" />
[        ] 70            </intent-filter>
[        ] 71        </activity>
[        ] 72        <!--
[        ] 73             Don't delete the meta-data below.
[        ] 74             This is used by the Flutter tool to generate GeneratedPluginRegistrant.java
[        ] 75        -->
[        ] 76        <meta-data
[        ] 77            android:name="flutterEmbedding"
[        ] 78            android:value="2" />
[        ] 79
[        ] 80        <uses-library
[        ] 80-->[androidx.window:window:1.2.0] C:\Users\Volted User\.gradle\caches\8.14\transforms\7217e782825a2d4d49e286a23835439b\transformed\window-1.2.0\AndroidManifest.xml:23:9-25:40
[        ] 81            android:name="androidx.window.extensions"
[        ] 81-->[androidx.window:window:1.2.0] C:\Users\Volted User\.gradle\caches\8.14\transforms\7217e782825a2d4d49e286a23835439b\transformed\window-1.2.0\AndroidManifest.xml:24:13-54
[        ] 82            android:required="false" />
[        ] 82-->[androidx.window:window:1.2.0] C:\Users\Volted User\.gradle\caches\8.14\transforms\7217e782825a2d4d49e286a23835439b\transformed\window-1.2.0\AndroidManifest.xml:25:13-37
[        ] 83        <uses-library
[        ] 83-->[androidx.window:window:1.2.0] C:\Users\Volted User\.gradle\caches\8.14\transforms\7217e782825a2d4d49e286a23835439b\transformed\window-1.2.0\AndroidManifest.xml:26:9-28:40
[        ] 84            android:name="androidx.window.sidecar"
[        ] 84-->[androidx.window:window:1.2.0] C:\Users\Volted User\.gradle\caches\8.14\transforms\7217e782825a2d4d49e286a23835439b\transformed\window-1.2.0\AndroidManifest.xml:27:13-51
[        ] 85            android:required="false" />
[        ] 85-->[androidx.window:window:1.2.0] C:\Users\Volted User\.gradle\caches\8.14\transforms\7217e782825a2d4d49e286a23835439b\transformed\window-1.2.0\AndroidManifest.xml:28:13-37
[        ] 86
[        ] 87        <provider
[        ] 87-->[androidx.lifecycle:lifecycle-process:2.7.0] C:\Users\Volted User\.gradle\caches\8.14\transforms\70c7f9c93d870d55aa75fb2befc1cc77\transformed\lifecycle-process-2.7.0\AndroidManifest.xml:24:9-32:20
[        ] 88            android:name="androidx.startup.InitializationProvider"
[        ] 88-->[androidx.lifecycle:lifecycle-process:2.7.0] C:\Users\Volted User\.gradle\caches\8.14\transforms\70c7f9c93d870d55aa75fb2befc1cc77\transformed\lifecycle-process-2.7.0\AndroidManifest.xml:25:13-67
[   +4 ms] 89            android:authorities="com.example.echosift.androidx-startup"
[        ] 89-->[androidx.lifecycle:lifecycle-process:2.7.0] C:\Users\Volted User\.gradle\caches\8.14\transforms\70c7f9c93d870d55aa75fb2befc1cc77\transformed\lifecycle-process-2.7.0\AndroidManifest.xml:26:13-68
[        ] 90            android:exported="false" >
[        ] 90-->[androidx.lifecycle:lifecycle-process:2.7.0] C:\Users\Volted User\.gradle\caches\8.14\transforms\70c7f9c93d870d55aa75fb2befc1cc77\transformed\lifecycle-process-2.7.0\AndroidManifest.xml:27:13-37
[        ] 91            <meta-data
[        ] 91-->[androidx.lifecycle:lifecycle-process:2.7.0] C:\Users\Volted User\.gradle\caches\8.14\transforms\70c7f9c93d870d55aa75fb2befc1cc77\transformed\lifecycle-process-2.7.0\AndroidManifest.xml:29:13-31:52
[        ] 92                android:name="androidx.lifecycle.ProcessLifecycleInitializer"
[        ] 92-->[androidx.lifecycle:lifecycle-process:2.7.0] C:\Users\Volted User\.gradle\caches\8.14\transforms\70c7f9c93d870d55aa75fb2befc1cc77\transformed\lifecycle-process-2.7.0\AndroidManifest.xml:30:17-78
[        ] 93                android:value="androidx.startup" />
[        ] 93-->[androidx.lifecycle:lifecycle-process:2.7.0] C:\Users\Volted User\.gradle\caches\8.14\transforms\70c7f9c93d870d55aa75fb2befc1cc77\transformed\lifecycle-process-2.7.0\AndroidManifest.xml:31:17-49
[        ] 94            <meta-data
[        ] 94-->[androidx.profileinstaller:profileinstaller:1.3.1] C:\Users\Volted User\.gradle\caches\8.14\transforms\df5ed31f6e2668fd0cb1284d2affc9c1\transformed\profileinstaller-1.3.1\AndroidManifest.xml:29:13-31:52
[        ] 95                android:name="androidx.profileinstaller.ProfileInstallerInitializer"
[        ] 95-->[androidx.profileinstaller:profileinstaller:1.3.1] C:\Users\Volted User\.gradle\caches\8.14\transforms\df5ed31f6e2668fd0cb1284d2affc9c1\transformed\profileinstaller-1.3.1\AndroidManifest.xml:30:17-85
[        ] 96                android:value="androidx.startup" />
[        ] 96-->[androidx.profileinstaller:profileinstaller:1.3.1] C:\Users\Volted User\.gradle\caches\8.14\transforms\df5ed31f6e2668fd0cb1284d2affc9c1\transformed\profileinstaller-1.3.1\AndroidManifest.xml:31:17-49
[        ] 97        </provider>
[        ] 98
[        ] 99        <receiver
[        ] 99-->[androidx.profileinstaller:profileinstaller:1.3.1] C:\Users\Volted User\.gradle\caches\8.14\transforms\df5ed31f6e2668fd0cb1284d2affc9c1\transformed\profileinstaller-1.3.1\AndroidManifest.xml:34:9-52:20
[        ] 100            android:name="androidx.profileinstaller.ProfileInstallReceiver"
[        ] 100-->[androidx.profileinstaller:profileinstaller:1.3.1] C:\Users\Volted User\.gradle\caches\8.14\transforms\df5ed31f6e2668fd0cb1284d2affc9c1\transformed\profileinstaller-1.3.1\AndroidManifest.xml:35:13-76
[        ] 101            android:directBootAware="false"
[        ] 101-->[androidx.profileinstaller:profileinstaller:1.3.1] C:\Users\Volted User\.gradle\caches\8.14\transforms\df5ed31f6e2668fd0cb1284d2affc9c1\transformed\profileinstaller-1.3.1\AndroidManifest.xml:36:13-44
[        ] 102            android:enabled="true"
[        ] 102-->[androidx.profileinstaller:profileinstaller:1.3.1] C:\Users\Volted User\.gradle\caches\8.14\transforms\df5ed31f6e2668fd0cb1284d2affc9c1\transformed\profileinstaller-1.3.1\AndroidManifest.xml:37:13-35
[        ] 103            android:exported="true"
[        ] 103-->[androidx.profileinstaller:profileinstaller:1.3.1] C:\Users\Volted User\.gradle\caches\8.14\transforms\df5ed31f6e2668fd0cb1284d2affc9c1\transformed\profileinstaller-1.3.1\AndroidManifest.xml:38:13-36
[        ] 104            android:permission="android.permission.DUMP" >
[        ] 104-->[androidx.profileinstaller:profileinstaller:1.3.1] C:\Users\Volted User\.gradle\caches\8.14\transforms\df5ed31f6e2668fd0cb1284d2affc9c1\transformed\profileinstaller-1.3.1\AndroidManifest.xml:39:13-57
[        ] 105            <intent-filter>
[        ] 105-->[androidx.profileinstaller:profileinstaller:1.3.1] C:\Users\Volted User\.gradle\caches\8.14\transforms\df5ed31f6e2668fd0cb1284d2affc9c1\transformed\profileinstaller-1.3.1\AndroidManifest.xml:40:13-42:29
[        ] 106                <action android:name="androidx.profileinstaller.action.INSTALL_PROFILE" />
[        ] 106-->[androidx.profileinstaller:profileinstaller:1.3.1] C:\Users\Volted User\.gradle\caches\8.14\transforms\df5ed31f6e2668fd0cb1284d2affc9c1\transformed\profileinstaller-1.3.1\AndroidManifest.xml:41:17-91
[        ] 106-->[androidx.profileinstaller:profileinstaller:1.3.1] C:\Users\Volted User\.gradle\caches\8.14\transforms\df5ed31f6e2668fd0cb1284d2affc9c1\transformed\profileinstaller-1.3.1\AndroidManifest.xml:41:25-88
[        ] 107            </intent-filter>
[        ] 108            <intent-filter>
[        ] 108-->[androidx.profileinstaller:profileinstaller:1.3.1] C:\Users\Volted User\.gradle\caches\8.14\transforms\df5ed31f6e2668fd0cb1284d2affc9c1\transformed\profileinstaller-1.3.1\AndroidManifest.xml:43:13-45:29
[        ] 109                <action android:name="androidx.profileinstaller.action.SKIP_FILE" />
[        ] 109-->[androidx.profileinstaller:profileinstaller:1.3.1] C:\Users\Volted User\.gradle\caches\8.14\transforms\df5ed31f6e2668fd0cb1284d2affc9c1\transformed\profileinstaller-1.3.1\AndroidManifest.xml:44:17-85
[        ] 109-->[androidx.profileinstaller:profileinstaller:1.3.1] C:\Users\Volted User\.gradle\caches\8.14\transforms\df5ed31f6e2668fd0cb1284d2affc9c1\transformed\profileinstaller-1.3.1\AndroidManifest.xml:44:25-82
[        ] 110            </intent-filter>
[        ] 111            <intent-filter>
[        ] 111-->[androidx.profileinstaller:profileinstaller:1.3.1] C:\Users\Volted User\.gradle\caches\8.14\transforms\df5ed31f6e2668fd0cb1284d2affc9c1\transformed\profileinstaller-1.3.1\AndroidManifest.xml:46:13-48:29
[        ] 112                <action android:name="androidx.profileinstaller.action.SAVE_PROFILE" />
[        ] 112-->[androidx.profileinstaller:profileinstaller:1.3.1] C:\Users\Volted User\.gradle\caches\8.14\transforms\df5ed31f6e2668fd0cb1284d2affc9c1\transformed\profileinstaller-1.3.1\AndroidManifest.xml:47:17-88
[        ] 112-->[androidx.profileinstaller:profileinstaller:1.3.1] C:\Users\Volted User\.gradle\caches\8.14\transforms\df5ed31f6e2668fd0cb1284d2affc9c1\transformed\profileinstaller-1.3.1\AndroidManifest.xml:47:25-85
[        ] 113            </intent-filter>
[        ] 114            <intent-filter>
[        ] 114-->[androidx.profileinstaller:profileinstaller:1.3.1] C:\Users\Volted User\.gradle\caches\8.14\transforms\df5ed31f6e2668fd0cb1284d2affc9c1\transformed\profileinstaller-1.3.1\AndroidManifest.xml:49:13-51:29
[        ] 115                <action android:name="androidx.profileinstaller.action.BENCHMARK_OPERATION" />
[        ] 115-->[androidx.profileinstaller:profileinstaller:1.3.1] C:\Users\Volted User\.gradle\caches\8.14\transforms\df5ed31f6e2668fd0cb1284d2affc9c1\transformed\profileinstaller-1.3.1\AndroidManifest.xml:50:17-95
[        ] 115-->[androidx.profileinstaller:profileinstaller:1.3.1] C:\Users\Volted User\.gradle\caches\8.14\transforms\df5ed31f6e2668fd0cb1284d2affc9c1\transformed\profileinstaller-1.3.1\AndroidManifest.xml:50:25-92
[        ] 116            </intent-filter>
[        ] 117        </receiver>
[        ] 118    </application>
[        ] 119
[        ] 120</manifest>
[        ] Merged manifest saved to E:\My Projects\EchoSift\frontend\build\app\intermediates\merged_manifest\debug\processDebugMainManifest\AndroidManifest.xml
[        ] Resolve mutations for :app:outputDebugAppLinkSettings (Thread[#166,included builds,5,main]) started.
[        ] :app:outputDebugAppLinkSettings (Thread[#166,included builds,5,main]) started.
[  +15 ms] > Task :app:outputDebugAppLinkSettings
[        ] Caching disabled for task ':app:outputDebugAppLinkSettings' because:
[        ]   Build cache is disabled
[        ]   Caching has not been enabled for the task
[        ] Task ':app:outputDebugAppLinkSettings' is not up-to-date because:
[        ]   No history is available.
[        ] Resolve mutations for :app:processDebugManifest (Thread[#166,included builds,5,main]) started.
[        ] :app:processDebugManifest (Thread[#166,included builds,5,main]) started.
[ +200 ms] > Task :app:processDebugManifest
[        ] Caching disabled for task ':app:processDebugManifest' because:
[        ]   Build cache is disabled
[        ] Task ':app:processDebugManifest' is not up-to-date because:
[        ]   No history is available.
[        ] Resolve mutations for :app:processDebugManifestForPackage (Thread[#166,included builds,5,main]) started.
[        ] :app:processDebugManifestForPackage (Thread[#166,included builds,5,main]) started.
[ +107 ms] Resolve mutations for :path_provider_android:parseDebugLocalResources (Thread[#171,Execution worker Thread 5,5,main]) started.
[        ] :path_provider_android:parseDebugLocalResources (Thread[#168,Execution worker Thread 2,5,main]) started.
[        ] Resolve mutations for :permission_handler_android:compileDebugLibraryResources (Thread[#170,Execution worker Thread 4,5,main]) started.
[        ] :permission_handler_android:compileDebugLibraryResources (Thread[#170,Execution worker Thread 4,5,main]) started.
[        ] Resolve mutations for :permission_handler_android:parseDebugLocalResources (Thread[#167,Execution worker,5,main]) started.
[        ] :permission_handler_android:parseDebugLocalResources (Thread[#167,Execution worker,5,main]) started.
[        ] > Task :permission_handler_android:compileDebugLibraryResources
[        ] Caching disabled for task ':permission_handler_android:compileDebugLibraryResources' because:
[        ]   Build cache is disabled
[        ] Task ':permission_handler_android:compileDebugLibraryResources' is not up-to-date because:
[        ]   No history is available.
[        ] The input changes require a full rebuild for incremental task ':permission_handler_android:compileDebugLibraryResources'.
[        ] > Task :path_provider_android:parseDebugLocalResources
[        ] Caching disabled for task ':path_provider_android:parseDebugLocalResources' because:
[        ]   Build cache is disabled
[        ] Task ':path_provider_android:parseDebugLocalResources' is not up-to-date because:
[        ]   No history is available.
[        ] The input changes require a full rebuild for incremental task ':path_provider_android:parseDebugLocalResources'.
[ +700 ms] work action resolve out (project :permission_handler_android) (Thread[#171,Execution worker Thread 5,5,main]) started.
[        ] Resolve mutations for :path_provider_android:generateDebugRFile (Thread[#171,Execution worker Thread 5,5,main]) started.
[        ] :path_provider_android:generateDebugRFile (Thread[#171,Execution worker Thread 5,5,main]) started.
[        ] > Task :permission_handler_android:parseDebugLocalResources
[        ] Caching disabled for PlatformAttrTransform: E:\AndroidSDK\platforms\android-35\android.jar because:
[        ]   Build cache is disabled
[        ] Caching disabled for task ':permission_handler_android:parseDebugLocalResources' because:
[        ]   Build cache is disabled
[        ] Task ':permission_handler_android:parseDebugLocalResources' is not up-to-date because:
[        ]   No history is available.
[        ] The input changes require a full rebuild for incremental task ':permission_handler_android:parseDebugLocalResources'.
[        ] Resolve mutations for :permission_handler_android:generateDebugRFile (Thread[#167,Execution worker,5,main]) started.
[        ] :permission_handler_android:generateDebugRFile (Thread[#170,Execution worker Thread 4,5,main]) started.
[        ] Resolve mutations for :record_android:compileDebugLibraryResources (Thread[#167,Execution worker,5,main]) started.
[        ] :record_android:compileDebugLibraryResources (Thread[#167,Execution worker,5,main]) started.
[ +122 ms] > Task :app:processDebugManifestForPackage
[        ] Custom actions are attached to task ':app:processDebugManifestForPackage'.
[        ] Caching disabled for task ':app:processDebugManifestForPackage' because:
[        ]   Build cache is disabled
[        ] Task ':app:processDebugManifestForPackage' is not up-to-date because:
[        ]   No history is available.
[        ] Resolve mutations for :record_android:parseDebugLocalResources (Thread[#166,included builds,5,main]) started.
[        ] :record_android:parseDebugLocalResources (Thread[#166,included builds,5,main]) started.
[        ] > Task :record_android:compileDebugLibraryResources
[        ] Caching disabled for task ':record_android:compileDebugLibraryResources' because:
[        ]   Build cache is disabled
[        ] Task ':record_android:compileDebugLibraryResources' is not up-to-date because:
[        ]   No history is available.
[        ] The input changes require a full rebuild for incremental task ':record_android:compileDebugLibraryResources'.
[        ] Compiling xml file E:\My Projects\EchoSift\frontend\build\record_android\intermediates\packaged_res\debug\packageDebugResources\drawable\ic_mic.xml to E:\My Projects\EchoSift\frontend\build\record_android\intermediates\compiled_local_resources\debug\compileDebugLibraryResources\out\drawable_ic_mic.xml.flat
[        ] work action resolve out (project :record_android) (Thread[#167,Execution worker,5,main]) started.
[        ] Resolve mutations for :path_provider_android:javaPreCompileDebug (Thread[#169,Execution worker Thread 3,5,main]) started.
[        ] :path_provider_android:javaPreCompileDebug (Thread[#169,Execution worker Thread 3,5,main]) started.
[        ] Resolve mutations for :permission_handler_android:javaPreCompileDebug (Thread[#167,Execution worker,5,main]) started.
[        ] :permission_handler_android:javaPreCompileDebug (Thread[#167,Execution worker,5,main]) started.
[        ] Resolve mutations for :record_android:checkKotlinGradlePluginConfigurationErrors (Thread[#168,Execution worker Thread 2,5,main]) started.
[        ] :record_android:checkKotlinGradlePluginConfigurationErrors (Thread[#168,Execution worker Thread 2,5,main]) started.
[        ] > Task :record_android:checkKotlinGradlePluginConfigurationErrors SKIPPED
[        ] Skipping task ':record_android:checkKotlinGradlePluginConfigurationErrors' as task onlyIf 'errorDiagnostics are present' is false.
[        ] Resolve mutations for :record_android:javaPreCompileDebug (Thread[#168,Execution worker Thread 2,5,main]) started.
[        ] :record_android:javaPreCompileDebug (Thread[#168,Execution worker Thread 2,5,main]) started.
[        ] > Task :permission_handler_android:javaPreCompileDebug
[        ] Caching disabled for task ':permission_handler_android:javaPreCompileDebug' because:
[        ]   Build cache is disabled
[        ] Task ':permission_handler_android:javaPreCompileDebug' is not up-to-date because:
[        ]   No history is available.
[        ] Resolve mutations for :app:javaPreCompileDebug (Thread[#167,Execution worker,5,main]) started.
[        ] :app:javaPreCompileDebug (Thread[#167,Execution worker,5,main]) started.
[        ] > Task :record_android:parseDebugLocalResources
[        ] Caching disabled for task ':record_android:parseDebugLocalResources' because:
[        ]   Build cache is disabled
[        ] Task ':record_android:parseDebugLocalResources' is not up-to-date because:
[        ]   No history is available.
[        ] The input changes require a full rebuild for incremental task ':record_android:parseDebugLocalResources'.
[        ] > Task :record_android:javaPreCompileDebug
[        ] Caching disabled for task ':record_android:javaPreCompileDebug' because:
[        ]   Build cache is disabled
[        ] Task ':record_android:javaPreCompileDebug' is not up-to-date because:
[        ]   No history is available.
[        ] Resolve mutations for :record_android:generateDebugRFile (Thread[#168,Execution worker Thread 2,5,main]) started.
[        ] :record_android:generateDebugRFile (Thread[#168,Execution worker Thread 2,5,main]) started.
[  +10 ms] > Task :path_provider_android:javaPreCompileDebug
[        ] Caching disabled for task ':path_provider_android:javaPreCompileDebug' because:
[        ]   Build cache is disabled
[        ] Task ':path_provider_android:javaPreCompileDebug' is not up-to-date because:
[        ]   No history is available.
[        ] > Task :app:javaPreCompileDebug
[        ] Caching disabled for task ':app:javaPreCompileDebug' because:
[        ]   Build cache is disabled
[        ] Task ':app:javaPreCompileDebug' is not up-to-date because:
[        ]   No history is available.
[        ] Resolve mutations for :app:compressDebugAssets (Thread[#167,Execution worker,5,main]) started.
[        ] :app:compressDebugAssets (Thread[#167,Execution worker,5,main]) started.
[        ] > Task :path_provider_android:generateDebugRFile
[        ] Caching disabled for task ':path_provider_android:generateDebugRFile' because:
[        ]   Build cache is disabled
[        ] Task ':path_provider_android:generateDebugRFile' is not up-to-date because:
[        ]   No history is available.
[        ] The input changes require a full rebuild for incremental task ':path_provider_android:generateDebugRFile'.
[        ] > Task :permission_handler_android:generateDebugRFile
[        ] Caching disabled for task ':permission_handler_android:generateDebugRFile' because:
[        ]   Build cache is disabled
[        ] Task ':permission_handler_android:generateDebugRFile' is not up-to-date because:
[        ]   No history is available.
[        ] The input changes require a full rebuild for incremental task ':permission_handler_android:generateDebugRFile'.
[ +191 ms] > Task :record_android:generateDebugRFile
[        ] Caching disabled for task ':record_android:generateDebugRFile' because:
[        ]   Build cache is disabled
[        ] Task ':record_android:generateDebugRFile' is not up-to-date because:
[        ]   No history is available.
[        ] The input changes require a full rebuild for incremental task ':record_android:generateDebugRFile'.
[        ] work action resolve package-aware-r.txt (project :record_android) (Thread[#168,Execution worker Thread 2,5,main]) started.
[        ] work action resolve package-aware-r.txt (project :permission_handler_android) (Thread[#168,Execution worker Thread 2,5,main]) started.
[        ] work action resolve package-aware-r.txt (project :path_provider_android) (Thread[#168,Execution worker Thread 2,5,main]) started.
[        ] Resolve mutations for :app:processDebugResources (Thread[#168,Execution worker Thread 2,5,main]) started.
[        ] :app:processDebugResources (Thread[#168,Execution worker Thread 2,5,main]) started.
[+1567 ms] > Task :app:compressDebugAssets
[        ] Caching disabled for task ':app:compressDebugAssets' because:
[        ]   Build cache is disabled
[        ] Task ':app:compressDebugAssets' is not up-to-date because:
[        ]   No history is available.
[        ] The input changes require a full rebuild for incremental task ':app:compressDebugAssets'.
[ +405 ms] > Task :app:processDebugResources
[   +1 ms] Caching disabled for AarResourcesCompilerTransform: C:\Users\Volted User\.gradle\caches\8.14\transforms\5fb50349239706e8a6594e22cd560397\transformed\fragment-1.7.1 because:
[        ]   Build cache is disabled
[        ] Caching disabled for AarResourcesCompilerTransform: C:\Users\Volted User\.gradle\caches\8.14\transforms\7be6cf4f52d84b0f524b317232df5d4c\transformed\viewpager-1.0.0 because:
[        ]   Build cache is disabled
[        ] Caching disabled for AarResourcesCompilerTransform: C:\Users\Volted User\.gradle\caches\8.14\transforms\0b8c65722c66640cf120e60317d42362\transformed\loader-1.0.0 because:
[        ]   Build cache is disabled
[        ] Caching disabled for AarResourcesCompilerTransform: C:\Users\Volted User\.gradle\caches\8.14\transforms\1e42bd289ddf0f442a3fc01efb84d3ba\transformed\activity-1.8.1 because:
[        ]   Build cache is disabled
[        ] Compiling xml file C:\Users\Volted User\.gradle\caches\8.14\transforms\5fb50349239706e8a6594e22cd560397\transformed\fragment-1.7.1\res\anim\fragment_fast_out_extra_slow_in.xml to C:\Users\Volted User\.gradle\caches\8.14\transforms\0c6fec7ddff4781eb657d3e656c01070-bfd1b6b6-c328-4fc7-b60c-9697d1ca7483\transformed\androidx.fragment\anim_fragment_fast_out_extra_slow_in.xml.flat
[        ] Compiling xml file C:\Users\Volted User\.gradle\caches\8.14\transforms\5fb50349239706e8a6594e22cd560397\transformed\fragment-1.7.1\res\anim-v21\fragment_fast_out_extra_slow_in.xml to C:\Users\Volted User\.gradle\caches\8.14\transforms\0c6fec7ddff4781eb657d3e656c01070-bfd1b6b6-c328-4fc7-b60c-9697d1ca7483\transformed\androidx.fragment\anim-v21_fragment_fast_out_extra_slow_in.xml.flat
[        ] Compiling xml file C:\Users\Volted User\.gradle\caches\8.14\transforms\5fb50349239706e8a6594e22cd560397\transformed\fragment-1.7.1\res\animator\fragment_close_enter.xml to C:\Users\Volted User\.gradle\caches\8.14\transforms\0c6fec7ddff4781eb657d3e656c01070-bfd1b6b6-c328-4fc7-b60c-9697d1ca7483\transformed\androidx.fragment\animator_fragment_close_enter.xml.flat
[        ] Compiling xml file C:\Users\Volted User\.gradle\caches\8.14\transforms\5fb50349239706e8a6594e22cd560397\transformed\fragment-1.7.1\res\animator\fragment_close_exit.xml to C:\Users\Volted User\.gradle\caches\8.14\transforms\0c6fec7ddff4781eb657d3e656c01070-bfd1b6b6-c328-4fc7-b60c-9697d1ca7483\transformed\androidx.fragment\animator_fragment_close_exit.xml.flat
[        ] Compiling xml file C:\Users\Volted User\.gradle\caches\8.14\transforms\5fb50349239706e8a6594e22cd560397\transformed\fragment-1.7.1\res\animator\fragment_fade_enter.xml to C:\Users\Volted User\.gradle\caches\8.14\transforms\0c6fec7ddff4781eb657d3e656c01070-bfd1b6b6-c328-4fc7-b60c-9697d1ca7483\transformed\androidx.fragment\animator_fragment_fade_enter.xml.flat
[        ] Compiling xml file C:\Users\Volted User\.gradle\caches\8.14\transforms\5fb50349239706e8a6594e22cd560397\transformed\fragment-1.7.1\res\animator\fragment_fade_exit.xml to C:\Users\Volted User\.gradle\caches\8.14\transforms\0c6fec7ddff4781eb657d3e656c01070-bfd1b6b6-c328-4fc7-b60c-9697d1ca7483\transformed\androidx.fragment\animator_fragment_fade_exit.xml.flat
[        ] Compiling xml file C:\Users\Volted User\.gradle\caches\8.14\transforms\5fb50349239706e8a6594e22cd560397\transformed\fragment-1.7.1\res\animator\fragment_open_enter.xml to C:\Users\Volted User\.gradle\caches\8.14\transforms\0c6fec7ddff4781eb657d3e656c01070-bfd1b6b6-c328-4fc7-b60c-9697d1ca7483\transformed\androidx.fragment\animator_fragment_open_enter.xml.flat
[        ] Compiling xml file C:\Users\Volted User\.gradle\caches\8.14\transforms\5fb50349239706e8a6594e22cd560397\transformed\fragment-1.7.1\res\animator\fragment_open_exit.xml to C:\Users\Volted User\.gradle\caches\8.14\transforms\0c6fec7ddff4781eb657d3e656c01070-bfd1b6b6-c328-4fc7-b60c-9697d1ca7483\transformed\androidx.fragment\animator_fragment_open_exit.xml.flat
[        ] Caching disabled for AarResourcesCompilerTransform: C:\Users\Volted User\.gradle\caches\8.14\transforms\95ee91d8a897d16eed1ef302f2de9371\transformed\lifecycle-livedata-core-ktx-2.7.0 because:
[        ]   Build cache is disabled
[        ] Caching disabled for AarResourcesCompilerTransform: C:\Users\Volted User\.gradle\caches\8.14\transforms\ee9028989d5df242a30968eb14819a13\transformed\lifecycle-livedata-2.7.0 because:
[        ]   Build cache is disabled
[        ] Caching disabled for AarResourcesCompilerTransform: C:\Users\Volted User\.gradle\caches\8.14\transforms\608dfc9e2582f51b81c1485fd62d55da\transformed\lifecycle-viewmodel-2.7.0 because:
[        ]   Build cache is disabled
[        ] Caching disabled for AarResourcesCompilerTransform: C:\Users\Volted User\.gradle\caches\8.14\transforms\134d38681951a9cb59e105fa43ce6ab5\transformed\lifecycle-livedata-core-2.7.0 because:
[        ]   Build cache is disabled
[        ] Caching disabled for AarResourcesCompilerTransform: C:\Users\Volted User\.gradle\caches\8.14\transforms\57a4845aed7b5ba78f501c04d4c94c43\transformed\lifecycle-viewmodel-savedstate-2.7.0 because:
[        ]   Build cache is disabled
[        ] Caching disabled for AarResourcesCompilerTransform: C:\Users\Volted User\.gradle\caches\8.14\transforms\bd7e8451c9c7af9c0727ed7672bd833e\transformed\core-ktx-1.13.1 because:
[        ]   Build cache is disabled
[        ] Caching disabled for AarResourcesCompilerTransform: C:\Users\Volted User\.gradle\caches\8.14\transforms\00a453ff382677488707e15bb6af4386\transformed\customview-1.0.0 because:
[        ]   Build cache is disabled
[        ] Caching disabled for AarResourcesCompilerTransform: C:\Users\Volted User\.gradle\caches\8.14\transforms\8cb437de8fdac72e2de918f9ee215ca3\transformed\core-1.13.1 because:
[        ]   Build cache is disabled
[        ] Compiling xml file C:\Users\Volted User\.gradle\caches\8.14\transforms\8cb437de8fdac72e2de918f9ee215ca3\transformed\core-1.13.1\res\drawable\notification_bg.xml to C:\Users\Volted User\.gradle\caches\8.14\transforms\905baa13a70e6f94b072480097cb51e5-61f88e7c-f507-4f60-9936-32d24046d928\transformed\androidx.core\drawable_notification_bg.xml.flat
[        ] Compiling xml file C:\Users\Volted User\.gradle\caches\8.14\transforms\8cb437de8fdac72e2de918f9ee215ca3\transformed\core-1.13.1\res\drawable\notification_bg_low.xml to C:\Users\Volted User\.gradle\caches\8.14\transforms\905baa13a70e6f94b072480097cb51e5-61f88e7c-f507-4f60-9936-32d24046d928\transformed\androidx.core\drawable_notification_bg_low.xml.flat
[        ] Compiling xml file C:\Users\Volted User\.gradle\caches\8.14\transforms\8cb437de8fdac72e2de918f9ee215ca3\transformed\core-1.13.1\res\drawable\notification_icon_background.xml to C:\Users\Volted User\.gradle\caches\8.14\transforms\905baa13a70e6f94b072480097cb51e5-61f88e7c-f507-4f60-9936-32d24046d928\transformed\androidx.core\drawable_notification_icon_background.xml.flat
[        ] Compiling xml file C:\Users\Volted User\.gradle\caches\8.14\transforms\8cb437de8fdac72e2de918f9ee215ca3\transformed\core-1.13.1\res\drawable\notification_tile_bg.xml to C:\Users\Volted User\.gradle\caches\8.14\transforms\905baa13a70e6f94b072480097cb51e5-61f88e7c-f507-4f60-9936-32d24046d928\transformed\androidx.core\drawable_notification_tile_bg.xml.flat
[        ] Compiling xml file C:\Users\Volted User\.gradle\caches\8.14\transforms\8cb437de8fdac72e2de918f9ee215ca3\transformed\core-1.13.1\res\drawable-anydpi-v21\ic_call_answer.xml to C:\Users\Volted User\.gradle\caches\8.14\transforms\905baa13a70e6f94b072480097cb51e5-61f88e7c-f507-4f60-9936-32d24046d928\transformed\androidx.core\drawable-anydpi-v21_ic_call_answer.xml.flat
[        ] Compiling xml file C:\Users\Volted User\.gradle\caches\8.14\transforms\8cb437de8fdac72e2de918f9ee215ca3\transformed\core-1.13.1\res\drawable-anydpi-v21\ic_call_answer_low.xml to C:\Users\Volted User\.gradle\caches\8.14\transforms\905baa13a70e6f94b072480097cb51e5-61f88e7c-f507-4f60-9936-32d24046d928\transformed\androidx.core\drawable-anydpi-v21_ic_call_answer_low.xml.flat
[        ] Compiling xml file C:\Users\Volted User\.gradle\caches\8.14\transforms\8cb437de8fdac72e2de918f9ee215ca3\transformed\core-1.13.1\res\drawable-anydpi-v21\ic_call_answer_video.xml to C:\Users\Volted User\.gradle\caches\8.14\transforms\905baa13a70e6f94b072480097cb51e5-61f88e7c-f507-4f60-9936-32d24046d928\transformed\androidx.core\drawable-anydpi-v21_ic_call_answer_video.xml.flat
[        ] Compiling xml file C:\Users\Volted User\.gradle\caches\8.14\transforms\8cb437de8fdac72e2de918f9ee215ca3\transformed\core-1.13.1\res\drawable-anydpi-v21\ic_call_answer_video_low.xml to C:\Users\Volted User\.gradle\caches\8.14\transforms\905baa13a70e6f94b072480097cb51e5-61f88e7c-f507-4f60-9936-32d24046d928\transformed\androidx.core\drawable-anydpi-v21_ic_call_answer_video_low.xml.flat
[        ] Compiling xml file C:\Users\Volted User\.gradle\caches\8.14\transforms\8cb437de8fdac72e2de918f9ee215ca3\transformed\core-1.13.1\res\drawable-anydpi-v21\ic_call_decline.xml to C:\Users\Volted User\.gradle\caches\8.14\transforms\905baa13a70e6f94b072480097cb51e5-61f88e7c-f507-4f60-9936-32d24046d928\transformed\androidx.core\drawable-anydpi-v21_ic_call_decline.xml.flat
[        ] Compiling xml file C:\Users\Volted User\.gradle\caches\8.14\transforms\8cb437de8fdac72e2de918f9ee215ca3\transformed\core-1.13.1\res\drawable-anydpi-v21\ic_call_decline_low.xml to C:\Users\Volted User\.gradle\caches\8.14\transforms\905baa13a70e6f94b072480097cb51e5-61f88e7c-f507-4f60-9936-32d24046d928\transformed\androidx.core\drawable-anydpi-v21_ic_call_decline_low.xml.flat
[        ] AAPT2 aapt2-8.11.1-12782657-windows Daemon #0: starting
[        ] Caching disabled for AarResourcesCompilerTransform: C:\Users\Volted User\.gradle\caches\8.14\transforms\684fec45a4a4620be950d54dccaf82cd\transformed\window-java-1.2.0 because:
[        ]   Build cache is disabled
[        ] Caching disabled for AarResourcesCompilerTransform: C:\Users\Volted User\.gradle\caches\8.14\transforms\81bfdcaf88a095985faf642cd08a6310\transformed\lifecycle-runtime-2.7.0 because:
[        ]   Build cache is disabled
[        ] Caching disabled for AarResourcesCompilerTransform: C:\Users\Volted User\.gradle\caches\8.14\transforms\70c7f9c93d870d55aa75fb2befc1cc77\transformed\lifecycle-process-2.7.0 because:
[        ]   Build cache is disabled
[        ] Caching disabled for AarResourcesCompilerTransform: C:\Users\Volted User\.gradle\caches\8.14\transforms\a3c4bf2e80a7e6a2d3bfce7149bfaf69\transformed\savedstate-1.2.1 because:
[        ]   Build cache is disabled
[        ] Caching disabled for AarResourcesCompilerTransform: C:\Users\Volted User\.gradle\caches\8.14\transforms\df5ed31f6e2668fd0cb1284d2affc9c1\transformed\profileinstaller-1.3.1 because:
[        ]   Build cache is disabled
[        ] Caching disabled for AarResourcesCompilerTransform: C:\Users\Volted User\.gradle\caches\8.14\transforms\fac3bdbb065ba11aedd38e2ea2c0656c\transformed\startup-runtime-1.1.1 because:
[        ]   Build cache is disabled
[        ] Compiling xml file C:\Users\Volted User\.gradle\caches\8.14\transforms\8cb437de8fdac72e2de918f9ee215ca3\transformed\core-1.13.1\res\drawable-v21\notification_action_background.xml to C:\Users\Volted User\.gradle\caches\8.14\transforms\905baa13a70e6f94b072480097cb51e5-61f88e7c-f507-4f60-9936-32d24046d928\transformed\androidx.core\drawable-v21_notification_action_background.xml.flat
[        ] Caching disabled for AarResourcesCompilerTransform: C:\Users\Volted User\.gradle\caches\8.14\transforms\f33585d6fc1e1b2a34e4c1d736d386ca\transformed\tracing-1.2.0 because:
[        ]   Build cache is disabled
[        ] Caching disabled for AarResourcesCompilerTransform: C:\Users\Volted User\.gradle\caches\8.14\transforms\95cdd7ca87255f13e4af9ad26a5e03dc\transformed\core-runtime-2.2.0 because:
[        ]   Build cache is disabled
[        ] Compiling xml file C:\Users\Volted User\.gradle\caches\8.14\transforms\8cb437de8fdac72e2de918f9ee215ca3\transformed\core-1.13.1\res\layout\custom_dialog.xml to C:\Users\Volted User\.gradle\caches\8.14\transforms\905baa13a70e6f94b072480097cb51e5-61f88e7c-f507-4f60-9936-32d24046d928\transformed\androidx.core\layout_custom_dialog.xml.flat
[        ] Caching disabled for AarResourcesCompilerTransform: C:\Users\Volted User\.gradle\caches\8.14\transforms\75c850d93edffb1f0e79a2b1090091ce\transformed\versionedparcelable-1.1.1 because:
[        ]   Build cache is disabled
[        ] Compiling xml file C:\Users\Volted User\.gradle\caches\8.14\transforms\8cb437de8fdac72e2de918f9ee215ca3\transformed\core-1.13.1\res\layout\ime_base_split_test_activity.xml to C:\Users\Volted User\.gradle\caches\8.14\transforms\905baa13a70e6f94b072480097cb51e5-61f88e7c-f507-4f60-9936-32d24046d928\transformed\androidx.core\layout_ime_base_split_test_activity.xml.flat
[        ] Compiling xml file C:\Users\Volted User\.gradle\caches\8.14\transforms\8cb437de8fdac72e2de918f9ee215ca3\transformed\core-1.13.1\res\layout\ime_secondary_split_test_activity.xml to C:\Users\Volted User\.gradle\caches\8.14\transforms\905baa13a70e6f94b072480097cb51e5-61f88e7c-f507-4f60-9936-32d24046d928\transformed\androidx.core\layout_ime_secondary_split_test_activity.xml.flat
[        ] Compiling xml file C:\Users\Volted User\.gradle\caches\8.14\transforms\8cb437de8fdac72e2de918f9ee215ca3\transformed\core-1.13.1\res\layout\notification_action.xml to C:\Users\Volted User\.gradle\caches\8.14\transforms\905baa13a70e6f94b072480097cb51e5-61f88e7c-f507-4f60-9936-32d24046d928\transformed\androidx.core\layout_notification_action.xml.flat
[        ] Compiling xml file C:\Users\Volted User\.gradle\caches\8.14\transforms\8cb437de8fdac72e2de918f9ee215ca3\transformed\core-1.13.1\res\layout\notification_action_tombstone.xml to C:\Users\Volted User\.gradle\caches\8.14\transforms\905baa13a70e6f94b072480097cb51e5-61f88e7c-f507-4f60-9936-32d24046d928\transformed\androidx.core\layout_notification_action_tombstone.xml.flat
[        ] Compiling xml file C:\Users\Volted User\.gradle\caches\8.14\transforms\8cb437de8fdac72e2de918f9ee215ca3\transformed\core-1.13.1\res\layout\notification_template_custom_big.xml to C:\Users\Volted User\.gradle\caches\8.14\transforms\905baa13a70e6f94b072480097cb51e5-61f88e7c-f507-4f60-9936-32d24046d928\transformed\androidx.core\layout_notification_template_custom_big.xml.flat
[        ] Compiling xml file C:\Users\Volted User\.gradle\caches\8.14\transforms\8cb437de8fdac72e2de918f9ee215ca3\transformed\core-1.13.1\res\layout\notification_template_icon_group.xml to C:\Users\Volted User\.gradle\caches\8.14\transforms\905baa13a70e6f94b072480097cb51e5-61f88e7c-f507-4f60-9936-32d24046d928\transformed\androidx.core\layout_notification_template_icon_group.xml.flat
[        ] Compiling xml file C:\Users\Volted User\.gradle\caches\8.14\transforms\8cb437de8fdac72e2de918f9ee215ca3\transformed\core-1.13.1\res\layout\notification_template_part_chronometer.xml to C:\Users\Volted User\.gradle\caches\8.14\transforms\905baa13a70e6f94b072480097cb51e5-61f88e7c-f507-4f60-9936-32d24046d928\transformed\androidx.core\layout_notification_template_part_chronometer.xml.flat
[        ] Compiling xml file C:\Users\Volted User\.gradle\caches\8.14\transforms\8cb437de8fdac72e2de918f9ee215ca3\transformed\core-1.13.1\res\layout\notification_template_part_time.xml to C:\Users\Volted User\.gradle\caches\8.14\transforms\905baa13a70e6f94b072480097cb51e5-61f88e7c-f507-4f60-9936-32d24046d928\transformed\androidx.core\layout_notification_template_part_time.xml.flat
[        ] Compiling xml file C:\Users\Volted User\.gradle\caches\8.14\transforms\8cb437de8fdac72e2de918f9ee215ca3\transformed\core-1.13.1\res\layout-v21\notification_action.xml to C:\Users\Volted User\.gradle\caches\8.14\transforms\905baa13a70e6f94b072480097cb51e5-61f88e7c-f507-4f60-9936-32d24046d928\transformed\androidx.core\layout-v21_notification_action.xml.flat
[        ] Compiling xml file C:\Users\Volted User\.gradle\caches\8.14\transforms\8cb437de8fdac72e2de918f9ee215ca3\transformed\core-1.13.1\res\layout-v21\notification_action_tombstone.xml to C:\Users\Volted User\.gradle\caches\8.14\transforms\905baa13a70e6f94b072480097cb51e5-61f88e7c-f507-4f60-9936-32d24046d928\transformed\androidx.core\layout-v21_notification_action_tombstone.xml.flat
[        ] Compiling xml file C:\Users\Volted User\.gradle\caches\8.14\transforms\8cb437de8fdac72e2de918f9ee215ca3\transformed\core-1.13.1\res\layout-v21\notification_template_custom_big.xml to C:\Users\Volted User\.gradle\caches\8.14\transforms\905baa13a70e6f94b072480097cb51e5-61f88e7c-f507-4f60-9936-32d24046d928\transformed\androidx.core\layout-v21_notification_template_custom_big.xml.flat
[        ] Compiling xml file C:\Users\Volted User\.gradle\caches\8.14\transforms\8cb437de8fdac72e2de918f9ee215ca3\transformed\core-1.13.1\res\layout-v21\notification_template_icon_group.xml to C:\Users\Volted User\.gradle\caches\8.14\transforms\905baa13a70e6f94b072480097cb51e5-61f88e7c-f507-4f60-9936-32d24046d928\transformed\androidx.core\layout-v21_notification_template_icon_group.xml.flat
[        ] Caching disabled for AarResourcesCompilerTransform: C:\Users\Volted User\.gradle\caches\8.14\transforms\875ffbd89ac9c7dfd0a91922397ce327\transformed\interpolator-1.0.0 because:
[        ]   Build cache is disabled
[        ] Caching disabled for AarResourcesCompilerTransform: C:\Users\Volted User\.gradle\caches\8.14\transforms\8b553870adc7ac07c61aa64705ec7f72\transformed\core-1.0.0 because:
[        ]   Build cache is disabled
[        ] Caching disabled for AarResourcesCompilerTransform: C:\Users\Volted User\.gradle\caches\8.14\transforms\44f201f6ae2e842e99898292414fc732\transformed\annotation-experimental-1.4.0 because:
[        ]   Build cache is disabled
[        ] Caching disabled for AarResourcesCompilerTransform: C:\Users\Volted User\.gradle\caches\8.14\transforms\15a558128bbbec921e6710294f0a125f\transformed\relinker-1.4.5 because:
[        ]   Build cache is disabled
[   +2 ms] Caching disabled for AarResourcesCompilerTransform: C:\Users\Volted User\.gradle\caches\8.14\transforms\7217e782825a2d4d49e286a23835439b\transformed\window-1.2.0 because:
[        ]   Build cache is disabled
[  +83 ms] Caching disabled for LibrarySymbolTableTransform: C:\Users\Volted User\.gradle\caches\8.14\transforms\0b8c65722c66640cf120e60317d42362\transformed\loader-1.0.0 because:
[        ]   Build cache is disabled
[        ]   Caching not enabled.
[        ] Caching disabled for LibrarySymbolTableTransform: C:\Users\Volted User\.gradle\caches\8.14\transforms\684fec45a4a4620be950d54dccaf82cd\transformed\window-java-1.2.0 because:
[        ]   Build cache is disabled
[        ]   Caching not enabled.
[        ] Caching disabled for LibrarySymbolTableTransform: C:\Users\Volted User\.gradle\caches\8.14\transforms\1e42bd289ddf0f442a3fc01efb84d3ba\transformed\activity-1.8.1 because:
[        ]   Build cache is disabled
[        ]   Caching not enabled.
[        ] Caching disabled for LibrarySymbolTableTransform: C:\Users\Volted User\.gradle\caches\8.14\transforms\7be6cf4f52d84b0f524b317232df5d4c\transformed\viewpager-1.0.0 because:
[        ]   Build cache is disabled
[        ]   Caching not enabled.
[        ] Caching disabled for LibrarySymbolTableTransform: C:\Users\Volted User\.gradle\caches\8.14\transforms\7217e782825a2d4d49e286a23835439b\transformed\window-1.2.0 because:
[        ]   Build cache is disabled
[        ]   Caching not enabled.
[        ] Caching disabled for LibrarySymbolTableTransform: C:\Users\Volted User\.gradle\caches\8.14\transforms\5fb50349239706e8a6594e22cd560397\transformed\fragment-1.7.1 because:
[        ]   Build cache is disabled
[        ]   Caching not enabled.
[        ] Caching disabled for LibrarySymbolTableTransform: C:\Users\Volted User\.gradle\caches\8.14\transforms\95ee91d8a897d16eed1ef302f2de9371\transformed\lifecycle-livedata-core-ktx-2.7.0 because:
[        ]   Build cache is disabled
[        ]   Caching not enabled.
[ +105 ms] Caching disabled for LibrarySymbolTableTransform: C:\Users\Volted User\.gradle\caches\8.14\transforms\ee9028989d5df242a30968eb14819a13\transformed\lifecycle-livedata-2.7.0 because:
[        ]   Build cache is disabled
[        ]   Caching not enabled.
[        ] Caching disabled for LibrarySymbolTableTransform: C:\Users\Volted User\.gradle\caches\8.14\transforms\608dfc9e2582f51b81c1485fd62d55da\transformed\lifecycle-viewmodel-2.7.0 because:
[        ]   Build cache is disabled
[        ]   Caching not enabled.
[        ] Caching disabled for LibrarySymbolTableTransform: C:\Users\Volted User\.gradle\caches\8.14\transforms\134d38681951a9cb59e105fa43ce6ab5\transformed\lifecycle-livedata-core-2.7.0 because:
[        ]   Build cache is disabled
[        ]   Caching not enabled.
[        ] Caching disabled for LibrarySymbolTableTransform: C:\Users\Volted User\.gradle\caches\8.14\transforms\57a4845aed7b5ba78f501c04d4c94c43\transformed\lifecycle-viewmodel-savedstate-2.7.0 because:
[        ]   Build cache is disabled
[        ]   Caching not enabled.
[        ] Caching disabled for LibrarySymbolTableTransform: C:\Users\Volted User\.gradle\caches\8.14\transforms\bd7e8451c9c7af9c0727ed7672bd833e\transformed\core-ktx-1.13.1 because:
[        ]   Build cache is disabled
[        ]   Caching not enabled.
[        ] Caching disabled for LibrarySymbolTableTransform: C:\Users\Volted User\.gradle\caches\8.14\transforms\00a453ff382677488707e15bb6af4386\transformed\customview-1.0.0 because:
[        ]   Build cache is disabled
[        ]   Caching not enabled.
[        ] Caching disabled for LibrarySymbolTableTransform: C:\Users\Volted User\.gradle\caches\8.14\transforms\8cb437de8fdac72e2de918f9ee215ca3\transformed\core-1.13.1 because:
[        ]   Build cache is disabled
[        ]   Caching not enabled.
[  +97 ms] Caching disabled for LibrarySymbolTableTransform: C:\Users\Volted User\.gradle\caches\8.14\transforms\81bfdcaf88a095985faf642cd08a6310\transformed\lifecycle-runtime-2.7.0 because:
[        ]   Build cache is disabled
[        ]   Caching not enabled.
[        ] Caching disabled for LibrarySymbolTableTransform: C:\Users\Volted User\.gradle\caches\8.14\transforms\70c7f9c93d870d55aa75fb2befc1cc77\transformed\lifecycle-process-2.7.0 because:
[        ]   Build cache is disabled
[        ]   Caching not enabled.
[        ] Caching disabled for LibrarySymbolTableTransform: C:\Users\Volted User\.gradle\caches\8.14\transforms\fac3bdbb065ba11aedd38e2ea2c0656c\transformed\startup-runtime-1.1.1 because:
[        ]   Build cache is disabled
[        ]   Caching not enabled.
[        ] Caching disabled for LibrarySymbolTableTransform: C:\Users\Volted User\.gradle\caches\8.14\transforms\df5ed31f6e2668fd0cb1284d2affc9c1\transformed\profileinstaller-1.3.1 because:
[        ]   Build cache is disabled
[        ]   Caching not enabled.
[        ] Caching disabled for LibrarySymbolTableTransform: C:\Users\Volted User\.gradle\caches\8.14\transforms\f33585d6fc1e1b2a34e4c1d736d386ca\transformed\tracing-1.2.0 because:
[        ]   Build cache is disabled
[        ]   Caching not enabled.
[        ] Caching disabled for LibrarySymbolTableTransform: C:\Users\Volted User\.gradle\caches\8.14\transforms\a3c4bf2e80a7e6a2d3bfce7149bfaf69\transformed\savedstate-1.2.1 because:
[        ]   Build cache is disabled
[        ]   Caching not enabled.
[  +86 ms] Caching disabled for LibrarySymbolTableTransform: C:\Users\Volted User\.gradle\caches\8.14\transforms\75c850d93edffb1f0e79a2b1090091ce\transformed\versionedparcelable-1.1.1 because:
[   +1 ms]   Build cache is disabled
[        ]   Caching not enabled.
[        ] Caching disabled for LibrarySymbolTableTransform: C:\Users\Volted User\.gradle\caches\8.14\transforms\875ffbd89ac9c7dfd0a91922397ce327\transformed\interpolator-1.0.0 because:
[        ]   Build cache is disabled
[        ]   Caching not enabled.
[        ] Caching disabled for LibrarySymbolTableTransform: C:\Users\Volted User\.gradle\caches\8.14\transforms\95cdd7ca87255f13e4af9ad26a5e03dc\transformed\core-runtime-2.2.0 because:
[        ]   Build cache is disabled
[        ]   Caching not enabled.
[        ] Caching disabled for LibrarySymbolTableTransform: C:\Users\Volted User\.gradle\caches\8.14\transforms\8b553870adc7ac07c61aa64705ec7f72\transformed\core-1.0.0 because:
[        ]   Build cache is disabled
[        ]   Caching not enabled.
[        ] Caching disabled for LibrarySymbolTableTransform: C:\Users\Volted User\.gradle\caches\8.14\transforms\44f201f6ae2e842e99898292414fc732\transformed\annotation-experimental-1.4.0 because:
[        ]   Build cache is disabled
[        ]   Caching not enabled.
[ +103 ms] Caching disabled for LibrarySymbolTableTransform: C:\Users\Volted User\.gradle\caches\8.14\transforms\15a558128bbbec921e6710294f0a125f\transformed\relinker-1.4.5 because:
[        ]   Build cache is disabled
[        ]   Caching not enabled.
[ +105 ms] Caching disabled for task ':app:processDebugResources' because:
[        ]   Build cache is disabled
[        ] Task ':app:processDebugResources' is not up-to-date because:
[        ]   No history is available.
[        ] The input changes require a full rebuild for incremental task ':app:processDebugResources'.
[        ] Resolve mutations for :path_provider_android:compileDebugJavaWithJavac (Thread[#166,included builds,5,main]) started.
[        ] :path_provider_android:compileDebugJavaWithJavac (Thread[#166,included builds,5,main]) started.
[ +494 ms] > Task :app:processDebugResources
[        ] Aapt output file E:\My Projects\EchoSift\frontend\build\app\intermediates\linked_resources_binary_format\debug\processDebugResources\linked-resources-binary-format-debug.ap_
[+1504 ms] > Task :path_provider_android:compileDebugJavaWithJavac
[        ] Resource missing. [HTTP GET: https://dl.google.com/dl/android/maven2/org/jetbrains/kotlin/kotlin-stdlib/1.8.22/kotlin-stdlib-1.8.22.pom]
[        ] Downloading https://repo.maven.apache.org/maven2/org/jetbrains/kotlin/kotlin-stdlib/1.8.22/kotlin-stdlib-1.8.22.pom to C:\Users\Volted User\.gradle\.tmp\gradle_download7054517363350924873bin
[        ] Resource missing. [HTTP GET: https://dl.google.com/dl/android/maven2/org/jetbrains/kotlin/kotlin-stdlib/1.9.24/kotlin-stdlib-1.9.24.pom]
[        ] Downloading https://repo.maven.apache.org/maven2/org/jetbrains/kotlin/kotlin-stdlib/1.9.24/kotlin-stdlib-1.9.24.pom to C:\Users\Volted User\.gradle\.tmp\gradle_download3940652131518962488bin
[        ] Downloading https://repo.maven.apache.org/maven2/org/jetbrains/kotlin/kotlin-stdlib/1.9.24/kotlin-stdlib-1.9.24.module to C:\Users\Volted User\.gradle\.tmp\gradle_download5678161684666253204bin
[        ] Resource missing. [HTTP GET: https://dl.google.com/dl/android/maven2/org/jetbrains/kotlin/kotlin-stdlib-common/1.9.24/kotlin-stdlib-common-1.9.24.pom]
[        ] Downloading https://repo.maven.apache.org/maven2/org/jetbrains/kotlin/kotlin-stdlib-common/1.9.24/kotlin-stdlib-common-1.9.24.pom to C:\Users\Volted User\.gradle\.tmp\gradle_download14116643988768720115bin
[        ] Downloading https://repo.maven.apache.org/maven2/org/jetbrains/kotlin/kotlin-stdlib-common/1.9.24/kotlin-stdlib-common-1.9.24.module to C:\Users\Volted User\.gradle\.tmp\gradle_download4764877673633886771bin
[        ] Caching disabled for AarToClassTransform: C:\Users\Volted User\.gradle\caches\modules-2\files-2.1\androidx.fragment\fragment\1.7.1\c7d4fcacda7c02f3b29e4d232f5f21cfa6aa7451\fragment-1.7.1.aar because:
[        ]   Build cache is disabled
[        ]   Caching not enabled.
[        ] Caching disabled for AarToClassTransform: C:\Users\Volted User\.gradle\caches\modules-2\files-2.1\androidx.activity\activity\1.8.1\144ff894c8c32584ca9e99ebae0a2a28b294d371\activity-1.8.1.aar because:
[        ]   Build cache is disabled
[        ]   Caching not enabled.
[        ] Caching disabled for AarToClassTransform: C:\Users\Volted User\.gradle\caches\modules-2\files-2.1\androidx.loader\loader\1.0.0\8af8b6cec0da85c207d03e15840e0722cbc71e70\loader-1.0.0.aar because:
[        ]   Build cache is disabled
[        ]   Caching not enabled.
[        ] Caching disabled for AarToClassTransform: C:\Users\Volted User\.gradle\caches\modules-2\files-2.1\androidx.lifecycle\lifecycle-livedata-core-ktx\2.7.0\746c75e5d0a819d11e255ad137083a51c746e953\lifecycle-livedata-core-ktx-2.7.0.aar because:
[        ]   Build cache is disabled
[        ]   Caching not enabled.
[        ] Caching disabled for AarToClassTransform: C:\Users\Volted User\.gradle\caches\modules-2\files-2.1\androidx.lifecycle\lifecycle-livedata\2.7.0\42ad14e1ee00719636e31a36e8cd50d7ce5c45c6\lifecycle-livedata-2.7.0.aar because:
[        ]   Build cache is disabled
[        ]   Caching not enabled.
[        ] Downloading https://storage.googleapis.com/download.flutter.io/io/flutter/flutter_embedding_debug/1.0.0-587c18f873b8ab57330422bce09047420d9c7f42/flutter_embedding_debug-1.0.0-587c18f873b8ab57330422bce09047420d9c7f42.jar to C:\Users\Volted User\.gradle\.tmp\gradle_download11516453349744800597bin
[        ] Caching disabled for AarToClassTransform: C:\Users\Volted User\.gradle\caches\modules-2\files-2.1\androidx.lifecycle\lifecycle-viewmodel\2.7.0\ea64fb2e504d200f2b7f03c76f51edd7e9ef62a9\lifecycle-viewmodel-2.7.0.aar because:
[        ]   Build cache is disabled
[        ]   Caching not enabled.
[        ] Caching disabled for AarToClassTransform: C:\Users\Volted User\.gradle\caches\modules-2\files-2.1\androidx.lifecycle\lifecycle-livedata-core\2.7.0\d95c9c0b74a6b9882c416c688f6cf201dc416bed\lifecycle-livedata-core-2.7.0.aar because:
[        ]   Build cache is disabled
[        ]   Caching not enabled.
[        ] Caching disabled for AarToClassTransform: C:\Users\Volted User\.gradle\caches\modules-2\files-2.1\androidx.lifecycle\lifecycle-viewmodel-savedstate\2.7.0\1fa14bde5efb3a96fa4fb8ced995f7fdfe99dfd\lifecycle-viewmodel-savedstate-2.7.0.aar because:
[        ]   Build cache is disabled
[        ]   Caching not enabled.
[        ] Caching disabled for AarToClassTransform: C:\Users\Volted User\.gradle\caches\modules-2\files-2.1\androidx.viewpager\viewpager\1.0.0\1f90e13820f96c2fb868f9674079a551678d68b2\viewpager-1.0.0.aar because:
[        ]   Build cache is disabled
[        ]   Caching not enabled.
[        ] Caching disabled for AarToClassTransform: C:\Users\Volted User\.gradle\caches\modules-2\files-2.1\androidx.core\core-ktx\1.13.1\f595b8c10fad9099f71a3c1fc6ded1c9b5010190\core-ktx-1.13.1.aar because:
[        ]   Build cache is disabled
[        ]   Caching not enabled.
[        ] Caching disabled for AarToClassTransform: C:\Users\Volted User\.gradle\caches\modules-2\files-2.1\androidx.customview\customview\1.0.0\30f5ff6075d112f8076e733b24410e68159735b6\customview-1.0.0.aar because:
[        ]   Build cache is disabled
[        ]   Caching not enabled.
[        ] Caching disabled for AarToClassTransform: C:\Users\Volted User\.gradle\caches\modules-2\files-2.1\androidx.core\core\1.13.1\4606d420282fe1e5c8d5c4e647ec188e1045b7be\core-1.13.1.aar because:
[        ]   Build cache is disabled
[        ]   Caching not enabled.
[        ] Caching disabled for AarToClassTransform: C:\Users\Volted User\.gradle\caches\modules-2\files-2.1\androidx.lifecycle\lifecycle-runtime\2.7.0\e46d7c73ab6cb3e288f51a0ad96bf372e90ceb31\lifecycle-runtime-2.7.0.aar because:
[        ]   Build cache is disabled
[        ]   Caching not enabled.
[        ] Caching disabled for IdentityTransform: C:\Users\Volted User\.gradle\caches\modules-2\files-2.1\io.flutter\flutter_embedding_debug\1.0.0-587c18f873b8ab57330422bce09047420d9c7f42\844d91eb6bd17f0200e9343d1c586a03616f706\flutter_embedding_debug-1.0.0-587c18f873b8ab57330422bce09047420d9c7f42.jar because:
[        ]   Build cache is disabled
[        ]   Caching not enabled.
[        ] Caching disabled for AarToClassTransform: C:\Users\Volted User\.gradle\caches\modules-2\files-2.1\androidx.lifecycle\lifecycle-process\2.7.0\10fc9ecc045a9931724c43e710c55680a772d96a\lifecycle-process-2.7.0.aar because:
[        ]   Build cache is disabled
[        ]   Caching not enabled.
[        ] Caching disabled for AarToClassTransform: C:\Users\Volted User\.gradle\caches\modules-2\files-2.1\androidx.arch.core\core-runtime\2.2.0\39705982680d78556b679ef9d5400d4f17509b0b\core-runtime-2.2.0.aar because:
[        ]   Build cache is disabled
[        ]   Caching not enabled.
[        ] Downloading https://dl.google.com/dl/android/maven2/androidx/arch/core/core-common/2.2.0/core-common-2.2.0.jar to C:\Users\Volted User\.gradle\.tmp\gradle_download9630488585885105614bin
[        ] Downloading https://dl.google.com/dl/android/maven2/androidx/lifecycle/lifecycle-common/2.7.0/lifecycle-common-2.7.0.jar to C:\Users\Volted User\.gradle\.tmp\gradle_download2774095744249626686bin
[   +3 ms] Downloading https://dl.google.com/dl/android/maven2/androidx/lifecycle/lifecycle-common-java8/2.7.0/lifecycle-common-java8-2.7.0.jar to C:\Users\Volted User\.gradle\.tmp\gradle_download2993456227381239640bin
[        ] Caching disabled for AarToClassTransform: C:\Users\Volted User\.gradle\caches\modules-2\files-2.1\androidx.versionedparcelable\versionedparcelable\1.1.1\18e18071e7715679e0593c570217edeb5ca48b9e\versionedparcelable-1.1.1.aar because:
[        ]   Build cache is disabled
[        ]   Caching not enabled.
[        ] Caching disabled for AarToClassTransform: C:\Users\Volted User\.gradle\caches\modules-2\files-2.1\androidx.savedstate\savedstate\1.2.1\e364fc9dec32aa569d855f85864e50250318a093\savedstate-1.2.1.aar because:
[        ]   Build cache is disabled
[        ]   Caching not enabled.
[        ] Caching disabled for IdentityTransform: C:\Users\Volted User\.gradle\caches\modules-2\files-2.1\androidx.annotation\annotation-jvm\1.9.1\b17951747e38bf3986a24431b9ba0d039958aa5f\annotation-jvm-1.9.1.jar because:
[        ]   Build cache is disabled
[        ]   Caching not enabled.
[        ] Caching disabled for AarToClassTransform: C:\Users\Volted User\.gradle\caches\modules-2\files-2.1\androidx.window\window\1.2.0\1d080d0a72684227bf6eb9af56264542708f8d16\window-1.2.0.aar because:
[        ]   Build cache is disabled
[        ]   Caching not enabled.
[        ] Caching disabled for IdentityTransform: C:\Users\Volted User\.gradle\caches\modules-2\files-2.1\androidx.lifecycle\lifecycle-common\2.7.0\85334205d65cca70ed0109c3acbd29e22a2d9cb1\lifecycle-common-2.7.0.jar because:
[        ]   Build cache is disabled
[        ]   Caching not enabled.
[        ] Caching disabled for IdentityTransform: C:\Users\Volted User\.gradle\caches\modules-2\files-2.1\androidx.lifecycle\lifecycle-common-java8\2.7.0\2ad14aed781c4a73ed4dbb421966d408a0a06686\lifecycle-common-java8-2.7.0.jar because:
[        ]   Build cache is disabled
[        ]   Caching not enabled.
[        ] Caching disabled for AarToClassTransform: C:\Users\Volted User\.gradle\caches\modules-2\files-2.1\androidx.window\window-java\1.2.0\924d0a3ca93fac4acb32c6a972e9fa1e283f1f07\window-java-1.2.0.aar because:
[        ]   Build cache is disabled
[        ]   Caching not enabled.
[        ] Caching disabled for AarToClassTransform: C:\Users\Volted User\.gradle\caches\modules-2\files-2.1\androidx.annotation\annotation-experimental\1.4.0\c7a2038d831d0cfbfb9a440890b287c2e839ecf\annotation-experimental-1.4.0.aar because:
[        ]   Build cache is disabled
[        ]   Caching not enabled.
[        ] Caching disabled for IdentityTransform: C:\Users\Volted User\.gradle\caches\modules-2\files-2.1\androidx.arch.core\core-common\2.2.0\5e1b8b81dfd5f52c56a8d53b18ca759c19a301f3\core-common-2.2.0.jar because:
[        ]   Build cache is disabled
[        ]   Caching not enabled.
[        ] Downloading https://dl.google.com/dl/android/maven2/androidx/collection/collection/1.1.0/collection-1.1.0.jar to C:\Users\Volted User\.gradle\.tmp\gradle_download10318812064880012845bin
[        ] Downloading https://repo.maven.apache.org/maven2/org/jetbrains/kotlinx/kotlinx-coroutines-android/1.7.1/kotlinx-coroutines-android-1.7.1.jar to C:\Users\Volted User\.gradle\.tmp\gradle_download17134923724984004201bin
[ +390 ms] Downloading https://repo.maven.apache.org/maven2/org/jetbrains/kotlinx/kotlinx-coroutines-core-jvm/1.7.1/kotlinx-coroutines-core-jvm-1.7.1.jar to C:\Users\Volted User\.gradle\.tmp\gradle_download14934413659888854373bin
[        ] Downloading https://repo.maven.apache.org/maven2/org/jetbrains/kotlin/kotlin-stdlib-jdk7/1.8.20/kotlin-stdlib-jdk7-1.8.20.jar to C:\Users\Volted User\.gradle\.tmp\gradle_download7964978233719615118bin
[        ] Downloading https://repo.maven.apache.org/maven2/org/jetbrains/kotlin/kotlin-stdlib/1.9.24/kotlin-stdlib-1.9.24.jar to C:\Users\Volted User\.gradle\.tmp\gradle_download6977783992314185824bin
[        ] Downloading https://repo.maven.apache.org/maven2/org/jetbrains/kotlin/kotlin-stdlib-jdk8/1.8.20/kotlin-stdlib-jdk8-1.8.20.jar to C:\Users\Volted User\.gradle\.tmp\gradle_download2815894768743769298bin
[ +101 ms] Caching disabled for IdentityTransform: C:\Users\Volted User\.gradle\caches\modules-2\files-2.1\org.jetbrains.kotlin\kotlin-stdlib-jdk7\1.8.20\3aa51faf20aae8b31e1a4bc54f8370673d7b7df4\kotlin-stdlib-jdk7-1.8.20.jar because:
[        ]   Build cache is disabled
[        ]   Caching not enabled.
[        ] Caching disabled for IdentityTransform: C:\Users\Volted User\.gradle\caches\modules-2\files-2.1\org.jetbrains.kotlin\kotlin-stdlib-jdk8\1.8.20\73576ddf378c5b4f1f6b449fe6b119b8183fc078\kotlin-stdlib-jdk8-1.8.20.jar because:
[        ]   Build cache is disabled
[        ]   Caching not enabled.
[        ] Caching disabled for IdentityTransform: C:\Users\Volted User\.gradle\caches\modules-2\files-2.1\org.jetbrains\annotations\23.0.0\8cc20c07506ec18e0834947b84a864bfc094484e\annotations-23.0.0.jar because:
[        ]   Build cache is disabled
[        ]   Caching not enabled.
[  +94 ms] Caching disabled for AarToClassTransform: C:\Users\Volted User\.gradle\caches\modules-2\files-2.1\androidx.startup\startup-runtime\1.1.1\9d4ba67056aff98b69eadc1477c19a1e67cb9470\startup-runtime-1.1.1.aar because:
[        ]   Build cache is disabled
[        ]   Caching not enabled.
[        ] Caching disabled for AarToClassTransform: C:\Users\Volted User\.gradle\caches\modules-2\files-2.1\androidx.tracing\tracing\1.2.0\a6ac2cc501278fdc99c56b428548e0cd1e9300f7\tracing-1.2.0.aar because:
[        ]   Build cache is disabled
[        ]   Caching not enabled.
[        ] Caching disabled for IdentityTransform: C:\Users\Volted User\.gradle\caches\modules-2\files-2.1\org.jetbrains.kotlinx\kotlinx-coroutines-android\1.7.1\c2d86b569f10b7fc7e28d3f50c0eed97897d77a7\kotlinx-coroutines-android-1.7.1.jar because:
[        ]   Build cache is disabled
[        ]   Caching not enabled.
[        ] Caching disabled for AarToClassTransform: C:\Users\Volted User\.gradle\caches\modules-2\files-2.1\com.getkeepsafe.relinker\relinker\1.4.5\222d7b0624248da9336bbfccff8a129e3e280ce8\relinker-1.4.5.aar because:
[        ]   Build cache is disabled
[        ]   Caching not enabled.
[  +90 ms] Caching disabled for IdentityTransform: C:\Users\Volted User\.gradle\caches\modules-2\files-2.1\androidx.collection\collection\1.1.0\1f27220b47669781457de0d600849a5de0e89909\collection-1.1.0.jar because:
[        ]   Build cache is disabled
[        ]   Caching not enabled.
[        ] Caching disabled for IdentityTransform: C:\Users\Volted User\.gradle\caches\modules-2\files-2.1\org.jetbrains.kotlinx\kotlinx-coroutines-core-jvm\1.7.1\63a0779cf668e2a47d13fda7c3b0c4f8dc7762f4\kotlinx-coroutines-core-jvm-1.7.1.jar because:
[        ]   Build cache is disabled
[        ]   Caching not enabled.
[ +200 ms] Caching disabled for IdentityTransform: C:\Users\Volted User\.gradle\caches\modules-2\files-2.1\org.jetbrains.kotlin\kotlin-stdlib\1.9.24\9928532f12c66ad816a625b3f9984f8368ca6d2b\kotlin-stdlib-1.9.24.jar because:
[        ]   Build cache is disabled
[        ]   Caching not enabled.
[+1496 ms] Caching disabled for JdkImageTransform: E:\AndroidSDK\platforms\android-36\core-for-system-modules.jar because:
[        ]   Build cache is disabled
[ +107 ms] Starting process 'command 'E:\Android Studio\jbr\bin\jlink.exe''. Working directory: C:\Users\Volted User\AppData\Local\Pub\Cache\hosted\pub.dev\path_provider_android-2.2.22\android Command: E:\Android Studio\jbr\bin\jlink.exe --version
[ +201 ms] Successfully started process 'command 'E:\Android Studio\jbr\bin\jlink.exe''
[ +902 ms] Starting process 'command 'E:\Android Studio\jbr\bin\javac.exe''. Working directory: C:\Users\Volted User\AppData\Local\Pub\Cache\hosted\pub.dev\path_provider_android-2.2.22\android Command: E:\Android Studio\jbr\bin\javac.exe --system=none --patch-module=java.base=E:\AndroidSDK\platforms\android-36\core-for-system-modules.jar -d C:\Users\Volted User\.gradle\caches\8.14\transforms\9efb2df54bde1c9789d1808dd211b1cd-2bc427cc-d85a-4349-8bf6-69b54c0c23c5\transformed\output\temp C:\Users\Volted User\.gradle\caches\8.14\transforms\9efb2df54bde1c9789d1808dd211b1cd-2bc427cc-d85a-4349-8bf6-69b54c0c23c5\transformed\output\temp\module-info.java
[  +92 ms] Successfully started process 'command 'E:\Android Studio\jbr\bin\javac.exe''
[+1002 ms] Starting process 'command 'E:\Android Studio\jbr\bin\jmod.exe''. Working directory: C:\Users\Volted User\AppData\Local\Pub\Cache\hosted\pub.dev\path_provider_android-2.2.22\android Command: E:\Android Studio\jbr\bin\jmod.exe create --module-version 21 --target-platform LINUX-OTHER --class-path C:\Users\Volted User\.gradle\caches\8.14\transforms\9efb2df54bde1c9789d1808dd211b1cd-2bc427cc-d85a-4349-8bf6-69b54c0c23c5\transformed\output\temp\module.jar C:\Users\Volted User\.gradle\caches\8.14\transforms\9efb2df54bde1c9789d1808dd211b1cd-2bc427cc-d85a-4349-8bf6-69b54c0c23c5\transformed\output\temp\jmod\java.base.jmod
[  +92 ms] Successfully started process 'command 'E:\Android Studio\jbr\bin\jmod.exe''
[ +804 ms] Starting process 'command 'E:\Android Studio\jbr\bin\jlink.exe''. Working directory: C:\Users\Volted User\AppData\Local\Pub\Cache\hosted\pub.dev\path_provider_android-2.2.22\android Command: E:\Android Studio\jbr\bin\jlink.exe --module-path C:\Users\Volted User\.gradle\caches\8.14\transforms\9efb2df54bde1c9789d1808dd211b1cd-2bc427cc-d85a-4349-8bf6-69b54c0c23c5\transformed\output\temp\jmod --add-modules java.base --output C:\Users\Volted User\.gradle\caches\8.14\transforms\9efb2df54bde1c9789d1808dd211b1cd-2bc427cc-d85a-4349-8bf6-69b54c0c23c5\transformed\output\jdkImage --disable-plugin system-modules
[        ] Successfully started process 'command 'E:\Android Studio\jbr\bin\jlink.exe''
[ +899 ms] Custom actions are attached to task ':path_provider_android:compileDebugJavaWithJavac'.
[        ] Caching disabled for task ':path_provider_android:compileDebugJavaWithJavac' because:
[        ]   Build cache is disabled
[        ] Task ':path_provider_android:compileDebugJavaWithJavac' is not up-to-date because:
[        ]   No history is available.
[        ] The input changes require a full rebuild for incremental task ':path_provider_android:compileDebugJavaWithJavac'.
[        ] Compilation mode: in-process compilation
[ +107 ms] Full recompilation is required because no incremental change information is available. This is usually caused by clean builds or changing compiler arguments.
[        ] Compiling with toolchain 'E:\Android Studio\jbr'.
[        ] file or directory 'C:\Users\Volted User\AppData\Local\Pub\Cache\hosted\pub.dev\path_provider_android-2.2.22\android\src\debug\java', not found
[        ] Compiling with JDK Java compiler API.
[+1393 ms] Class dependency analysis for incremental compilation took 0.141 secs.
[+2503 ms] Created classpath snapshot for incremental compilation in 2.494 secs.
[  +92 ms] Resolve mutations for :path_provider_android:bundleLibCompileToJarDebug (Thread[#166,included builds,5,main]) started.
[        ] :path_provider_android:bundleLibCompileToJarDebug (Thread[#166,included builds,5,main]) started.
[        ] Resolve mutations for :permission_handler_android:compileDebugJavaWithJavac (Thread[#169,Execution worker Thread 3,5,main]) started.
[        ] :permission_handler_android:compileDebugJavaWithJavac (Thread[#169,Execution worker Thread 3,5,main]) started.
[ +108 ms] > Task :path_provider_android:bundleLibCompileToJarDebug
[        ] Caching disabled for task ':path_provider_android:bundleLibCompileToJarDebug' because:
[        ]   Build cache is disabled
[        ]   Simple merging task
[        ] Task ':path_provider_android:bundleLibCompileToJarDebug' is not up-to-date because:
[        ]   No history is available.
[+1902 ms] > Task :permission_handler_android:compileDebugJavaWithJavac
[        ] Downloading https://dl.google.com/dl/android/maven2/androidx/annotation/annotation/1.8.0/annotation-1.8.0.pom to C:\Users\Volted User\.gradle\.tmp\gradle_download4314407979352156996bin
[        ] Downloading https://dl.google.com/dl/android/maven2/androidx/annotation/annotation/1.8.0/annotation-1.8.0.module to C:\Users\Volted User\.gradle\.tmp\gradle_download10775503615296996864bin
[        ] Downloading https://dl.google.com/dl/android/maven2/androidx/annotation/annotation-jvm/1.8.0/annotation-jvm-1.8.0.pom to C:\Users\Volted User\.gradle\.tmp\gradle_download2052111775498144122bin
[        ] Downloading https://dl.google.com/dl/android/maven2/androidx/annotation/annotation-jvm/1.8.0/annotation-jvm-1.8.0.module to C:\Users\Volted User\.gradle\.tmp\gradle_download6236657231862534914bin
[        ] Resource missing. [HTTP GET: https://dl.google.com/dl/android/maven2/org/jetbrains/kotlin/kotlin-stdlib-common/1.8.22/kotlin-stdlib-common-1.8.22.pom]
[        ] Downloading https://repo.maven.apache.org/maven2/org/jetbrains/kotlin/kotlin-stdlib-common/1.8.22/kotlin-stdlib-common-1.8.22.pom to C:\Users\Volted User\.gradle\.tmp\gradle_download10193297349342939772bin
[        ] Downloading https://repo.maven.apache.org/maven2/org/jetbrains/kotlin/kotlin-stdlib-common/1.8.22/kotlin-stdlib-common-1.8.22.jar to C:\Users\Volted User\.gradle\.tmp\gradle_download1354465340268720070bin
[        ] Downloading https://repo.maven.apache.org/maven2/org/jetbrains/kotlin/kotlin-stdlib/1.8.22/kotlin-stdlib-1.8.22.jar to C:\Users\Volted User\.gradle\.tmp\gradle_download6570392817670440987bin
[        ] Downloading https://dl.google.com/dl/android/maven2/androidx/annotation/annotation-jvm/1.8.0/annotation-jvm-1.8.0.jar to C:\Users\Volted User\.gradle\.tmp\gradle_download10224222381910561588bin
[        ] Caching disabled for IdentityTransform: C:\Users\Volted User\.gradle\caches\modules-2\files-2.1\org.jetbrains.kotlin\kotlin-stdlib-common\1.8.22\1a8e3601703ae14bb58757ea6b2d8e8e5935a586\kotlin-stdlib-common-1.8.22.jar because:
[        ]   Build cache is disabled
[        ]   Caching not enabled.
[        ] Caching disabled for IdentityTransform: C:\Users\Volted User\.gradle\caches\modules-2\files-2.1\androidx.annotation\annotation-jvm\1.8.0\b8a16fe526014b7941c1debaccaf9c5153692dbb\annotation-jvm-1.8.0.jar because:
[        ]   Build cache is disabled
[        ]   Caching not enabled.
[        ] Caching disabled for IdentityTransform: C:\Users\Volted User\.gradle\caches\modules-2\files-2.1\org.jetbrains.kotlin\kotlin-stdlib\1.8.22\636bf8b320e7627482771bbac9ed7246773c02bd\kotlin-stdlib-1.8.22.jar because:
[        ]   Build cache is disabled
[        ]   Caching not enabled.
[ +388 ms] Caching disabled for JdkImageTransform: E:\AndroidSDK\platforms\android-35\core-for-system-modules.jar because:
[        ]   Build cache is disabled
[        ] Starting process 'command 'E:\Android Studio\jbr\bin\jlink.exe''. Working directory: C:\Users\Volted User\AppData\Local\Pub\Cache\hosted\pub.dev\permission_handler_android-13.0.1\android Command: E:\Android Studio\jbr\bin\jlink.exe --version
[        ] Successfully started process 'command 'E:\Android Studio\jbr\bin\jlink.exe''
[ +400 ms] Starting process 'command 'E:\Android Studio\jbr\bin\javac.exe''. Working directory: C:\Users\Volted User\AppData\Local\Pub\Cache\hosted\pub.dev\permission_handler_android-13.0.1\android Command: E:\Android Studio\jbr\bin\javac.exe --system=none --patch-module=java.base=E:\AndroidSDK\platforms\android-35\core-for-system-modules.jar -d C:\Users\Volted User\.gradle\caches\8.14\transforms\c51c443a8a431a4a1a36d95368548f0b-837adc61-0960-4aa4-a0a9-5e16486cce97\transformed\output\temp C:\Users\Volted User\.gradle\caches\8.14\transforms\c51c443a8a431a4a1a36d95368548f0b-837adc61-0960-4aa4-a0a9-5e16486cce97\transformed\output\temp\module-info.java
[        ] Successfully started process 'command 'E:\Android Studio\jbr\bin\javac.exe''
[+1005 ms] Starting process 'command 'E:\Android Studio\jbr\bin\jmod.exe''. Working directory: C:\Users\Volted User\AppData\Local\Pub\Cache\hosted\pub.dev\permission_handler_android-13.0.1\android Command: E:\Android Studio\jbr\bin\jmod.exe create --module-version 21 --target-platform LINUX-OTHER --class-path C:\Users\Volted User\.gradle\caches\8.14\transforms\c51c443a8a431a4a1a36d95368548f0b-837adc61-0960-4aa4-a0a9-5e16486cce97\transformed\output\temp\module.jar C:\Users\Volted User\.gradle\caches\8.14\transforms\c51c443a8a431a4a1a36d95368548f0b-837adc61-0960-4aa4-a0a9-5e16486cce97\transformed\output\temp\jmod\java.base.jmod
[        ] Successfully started process 'command 'E:\Android Studio\jbr\bin\jmod.exe''
[ +699 ms] Starting process 'command 'E:\Android Studio\jbr\bin\jlink.exe''. Working directory: C:\Users\Volted User\AppData\Local\Pub\Cache\hosted\pub.dev\permission_handler_android-13.0.1\android Command: E:\Android Studio\jbr\bin\jlink.exe --module-path C:\Users\Volted User\.gradle\caches\8.14\transforms\c51c443a8a431a4a1a36d95368548f0b-837adc61-0960-4aa4-a0a9-5e16486cce97\transformed\output\temp\jmod --add-modules java.base --output C:\Users\Volted User\.gradle\caches\8.14\transforms\c51c443a8a431a4a1a36d95368548f0b-837adc61-0960-4aa4-a0a9-5e16486cce97\transformed\output\jdkImage --disable-plugin system-modules
[        ] Successfully started process 'command 'E:\Android Studio\jbr\bin\jlink.exe''
[ +792 ms] Custom actions are attached to task ':permission_handler_android:compileDebugJavaWithJavac'.
[        ] Caching disabled for task ':permission_handler_android:compileDebugJavaWithJavac' because:
[        ]   Build cache is disabled
[        ] Task ':permission_handler_android:compileDebugJavaWithJavac' is not up-to-date because:
[        ]   No history is available.
[        ] The input changes require a full rebuild for incremental task ':permission_handler_android:compileDebugJavaWithJavac'.
[        ] Compilation mode: in-process compilation
[        ] Full recompilation is required because no incremental change information is available. This is usually caused by clean builds or changing compiler arguments.
[        ] Compiling with toolchain 'E:\Android Studio\jbr'.
[        ] file or directory 'C:\Users\Volted User\AppData\Local\Pub\Cache\hosted\pub.dev\permission_handler_android-13.0.1\android\src\debug\java', not found
[        ] Compiling with JDK Java compiler API.
[+1206 ms] Class dependency analysis for incremental compilation took 0.287 secs.
[+1599 ms] Created classpath snapshot for incremental compilation in 1.584 secs.
[        ] work action resolve classes.jar (project :path_provider_android) (Thread[#169,Execution worker Thread 3,5,main]) started.
[        ] Resolve mutations for :permission_handler_android:bundleLibCompileToJarDebug (Thread[#169,Execution worker Thread 3,5,main]) started.
[        ] :permission_handler_android:bundleLibCompileToJarDebug (Thread[#169,Execution worker Thread 3,5,main]) started.
[        ] Resolve mutations for :record_android:compileDebugKotlin (Thread[#166,included builds,5,main]) started.
[        ] :record_android:compileDebugKotlin (Thread[#166,included builds,5,main]) started.
[        ] > Task :permission_handler_android:bundleLibCompileToJarDebug
[        ] Caching disabled for task ':permission_handler_android:bundleLibCompileToJarDebug' because:
[        ]   Build cache is disabled
[        ]   Simple merging task
[        ] Task ':permission_handler_android:bundleLibCompileToJarDebug' is not up-to-date because:
[        ]   No history is available.
[+1999 ms] work action resolve classes.jar (project :permission_handler_android) (Thread[#169,Execution worker Thread 3,5,main]) started.
[        ] > Task :record_android:compileDebugKotlin
[        ] Downloading https://repo.maven.apache.org/maven2/org/jetbrains/kotlin/kotlin-stdlib/2.2.20/kotlin-stdlib-2.2.20.jar to C:\Users\Volted User\.gradle\.tmp\gradle_download13231079700077273516bin
[        ] Caching disabled for IdentityTransform: C:\Users\Volted User\.gradle\caches\modules-2\files-2.1\org.jetbrains.kotlin\kotlin-stdlib\2.2.20\5380b19fa1924399b62ce3a1faffebb2b4f82272\kotlin-stdlib-2.2.20.jar because:
[        ]   Build cache is disabled
[        ]   Caching not enabled.
[        ] Resource missing. [HTTP GET: https://dl.google.com/dl/android/maven2/org/jetbrains/kotlin/kotlin-build-tools-impl/2.2.20/kotlin-build-tools-impl-2.2.20.pom]
[        ] Downloading https://repo.maven.apache.org/maven2/org/jetbrains/kotlin/kotlin-build-tools-impl/2.2.20/kotlin-build-tools-impl-2.2.20.pom to C:\Users\Volted User\.gradle\.tmp\gradle_download4687569311980842886bin
[        ] Resource missing. [HTTP GET: https://dl.google.com/dl/android/maven2/org/jetbrains/kotlin/kotlin-scripting-compiler-impl-embeddable/2.2.20/kotlin-scripting-compiler-impl-embeddable-2.2.20.pom]
[        ] Downloading https://repo.maven.apache.org/maven2/org/jetbrains/kotlin/kotlin-scripting-compiler-impl-embeddable/2.2.20/kotlin-scripting-compiler-impl-embeddable-2.2.20.pom to C:\Users\Volted User\.gradle\.tmp\gradle_download5073149936894399856bin
[        ] Resource missing. [HTTP GET: https://dl.google.com/dl/android/maven2/org/jetbrains/kotlin/kotlin-scripting-compiler-embeddable/2.2.20/kotlin-scripting-compiler-embeddable-2.2.20.pom]
[        ] Downloading https://repo.maven.apache.org/maven2/org/jetbrains/kotlin/kotlin-scripting-compiler-embeddable/2.2.20/kotlin-scripting-compiler-embeddable-2.2.20.pom to C:\Users\Volted User\.gradle\.tmp\gradle_download8931472551654708790bin
[        ] Resource missing. [HTTP GET: https://dl.google.com/dl/android/maven2/org/jetbrains/kotlin/kotlin-compiler-embeddable/2.2.20/kotlin-compiler-embeddable-2.2.20.pom]
[        ] Downloading https://repo.maven.apache.org/maven2/org/jetbrains/kotlin/kotlin-compiler-embeddable/2.2.20/kotlin-compiler-embeddable-2.2.20.pom to C:\Users\Volted User\.gradle\.tmp\gradle_download14633948632552788798bin
[        ] Resource missing. [HTTP GET: https://dl.google.com/dl/android/maven2/org/jetbrains/kotlin/kotlin-script-runtime/2.2.20/kotlin-script-runtime-2.2.20.pom]
[        ] Resource missing. [HTTP GET: https://dl.google.com/dl/android/maven2/org/jetbrains/kotlin/kotlin-daemon-embeddable/2.2.20/kotlin-daemon-embeddable-2.2.20.pom]
[        ] Downloading https://repo.maven.apache.org/maven2/org/jetbrains/kotlin/kotlin-script-runtime/2.2.20/kotlin-script-runtime-2.2.20.pom to C:\Users\Volted User\.gradle\.tmp\gradle_download5818772254305284528bin
[  +89 ms] Downloading https://repo.maven.apache.org/maven2/org/jetbrains/kotlin/kotlin-daemon-embeddable/2.2.20/kotlin-daemon-embeddable-2.2.20.pom to C:\Users\Volted User\.gradle\.tmp\gradle_download3041955069871566265bin
[ +309 ms] Resource missing. [HTTP GET: https://dl.google.com/dl/android/maven2/org/jetbrains/kotlin/kotlin-scripting-jvm/2.2.20/kotlin-scripting-jvm-2.2.20.pom]
[        ] Downloading https://repo.maven.apache.org/maven2/org/jetbrains/kotlin/kotlin-scripting-jvm/2.2.20/kotlin-scripting-jvm-2.2.20.pom to C:\Users\Volted User\.gradle\.tmp\gradle_download3607878296687098224bin
[        ] Resource missing. [HTTP GET: https://dl.google.com/dl/android/maven2/org/jetbrains/kotlin/kotlin-scripting-common/2.2.20/kotlin-scripting-common-2.2.20.pom]
[  +98 ms] Downloading https://repo.maven.apache.org/maven2/org/jetbrains/kotlin/kotlin-scripting-common/2.2.20/kotlin-scripting-common-2.2.20.pom to C:\Users\Volted User\.gradle\.tmp\gradle_download2650808166885906157bin
[ +113 ms] Downloading https://repo.maven.apache.org/maven2/org/jetbrains/kotlin/kotlin-scripting-compiler-impl-embeddable/2.2.20/kotlin-scripting-compiler-impl-embeddable-2.2.20.jar to C:\Users\Volted User\.gradle\.tmp\gradle_download7413571720313560999bin
[        ] Downloading https://repo.maven.apache.org/maven2/org/jetbrains/kotlin/kotlin-build-tools-impl/2.2.20/kotlin-build-tools-impl-2.2.20.jar to C:\Users\Volted User\.gradle\.tmp\gradle_download3560941078392331475bin
[        ] Downloading https://repo.maven.apache.org/maven2/org/jetbrains/kotlin/kotlin-compiler-embeddable/2.2.20/kotlin-compiler-embeddable-2.2.20.jar to C:\Users\Volted User\.gradle\.tmp\gradle_download15765941344828874842bin
[        ] Downloading https://repo.maven.apache.org/maven2/org/jetbrains/kotlin/kotlin-scripting-common/2.2.20/kotlin-scripting-common-2.2.20.jar to C:\Users\Volted User\.gradle\.tmp\gradle_download9669878499830311059bin
[        ] Downloading https://repo.maven.apache.org/maven2/org/jetbrains/kotlin/kotlin-scripting-jvm/2.2.20/kotlin-scripting-jvm-2.2.20.jar to C:\Users\Volted User\.gradle\.tmp\gradle_download16703278813403059231bin
[  +79 ms] Downloading https://repo.maven.apache.org/maven2/org/jetbrains/kotlin/kotlin-scripting-compiler-embeddable/2.2.20/kotlin-scripting-compiler-embeddable-2.2.20.jar to C:\Users\Volted User\.gradle\.tmp\gradle_download13437208012674921829bin
[ +105 ms] Downloading https://repo.maven.apache.org/maven2/org/jetbrains/kotlin/kotlin-daemon-embeddable/2.2.20/kotlin-daemon-embeddable-2.2.20.jar to C:\Users\Volted User\.gradle\.tmp\gradle_download15016017267650773273bin
[        ] Downloading https://repo.maven.apache.org/maven2/org/jetbrains/kotlin/kotlin-script-runtime/2.2.20/kotlin-script-runtime-2.2.20.jar to C:\Users\Volted User\.gradle\.tmp\gradle_download5065920557049445941bin
[+7589 ms] Adding -Xuse-inline-scopes-numbers Kotlin compiler flag for task :record_android:compileDebugAndroidTestKotlin
[+1808 ms] Caching disabled for BuildToolsApiClasspathEntrySnapshotTransform: E:\AndroidSDK\platforms\android-36\android.jar because:
[        ]   Build cache is disabled
[        ] Caching disabled for BuildToolsApiClasspathEntrySnapshotTransform: E:\AndroidSDK\build-tools\35.0.0\core-lambda-stubs.jar because:
[        ]   Build cache is disabled
[        ] Caching disabled for BuildToolsApiClasspathEntrySnapshotTransform: C:\Users\Volted User\.gradle\caches\8.14\transforms\62ace5eaef97ea8ba6bb013f0374d6a1\transformed\fragment-1.7.1-api.jar because:
[        ]   Build cache is disabled
[  +93 ms] Caching disabled for BuildToolsApiClasspathEntrySnapshotTransform: C:\Users\Volted User\.gradle\caches\8.14\transforms\0bc3eb1ce6b4e54ae595ac3f559fe2c6\transformed\activity-1.8.1-api.jar because:
[        ]   Build cache is disabled
[        ] Caching disabled for BuildToolsApiClasspathEntrySnapshotTransform: C:\Users\Volted User\.gradle\caches\modules-2\files-2.1\io.flutter\flutter_embedding_debug\1.0.0-587c18f873b8ab57330422bce09047420d9c7f42\844d91eb6bd17f0200e9343d1c586a03616f706\flutter_embedding_debug-1.0.0-587c18f873b8ab57330422bce09047420d9c7f42.jar because:
[        ]   Build cache is disabled
[        ] Caching disabled for BuildToolsApiClasspathEntrySnapshotTransform: E:\My Projects\EchoSift\frontend\build\record_android\intermediates\compile_r_class_jar\debug\generateDebugRFile\R.jar because:
[        ]   Build cache is disabled
[ +367 ms] Caching disabled for BuildToolsApiClasspathEntrySnapshotTransform: C:\Users\Volted User\.gradle\caches\8.14\transforms\243afd18820d1bd7f72d8a5d204604fe\transformed\lifecycle-livedata-core-ktx-2.7.0-api.jar because:
[        ]   Build cache is disabled
[        ] Caching disabled for BuildToolsApiClasspathEntrySnapshotTransform: C:\Users\Volted User\.gradle\caches\8.14\transforms\b8841817615e52e57199391093c7d691\transformed\loader-1.0.0-api.jar because:
[        ]   Build cache is disabled
[  +41 ms] Caching disabled for BuildToolsApiClasspathEntrySnapshotTransform: C:\Users\Volted User\.gradle\caches\8.14\transforms\412e6a21547e54346de1c8ecef6b5721\transformed\lifecycle-livedata-2.7.0-api.jar because:
[   +1 ms]   Build cache is disabled
[ +130 ms] Caching disabled for BuildToolsApiClasspathEntrySnapshotTransform: C:\Users\Volted User\.gradle\caches\8.14\transforms\752b2b6bca67ecdcbb918ad103bf557d\transformed\lifecycle-viewmodel-2.7.0-api.jar because:
[        ]   Build cache is disabled
[        ] Caching disabled for BuildToolsApiClasspathEntrySnapshotTransform: C:\Users\Volted User\.gradle\caches\8.14\transforms\9be4d4aa3cc2bb03d6e910f75ebb642a\transformed\lifecycle-livedata-core-2.7.0-api.jar because:
[        ]   Build cache is disabled
[        ] Caching disabled for BuildToolsApiClasspathEntrySnapshotTransform: C:\Users\Volted User\.gradle\caches\8.14\transforms\a57cd66cc345ee766f55c12be427cdc4\transformed\lifecycle-viewmodel-savedstate-2.7.0-api.jar because:
[        ]   Build cache is disabled
[        ] Caching disabled for BuildToolsApiClasspathEntrySnapshotTransform: C:\Users\Volted User\.gradle\caches\8.14\transforms\730b20dff55c2da56ff5bc5af1822b74\transformed\core-ktx-1.13.1-api.jar because:
[        ]   Build cache is disabled
[  +59 ms] Caching disabled for BuildToolsApiClasspathEntrySnapshotTransform: C:\Users\Volted User\.gradle\caches\8.14\transforms\b09b2b6aa43f94dd39a4d851e15b8c66\transformed\viewpager-1.0.0-api.jar because:
[        ]   Build cache is disabled
[        ] Caching disabled for BuildToolsApiClasspathEntrySnapshotTransform: C:\Users\Volted User\.gradle\caches\8.14\transforms\af8d65b7063d4462e194e749ae6a8882\transformed\customview-1.0.0-api.jar because:
[        ]   Build cache is disabled
[ +125 ms] Caching disabled for BuildToolsApiClasspathEntrySnapshotTransform: C:\Users\Volted User\.gradle\caches\8.14\transforms\15f31eb4ad4bf81f25495238fe956022\transformed\core-1.13.1-api.jar because:
[        ]   Build cache is disabled
[        ] Caching disabled for BuildToolsApiClasspathEntrySnapshotTransform: C:\Users\Volted User\.gradle\caches\8.14\transforms\100edd88e4d6142b824e1e787d3b5da9\transformed\lifecycle-runtime-2.7.0-api.jar because:
[        ]   Build cache is disabled
[        ] Caching disabled for BuildToolsApiClasspathEntrySnapshotTransform: C:\Users\Volted User\.gradle\caches\8.14\transforms\5b09770c407639cf05be76b125422c2a\transformed\lifecycle-process-2.7.0-api.jar because:
[        ]   Build cache is disabled
[  +80 ms] Caching disabled for BuildToolsApiClasspathEntrySnapshotTransform: C:\Users\Volted User\.gradle\caches\modules-2\files-2.1\androidx.lifecycle\lifecycle-common\2.7.0\85334205d65cca70ed0109c3acbd29e22a2d9cb1\lifecycle-common-2.7.0.jar because:
[        ]   Build cache is disabled
[        ] Caching disabled for BuildToolsApiClasspathEntrySnapshotTransform: C:\Users\Volted User\.gradle\caches\modules-2\files-2.1\androidx.lifecycle\lifecycle-common-java8\2.7.0\2ad14aed781c4a73ed4dbb421966d408a0a06686\lifecycle-common-java8-2.7.0.jar because:
[        ]   Build cache is disabled
[        ] Caching disabled for BuildToolsApiClasspathEntrySnapshotTransform: C:\Users\Volted User\.gradle\caches\8.14\transforms\811ad33d015e7a51ef7f9a4cc7475887\transformed\window-1.2.0-api.jar because:
[        ]   Build cache is disabled
[        ] Caching disabled for BuildToolsApiClasspathEntrySnapshotTransform: C:\Users\Volted User\.gradle\caches\8.14\transforms\f0e8ad0c8e64a135cf2ad85f0d3f6ac5\transformed\window-java-1.2.0-api.jar because:
[        ]   Build cache is disabled
[ +171 ms] Caching disabled for BuildToolsApiClasspathEntrySnapshotTransform: C:\Users\Volted User\.gradle\caches\8.14\transforms\4a3039ef4ff77fb2a046a0518ff7a8cb\transformed\annotation-experimental-1.4.0-api.jar because:
[        ]   Build cache is disabled
[        ] Caching disabled for BuildToolsApiClasspathEntrySnapshotTransform: C:\Users\Volted User\.gradle\caches\8.14\transforms\c4979470996df406ebc456f9b13a0630\transformed\savedstate-1.2.1-api.jar because:
[        ]   Build cache is disabled
[        ] Caching disabled for BuildToolsApiClasspathEntrySnapshotTransform: C:\Users\Volted User\.gradle\caches\8.14\transforms\79f57d5150a61463b639590bfb15371c\transformed\core-runtime-2.2.0-api.jar because:
[        ]   Build cache is disabled
[        ] Caching disabled for BuildToolsApiClasspathEntrySnapshotTransform: C:\Users\Volted User\.gradle\caches\modules-2\files-2.1\androidx.arch.core\core-common\2.2.0\5e1b8b81dfd5f52c56a8d53b18ca759c19a301f3\core-common-2.2.0.jar because:
[        ]   Build cache is disabled
[  +54 ms] Caching disabled for BuildToolsApiClasspathEntrySnapshotTransform: C:\Users\Volted User\.gradle\caches\8.14\transforms\aac58aff4b0ca86cc7a1381d5f67fe17\transformed\versionedparcelable-1.1.1-api.jar because:
[        ]   Build cache is disabled
[        ] Caching disabled for BuildToolsApiClasspathEntrySnapshotTransform: C:\Users\Volted User\.gradle\caches\modules-2\files-2.1\androidx.collection\collection\1.1.0\1f27220b47669781457de0d600849a5de0e89909\collection-1.1.0.jar because:
[        ]   Build cache is disabled
[ +152 ms] Caching disabled for BuildToolsApiClasspathEntrySnapshotTransform: C:\Users\Volted User\.gradle\caches\modules-2\files-2.1\androidx.annotation\annotation-jvm\1.8.0\b8a16fe526014b7941c1debaccaf9c5153692dbb\annotation-jvm-1.8.0.jar because:
[        ]   Build cache is disabled
[  +14 ms] Caching disabled for BuildToolsApiClasspathEntrySnapshotTransform: C:\Users\Volted User\.gradle\caches\modules-2\files-2.1\org.jetbrains.kotlinx\kotlinx-coroutines-android\1.7.1\c2d86b569f10b7fc7e28d3f50c0eed97897d77a7\kotlinx-coroutines-android-1.7.1.jar because:
[        ]   Build cache is disabled
[ +310 ms] Caching disabled for BuildToolsApiClasspathEntrySnapshotTransform: C:\Users\Volted User\.gradle\caches\modules-2\files-2.1\org.jetbrains.kotlinx\kotlinx-coroutines-core-jvm\1.7.1\63a0779cf668e2a47d13fda7c3b0c4f8dc7762f4\kotlinx-coroutines-core-jvm-1.7.1.jar because:
[  +35 ms]   Build cache is disabled
[   +6 ms] Caching disabled for BuildToolsApiClasspathEntrySnapshotTransform: C:\Users\Volted User\.gradle\caches\modules-2\files-2.1\org.jetbrains.kotlin\kotlin-stdlib-jdk7\1.8.20\3aa51faf20aae8b31e1a4bc54f8370673d7b7df4\kotlin-stdlib-jdk7-1.8.20.jar because:
[        ]   Build cache is disabled
[        ] Caching disabled for BuildToolsApiClasspathEntrySnapshotTransform: C:\Users\Volted User\.gradle\caches\modules-2\files-2.1\org.jetbrains.kotlin\kotlin-stdlib-jdk8\1.8.20\73576ddf378c5b4f1f6b449fe6b119b8183fc078\kotlin-stdlib-jdk8-1.8.20.jar because:
[        ]   Build cache is disabled
[        ] Caching disabled for BuildToolsApiClasspathEntrySnapshotTransform: C:\Users\Volted User\.gradle\caches\modules-2\files-2.1\org.jetbrains.kotlin\kotlin-stdlib\2.2.20\5380b19fa1924399b62ce3a1faffebb2b4f82272\kotlin-stdlib-2.2.20.jar because:
[        ]   Build cache is disabled
[ +123 ms] Caching disabled for BuildToolsApiClasspathEntrySnapshotTransform: C:\Users\Volted User\.gradle\caches\modules-2\files-2.1\org.jetbrains\annotations\23.0.0\8cc20c07506ec18e0834947b84a864bfc094484e\annotations-23.0.0.jar because:
[        ]   Build cache is disabled
[        ] Caching disabled for BuildToolsApiClasspathEntrySnapshotTransform: C:\Users\Volted User\.gradle\caches\8.14\transforms\66a55c9302b8dacfca4a88d55f2bb41c\transformed\startup-runtime-1.1.1-api.jar because:
[        ]   Build cache is disabled
[        ] Caching disabled for BuildToolsApiClasspathEntrySnapshotTransform: C:\Users\Volted User\.gradle\caches\8.14\transforms\0323f414d3b6f829989b737577ddbcb8\transformed\tracing-1.2.0-api.jar because:
[   +1 ms]   Build cache is disabled
[        ] Caching disabled for BuildToolsApiClasspathEntrySnapshotTransform: C:\Users\Volted User\.gradle\caches\8.14\transforms\b5ea8c96fd0431c40235788c8b3be10a\transformed\relinker-1.4.5-api.jar because:
[        ]   Build cache is disabled
[+2023 ms] Caching disabled for task ':record_android:compileDebugKotlin' because:
[        ]   Build cache is disabled
[        ] Task ':record_android:compileDebugKotlin' is not up-to-date because:
[        ]   No history is available.
[        ] The input changes require a full rebuild for incremental task ':record_android:compileDebugKotlin'.
[        ] file or directory 'C:\Users\Volted User\AppData\Local\Pub\Cache\hosted\pub.dev\record_android-1.5.0\android\src\debug\kotlin', not found
[        ] file or directory 'C:\Users\Volted User\AppData\Local\Pub\Cache\hosted\pub.dev\record_android-1.5.0\android\src\debug\java', not found
[        ] file or directory 'C:\Users\Volted User\AppData\Local\Pub\Cache\hosted\pub.dev\record_android-1.5.0\android\src\debug\kotlin', not found
[        ] file or directory 'C:\Users\Volted User\AppData\Local\Pub\Cache\hosted\pub.dev\record_android-1.5.0\android\src\debug\kotlin', not found
[        ] file or directory 'C:\Users\Volted User\AppData\Local\Pub\Cache\hosted\pub.dev\record_android-1.5.0\android\src\debug\java', not found
[        ] file or directory 'C:\Users\Volted User\AppData\Local\Pub\Cache\hosted\pub.dev\record_android-1.5.0\android\src\main\java', not found
[        ] file or directory 'C:\Users\Volted User\AppData\Local\Pub\Cache\hosted\pub.dev\record_android-1.5.0\android\src\main\java', not found
[        ] file or directory 'C:\Users\Volted User\AppData\Local\Pub\Cache\hosted\pub.dev\record_android-1.5.0\android\src\main\java', not found
[        ] file or directory 'C:\Users\Volted User\AppData\Local\Pub\Cache\hosted\pub.dev\record_android-1.5.0\android\src\debug\java', not found
[        ] file or directory 'C:\Users\Volted User\AppData\Local\Pub\Cache\hosted\pub.dev\record_android-1.5.0\android\src\debug\kotlin', not found
[        ] file or directory 'C:\Users\Volted User\AppData\Local\Pub\Cache\hosted\pub.dev\record_android-1.5.0\android\src\debug\java', not found
[        ] file or directory 'C:\Users\Volted User\AppData\Local\Pub\Cache\hosted\pub.dev\record_android-1.5.0\android\src\debug\kotlin', not found
[        ] file or directory 'C:\Users\Volted User\AppData\Local\Pub\Cache\hosted\pub.dev\record_android-1.5.0\android\src\debug\kotlin', not found
[        ] file or directory 'C:\Users\Volted User\AppData\Local\Pub\Cache\hosted\pub.dev\record_android-1.5.0\android\src\debug\java', not found
[  +93 ms] file or directory 'C:\Users\Volted User\AppData\Local\Pub\Cache\hosted\pub.dev\record_android-1.5.0\android\src\debug\kotlin', not found
[        ] file or directory 'C:\Users\Volted User\AppData\Local\Pub\Cache\hosted\pub.dev\record_android-1.5.0\android\src\debug\java', not found
[        ] file or directory 'C:\Users\Volted User\AppData\Local\Pub\Cache\hosted\pub.dev\record_android-1.5.0\android\src\debug\kotlin', not found
[        ] file or directory 'C:\Users\Volted User\AppData\Local\Pub\Cache\hosted\pub.dev\record_android-1.5.0\android\src\debug\kotlin', not found
[        ] file or directory 'C:\Users\Volted User\AppData\Local\Pub\Cache\hosted\pub.dev\record_android-1.5.0\android\src\debug\java', not found
[        ] file or directory 'C:\Users\Volted User\AppData\Local\Pub\Cache\hosted\pub.dev\record_android-1.5.0\android\src\main\java', not found
[        ] file or directory 'C:\Users\Volted User\AppData\Local\Pub\Cache\hosted\pub.dev\record_android-1.5.0\android\src\main\java', not found
[        ] file or directory 'C:\Users\Volted User\AppData\Local\Pub\Cache\hosted\pub.dev\record_android-1.5.0\android\src\main\java', not found
[        ] file or directory 'C:\Users\Volted User\AppData\Local\Pub\Cache\hosted\pub.dev\record_android-1.5.0\android\src\debug\java', not found
[        ] file or directory 'C:\Users\Volted User\AppData\Local\Pub\Cache\hosted\pub.dev\record_android-1.5.0\android\src\debug\kotlin', not found
[        ] file or directory 'C:\Users\Volted User\AppData\Local\Pub\Cache\hosted\pub.dev\record_android-1.5.0\android\src\debug\java', not found
[        ] file or directory 'C:\Users\Volted User\AppData\Local\Pub\Cache\hosted\pub.dev\record_android-1.5.0\android\src\debug\kotlin', not found
[        ] file or directory 'C:\Users\Volted User\AppData\Local\Pub\Cache\hosted\pub.dev\record_android-1.5.0\android\src\debug\kotlin', not found
[        ] file or directory 'C:\Users\Volted User\AppData\Local\Pub\Cache\hosted\pub.dev\record_android-1.5.0\android\src\debug\java', not found
[        ] file or directory 'C:\Users\Volted User\AppData\Local\Pub\Cache\hosted\pub.dev\record_android-1.5.0\android\src\main\java', not found
[        ] file or directory 'C:\Users\Volted User\AppData\Local\Pub\Cache\hosted\pub.dev\record_android-1.5.0\android\src\main\java', not found
[        ] file or directory 'C:\Users\Volted User\AppData\Local\Pub\Cache\hosted\pub.dev\record_android-1.5.0\android\src\main\java', not found
[        ] file or directory 'C:\Users\Volted User\AppData\Local\Pub\Cache\hosted\pub.dev\record_android-1.5.0\android\src\debug\java', not found
[        ] file or directory 'C:\Users\Volted User\AppData\Local\Pub\Cache\hosted\pub.dev\record_android-1.5.0\android\src\debug\kotlin', not found
[        ] file or directory 'C:\Users\Volted User\AppData\Local\Pub\Cache\hosted\pub.dev\record_android-1.5.0\android\src\debug\java', not found
[        ] file or directory 'C:\Users\Volted User\AppData\Local\Pub\Cache\hosted\pub.dev\record_android-1.5.0\android\src\debug\kotlin', not found
[        ] file or directory 'C:\Users\Volted User\AppData\Local\Pub\Cache\hosted\pub.dev\record_android-1.5.0\android\src\debug\kotlin', not found
[        ] file or directory 'C:\Users\Volted User\AppData\Local\Pub\Cache\hosted\pub.dev\record_android-1.5.0\android\src\debug\java', not found
[        ] file or directory 'C:\Users\Volted User\AppData\Local\Pub\Cache\hosted\pub.dev\record_android-1.5.0\android\src\main\java', not found
[        ] file or directory 'C:\Users\Volted User\AppData\Local\Pub\Cache\hosted\pub.dev\record_android-1.5.0\android\src\main\java', not found
[        ] file or directory 'C:\Users\Volted User\AppData\Local\Pub\Cache\hosted\pub.dev\record_android-1.5.0\android\src\main\java', not found
[        ] file or directory 'C:\Users\Volted User\AppData\Local\Pub\Cache\hosted\pub.dev\record_android-1.5.0\android\src\debug\java', not found
[        ] Kotlin source files: C:\Users\Volted User\AppData\Local\Pub\Cache\hosted\pub.dev\record_android-1.5.0\android\src\main\kotlin\com\llfbandit\record\methodcall\MethodCallHandlerImpl.kt, C:\Users\Volted User\AppData\Local\Pub\Cache\hosted\pub.dev\record_android-1.5.0\android\src\main\kotlin\com\llfbandit\record\methodcall\RecorderWrapper.kt, C:\Users\Volted User\AppData\Local\Pub\Cache\hosted\pub.dev\record_android-1.5.0\android\src\main\kotlin\com\llfbandit\record\permission\PermissionManager.kt, C:\Users\Volted User\AppData\Local\Pub\Cache\hosted\pub.dev\record_android-1.5.0\android\src\main\kotlin\com\llfbandit\record\permission\PermissionResultCallback.kt, C:\Users\Volted User\AppData\Local\Pub\Cache\hosted\pub.dev\record_android-1.5.0\android\src\main\kotlin\com\llfbandit\record\record\bluetooth\BluetoothReceiver.kt, C:\Users\Volted User\AppData\Local\Pub\Cache\hosted\pub.dev\record_android-1.5.0\android\src\main\kotlin\com\llfbandit\record\record\container\AdtsContainer.kt, C:\Users\Volted User\AppData\Local\Pub\Cache\hosted\pub.dev\record_android-1.5.0\android\src\main\kotlin\com\llfbandit\record\record\container\FlacContainer.kt, C:\Users\Volted User\AppData\Local\Pub\Cache\hosted\pub.dev\record_android-1.5.0\android\src\main\kotlin\com\llfbandit\record\record\container\IContainerWriter.kt, C:\Users\Volted User\AppData\Local\Pub\Cache\hosted\pub.dev\record_android-1.5.0\android\src\main\kotlin\com\llfbandit\record\record\container\MuxerContainer.kt, C:\Users\Volted User\AppData\Local\Pub\Cache\hosted\pub.dev\record_android-1.5.0\android\src\main\kotlin\com\llfbandit\record\record\container\RawContainer.kt, C:\Users\Volted User\AppData\Local\Pub\Cache\hosted\pub.dev\record_android-1.5.0\android\src\main\kotlin\com\llfbandit\record\record\container\WaveContainer.kt, C:\Users\Volted User\AppData\Local\Pub\Cache\hosted\pub.dev\record_android-1.5.0\android\src\main\kotlin\com\llfbandit\record\record\device\DeviceUtils.kt, C:\Users\Volted User\AppData\Local\Pub\Cache\hosted\pub.dev\record_android-1.5.0\android\src\main\kotlin\com\llfbandit\record\record\encoder\EncoderListener.kt, C:\Users\Volted User\AppData\Local\Pub\Cache\hosted\pub.dev\record_android-1.5.0\android\src\main\kotlin\com\llfbandit\record\record\encoder\IEncoder.kt, C:\Users\Volted User\AppData\Local\Pub\Cache\hosted\pub.dev\record_android-1.5.0\android\src\main\kotlin\com\llfbandit\record\record\encoder\MediaCodecEncoder.kt, C:\Users\Volted User\AppData\Local\Pub\Cache\hosted\pub.dev\record_android-1.5.0\android\src\main\kotlin\com\llfbandit\record\record\encoder\PassthroughEncoder.kt, C:\Users\Volted User\AppData\Local\Pub\Cache\hosted\pub.dev\record_android-1.5.0\android\src\main\kotlin\com\llfbandit\record\record\format\AacFormat.kt, C:\Users\Volted User\AppData\Local\Pub\Cache\hosted\pub.dev\record_android-1.5.0\android\src\main\kotlin\com\llfbandit\record\record\format\AmrNbFormat.kt, C:\Users\Volted User\AppData\Local\Pub\Cache\hosted\pub.dev\record_android-1.5.0\android\src\main\kotlin\com\llfbandit\record\record\format\AmrWbFormat.kt, C:\Users\Volted User\AppData\Local\Pub\Cache\hosted\pub.dev\record_android-1.5.0\android\src\main\kotlin\com\llfbandit\record\record\format\AudioFormats.kt, C:\Users\Volted User\AppData\Local\Pub\Cache\hosted\pub.dev\record_android-1.5.0\android\src\main\kotlin\com\llfbandit\record\record\format\FlacFormat.kt, C:\Users\Volted User\AppData\Local\Pub\Cache\hosted\pub.dev\record_android-1.5.0\android\src\main\kotlin\com\llfbandit\record\record\format\Format.kt, C:\Users\Volted User\AppData\Local\Pub\Cache\hosted\pub.dev\record_android-1.5.0\android\src\main\kotlin\com\llfbandit\record\record\format\OpusFormat.kt, C:\Users\Volted User\AppData\Local\Pub\Cache\hosted\pub.dev\record_android-1.5.0\android\src\main\kotlin\com\llfbandit\record\record\format\PcmFormat.kt, C:\Users\Volted User\AppData\Local\Pub\Cache\hosted\pub.dev\record_android-1.5.0\android\src\main\kotlin\com\llfbandit\record\record\format\WaveFormat.kt, C:\Users\Volted User\AppData\Local\Pub\Cache\hosted\pub.dev\record_android-1.5.0\android\src\main\kotlin\com\llfbandit\record\record\PCMReader.kt, C:\Users\Volted User\AppData\Local\Pub\Cache\hosted\pub.dev\record_android-1.5.0\android\src\main\kotlin\com\llfbandit\record\record\RecordConfig.kt, C:\Users\Volted User\AppData\Local\Pub\Cache\hosted\pub.dev\record_android-1.5.0\android\src\main\kotlin\com\llfbandit\record\record\recorder\AudioRecorder.kt, C:\Users\Volted User\AppData\Local\Pub\Cache\hosted\pub.dev\record_android-1.5.0\android\src\main\kotlin\com\llfbandit\record\record\recorder\IRecorder.kt, C:\Users\Volted User\AppData\Local\Pub\Cache\hosted\pub.dev\record_android-1.5.0\android\src\main\kotlin\com\llfbandit\record\record\recorder\MediaRecorder.kt, C:\Users\Volted User\AppData\Local\Pub\Cache\hosted\pub.dev\record_android-1.5.0\android\src\main\kotlin\com\llfbandit\record\record\recorder\RecordThread.kt, C:\Users\Volted User\AppData\Local\Pub\Cache\hosted\pub.dev\record_android-1.5.0\android\src\main\kotlin\com\llfbandit\record\record\RecordState.kt, C:\Users\Volted User\AppData\Local\Pub\Cache\hosted\pub.dev\record_android-1.5.0\android\src\main\kotlin\com\llfbandit\record\record\stream\RecorderRecordStreamHandler.kt, C:\Users\Volted User\AppData\Local\Pub\Cache\hosted\pub.dev\record_android-1.5.0\android\src\main\kotlin\com\llfbandit\record\record\stream\RecorderStateStreamHandler.kt, C:\Users\Volted User\AppData\Local\Pub\Cache\hosted\pub.dev\record_android-1.5.0\android\src\main\kotlin\com\llfbandit\record\RecordPlugin.kt, C:\Users\Volted User\AppData\Local\Pub\Cache\hosted\pub.dev\record_android-1.5.0\android\src\main\kotlin\com\llfbandit\record\service\AudioRecordingService.kt
[        ] Java source files: C:\Users\Volted User\AppData\Local\Pub\Cache\hosted\pub.dev\record_android-1.5.0\android\src\main\kotlin\com\llfbandit\record\Utils.java
[        ] Script source files: 
[        ] Script file extensions: 
[ +104 ms] Using Kotlin/JVM incremental compilation
[        ] [KOTLIN] Kotlin compilation 'jdkHome' argument: null
[ +205 ms] Resolve mutations for :path_provider_android:bundleLibRuntimeToJarDebug (Thread[#168,Execution worker Thread 2,5,main]) started.
[        ] :path_provider_android:bundleLibRuntimeToJarDebug (Thread[#168,Execution worker Thread 2,5,main]) started.
[        ] Resolve mutations for :permission_handler_android:bundleLibRuntimeToJarDebug (Thread[#170,Execution worker Thread 4,5,main]) started.
[   +2 ms] :permission_handler_android:bundleLibRuntimeToJarDebug (Thread[#170,Execution worker Thread 4,5,main]) started.
[  +90 ms] Resolve mutations for :app:desugarDebugFileDependencies (Thread[#171,Execution worker Thread 5,5,main]) started.
[        ] :app:desugarDebugFileDependencies (Thread[#171,Execution worker Thread 5,5,main]) started.
[        ] > Task :path_provider_android:bundleLibRuntimeToJarDebug
[        ] Caching disabled for task ':path_provider_android:bundleLibRuntimeToJarDebug' because:
[        ]   Build cache is disabled
[        ]   Simple merging task
[        ] Task ':path_provider_android:bundleLibRuntimeToJarDebug' is not up-to-date because:
[        ]   No history is available.
[   +1 ms] > Task :permission_handler_android:bundleLibRuntimeToJarDebug
[        ] Caching disabled for task ':permission_handler_android:bundleLibRuntimeToJarDebug' because:
[        ]   Build cache is disabled
[        ]   Simple merging task
[   +2 ms] Task ':permission_handler_android:bundleLibRuntimeToJarDebug' is not up-to-date because:
[        ]   No history is available.
[        ] work action resolve classes.jar (project :path_provider_android) (Thread[#170,Execution worker Thread 4,5,main]) started.
[        ] work action resolve classes.jar (project :permission_handler_android) (Thread[#170,Execution worker Thread 4,5,main]) started.
[        ] IdentityTransform (Thread[#167,Execution worker,5,main]) started.
[        ] Resolve mutations for :path_provider_android:processDebugJavaRes (Thread[#168,Execution worker Thread 2,5,main]) started.
[        ] IdentityTransform (Thread[#170,Execution worker Thread 4,5,main]) started.
[        ] :path_provider_android:processDebugJavaRes (Thread[#168,Execution worker Thread 2,5,main]) started.
[        ] > Task :path_provider_android:processDebugJavaRes NO-SOURCE
[        ] file or directory 'C:\Users\Volted User\AppData\Local\Pub\Cache\hosted\pub.dev\path_provider_android-2.2.22\android\src\main\resources', not found
[        ] file or directory 'C:\Users\Volted User\AppData\Local\Pub\Cache\hosted\pub.dev\path_provider_android-2.2.22\android\src\debug\resources', not found
[        ] Skipping task ':path_provider_android:processDebugJavaRes' as it has no source files and no previous output files.
[        ] work action resolve out (project :path_provider_android) (Thread[#168,Execution worker Thread 2,5,main]) started.
[        ] Resolve mutations for :permission_handler_android:processDebugJavaRes (Thread[#168,Execution worker Thread 2,5,main]) started.
[        ] :permission_handler_android:processDebugJavaRes (Thread[#168,Execution worker Thread 2,5,main]) started.
[        ] > Task :permission_handler_android:processDebugJavaRes NO-SOURCE
[        ] file or directory 'C:\Users\Volted User\AppData\Local\Pub\Cache\hosted\pub.dev\permission_handler_android-13.0.1\android\src\main\resources', not found
[        ] file or directory 'C:\Users\Volted User\AppData\Local\Pub\Cache\hosted\pub.dev\permission_handler_android-13.0.1\android\src\debug\resources', not found
[        ] Skipping task ':permission_handler_android:processDebugJavaRes' as it has no source files and no previous output files.
[        ] work action resolve out (project :permission_handler_android) (Thread[#168,Execution worker Thread 2,5,main]) started.
[        ] Resolve mutations for :app:checkDebugDuplicateClasses (Thread[#168,Execution worker Thread 2,5,main]) started.
[        ] :app:checkDebugDuplicateClasses (Thread[#168,Execution worker Thread 2,5,main]) started.
[        ] > Transform classes.jar (project :permission_handler_android) with IdentityTransform
[        ] Caching disabled for IdentityTransform: E:\My Projects\EchoSift\frontend\build\permission_handler_android\intermediates\runtime_library_classes_jar\debug\bundleLibRuntimeToJarDebug\classes.jar because:
[        ]   Build cache is disabled
[        ]   Caching not enabled.
[        ] DexingNoClasspathTransform (Thread[#170,Execution worker Thread 4,5,main]) started.
[        ] > Transform classes.jar (project :path_provider_android) with IdentityTransform
[        ] Caching disabled for IdentityTransform: E:\My Projects\EchoSift\frontend\build\path_provider_android\intermediates\runtime_library_classes_jar\debug\bundleLibRuntimeToJarDebug\classes.jar because:
[        ]   Build cache is disabled
[        ]   Caching not enabled.
[        ] DexingNoClasspathTransform (Thread[#167,Execution worker,5,main]) started.
[ +209 ms] > Task :app:desugarDebugFileDependencies
[        ] Caching disabled for IdentityTransform: E:\My Projects\EchoSift\frontend\build\app\intermediates\flutter\debug\libs.jar because:
[        ]   Build cache is disabled
[        ]   Caching not enabled.
[        ] Caching disabled for task ':app:desugarDebugFileDependencies' because:
[        ]   Build cache is disabled
[        ] Task ':app:desugarDebugFileDependencies' is not up-to-date because:
[        ]   No history is available.
[+1785 ms] > Task :app:checkDebugDuplicateClasses
[        ] Caching disabled for EnumerateClassesTransform: C:\Users\Volted User\.gradle\caches\modules-2\files-2.1\io.flutter\flutter_embedding_debug\1.0.0-587c18f873b8ab57330422bce09047420d9c7f42\844d91eb6bd17f0200e9343d1c586a03616f706\flutter_embedding_debug-1.0.0-587c18f873b8ab57330422bce09047420d9c7f42.jar because:
[        ]   Build cache is disabled
[        ] Caching disabled for EnumerateClassesTransform: E:\My Projects\EchoSift\frontend\build\app\intermediates\flutter\debug\libs.jar because:
[        ]   Build cache is disabled
[        ] Caching disabled for AarToClassTransform: C:\Users\Volted User\.gradle\caches\modules-2\files-2.1\androidx.loader\loader\1.0.0\8af8b6cec0da85c207d03e15840e0722cbc71e70\loader-1.0.0.aar because:
[        ]   Build cache is disabled
[        ]   Caching not enabled.
[        ] Caching disabled for AarToClassTransform: C:\Users\Volted User\.gradle\caches\modules-2\files-2.1\androidx.viewpager\viewpager\1.0.0\1f90e13820f96c2fb868f9674079a551678d68b2\viewpager-1.0.0.aar because:
[        ]   Build cache is disabled
[        ]   Caching not enabled.
[        ] Caching disabled for EnumerateClassesTransform: C:\Users\Volted User\.gradle\caches\8.14\transforms\6203b60e3dbb0a87a6d4d5c37b2e14fc\transformed\loader-1.0.0-runtime.jar because:
[        ]   Build cache is disabled
[        ] Caching disabled for AarToClassTransform: C:\Users\Volted User\.gradle\caches\modules-2\files-2.1\androidx.fragment\fragment\1.7.1\c7d4fcacda7c02f3b29e4d232f5f21cfa6aa7451\fragment-1.7.1.aar because:
[        ]   Build cache is disabled
[        ]   Caching not enabled.
[   +1 ms] Caching disabled for AarToClassTransform: C:\Users\Volted User\.gradle\caches\modules-2\files-2.1\androidx.lifecycle\lifecycle-livedata-core-ktx\2.7.0\746c75e5d0a819d11e255ad137083a51c746e953\lifecycle-livedata-core-ktx-2.7.0.aar because:
[        ]   Build cache is disabled
[        ]   Caching not enabled.
[        ] Caching disabled for EnumerateClassesTransform: C:\Users\Volted User\.gradle\caches\8.14\transforms\7bc591fe9c3b11b0622b0794e1d87f3c\transformed\viewpager-1.0.0-runtime.jar because:
[        ]   Build cache is disabled
[        ] Caching disabled for AarToClassTransform: C:\Users\Volted User\.gradle\caches\modules-2\files-2.1\androidx.lifecycle\lifecycle-livedata\2.7.0\42ad14e1ee00719636e31a36e8cd50d7ce5c45c6\lifecycle-livedata-2.7.0.aar because:
[        ]   Build cache is disabled
[        ]   Caching not enabled.
[        ] Caching disabled for EnumerateClassesTransform: C:\Users\Volted User\.gradle\caches\8.14\transforms\c9b1541bb272584b0e2cafccd19b574a\transformed\lifecycle-livedata-core-ktx-2.7.0-runtime.jar because:
[        ]   Build cache is disabled
[        ] Caching disabled for EnumerateClassesTransform: C:\Users\Volted User\.gradle\caches\8.14\transforms\7f91fbc98eb9dae1b101270c0d64a261\transformed\fragment-1.7.1-runtime.jar because:
[        ]   Build cache is disabled
[        ] Caching disabled for AarToClassTransform: C:\Users\Volted User\.gradle\caches\modules-2\files-2.1\androidx.lifecycle\lifecycle-viewmodel\2.7.0\ea64fb2e504d200f2b7f03c76f51edd7e9ef62a9\lifecycle-viewmodel-2.7.0.aar because:
[        ]   Build cache is disabled
[        ]   Caching not enabled.
[        ] Caching disabled for EnumerateClassesTransform: C:\Users\Volted User\.gradle\caches\8.14\transforms\623e431d83d2fa1df0d14b7ff6d8b79b\transformed\lifecycle-livedata-2.7.0-runtime.jar because:
[        ]   Build cache is disabled
[        ] Caching disabled for EnumerateClassesTransform: C:\Users\Volted User\.gradle\caches\8.14\transforms\3b15e0047d0530cdd6d057f6e9d9a371\transformed\lifecycle-viewmodel-2.7.0-runtime.jar because:
[        ]   Build cache is disabled
[        ] Caching disabled for AarToClassTransform: C:\Users\Volted User\.gradle\caches\modules-2\files-2.1\androidx.lifecycle\lifecycle-livedata-core\2.7.0\d95c9c0b74a6b9882c416c688f6cf201dc416bed\lifecycle-livedata-core-2.7.0.aar because:
[        ]   Build cache is disabled
[        ]   Caching not enabled.
[        ] Caching disabled for AarToClassTransform: C:\Users\Volted User\.gradle\caches\modules-2\files-2.1\androidx.core\core-ktx\1.13.1\f595b8c10fad9099f71a3c1fc6ded1c9b5010190\core-ktx-1.13.1.aar because:
[        ]   Build cache is disabled
[        ]   Caching not enabled.
[        ] Caching disabled for AarToClassTransform: C:\Users\Volted User\.gradle\caches\modules-2\files-2.1\androidx.lifecycle\lifecycle-viewmodel-savedstate\2.7.0\1fa14bde5efb3a96fa4fb8ced995f7fdfe99dfd\lifecycle-viewmodel-savedstate-2.7.0.aar because:
[        ]   Build cache is disabled
[        ]   Caching not enabled.
[        ] Caching disabled for EnumerateClassesTransform: C:\Users\Volted User\.gradle\caches\8.14\transforms\3194d59d442fc58b1e7526ee13065dd5\transformed\lifecycle-viewmodel-savedstate-2.7.0-runtime.jar because:
[        ]   Build cache is disabled
[        ] Caching disabled for EnumerateClassesTransform: C:\Users\Volted User\.gradle\caches\8.14\transforms\37d49a16f2f122e967ce6aa2aa4622f5\transformed\core-ktx-1.13.1-runtime.jar because:
[        ]   Build cache is disabled
[        ] Caching disabled for EnumerateClassesTransform: C:\Users\Volted User\.gradle\caches\8.14\transforms\110465b5c40f1f1a065b8b4eca4908df\transformed\lifecycle-livedata-core-2.7.0-runtime.jar because:
[        ]   Build cache is disabled
[        ] Caching disabled for AarToClassTransform: C:\Users\Volted User\.gradle\caches\modules-2\files-2.1\androidx.customview\customview\1.0.0\30f5ff6075d112f8076e733b24410e68159735b6\customview-1.0.0.aar because:
[        ]   Build cache is disabled
[        ]   Caching not enabled.
[        ] Caching disabled for AarToClassTransform: C:\Users\Volted User\.gradle\caches\modules-2\files-2.1\androidx.core\core\1.13.1\4606d420282fe1e5c8d5c4e647ec188e1045b7be\core-1.13.1.aar because:
[        ]   Build cache is disabled
[        ]   Caching not enabled.
[        ] Caching disabled for EnumerateClassesTransform: C:\Users\Volted User\.gradle\caches\8.14\transforms\769f2772a3edd8e3dca1b50f410482f5\transformed\customview-1.0.0-runtime.jar because:
[        ]   Build cache is disabled
[        ] Caching disabled for EnumerateClassesTransform: C:\Users\Volted User\.gradle\caches\8.14\transforms\92805240efca4a3152a00180f53bd1d1\transformed\core-1.13.1-runtime.jar because:
[        ]   Build cache is disabled
[        ] Caching disabled for AarToClassTransform: C:\Users\Volted User\.gradle\caches\modules-2\files-2.1\androidx.lifecycle\lifecycle-runtime\2.7.0\e46d7c73ab6cb3e288f51a0ad96bf372e90ceb31\lifecycle-runtime-2.7.0.aar because:
[        ]   Build cache is disabled
[        ]   Caching not enabled.
[        ] Caching disabled for AarToClassTransform: C:\Users\Volted User\.gradle\caches\modules-2\files-2.1\androidx.lifecycle\lifecycle-process\2.7.0\10fc9ecc045a9931724c43e710c55680a772d96a\lifecycle-process-2.7.0.aar because:
[        ]   Build cache is disabled
[        ]   Caching not enabled.
[        ] Caching disabled for EnumerateClassesTransform: C:\Users\Volted User\.gradle\caches\modules-2\files-2.1\androidx.lifecycle\lifecycle-common-java8\2.7.0\2ad14aed781c4a73ed4dbb421966d408a0a06686\lifecycle-common-java8-2.7.0.jar because:
[        ]   Build cache is disabled
[        ] Caching disabled for AarToClassTransform: C:\Users\Volted User\.gradle\caches\modules-2\files-2.1\androidx.savedstate\savedstate\1.2.1\e364fc9dec32aa569d855f85864e50250318a093\savedstate-1.2.1.aar because:
[        ]   Build cache is disabled
[        ]   Caching not enabled.
[        ] Caching disabled for EnumerateClassesTransform: C:\Users\Volted User\.gradle\caches\8.14\transforms\b3ca55148101b8af6e7dfeee94e9c86e\transformed\lifecycle-process-2.7.0-runtime.jar because:
[        ]   Build cache is disabled
[        ] Caching disabled for EnumerateClassesTransform: C:\Users\Volted User\.gradle\caches\8.14\transforms\278d25167ecaaa4fe52ac55583daa0cb\transformed\lifecycle-runtime-2.7.0-runtime.jar because:
[        ]   Build cache is disabled
[        ] Caching disabled for EnumerateClassesTransform: C:\Users\Volted User\.gradle\caches\modules-2\files-2.1\androidx.lifecycle\lifecycle-common\2.7.0\85334205d65cca70ed0109c3acbd29e22a2d9cb1\lifecycle-common-2.7.0.jar because:
[        ]   Build cache is disabled
[        ] Caching disabled for AarToClassTransform: C:\Users\Volted User\.gradle\caches\modules-2\files-2.1\androidx.profileinstaller\profileinstaller\1.3.1\c0bac819b4f88a648011542273373d1e5093e3a7\profileinstaller-1.3.1.aar because:
[        ]   Build cache is disabled
[        ]   Caching not enabled.
[        ] Caching disabled for AarToClassTransform: C:\Users\Volted User\.gradle\caches\modules-2\files-2.1\androidx.startup\startup-runtime\1.1.1\9d4ba67056aff98b69eadc1477c19a1e67cb9470\startup-runtime-1.1.1.aar because:
[        ]   Build cache is disabled
[        ]   Caching not enabled.
[        ] Caching disabled for EnumerateClassesTransform: C:\Users\Volted User\.gradle\caches\8.14\transforms\697cd0aafab3205663df3a3700d4b04a\transformed\profileinstaller-1.3.1-runtime.jar because:
[        ]   Build cache is disabled
[        ] Caching disabled for EnumerateClassesTransform: C:\Users\Volted User\.gradle\caches\8.14\transforms\8ba67013a85acd726f68c9205814c1b4\transformed\savedstate-1.2.1-runtime.jar because:
[        ]   Build cache is disabled
[        ] Caching disabled for AarToClassTransform: C:\Users\Volted User\.gradle\caches\modules-2\files-2.1\androidx.tracing\tracing\1.2.0\a6ac2cc501278fdc99c56b428548e0cd1e9300f7\tracing-1.2.0.aar because:
[        ]   Build cache is disabled
[        ]   Caching not enabled.
[        ] Caching disabled for AarToClassTransform: C:\Users\Volted User\.gradle\caches\modules-2\files-2.1\androidx.arch.core\core-runtime\2.2.0\39705982680d78556b679ef9d5400d4f17509b0b\core-runtime-2.2.0.aar because:
[        ]   Build cache is disabled
[        ]   Caching not enabled.
[        ] Caching disabled for EnumerateClassesTransform: C:\Users\Volted User\.gradle\caches\8.14\transforms\6a6d4254bc003faf803ca7fd2b1c73b5\transformed\startup-runtime-1.1.1-runtime.jar because:
[        ]   Build cache is disabled
[        ] Caching disabled for EnumerateClassesTransform: C:\Users\Volted User\.gradle\caches\modules-2\files-2.1\androidx.arch.core\core-common\2.2.0\5e1b8b81dfd5f52c56a8d53b18ca759c19a301f3\core-common-2.2.0.jar because:
[        ]   Build cache is disabled
[        ] Caching disabled for AarToClassTransform: C:\Users\Volted User\.gradle\caches\modules-2\files-2.1\androidx.versionedparcelable\versionedparcelable\1.1.1\18e18071e7715679e0593c570217edeb5ca48b9e\versionedparcelable-1.1.1.aar because:
[        ]   Build cache is disabled
[        ]   Caching not enabled.
[        ] Caching disabled for EnumerateClassesTransform: C:\Users\Volted User\.gradle\caches\8.14\transforms\2b07e4b33f4f3bd669269c4453eb435e\transformed\core-runtime-2.2.0-runtime.jar because:
[        ]   Build cache is disabled
[        ] Caching disabled for EnumerateClassesTransform: C:\Users\Volted User\.gradle\caches\8.14\transforms\4e63fd6b75fa543ba1d6a29411e28734\transformed\tracing-1.2.0-runtime.jar because:
[        ]   Build cache is disabled
[        ] Caching disabled for EnumerateClassesTransform: C:\Users\Volted User\.gradle\caches\8.14\transforms\1a23e0d789911f39cb81a75e65cc3b27\transformed\versionedparcelable-1.1.1-runtime.jar because:
[        ]   Build cache is disabled
[  +87 ms] Caching disabled for EnumerateClassesTransform: C:\Users\Volted User\.gradle\caches\modules-2\files-2.1\androidx.collection\collection\1.1.0\1f27220b47669781457de0d600849a5de0e89909\collection-1.1.0.jar because:
[        ]   Build cache is disabled
[        ] Caching disabled for AarToClassTransform: C:\Users\Volted User\.gradle\caches\modules-2\files-2.1\androidx.interpolator\interpolator\1.0.0\8a01fa254a23b9388571eb6334b03707c7d122d7\interpolator-1.0.0.aar because:
[        ]   Build cache is disabled
[        ]   Caching not enabled.
[  +93 ms] Downloading https://dl.google.com/dl/android/maven2/androidx/concurrent/concurrent-futures/1.1.0/concurrent-futures-1.1.0.jar to C:\Users\Volted User\.gradle\.tmp\gradle_download13658095515563479975bin
[ +141 ms] Caching disabled for AarToClassTransform: C:\Users\Volted User\.gradle\caches\modules-2\files-2.1\androidx.window.extensions.core\core\1.0.0\f755f474ef8f4ff78ba7f6cbd8146ab6a383a557\core-1.0.0.aar because:
[   +1 ms]   Build cache is disabled
[   +1 ms]   Caching not enabled.
[   +1 ms] Caching disabled for EnumerateClassesTransform: C:\Users\Volted User\.gradle\caches\8.14\transforms\39e90520c1b59ea35753d421861693e0\transformed\interpolator-1.0.0-runtime.jar because:
[        ]   Build cache is disabled
[  +75 ms] Caching disabled for EnumerateClassesTransform: C:\Users\Volted User\.gradle\caches\modules-2\files-2.1\androidx.annotation\annotation-jvm\1.9.1\b17951747e38bf3986a24431b9ba0d039958aa5f\annotation-jvm-1.9.1.jar because:
[        ]   Build cache is disabled
[  +93 ms] Caching disabled for EnumerateClassesTransform: C:\Users\Volted User\.gradle\caches\8.14\transforms\d38933fa6fe515aff1769b137e19d4ae\transformed\core-1.0.0-runtime.jar because:
[   +6 ms]   Build cache is disabled
[        ] Caching disabled for AarToClassTransform: C:\Users\Volted User\.gradle\caches\modules-2\files-2.1\androidx.annotation\annotation-experimental\1.4.0\c7a2038d831d0cfbfb9a440890b287c2e839ecf\annotation-experimental-1.4.0.aar because:
[        ]   Build cache is disabled
[  +23 ms]   Caching not enabled.
[   +7 ms] Caching disabled for EnumerateClassesTransform: C:\Users\Volted User\.gradle\caches\modules-2\files-2.1\org.jetbrains.kotlinx\kotlinx-coroutines-android\1.7.1\c2d86b569f10b7fc7e28d3f50c0eed97897d77a7\kotlinx-coroutines-android-1.7.1.jar because:
[   +5 ms]   Build cache is disabled
[  +64 ms] Caching disabled for EnumerateClassesTransform: C:\Users\Volted User\.gradle\caches\modules-2\files-2.1\org.jetbrains.kotlinx\kotlinx-coroutines-core-jvm\1.7.1\63a0779cf668e2a47d13fda7c3b0c4f8dc7762f4\kotlinx-coroutines-core-jvm-1.7.1.jar because:
[        ]   Build cache is disabled
[        ] Caching disabled for EnumerateClassesTransform: C:\Users\Volted User\.gradle\caches\8.14\transforms\b997d98c3a8b6ca2e56e59d156f181e2\transformed\annotation-experimental-1.4.0-runtime.jar because:
[        ]   Build cache is disabled
[        ] Caching disabled for EnumerateClassesTransform: C:\Users\Volted User\.gradle\caches\modules-2\files-2.1\org.jetbrains.kotlin\kotlin-stdlib-jdk8\1.8.20\73576ddf378c5b4f1f6b449fe6b119b8183fc078\kotlin-stdlib-jdk8-1.8.20.jar because:
[        ]   Build cache is disabled
[  +91 ms] Caching disabled for EnumerateClassesTransform: C:\Users\Volted User\.gradle\caches\modules-2\files-2.1\org.jetbrains.kotlin\kotlin-stdlib\2.2.20\5380b19fa1924399b62ce3a1faffebb2b4f82272\kotlin-stdlib-2.2.20.jar because:
[        ]   Build cache is disabled
[        ] Caching disabled for EnumerateClassesTransform: C:\Users\Volted User\.gradle\caches\modules-2\files-2.1\org.jetbrains.kotlin\kotlin-stdlib-jdk7\1.8.20\3aa51faf20aae8b31e1a4bc54f8370673d7b7df4\kotlin-stdlib-jdk7-1.8.20.jar because:
[        ]   Build cache is disabled
[ +416 ms] Caching disabled for EnumerateClassesTransform: C:\Users\Volted User\.gradle\caches\modules-2\files-2.1\org.jetbrains\annotations\23.0.0\8cc20c07506ec18e0834947b84a864bfc094484e\annotations-23.0.0.jar because:
[  +14 ms]   Build cache is disabled
[  +12 ms] Caching disabled for IdentityTransform: C:\Users\Volted User\.gradle\caches\modules-2\files-2.1\androidx.concurrent\concurrent-futures\1.1.0\50b7fb98350d5f42a4e49704b03278542293ba48\concurrent-futures-1.1.0.jar because:
[        ]   Build cache is disabled
[        ]   Caching not enabled.
[        ] Caching disabled for EnumerateClassesTransform: C:\Users\Volted User\.gradle\caches\modules-2\files-2.1\androidx.concurrent\concurrent-futures\1.1.0\50b7fb98350d5f42a4e49704b03278542293ba48\concurrent-futures-1.1.0.jar because:
[        ]   Build cache is disabled
[        ] Caching disabled for AarToClassTransform: C:\Users\Volted User\.gradle\caches\modules-2\files-2.1\com.getkeepsafe.relinker\relinker\1.4.5\222d7b0624248da9336bbfccff8a129e3e280ce8\relinker-1.4.5.aar because:
[        ]   Build cache is disabled
[        ]   Caching not enabled.
[ +143 ms] Downloading https://storage.googleapis.com/download.flutter.io/io/flutter/arm64_v8a_debug/1.0.0-587c18f873b8ab57330422bce09047420d9c7f42/arm64_v8a_debug-1.0.0-587c18f873b8ab57330422bce09047420d9c7f42.jar to C:\Users\Volted User\.gradle\.tmp\gradle_download15037783809261114424bin
[ +162 ms] Downloading https://repo.maven.apache.org/maven2/com/google/guava/listenablefuture/1.0/listenablefuture-1.0.jar to C:\Users\Volted User\.gradle\.tmp\gradle_download14959837776573208425bin
[        ] Caching disabled for EnumerateClassesTransform: C:\Users\Volted User\.gradle\caches\8.14\transforms\7ff76bf839419b98ec5a37680408ff13\transformed\relinker-1.4.5-runtime.jar because:
[        ]   Build cache is disabled
[        ] Caching disabled for IdentityTransform: C:\Users\Volted User\.gradle\caches\modules-2\files-2.1\com.google.guava\listenablefuture\1.0\c949a840a6acbc5268d088e47b04177bf90b3cad\listenablefuture-1.0.jar because:
[        ]   Build cache is disabled
[        ]   Caching not enabled.
[ +155 ms] Caching disabled for EnumerateClassesTransform: C:\Users\Volted User\.gradle\caches\modules-2\files-2.1\com.google.guava\listenablefuture\1.0\c949a840a6acbc5268d088e47b04177bf90b3cad\listenablefuture-1.0.jar because:
[   +2 ms]   Build cache is disabled
[        ] Caching disabled for AarToClassTransform: C:\Users\Volted User\.gradle\caches\modules-2\files-2.1\androidx.activity\activity\1.8.1\144ff894c8c32584ca9e99ebae0a2a28b294d371\activity-1.8.1.aar because:
[        ]   Build cache is disabled
[        ]   Caching not enabled.
[  +71 ms] Caching disabled for AarToClassTransform: C:\Users\Volted User\.gradle\caches\modules-2\files-2.1\androidx.window\window\1.2.0\1d080d0a72684227bf6eb9af56264542708f8d16\window-1.2.0.aar because:
[        ]   Build cache is disabled
[        ]   Caching not enabled.
[        ] Caching disabled for EnumerateClassesTransform: C:\Users\Volted User\.gradle\caches\8.14\transforms\c2194d5b371b614c4dad59b243e97708\transformed\activity-1.8.1-runtime.jar because:
[        ]   Build cache is disabled
[ +113 ms] > Transform classes.jar (project :path_provider_android) with DexingNoClasspathTransform
[        ] Caching disabled for DexingNoClasspathTransform: E:\My Projects\EchoSift\frontend\build\path_provider_android\intermediates\runtime_library_classes_jar\debug\bundleLibRuntimeToJarDebug\classes.jar because:
[        ]   Build cache is disabled
[        ] DexingNoClasspathTransform: E:\My Projects\EchoSift\frontend\build\path_provider_android\intermediates\runtime_library_classes_jar\debug\bundleLibRuntimeToJarDebug\classes.jar is not up-to-date because:
[        ]   No history is available.
[        ] The input changes require a full rebuild for incremental DexingNoClasspathTransform: E:\My Projects\EchoSift\frontend\build\path_provider_android\intermediates\runtime_library_classes_jar\debug\bundleLibRuntimeToJarDebug\classes.jar.
[        ] Running dexing transform non-incrementally for 'E:\My Projects\EchoSift\frontend\build\path_provider_android\intermediates\runtime_library_classes_jar\debug\bundleLibRuntimeToJarDebug\classes.jar'
[        ] DexingOutputSplitTransform (Thread[#167,Execution worker,5,main]) started.
[        ] > Transform classes.jar (project :permission_handler_android) with DexingNoClasspathTransform
[        ] Caching disabled for DexingNoClasspathTransform: E:\My Projects\EchoSift\frontend\build\permission_handler_android\intermediates\runtime_library_classes_jar\debug\bundleLibRuntimeToJarDebug\classes.jar because:
[        ]   Build cache is disabled
[        ] DexingNoClasspathTransform: E:\My Projects\EchoSift\frontend\build\permission_handler_android\intermediates\runtime_library_classes_jar\debug\bundleLibRuntimeToJarDebug\classes.jar is not up-to-date because:
[        ]   No history is available.
[        ] The input changes require a full rebuild for incremental DexingNoClasspathTransform: E:\My Projects\EchoSift\frontend\build\permission_handler_android\intermediates\runtime_library_classes_jar\debug\bundleLibRuntimeToJarDebug\classes.jar.
[        ] Running dexing transform non-incrementally for 'E:\My Projects\EchoSift\frontend\build\permission_handler_android\intermediates\runtime_library_classes_jar\debug\bundleLibRuntimeToJarDebug\classes.jar'
[        ] DexingOutputSplitTransform (Thread[#170,Execution worker Thread 4,5,main]) started.
[        ] > Transform classes.jar (project :path_provider_android) with DexingOutputSplitTransform
[        ] Caching disabled for DexingOutputSplitTransform: E:\My Projects\EchoSift\frontend\build\path_provider_android\.transforms\035989482d59429d84a5236130d51a72\transformed\classes because:
[        ]   Build cache is disabled
[        ]   Caching not enabled.
[        ] > Transform classes.jar (project :permission_handler_android) with DexingOutputSplitTransform
[        ] Caching disabled for DexingOutputSplitTransform: E:\My Projects\EchoSift\frontend\build\permission_handler_android\.transforms\7ab12e660d6bb482ecf36adced34b295\transformed\classes because:
[        ]   Build cache is disabled
[        ]   Caching not enabled.
[        ] > Task :record_android:compileDebugKotlin
[        ] i: starting the daemon as: E:\Android Studio\jbr\bin\java -cp C:\Users\Volted User\.gradle\caches\modules-2\files-2.1\org.jetbrains.kotlin\kotlin-compiler-embeddable\2.2.20\bb8331b7585e36ea311825b01a1c06860c055fd1\kotlin-compiler-embeddable-2.2.20.jar;C:\Users\Volted User\.gradle\caches\modules-2\files-2.1\org.jetbrains.kotlin\kotlin-stdlib\2.2.20\5380b19fa1924399b62ce3a1faffebb2b4f82272\kotlin-stdlib-2.2.20.jar;C:\Users\Volted User\.gradle\caches\modules-2\files-2.1\org.jetbrains.kotlin\kotlin-script-runtime\2.2.20\4c679cbeac0bb583b75c3a080013da8eaf240807\kotlin-script-runtime-2.2.20.jar;C:\Users\Volted User\.gradle\caches\modules-2\files-2.1\org.jetbrains.kotlin\kotlin-reflect\1.6.10\1cbe9c92c12a94eea200d23c2bbaedaf3daf5132\kotlin-reflect-1.6.10.jar;C:\Users\Volted User\.gradle\caches\modules-2\files-2.1\org.jetbrains.kotlin\kotlin-daemon-embeddable\2.2.20\feff12d48d7f1eb628742b0a721395e16f8755bf\kotlin-daemon-embeddable-2.2.20.jar;C:\Users\Volted User\.gradle\caches\modules-2\files-2.1\org.jetbrains.kotlinx\kotlinx-coroutines-core-jvm\1.8.0\ac1dc37a30a93150b704022f8d895ee1bd3a36b3\kotlinx-coroutines-core-jvm-1.8.0.jar;C:\Users\Volted User\.gradle\caches\modules-2\files-2.1\org.jetbrains\annotations\13.0\919f0dfe192fb4e063e7dacadee7f8bb9a2672a9\annotations-13.0.jar -Djava.awt.headless=true -Djava.rmi.server.hostname=127.0.0.1 -Xmx8G -XX:MaxMetaspaceSize=4G -XX:ReservedCodeCacheSize=512m -Dkotlin.environment.keepalive -ea -XX:+UseCodeCacheFlushing -XX:+UseParallelGC -Dkotlin.daemon.initiator.marker.file=C:\Users\VOLTED~1\AppData\Local\Temp\kotlin-compiler-in-android-11185035292231518156.alive --add-exports java.base/sun.nio.ch=ALL-UNNAMED org.jetbrains.kotlin.daemon.KotlinCompileDaemon --daemon-runFilesPath C:\Users\Volted User\AppData\Local\kotlin\daemon --daemon-autoshutdownIdleSeconds=7200 --daemon-compilerClasspath C:\Users\Volted User\.gradle\caches\modules-2\files-2.1\org.jetbrains.kotlin\kotlin-compiler-embeddable\2.2.20\bb8331b7585e36ea311825b01a1c06860c055fd1\kotlin-compiler-embeddable-2.2.20.jar;C:\Users\Volted User\.gradle\caches\modules-2\files-2.1\org.jetbrains.kotlin\kotlin-stdlib\2.2.20\5380b19fa1924399b62ce3a1faffebb2b4f82272\kotlin-stdlib-2.2.20.jar;C:\Users\Volted User\.gradle\caches\modules-2\files-2.1\org.jetbrains.kotlin\kotlin-script-runtime\2.2.20\4c679cbeac0bb583b75c3a080013da8eaf240807\kotlin-script-runtime-2.2.20.jar;C:\Users\Volted User\.gradle\caches\modules-2\files-2.1\org.jetbrains.kotlin\kotlin-reflect\1.6.10\1cbe9c92c12a94eea200d23c2bbaedaf3daf5132\kotlin-reflect-1.6.10.jar;C:\Users\Volted User\.gradle\caches\modules-2\files-2.1\org.jetbrains.kotlin\kotlin-daemon-embeddable\2.2.20\feff12d48d7f1eb628742b0a721395e16f8755bf\kotlin-daemon-embeddable-2.2.20.jar;C:\Users\Volted User\.gradle\caches\modules-2\files-2.1\org.jetbrains.kotlinx\kotlinx-coroutines-core-jvm\1.8.0\ac1dc37a30a93150b704022f8d895ee1bd3a36b3\kotlinx-coroutines-core-jvm-1.8.0.jar;C:\Users\Volted User\.gradle\caches\modules-2\files-2.1\org.jetbrains\annotations\13.0\919f0dfe192fb4e063e7dacadee7f8bb9a2672a9\annotations-13.0.jar
[        ] i: #1 retrying connecting to the daemon 
[        ] Options for KOTLIN DAEMON: IncrementalCompilationOptions(super=CompilationOptions(compilerMode=INCREMENTAL_COMPILER, targetPlatform=JVM, reportCategories=[0, 3], reportSeverity=2, requestedCompilationResults=[0], kotlinScriptExtensions=[]), sourceChanges=org.jetbrains.kotlin.buildtools.api.SourcesChanges$Unknown@7b605151, classpathChanges=NotAvailableForNonIncrementalRun, workingDir=E:\My Projects\EchoSift\frontend\build\record_android\kotlin\compileDebugKotlin\cacheable, multiModuleICSettings=MultiModuleICSettings(buildHistoryFile=E:\My Projects\EchoSift\frontend\build\record_android\kotlin\compileDebugKotlin\local-state\build-history.bin, useModuleDetection=true), icFeatures=IncrementalCompilationFeatures(usePreciseJavaTracking=true, withAbiSnapshot=false, preciseCompilationResultsBackup=true, keepIncrementalCompilationCachesInMemory=true, enableUnsafeIncrementalCompilationForMultiplatform=false, enableMonotonousIncrementalCompileSetExpansion=true), outputFiles=[E:\My Projects\EchoSift\frontend\build\record_android\tmp\kotlin-classes\debug, E:\My Projects\EchoSift\frontend\build\record_android\kotlin\compileDebugKotlin\cacheable, E:\My Projects\EchoSift\frontend\build\record_android\kotlin\compileDebugKotlin\local-state])
[+20383 ms] w: file:///C:/Users/Volted%20User/AppData/Local/Pub/Cache/hosted/pub.dev/record_android-1.5.0/android/src/main/kotlin/com/llfbandit/record/record/format/Format.kt:121:21 Only safe (?.) or non-null asserted (!!.) calls are allowed on a nullable receiver of type 'MediaCodecInfo.AudioCapabilities?'.
[   +5 ms] w: file:///C:/Users/Volted%20User/AppData/Local/Pub/Cache/hosted/pub.dev/record_android-1.5.0/android/src/main/kotlin/com/llfbandit/record/record/format/Format.kt:123:11 Only safe (?.) or non-null asserted (!!.) calls are allowed on a nullable receiver of type 'MediaCodecInfo.AudioCapabilities?'.
[   +2 ms] w: file:///C:/Users/Volted%20User/AppData/Local/Pub/Cache/hosted/pub.dev/record_android-1.5.0/android/src/main/kotlin/com/llfbandit/record/record/format/Format.kt:127:13 Only safe (?.) or non-null asserted (!!.) calls are allowed on a nullable receiver of type 'MediaCodecInfo.AudioCapabilities?'.
[   +1 ms] w: file:///C:/Users/Volted%20User/AppData/Local/Pub/Cache/hosted/pub.dev/record_android-1.5.0/android/src/main/kotlin/com/llfbandit/record/record/format/Format.kt:135:25 Only safe (?.) or non-null asserted (!!.) calls are allowed on a nullable receiver of type 'MediaCodecInfo.AudioCapabilities?'.
[   +1 ms] Failed to compile with Kotlin daemon: java.lang.Exception
[        ] 	at org.jetbrains.kotlin.daemon.common.CompileService$CallResult$Error.get(CompileService.kt:69)
[        ] 	at org.jetbrains.kotlin.daemon.common.CompileService$CallResult$Error.get(CompileService.kt:65)
[        ] 	at org.jetbrains.kotlin.compilerRunner.GradleKotlinCompilerWork.compileWithDaemon(GradleKotlinCompilerWork.kt:240)
[        ] 	at org.jetbrains.kotlin.compilerRunner.GradleKotlinCompilerWork.compileWithDaemonOrFallbackImpl(GradleKotlinCompilerWork.kt:159)
[        ] 	at org.jetbrains.kotlin.compilerRunner.GradleKotlinCompilerWork.run(GradleKotlinCompilerWork.kt:111)
[        ] 	at org.jetbrains.kotlin.compilerRunner.GradleCompilerRunnerWithWorkers$GradleKotlinCompilerWorkAction.execute(GradleCompilerRunnerWithWorkers.kt:74)
[        ] 	at org.gradle.workers.internal.DefaultWorkerServer.execute(DefaultWorkerServer.java:63)
[        ] 	at org.gradle.workers.internal.NoIsolationWorkerFactory$1$1.create(NoIsolationWorkerFactory.java:66)
[        ] 	at org.gradle.workers.internal.NoIsolationWorkerFactory$1$1.create(NoIsolationWorkerFactory.java:62)
[        ] 	at org.gradle.internal.classloader.ClassLoaderUtils.executeInClassloader(ClassLoaderUtils.java:100)
[        ] 	at org.gradle.workers.internal.NoIsolationWorkerFactory$1.lambda$execute$0(NoIsolationWorkerFactory.java:62)
[        ] 	at org.gradle.workers.internal.AbstractWorker$1.call(AbstractWorker.java:44)
[        ] 	at org.gradle.workers.internal.AbstractWorker$1.call(AbstractWorker.java:41)
[        ] 	at org.gradle.internal.operations.DefaultBuildOperationRunner$CallableBuildOperationWorker.execute(DefaultBuildOperationRunner.java:210)
[        ] 	at org.gradle.internal.operations.DefaultBuildOperationRunner$CallableBuildOperationWorker.execute(DefaultBuildOperationRunner.java:205)
[        ] 	at org.gradle.internal.operations.DefaultBuildOperationRunner$2.execute(DefaultBuildOperationRunner.java:67)
[        ] 	at org.gradle.internal.operations.DefaultBuildOperationRunner$2.execute(DefaultBuildOperationRunner.java:60)
[        ] 	at org.gradle.internal.operations.DefaultBuildOperationRunner.execute(DefaultBuildOperationRunner.java:167)
[        ] 	at org.gradle.internal.operations.DefaultBuildOperationRunner.execute(DefaultBuildOperationRunner.java:60)
[        ] 	at org.gradle.internal.operations.DefaultBuildOperationRunner.call(DefaultBuildOperationRunner.java:54)
[        ] 	at org.gradle.workers.internal.AbstractWorker.executeWrappedInBuildOperation(AbstractWorker.java:41)
[        ] 	at org.gradle.workers.internal.NoIsolationWorkerFactory$1.execute(NoIsolationWorkerFactory.java:59)
[        ] 	at org.gradle.workers.internal.DefaultWorkerExecutor.lambda$submitWork$0(DefaultWorkerExecutor.java:174)
[        ] 	at java.base/java.util.concurrent.FutureTask.run(Unknown Source)
[        ] 	at org.gradle.internal.work.DefaultConditionalExecutionQueue$ExecutionRunner.runExecution(DefaultConditionalExecutionQueue.java:194)
[        ] 	at org.gradle.internal.work.DefaultConditionalExecutionQueue$ExecutionRunner.access$700(DefaultConditionalExecutionQueue.java:127)
[        ] 	at org.gradle.internal.work.DefaultConditionalExecutionQueue$ExecutionRunner$1.run(DefaultConditionalExecutionQueue.java:169)
[        ] 	at org.gradle.internal.Factories$1.create(Factories.java:31)
[        ] 	at org.gradle.internal.work.DefaultWorkerLeaseService.withLocks(DefaultWorkerLeaseService.java:263)
[        ] 	at org.gradle.internal.work.DefaultWorkerLeaseService.runAsWorkerThread(DefaultWorkerLeaseService.java:127)
[        ] 	at org.gradle.internal.work.DefaultWorkerLeaseService.runAsWorkerThread(DefaultWorkerLeaseService.java:132)
[        ] 	at org.gradle.internal.work.DefaultConditionalExecutionQueue$ExecutionRunner.runBatch(DefaultConditionalExecutionQueue.java:164)
[        ] 	at org.gradle.internal.work.DefaultConditionalExecutionQueue$ExecutionRunner.run(DefaultConditionalExecutionQueue.java:133)
[        ] 	at java.base/java.util.concurrent.Executors$RunnableAdapter.call(Unknown Source)
[        ] 	at java.base/java.util.concurrent.FutureTask.run(Unknown Source)
[        ] 	at org.gradle.internal.concurrent.ExecutorPolicy$CatchAndRecordFailures.onExecute(ExecutorPolicy.java:64)
[        ] 	at org.gradle.internal.concurrent.AbstractManagedExecutor$1.run(AbstractManagedExecutor.java:48)
[        ] 	at java.base/java.util.concurrent.ThreadPoolExecutor.runWorker(Unknown Source)
[        ] 	at java.base/java.util.concurrent.ThreadPoolExecutor$Worker.run(Unknown Source)
[        ] 	at java.base/java.lang.Thread.run(Unknown Source)
[        ] Caused by: java.lang.AssertionError: java.lang.Exception: Could not close incremental caches in E:\My Projects\EchoSift\frontend\build\record_android\kotlin\compileDebugKotlin\cacheable\caches-jvm\jvm\kotlin: class-fq-name-to-source.tab, source-to-classes.tab, internal-name-to-source.tab
[        ] 	at org.jetbrains.kotlin.com.google.common.io.Closer.close(Closer.java:218)
[        ] 	at org.jetbrains.kotlin.incremental.IncrementalCachesManager.close(IncrementalCachesManager.kt:55)
[        ] 	at kotlin.io.CloseableKt.closeFinally(Closeable.kt:46)
[        ] 	at org.jetbrains.kotlin.incremental.IncrementalCompilerRunner.compileNonIncrementally(IncrementalCompilerRunner.kt:293)
[        ] 	at org.jetbrains.kotlin.incremental.IncrementalCompilerRunner.compile(IncrementalCompilerRunner.kt:128)
[        ] 	at org.jetbrains.kotlin.daemon.CompileServiceImplBase.execIncrementalCompiler(CompileServiceImpl.kt:684)
[        ] 	at org.jetbrains.kotlin.daemon.CompileServiceImplBase.access$execIncrementalCompiler(CompileServiceImpl.kt:94)
[        ] 	at org.jetbrains.kotlin.daemon.CompileServiceImpl.compile(CompileServiceImpl.kt:1810)
[        ] 	at java.base/jdk.internal.reflect.DirectMethodHandleAccessor.invoke(Unknown Source)
[        ] 	at java.base/java.lang.reflect.Method.invoke(Unknown Source)
[        ] 	at java.rmi/sun.rmi.server.UnicastServerRef.dispatch(Unknown Source)
[        ] 	at java.rmi/sun.rmi.transport.Transport$1.run(Unknown Source)
[        ] 	at java.rmi/sun.rmi.transport.Transport$1.run(Unknown Source)
[        ] 	at java.base/java.security.AccessController.doPrivileged(Unknown Source)
[        ] 	at java.rmi/sun.rmi.transport.Transport.serviceCall(Unknown Source)
[        ] 	at java.rmi/sun.rmi.transport.tcp.TCPTransport.handleMessages(Unknown Source)
[        ] 	at java.rmi/sun.rmi.transport.tcp.TCPTransport$ConnectionHandler.run0(Unknown Source)
[        ] 	at java.rmi/sun.rmi.transport.tcp.TCPTransport$ConnectionHandler.lambda$run$0(Unknown Source)
[        ] 	at java.base/java.security.AccessController.doPrivileged(Unknown Source)
[        ] 	at java.rmi/sun.rmi.transport.tcp.TCPTransport$ConnectionHandler.run(Unknown Source)
[        ] 	... 3 more
[        ] Caused by: java.lang.Exception: Could not close incremental caches in E:\My Projects\EchoSift\frontend\build\record_android\kotlin\compileDebugKotlin\cacheable\caches-jvm\jvm\kotlin: class-fq-name-to-source.tab, source-to-classes.tab, internal-name-to-source.tab
[        ] 	at org.jetbrains.kotlin.incremental.storage.BasicMapsOwner.forEachMapSafe(BasicMapsOwner.kt:95)
[        ] 	at org.jetbrains.kotlin.incremental.storage.BasicMapsOwner.close(BasicMapsOwner.kt:53)
[        ] 	at org.jetbrains.kotlin.com.google.common.io.Closer.close(Closer.java:205)
[        ] 	... 22 more
[        ] 	Suppressed: java.lang.IllegalArgumentException: this and base files have different roots: C:\Users\Volted User\AppData\Local\Pub\Cache\hosted\pub.dev\record_android-1.5.0\android\src\main\kotlin\com\llfbandit\record\RecordPlugin.kt and E:\My Projects\EchoSift\frontend\android.
[        ] 		at kotlin.io.FilesKt__UtilsKt.toRelativeString(Utils.kt:117)
[        ] 		at kotlin.io.FilesKt__UtilsKt.relativeTo(Utils.kt:128)
[        ] 		at org.jetbrains.kotlin.incremental.storage.RelocatableFileToPathConverter.toPath(RelocatableFileToPathConverter.kt:24)
[        ] 		at org.jetbrains.kotlin.incremental.storage.FileDescriptor.save(FileToPathConverter.kt:33)
[        ] 		at org.jetbrains.kotlin.incremental.storage.FileDescriptor.save(FileToPathConverter.kt:30)
[        ] 		at org.jetbrains.kotlin.com.intellij.util.io.PersistentMapImpl.doPut(PersistentMapImpl.java:447)
[        ] 		at org.jetbrains.kotlin.com.intellij.util.io.PersistentMapImpl.put(PersistentMapImpl.java:426)
[        ] 		at org.jetbrains.kotlin.com.intellij.util.io.PersistentHashMap.put(PersistentHashMap.java:106)
[        ] 		at org.jetbrains.kotlin.incremental.storage.LazyStorage.set(LazyStorage.kt:80)
[        ] 		at org.jetbrains.kotlin.incremental.storage.InMemoryStorage.applyChanges(InMemoryStorage.kt:108)
[        ] 		at org.jetbrains.kotlin.incremental.storage.InMemoryStorage.close(InMemoryStorage.kt:136)
[        ] 		at org.jetbrains.kotlin.incremental.storage.PersistentStorageWrapper.close(PersistentStorage.kt:124)
[        ] 		at org.jetbrains.kotlin.incremental.storage.BasicMapsOwner$close$1.invoke(BasicMapsOwner.kt:53)
[        ] 		at org.jetbrains.kotlin.incremental.storage.BasicMapsOwner$close$1.invoke(BasicMapsOwner.kt:53)
[        ] 		at org.jetbrains.kotlin.incremental.storage.BasicMapsOwner.forEachMapSafe(BasicMapsOwner.kt:87)
[        ] 		... 24 more
[  +12 ms] 	Suppressed: java.lang.IllegalArgumentException: this and base files have different roots: C:\Users\Volted User\AppData\Local\Pub\Cache\hosted\pub.dev\record_android-1.5.0\android\src\main\kotlin\com\llfbandit\record\RecordPlugin.kt and E:\My Projects\EchoSift\frontend\android.
[        ] 		at kotlin.io.FilesKt__UtilsKt.toRelativeString(Utils.kt:117)
[        ] 		at kotlin.io.FilesKt__UtilsKt.relativeTo(Utils.kt:128)
[        ] 		at org.jetbrains.kotlin.incremental.storage.RelocatableFileToPathConverter.toPath(RelocatableFileToPathConverter.kt:24)
[        ] 		at org.jetbrains.kotlin.incremental.storage.FileDescriptor.getHashCode(FileToPathConverter.kt:50)
[        ] 		at org.jetbrains.kotlin.incremental.storage.FileDescriptor.getHashCode(FileToPathConverter.kt:30)
[        ] 		at org.jetbrains.kotlin.com.intellij.util.containers.LinkedCustomHashMap.hashKey(LinkedCustomHashMap.java:109)
[        ] 		at org.jetbrains.kotlin.com.intellij.util.containers.LinkedCustomHashMap.remove(LinkedCustomHashMap.java:153)
[        ] 		at org.jetbrains.kotlin.com.intellij.util.containers.SLRUMap.remove(SLRUMap.java:89)
[        ] 		at org.jetbrains.kotlin.com.intellij.util.io.PersistentMapImpl.flushAppendCache(PersistentMapImpl.java:1007)
[        ] 		at org.jetbrains.kotlin.com.intellij.util.io.PersistentMapImpl.doPut(PersistentMapImpl.java:455)
[        ] 		at org.jetbrains.kotlin.com.intellij.util.io.PersistentMapImpl.put(PersistentMapImpl.java:426)
[        ] 		at org.jetbrains.kotlin.com.intellij.util.io.PersistentHashMap.put(PersistentHashMap.java:106)
[        ] 		at org.jetbrains.kotlin.incremental.storage.LazyStorage.set(LazyStorage.kt:80)
[        ] 		at org.jetbrains.kotlin.incremental.storage.InMemoryStorage.applyChanges(InMemoryStorage.kt:108)
[        ] 		at org.jetbrains.kotlin.incremental.storage.AppendableInMemoryStorage.applyChanges(InMemoryStorage.kt:179)
[        ] 		at org.jetbrains.kotlin.incremental.storage.InMemoryStorage.close(InMemoryStorage.kt:136)
[        ] 		at org.jetbrains.kotlin.incremental.storage.AppendableSetBasicMap.close(BasicMap.kt:157)
[        ] 		at org.jetbrains.kotlin.incremental.storage.BasicMapsOwner$close$1.invoke(BasicMapsOwner.kt:53)
[        ] 		at org.jetbrains.kotlin.incremental.storage.BasicMapsOwner$close$1.invoke(BasicMapsOwner.kt:53)
[        ] 		at org.jetbrains.kotlin.incremental.storage.BasicMapsOwner.forEachMapSafe(BasicMapsOwner.kt:87)
[        ] 		... 24 more
[        ] 	Suppressed: java.lang.IllegalArgumentException: this and base files have different roots: C:\Users\Volted User\AppData\Local\Pub\Cache\hosted\pub.dev\record_android-1.5.0\android\src\main\kotlin\com\llfbandit\record\RecordPlugin.kt and E:\My Projects\EchoSift\frontend\android.
[        ] 		at kotlin.io.FilesKt__UtilsKt.toRelativeString(Utils.kt:117)
[        ] 		at kotlin.io.FilesKt__UtilsKt.relativeTo(Utils.kt:128)
[        ] 		at org.jetbrains.kotlin.incremental.storage.RelocatableFileToPathConverter.toPath(RelocatableFileToPathConverter.kt:24)
[        ] 		at org.jetbrains.kotlin.incremental.storage.FileDescriptor.save(FileToPathConverter.kt:33)
[        ] 		at org.jetbrains.kotlin.incremental.storage.FileDescriptor.save(FileToPathConverter.kt:30)
[        ] 		at org.jetbrains.kotlin.incremental.storage.AppendableCollectionExternalizer.save(LazyStorage.kt:151)
[        ] 		at org.jetbrains.kotlin.incremental.storage.AppendableCollectionExternalizer.save(LazyStorage.kt:142)
[        ] 		at org.jetbrains.kotlin.com.intellij.util.io.PersistentMapImpl.doPut(PersistentMapImpl.java:447)
[        ] 		at org.jetbrains.kotlin.com.intellij.util.io.PersistentMapImpl.put(PersistentMapImpl.java:426)
[        ] 		at org.jetbrains.kotlin.com.intellij.util.io.PersistentHashMap.put(PersistentHashMap.java:106)
[        ] 		at org.jetbrains.kotlin.incremental.storage.LazyStorage.set(LazyStorage.kt:80)
[        ] 		at org.jetbrains.kotlin.incremental.storage.InMemoryStorage.applyChanges(InMemoryStorage.kt:108)
[        ] 		at org.jetbrains.kotlin.incremental.storage.AppendableInMemoryStorage.applyChanges(InMemoryStorage.kt:179)
[        ] 		at org.jetbrains.kotlin.incremental.storage.InMemoryStorage.close(InMemoryStorage.kt:136)
[        ] 		at org.jetbrains.kotlin.incremental.storage.PersistentStorageWrapper.close(PersistentStorage.kt:124)
[        ] 		at org.jetbrains.kotlin.incremental.storage.BasicMapsOwner$close$1.invoke(BasicMapsOwner.kt:53)
[        ] 		at org.jetbrains.kotlin.incremental.storage.BasicMapsOwner$close$1.invoke(BasicMapsOwner.kt:53)
[        ] 		at org.jetbrains.kotlin.incremental.storage.BasicMapsOwner.forEachMapSafe(BasicMapsOwner.kt:87)
[        ] 		... 24 more
[        ] 	Suppressed: java.lang.Exception: Could not close incremental caches in E:\My Projects\EchoSift\frontend\build\record_android\kotlin\compileDebugKotlin\cacheable\caches-jvm\lookups: id-to-file.tab, file-to-id.tab
[        ] 		at org.jetbrains.kotlin.incremental.storage.BasicMapsOwner.forEachMapSafe(BasicMapsOwner.kt:95)
[        ] 		at org.jetbrains.kotlin.incremental.storage.BasicMapsOwner.close(BasicMapsOwner.kt:53)
[        ] 		at org.jetbrains.kotlin.incremental.LookupStorage.close(LookupStorage.kt:155)
[        ] 		... 23 more
[        ] 		Suppressed: java.lang.IllegalArgumentException: this and base files have different roots: C:\Users\Volted User\AppData\Local\Pub\Cache\hosted\pub.dev\record_android-1.5.0\android\src\main\kotlin\com\llfbandit\record\RecordPlugin.kt and E:\My Projects\EchoSift\frontend\android.
[        ] 			at kotlin.io.FilesKt__UtilsKt.toRelativeString(Utils.kt:117)
[        ] 			at kotlin.io.FilesKt__UtilsKt.relativeTo(Utils.kt:128)
[        ] 			at org.jetbrains.kotlin.incremental.storage.RelocatableFileToPathConverter.toPath(RelocatableFileToPathConverter.kt:24)
[        ] 			at org.jetbrains.kotlin.incremental.storage.LegacyFileExternalizer.save(IdToFileMap.kt:51)
[        ] 			at org.jetbrains.kotlin.incremental.storage.LegacyFileExternalizer.save(IdToFileMap.kt:48)
[        ] 			at org.jetbrains.kotlin.com.intellij.util.io.PersistentMapImpl.doPut(PersistentMapImpl.java:447)
[        ] 			at org.jetbrains.kotlin.com.intellij.util.io.PersistentMapImpl.put(PersistentMapImpl.java:426)
[        ] 			at org.jetbrains.kotlin.com.intellij.util.io.PersistentHashMap.put(PersistentHashMap.java:106)
[        ] 			at org.jetbrains.kotlin.incremental.storage.LazyStorage.set(LazyStorage.kt:80)
[        ] 			at org.jetbrains.kotlin.incremental.storage.InMemoryStorage.applyChanges(InMemoryStorage.kt:108)
[        ] 			at org.jetbrains.kotlin.incremental.storage.InMemoryStorage.close(InMemoryStorage.kt:136)
[        ] 			at org.jetbrains.kotlin.incremental.storage.PersistentStorageWrapper.close(PersistentStorage.kt:124)
[        ] 			at org.jetbrains.kotlin.incremental.storage.BasicMapsOwner$close$1.invoke(BasicMapsOwner.kt:53)
[        ] 			at org.jetbrains.kotlin.incremental.storage.BasicMapsOwner$close$1.invoke(BasicMapsOwner.kt:53)
[        ] 			at org.jetbrains.kotlin.incremental.storage.BasicMapsOwner.forEachMapSafe(BasicMapsOwner.kt:87)
[        ] 			... 25 more
[        ] 		Suppressed: java.lang.IllegalArgumentException: this and base files have different roots: C:\Users\Volted User\AppData\Local\Pub\Cache\hosted\pub.dev\record_android-1.5.0\android\src\main\kotlin\com\llfbandit\record\RecordPlugin.kt and E:\My Projects\EchoSift\frontend\android.
[        ] 			at kotlin.io.FilesKt__UtilsKt.toRelativeString(Utils.kt:117)
[        ] 			at kotlin.io.FilesKt__UtilsKt.relativeTo(Utils.kt:128)
[        ] 			at org.jetbrains.kotlin.incremental.storage.RelocatableFileToPathConverter.toPath(RelocatableFileToPathConverter.kt:24)
[        ] 			at org.jetbrains.kotlin.incremental.storage.FileDescriptor.getHashCode(FileToPathConverter.kt:50)
[        ] 			at org.jetbrains.kotlin.incremental.storage.FileDescriptor.getHashCode(FileToPathConverter.kt:30)
[        ] 			at org.jetbrains.kotlin.com.intellij.util.containers.LinkedCustomHashMap.hashKey(LinkedCustomHashMap.java:109)
[        ] 			at org.jetbrains.kotlin.com.intellij.util.containers.LinkedCustomHashMap.remove(LinkedCustomHashMap.java:153)
[        ] 			at org.jetbrains.kotlin.com.intellij.util.containers.SLRUMap.remove(SLRUMap.java:89)
[        ] 			at org.jetbrains.kotlin.com.intellij.util.io.PersistentMapImpl.flushAppendCache(PersistentMapImpl.java:1007)
[        ] 			at org.jetbrains.kotlin.com.intellij.util.io.PersistentMapImpl.doPut(PersistentMapImpl.java:455)
[        ] 			at org.jetbrains.kotlin.com.intellij.util.io.PersistentMapImpl.put(PersistentMapImpl.java:426)
[        ] 			at org.jetbrains.kotlin.com.intellij.util.io.PersistentHashMap.put(PersistentHashMap.java:106)
[        ] 			at org.jetbrains.kotlin.incremental.storage.LazyStorage.set(LazyStorage.kt:80)
[        ] 			at org.jetbrains.kotlin.incremental.storage.InMemoryStorage.applyChanges(InMemoryStorage.kt:108)
[        ] 			at org.jetbrains.kotlin.incremental.storage.InMemoryStorage.close(InMemoryStorage.kt:136)
[        ] 			at org.jetbrains.kotlin.incremental.storage.PersistentStorageWrapper.close(PersistentStorage.kt:124)
[        ] 			at org.jetbrains.kotlin.incremental.storage.BasicMapsOwner$close$1.invoke(BasicMapsOwner.kt:53)
[        ] 			at org.jetbrains.kotlin.incremental.storage.BasicMapsOwner$close$1.invoke(BasicMapsOwner.kt:53)
[        ] 			at org.jetbrains.kotlin.incremental.storage.BasicMapsOwner.forEachMapSafe(BasicMapsOwner.kt:87)
[        ] 			... 25 more
[        ] 	Suppressed: java.lang.Exception: Could not close incremental caches in E:\My Projects\EchoSift\frontend\build\record_android\kotlin\compileDebugKotlin\cacheable\caches-jvm\inputs: source-to-output.tab
[        ] 		... 25 more
[        ] 		Suppressed: java.lang.IllegalArgumentException: this and base files have different roots: C:\Users\Volted User\AppData\Local\Pub\Cache\hosted\pub.dev\record_android-1.5.0\android\src\main\kotlin\com\llfbandit\record\RecordPlugin.kt and E:\My Projects\EchoSift\frontend\android.
[        ] 			at kotlin.io.FilesKt__UtilsKt.toRelativeString(Utils.kt:117)
[        ] 			at kotlin.io.FilesKt__UtilsKt.relativeTo(Utils.kt:128)
[        ] 			at org.jetbrains.kotlin.incremental.storage.RelocatableFileToPathConverter.toPath(RelocatableFileToPathConverter.kt:24)
[        ] 			at org.jetbrains.kotlin.incremental.storage.FileDescriptor.getHashCode(FileToPathConverter.kt:50)
[        ] 			at org.jetbrains.kotlin.incremental.storage.FileDescriptor.getHashCode(FileToPathConverter.kt:30)
[        ] 			at org.jetbrains.kotlin.com.intellij.util.containers.LinkedCustomHashMap.hashKey(LinkedCustomHashMap.java:109)
[        ] 			at org.jetbrains.kotlin.com.intellij.util.containers.LinkedCustomHashMap.remove(LinkedCustomHashMap.java:153)
[        ] 			at org.jetbrains.kotlin.com.intellij.util.containers.SLRUMap.remove(SLRUMap.java:89)
[        ] 			at org.jetbrains.kotlin.com.intellij.util.io.PersistentMapImpl.flushAppendCache(PersistentMapImpl.java:1007)
[        ] 			at org.jetbrains.kotlin.com.intellij.util.io.PersistentMapImpl.doPut(PersistentMapImpl.java:455)
[        ] 			at org.jetbrains.kotlin.com.intellij.util.io.PersistentMapImpl.put(PersistentMapImpl.java:426)
[        ] 			at org.jetbrains.kotlin.com.intellij.util.io.PersistentHashMap.put(PersistentHashMap.java:106)
[        ] 			at org.jetbrains.kotlin.incremental.storage.LazyStorage.set(LazyStorage.kt:80)
[        ] 			at org.jetbrains.kotlin.incremental.storage.InMemoryStorage.applyChanges(InMemoryStorage.kt:108)
[        ] 			at org.jetbrains.kotlin.incremental.storage.AppendableInMemoryStorage.applyChanges(InMemoryStorage.kt:179)
[        ] 			at org.jetbrains.kotlin.incremental.storage.InMemoryStorage.close(InMemoryStorage.kt:136)
[        ] 			at org.jetbrains.kotlin.incremental.storage.AppendableSetBasicMap.close(BasicMap.kt:157)
[        ] 			at org.jetbrains.kotlin.incremental.storage.BasicMapsOwner$close$1.invoke(BasicMapsOwner.kt:53)
[        ] 			at org.jetbrains.kotlin.incremental.storage.BasicMapsOwner$close$1.invoke(BasicMapsOwner.kt:53)
[        ] 			at org.jetbrains.kotlin.incremental.storage.BasicMapsOwner.forEachMapSafe(BasicMapsOwner.kt:87)
[        ] 			... 24 more
[        ] Using fallback strategy: Compile without Kotlin daemon
[        ] Try ./gradlew --stop if this issue persists
[        ] If it does not look related to your configuration, please file an issue with logs to https://kotl.in/issue
[+9139 ms] > Task :app:checkDebugDuplicateClasses
[   +1 ms] Caching disabled for EnumerateClassesTransform: C:\Users\Volted User\.gradle\caches\8.14\transforms\1c74151fd71685243323e3ed58eae076\transformed\window-1.2.0-runtime.jar because:
[   +1 ms]   Build cache is disabled
[        ] Caching disabled for AarToClassTransform: C:\Users\Volted User\.gradle\caches\modules-2\files-2.1\androidx.window\window-java\1.2.0\924d0a3ca93fac4acb32c6a972e9fa1e283f1f07\window-java-1.2.0.aar because:
[        ]   Build cache is disabled
[        ]   Caching not enabled.
[        ] Caching disabled for EnumerateClassesTransform: C:\Users\Volted User\.gradle\caches\8.14\transforms\38b8150e3705feeb0043ac3625a00f12\transformed\window-java-1.2.0-runtime.jar because:
[        ]   Build cache is disabled
[        ] Caching disabled for IdentityTransform: C:\Users\Volted User\.gradle\caches\modules-2\files-2.1\io.flutter\arm64_v8a_debug\1.0.0-587c18f873b8ab57330422bce09047420d9c7f42\53117dcbf65d610c00b2d5c529bf4e1b1db145be\arm64_v8a_debug-1.0.0-587c18f873b8ab57330422bce09047420d9c7f42.jar because:
[        ]   Build cache is disabled
[        ]   Caching not enabled.
[        ] Caching disabled for EnumerateClassesTransform: C:\Users\Volted User\.gradle\caches\modules-2\files-2.1\io.flutter\arm64_v8a_debug\1.0.0-587c18f873b8ab57330422bce09047420d9c7f42\53117dcbf65d610c00b2d5c529bf4e1b1db145be\arm64_v8a_debug-1.0.0-587c18f873b8ab57330422bce09047420d9c7f42.jar because:
[        ]   Build cache is disabled
[        ] Caching disabled for task ':app:checkDebugDuplicateClasses' because:
[        ]   Build cache is disabled
[        ]   Caching has been disabled for the task
[        ] Task ':app:checkDebugDuplicateClasses' is not up-to-date because:
[        ]   No history is available.
[ +108 ms] Resolve mutations for :path_provider_android:bundleLibRuntimeToDirDebug (Thread[#170,Execution worker Thread 4,5,main]) started.
[        ] :path_provider_android:bundleLibRuntimeToDirDebug (Thread[#170,Execution worker Thread 4,5,main]) started.
[  +90 ms] Resolve mutations for :app:mergeExtDexDebug (Thread[#168,Execution worker Thread 2,5,main]) started.
[        ] :app:mergeExtDexDebug (Thread[#168,Execution worker Thread 2,5,main]) started.
[ +130 ms] > Task :path_provider_android:bundleLibRuntimeToDirDebug
[        ] Caching disabled for task ':path_provider_android:bundleLibRuntimeToDirDebug' because:
[   +4 ms]   Build cache is disabled
[        ]   Simple merging task
[        ] Task ':path_provider_android:bundleLibRuntimeToDirDebug' is not up-to-date because:
[        ]   No history is available.
[        ] The input changes require a full rebuild for incremental task ':path_provider_android:bundleLibRuntimeToDirDebug'.
[+1878 ms] > Task :app:mergeExtDexDebug
[        ] Caching disabled for IdentityTransform: C:\Users\Volted User\.gradle\caches\8.14\transforms\1c74151fd71685243323e3ed58eae076\transformed\window-1.2.0-runtime.jar because:
[        ]   Build cache is disabled
[        ]   Caching not enabled.
[        ] Caching disabled for IdentityTransform: C:\Users\Volted User\.gradle\caches\8.14\transforms\7f91fbc98eb9dae1b101270c0d64a261\transformed\fragment-1.7.1-runtime.jar because:
[        ]   Build cache is disabled
[        ]   Caching not enabled.
[        ] Caching disabled for DexingNoClasspathTransform: C:\Users\Volted User\.gradle\caches\modules-2\files-2.1\io.flutter\flutter_embedding_debug\1.0.0-587c18f873b8ab57330422bce09047420d9c7f42\844d91eb6bd17f0200e9343d1c586a03616f706\flutter_embedding_debug-1.0.0-587c18f873b8ab57330422bce09047420d9c7f42.jar because:
[        ]   Build cache is disabled
[   +1 ms] Caching disabled for IdentityTransform: C:\Users\Volted User\.gradle\caches\8.14\transforms\38b8150e3705feeb0043ac3625a00f12\transformed\window-java-1.2.0-runtime.jar because:
[        ]   Build cache is disabled
[        ]   Caching not enabled.
[        ] Running dexing transform non-incrementally for 'C:\Users\Volted User\.gradle\caches\modules-2\files-2.1\io.flutter\flutter_embedding_debug\1.0.0-587c18f873b8ab57330422bce09047420d9c7f42\844d91eb6bd17f0200e9343d1c586a03616f706\flutter_embedding_debug-1.0.0-587c18f873b8ab57330422bce09047420d9c7f42.jar'
[        ] Caching disabled for DexingNoClasspathTransform: C:\Users\Volted User\.gradle\caches\8.14\transforms\38b8150e3705feeb0043ac3625a00f12\transformed\window-java-1.2.0-runtime.jar because:
[        ]   Build cache is disabled
[        ] Running dexing transform non-incrementally for 'C:\Users\Volted User\.gradle\caches\8.14\transforms\38b8150e3705feeb0043ac3625a00f12\transformed\window-java-1.2.0-runtime.jar'
[        ] Caching disabled for DexingNoClasspathTransform: C:\Users\Volted User\.gradle\caches\8.14\transforms\1c74151fd71685243323e3ed58eae076\transformed\window-1.2.0-runtime.jar because:
[        ]   Build cache is disabled
[   +7 ms] Running dexing transform non-incrementally for 'C:\Users\Volted User\.gradle\caches\8.14\transforms\1c74151fd71685243323e3ed58eae076\transformed\window-1.2.0-runtime.jar'
[        ] Caching disabled for DexingNoClasspathTransform: C:\Users\Volted User\.gradle\caches\8.14\transforms\7f91fbc98eb9dae1b101270c0d64a261\transformed\fragment-1.7.1-runtime.jar because:
[        ]   Build cache is disabled
[        ] Running dexing transform non-incrementally for 'C:\Users\Volted User\.gradle\caches\8.14\transforms\7f91fbc98eb9dae1b101270c0d64a261\transformed\fragment-1.7.1-runtime.jar'
[        ] Caching disabled for IdentityTransform: C:\Users\Volted User\.gradle\caches\8.14\transforms\6203b60e3dbb0a87a6d4d5c37b2e14fc\transformed\loader-1.0.0-runtime.jar because:
[        ]   Build cache is disabled
[        ]   Caching not enabled.
[        ] Caching disabled for DexingNoClasspathTransform: C:\Users\Volted User\.gradle\caches\8.14\transforms\6203b60e3dbb0a87a6d4d5c37b2e14fc\transformed\loader-1.0.0-runtime.jar because:
[        ]   Build cache is disabled
[        ] Running dexing transform non-incrementally for 'C:\Users\Volted User\.gradle\caches\8.14\transforms\6203b60e3dbb0a87a6d4d5c37b2e14fc\transformed\loader-1.0.0-runtime.jar'
[        ] Caching disabled for DexingOutputSplitTransform: C:\Users\Volted User\.gradle\caches\8.14\transforms\363b89c1a5d01411b38d5c99167f98ef\transformed\window-java-1.2.0-runtime because:
[        ]   Build cache is disabled
[        ]   Caching not enabled.
[        ] Caching disabled for IdentityTransform: C:\Users\Volted User\.gradle\caches\8.14\transforms\7bc591fe9c3b11b0622b0794e1d87f3c\transformed\viewpager-1.0.0-runtime.jar because:
[        ]   Build cache is disabled
[        ]   Caching not enabled.
[        ] Caching disabled for DexingNoClasspathTransform: C:\Users\Volted User\.gradle\caches\8.14\transforms\7bc591fe9c3b11b0622b0794e1d87f3c\transformed\viewpager-1.0.0-runtime.jar because:
[        ]   Build cache is disabled
[        ] Running dexing transform non-incrementally for 'C:\Users\Volted User\.gradle\caches\8.14\transforms\7bc591fe9c3b11b0622b0794e1d87f3c\transformed\viewpager-1.0.0-runtime.jar'
[ +588 ms] Caching disabled for DexingOutputSplitTransform: C:\Users\Volted User\.gradle\caches\8.14\transforms\16ef9c6a4414cc852240d42a6416233c\transformed\loader-1.0.0-runtime because:
[        ]   Build cache is disabled
[        ]   Caching not enabled.
[  +82 ms] Caching disabled for IdentityTransform: C:\Users\Volted User\.gradle\caches\8.14\transforms\c9b1541bb272584b0e2cafccd19b574a\transformed\lifecycle-livedata-core-ktx-2.7.0-runtime.jar because:
[   +1 ms]   Build cache is disabled
[   +1 ms]   Caching not enabled.
[ +124 ms] Caching disabled for DexingNoClasspathTransform: C:\Users\Volted User\.gradle\caches\8.14\transforms\c9b1541bb272584b0e2cafccd19b574a\transformed\lifecycle-livedata-core-ktx-2.7.0-runtime.jar because:
[   +1 ms]   Build cache is disabled
[   +1 ms] Running dexing transform non-incrementally for 'C:\Users\Volted User\.gradle\caches\8.14\transforms\c9b1541bb272584b0e2cafccd19b574a\transformed\lifecycle-livedata-core-ktx-2.7.0-runtime.jar'
[ +182 ms] Caching disabled for DexingOutputSplitTransform: C:\Users\Volted User\.gradle\caches\8.14\transforms\29dad8fab0f8097488c3f31542c1da20\transformed\lifecycle-livedata-core-ktx-2.7.0-runtime because:
[        ]   Build cache is disabled
[        ]   Caching not enabled.
[+1048 ms] Caching disabled for IdentityTransform: C:\Users\Volted User\.gradle\caches\8.14\transforms\623e431d83d2fa1df0d14b7ff6d8b79b\transformed\lifecycle-livedata-2.7.0-runtime.jar because:
[   +4 ms]   Build cache is disabled
[        ]   Caching not enabled.
[ +626 ms] Caching disabled for DexingNoClasspathTransform: C:\Users\Volted User\.gradle\caches\8.14\transforms\623e431d83d2fa1df0d14b7ff6d8b79b\transformed\lifecycle-livedata-2.7.0-runtime.jar because:
[        ]   Build cache is disabled
[  +99 ms] Running dexing transform non-incrementally for 'C:\Users\Volted User\.gradle\caches\8.14\transforms\623e431d83d2fa1df0d14b7ff6d8b79b\transformed\lifecycle-livedata-2.7.0-runtime.jar'
[+3935 ms] Caching disabled for DexingOutputSplitTransform: C:\Users\Volted User\.gradle\caches\8.14\transforms\6d176264c3b75d24ae05acafb1d772f1\transformed\lifecycle-livedata-2.7.0-runtime because:
[  +67 ms]   Build cache is disabled
[   +1 ms]   Caching not enabled.
[ +392 ms] INFO: D8: Stripped invalid locals information from 1 method.
[        ] INFO: C:\Users\Volted User\.gradle\caches\8.14\transforms\7bc591fe9c3b11b0622b0794e1d87f3c\transformed\viewpager-1.0.0-runtime.jar: D8: Methods with invalid locals information:
[        ]   void androidx.viewpager.widget.PagerTitleStrip.updateTextPositions(int, float, boolean)
[        ]   Information in locals-table is invalid with respect to the stack map table. Local refers to non-present stack map type for register: 37 with constraint INT.
[        ] INFO: D8: Some warnings are typically a sign of using an outdated Java toolchain. To fix, recompile the source with an updated toolchain.
[        ] Caching disabled for IdentityTransform: C:\Users\Volted User\.gradle\caches\8.14\transforms\3b15e0047d0530cdd6d057f6e9d9a371\transformed\lifecycle-viewmodel-2.7.0-runtime.jar because:
[        ]   Build cache is disabled
[        ]   Caching not enabled.
[        ] Caching disabled for DexingNoClasspathTransform: C:\Users\Volted User\.gradle\caches\8.14\transforms\3b15e0047d0530cdd6d057f6e9d9a371\transformed\lifecycle-viewmodel-2.7.0-runtime.jar because:
[        ]   Build cache is disabled
[        ] Running dexing transform non-incrementally for 'C:\Users\Volted User\.gradle\caches\8.14\transforms\3b15e0047d0530cdd6d057f6e9d9a371\transformed\lifecycle-viewmodel-2.7.0-runtime.jar'
[        ] Caching disabled for DexingOutputSplitTransform: C:\Users\Volted User\.gradle\caches\8.14\transforms\f3475db2ad241993497130bca23deb1a\transformed\viewpager-1.0.0-runtime because:
[        ]   Build cache is disabled
[        ]   Caching not enabled.
[ +864 ms] Caching disabled for DexingOutputSplitTransform: C:\Users\Volted User\.gradle\caches\8.14\transforms\f7c6336640cc52902e5b95cfada9565b\transformed\lifecycle-viewmodel-2.7.0-runtime because:
[        ]   Build cache is disabled
[        ]   Caching not enabled.
[ +164 ms] Caching disabled for IdentityTransform: C:\Users\Volted User\.gradle\caches\8.14\transforms\110465b5c40f1f1a065b8b4eca4908df\transformed\lifecycle-livedata-core-2.7.0-runtime.jar because:
[        ]   Build cache is disabled
[        ]   Caching not enabled.
[        ] Caching disabled for IdentityTransform: C:\Users\Volted User\.gradle\caches\8.14\transforms\3194d59d442fc58b1e7526ee13065dd5\transformed\lifecycle-viewmodel-savedstate-2.7.0-runtime.jar because:
[        ]   Build cache is disabled
[        ]   Caching not enabled.
[        ] Caching disabled for DexingNoClasspathTransform: C:\Users\Volted User\.gradle\caches\8.14\transforms\3194d59d442fc58b1e7526ee13065dd5\transformed\lifecycle-viewmodel-savedstate-2.7.0-runtime.jar because:
[        ]   Build cache is disabled
[        ] Running dexing transform non-incrementally for 'C:\Users\Volted User\.gradle\caches\8.14\transforms\3194d59d442fc58b1e7526ee13065dd5\transformed\lifecycle-viewmodel-savedstate-2.7.0-runtime.jar'
[        ] Caching disabled for DexingNoClasspathTransform: C:\Users\Volted User\.gradle\caches\8.14\transforms\110465b5c40f1f1a065b8b4eca4908df\transformed\lifecycle-livedata-core-2.7.0-runtime.jar because:
[        ]   Build cache is disabled
[        ] Running dexing transform non-incrementally for 'C:\Users\Volted User\.gradle\caches\8.14\transforms\110465b5c40f1f1a065b8b4eca4908df\transformed\lifecycle-livedata-core-2.7.0-runtime.jar'
[ +163 ms] Caching disabled for DexingOutputSplitTransform: C:\Users\Volted User\.gradle\caches\8.14\transforms\14f29a3a42e8ab03dbc9cb6c60ab11d5\transformed\window-1.2.0-runtime because:
[   +1 ms]   Build cache is disabled
[        ]   Caching not enabled.
[        ] Caching disabled for DexingOutputSplitTransform: C:\Users\Volted User\.gradle\caches\8.14\transforms\54b655e240720e498f405950b3d5891d\transformed\lifecycle-livedata-core-2.7.0-runtime because:
[        ]   Build cache is disabled
[        ]   Caching not enabled.
[        ] Caching disabled for IdentityTransform: C:\Users\Volted User\.gradle\caches\8.14\transforms\37d49a16f2f122e967ce6aa2aa4622f5\transformed\core-ktx-1.13.1-runtime.jar because:
[        ]   Build cache is disabled
[        ]   Caching not enabled.
[        ] Caching disabled for DexingNoClasspathTransform: C:\Users\Volted User\.gradle\caches\8.14\transforms\37d49a16f2f122e967ce6aa2aa4622f5\transformed\core-ktx-1.13.1-runtime.jar because:
[        ]   Build cache is disabled
[        ] Running dexing transform non-incrementally for 'C:\Users\Volted User\.gradle\caches\8.14\transforms\37d49a16f2f122e967ce6aa2aa4622f5\transformed\core-ktx-1.13.1-runtime.jar'
[ +477 ms] Caching disabled for IdentityTransform: C:\Users\Volted User\.gradle\caches\8.14\transforms\769f2772a3edd8e3dca1b50f410482f5\transformed\customview-1.0.0-runtime.jar because:
[        ]   Build cache is disabled
[        ]   Caching not enabled.
[ +248 ms] Caching disabled for DexingNoClasspathTransform: C:\Users\Volted User\.gradle\caches\8.14\transforms\769f2772a3edd8e3dca1b50f410482f5\transformed\customview-1.0.0-runtime.jar because:
[        ]   Build cache is disabled
[        ] Running dexing transform non-incrementally for 'C:\Users\Volted User\.gradle\caches\8.14\transforms\769f2772a3edd8e3dca1b50f410482f5\transformed\customview-1.0.0-runtime.jar'
[+3907 ms] Caching disabled for DexingOutputSplitTransform: C:\Users\Volted User\.gradle\caches\8.14\transforms\c58dce1c4a3497893ebfebf3185ec822\transformed\lifecycle-viewmodel-savedstate-2.7.0-runtime because:
[        ]   Build cache is disabled
[        ]   Caching not enabled.
[ +313 ms] Caching disabled for IdentityTransform: C:\Users\Volted User\.gradle\caches\8.14\transforms\92805240efca4a3152a00180f53bd1d1\transformed\core-1.13.1-runtime.jar because:
[        ]   Build cache is disabled
[        ]   Caching not enabled.
[        ] Caching disabled for DexingNoClasspathTransform: C:\Users\Volted User\.gradle\caches\8.14\transforms\92805240efca4a3152a00180f53bd1d1\transformed\core-1.13.1-runtime.jar because:
[        ]   Build cache is disabled
[        ] Running dexing transform non-incrementally for 'C:\Users\Volted User\.gradle\caches\8.14\transforms\92805240efca4a3152a00180f53bd1d1\transformed\core-1.13.1-runtime.jar'
[ +609 ms] Caching disabled for DexingOutputSplitTransform: C:\Users\Volted User\.gradle\caches\8.14\transforms\91b74a06fa8fa1068c906d0e2d40b848\transformed\customview-1.0.0-runtime because:
[        ]   Build cache is disabled
[        ]   Caching not enabled.
[ +422 ms] Caching disabled for DexingOutputSplitTransform: C:\Users\Volted User\.gradle\caches\8.14\transforms\f3da74049a0a50e2798ba159383b8b81\transformed\fragment-1.7.1-runtime because:
[        ]   Build cache is disabled
[        ]   Caching not enabled.
[ +405 ms] > Task :record_android:compileDebugKotlin
[        ] Finished executing kotlin compiler using OUT_OF_PROCESS strategy
[+1573 ms] > Task :app:mergeExtDexDebug
[   +3 ms] Caching disabled for IdentityTransform: C:\Users\Volted User\.gradle\caches\8.14\transforms\c2194d5b371b614c4dad59b243e97708\transformed\activity-1.8.1-runtime.jar because:
[        ]   Build cache is disabled
[   +1 ms]   Caching not enabled.
[        ] Caching disabled for DexingOutputSplitTransform: C:\Users\Volted User\.gradle\caches\8.14\transforms\87f177d1ecb68c7d75c71526418776e3\transformed\core-ktx-1.13.1-runtime because:
[        ]   Build cache is disabled
[        ]   Caching not enabled.
[        ] Caching disabled for DexingNoClasspathTransform: C:\Users\Volted User\.gradle\caches\8.14\transforms\c2194d5b371b614c4dad59b243e97708\transformed\activity-1.8.1-runtime.jar because:
[        ]   Build cache is disabled
[        ] Running dexing transform non-incrementally for 'C:\Users\Volted User\.gradle\caches\8.14\transforms\c2194d5b371b614c4dad59b243e97708\transformed\activity-1.8.1-runtime.jar'
[        ] Caching disabled for DexingOutputSplitTransform: C:\Users\Volted User\.gradle\caches\8.14\transforms\0f828c6f7895623dd9249db8be68b5c3\transformed\activity-1.8.1-runtime because:
[        ]   Build cache is disabled
[        ]   Caching not enabled.
[        ] Caching disabled for IdentityTransform: C:\Users\Volted User\.gradle\caches\8.14\transforms\278d25167ecaaa4fe52ac55583daa0cb\transformed\lifecycle-runtime-2.7.0-runtime.jar because:
[        ]   Build cache is disabled
[        ]   Caching not enabled.
[        ] Caching disabled for DexingNoClasspathTransform: C:\Users\Volted User\.gradle\caches\8.14\transforms\278d25167ecaaa4fe52ac55583daa0cb\transformed\lifecycle-runtime-2.7.0-runtime.jar because:
[        ]   Build cache is disabled
[        ] Running dexing transform non-incrementally for 'C:\Users\Volted User\.gradle\caches\8.14\transforms\278d25167ecaaa4fe52ac55583daa0cb\transformed\lifecycle-runtime-2.7.0-runtime.jar'
[        ] Caching disabled for DexingOutputSplitTransform: C:\Users\Volted User\.gradle\caches\8.14\transforms\11cc5e27ca772d099e97b739c643dbd9\transformed\lifecycle-runtime-2.7.0-runtime because:
[        ]   Build cache is disabled
[        ]   Caching not enabled.
[        ] Caching disabled for IdentityTransform: C:\Users\Volted User\.gradle\caches\8.14\transforms\b3ca55148101b8af6e7dfeee94e9c86e\transformed\lifecycle-process-2.7.0-runtime.jar because:
[        ]   Build cache is disabled
[        ]   Caching not enabled.
[        ] Caching disabled for DexingNoClasspathTransform: C:\Users\Volted User\.gradle\caches\8.14\transforms\b3ca55148101b8af6e7dfeee94e9c86e\transformed\lifecycle-process-2.7.0-runtime.jar because:
[        ]   Build cache is disabled
[        ] Running dexing transform non-incrementally for 'C:\Users\Volted User\.gradle\caches\8.14\transforms\b3ca55148101b8af6e7dfeee94e9c86e\transformed\lifecycle-process-2.7.0-runtime.jar'
[        ] Caching disabled for DexingOutputSplitTransform: C:\Users\Volted User\.gradle\caches\8.14\transforms\bdefe46fb34abeea789f3da1aaae4597\transformed\lifecycle-process-2.7.0-runtime because:
[        ]   Build cache is disabled
[        ]   Caching not enabled.
[        ] Caching disabled for DexingOutputSplitTransform: C:\Users\Volted User\.gradle\caches\8.14\transforms\8c6250386244e617694acd6e3a6632a1\transformed\flutter_embedding_debug-1.0.0-587c18f873b8ab57330422bce09047420d9c7f42 because:
[        ]   Build cache is disabled
[        ]   Caching not enabled.
[        ] Caching disabled for DexingNoClasspathTransform: C:\Users\Volted User\.gradle\caches\modules-2\files-2.1\androidx.lifecycle\lifecycle-common-java8\2.7.0\2ad14aed781c4a73ed4dbb421966d408a0a06686\lifecycle-common-java8-2.7.0.jar because:
[        ]   Build cache is disabled
[        ] Running dexing transform non-incrementally for 'C:\Users\Volted User\.gradle\caches\modules-2\files-2.1\androidx.lifecycle\lifecycle-common-java8\2.7.0\2ad14aed781c4a73ed4dbb421966d408a0a06686\lifecycle-common-java8-2.7.0.jar'
[        ] Caching disabled for IdentityTransform: C:\Users\Volted User\.gradle\caches\8.14\transforms\8ba67013a85acd726f68c9205814c1b4\transformed\savedstate-1.2.1-runtime.jar because:
[        ]   Build cache is disabled
[        ]   Caching not enabled.
[        ] Caching disabled for DexingNoClasspathTransform: C:\Users\Volted User\.gradle\caches\8.14\transforms\8ba67013a85acd726f68c9205814c1b4\transformed\savedstate-1.2.1-runtime.jar because:
[        ]   Build cache is disabled
[        ] Running dexing transform non-incrementally for 'C:\Users\Volted User\.gradle\caches\8.14\transforms\8ba67013a85acd726f68c9205814c1b4\transformed\savedstate-1.2.1-runtime.jar'
[        ] Caching disabled for DexingOutputSplitTransform: C:\Users\Volted User\.gradle\caches\8.14\transforms\fb989ddc7caefa08644cd506233e1e49\transformed\lifecycle-common-java8-2.7.0 because:
[        ]   Build cache is disabled
[        ]   Caching not enabled.
[   +6 ms] Caching disabled for DexingNoClasspathTransform: C:\Users\Volted User\.gradle\caches\modules-2\files-2.1\androidx.lifecycle\lifecycle-common\2.7.0\85334205d65cca70ed0109c3acbd29e22a2d9cb1\lifecycle-common-2.7.0.jar because:
[        ]   Build cache is disabled
[        ] Running dexing transform non-incrementally for 'C:\Users\Volted User\.gradle\caches\modules-2\files-2.1\androidx.lifecycle\lifecycle-common\2.7.0\85334205d65cca70ed0109c3acbd29e22a2d9cb1\lifecycle-common-2.7.0.jar'
[ +109 ms] Caching disabled for DexingOutputSplitTransform: C:\Users\Volted User\.gradle\caches\8.14\transforms\26d471f4cc998672ff625476524809ce\transformed\savedstate-1.2.1-runtime because:
[        ]   Build cache is disabled
[        ]   Caching not enabled.
[ +276 ms] Caching disabled for IdentityTransform: C:\Users\Volted User\.gradle\caches\8.14\transforms\697cd0aafab3205663df3a3700d4b04a\transformed\profileinstaller-1.3.1-runtime.jar because:
[  +31 ms]   Build cache is disabled
[  +24 ms]   Caching not enabled.
[   +1 ms] Caching disabled for DexingNoClasspathTransform: C:\Users\Volted User\.gradle\caches\8.14\transforms\697cd0aafab3205663df3a3700d4b04a\transformed\profileinstaller-1.3.1-runtime.jar because:
[        ]   Build cache is disabled
[        ] Running dexing transform non-incrementally for 'C:\Users\Volted User\.gradle\caches\8.14\transforms\697cd0aafab3205663df3a3700d4b04a\transformed\profileinstaller-1.3.1-runtime.jar'
[        ] Caching disabled for DexingOutputSplitTransform: C:\Users\Volted User\.gradle\caches\8.14\transforms\adb1274de169c2d2f2911bfae8955d57\transformed\lifecycle-common-2.7.0 because:
[   +1 ms]   Build cache is disabled
[        ]   Caching not enabled.
[        ] Caching disabled for IdentityTransform: C:\Users\Volted User\.gradle\caches\8.14\transforms\6a6d4254bc003faf803ca7fd2b1c73b5\transformed\startup-runtime-1.1.1-runtime.jar because:
[        ]   Build cache is disabled
[        ]   Caching not enabled.
[  +95 ms] Caching disabled for DexingNoClasspathTransform: C:\Users\Volted User\.gradle\caches\8.14\transforms\6a6d4254bc003faf803ca7fd2b1c73b5\transformed\startup-runtime-1.1.1-runtime.jar because:
[        ]   Build cache is disabled
[        ] Running dexing transform non-incrementally for 'C:\Users\Volted User\.gradle\caches\8.14\transforms\6a6d4254bc003faf803ca7fd2b1c73b5\transformed\startup-runtime-1.1.1-runtime.jar'
[  +63 ms] Caching disabled for DexingOutputSplitTransform: C:\Users\Volted User\.gradle\caches\8.14\transforms\4bf740b1cc1c4ab5a07ad87309254814\transformed\startup-runtime-1.1.1-runtime because:
[        ]   Build cache is disabled
[        ]   Caching not enabled.
[        ] Caching disabled for DexingOutputSplitTransform: C:\Users\Volted User\.gradle\caches\8.14\transforms\74ccae718cff3d9df42dac4169111df7\transformed\profileinstaller-1.3.1-runtime because:
[        ]   Build cache is disabled
[        ]   Caching not enabled.
[ +193 ms] Caching disabled for IdentityTransform: C:\Users\Volted User\.gradle\caches\8.14\transforms\4e63fd6b75fa543ba1d6a29411e28734\transformed\tracing-1.2.0-runtime.jar because:
[   +2 ms]   Build cache is disabled
[        ]   Caching not enabled.
[        ] Caching disabled for IdentityTransform: C:\Users\Volted User\.gradle\caches\8.14\transforms\2b07e4b33f4f3bd669269c4453eb435e\transformed\core-runtime-2.2.0-runtime.jar because:
[        ]   Build cache is disabled
[        ]   Caching not enabled.
[ +118 ms] Caching disabled for DexingNoClasspathTransform: C:\Users\Volted User\.gradle\caches\8.14\transforms\2b07e4b33f4f3bd669269c4453eb435e\transformed\core-runtime-2.2.0-runtime.jar because:
[        ]   Build cache is disabled
[        ] Running dexing transform non-incrementally for 'C:\Users\Volted User\.gradle\caches\8.14\transforms\2b07e4b33f4f3bd669269c4453eb435e\transformed\core-runtime-2.2.0-runtime.jar'
[ +100 ms] Caching disabled for DexingNoClasspathTransform: C:\Users\Volted User\.gradle\caches\8.14\transforms\4e63fd6b75fa543ba1d6a29411e28734\transformed\tracing-1.2.0-runtime.jar because:
[  +15 ms]   Build cache is disabled
[   +1 ms] Running dexing transform non-incrementally for 'C:\Users\Volted User\.gradle\caches\8.14\transforms\4e63fd6b75fa543ba1d6a29411e28734\transformed\tracing-1.2.0-runtime.jar'
[ +272 ms] Caching disabled for DexingOutputSplitTransform: C:\Users\Volted User\.gradle\caches\8.14\transforms\7504e64ead8fe20dc7bce67c69294ab8\transformed\tracing-1.2.0-runtime because:
[        ]   Build cache is disabled
[        ]   Caching not enabled.
[        ] Caching disabled for DexingNoClasspathTransform: C:\Users\Volted User\.gradle\caches\modules-2\files-2.1\androidx.arch.core\core-common\2.2.0\5e1b8b81dfd5f52c56a8d53b18ca759c19a301f3\core-common-2.2.0.jar because:
[        ]   Build cache is disabled
[        ] Running dexing transform non-incrementally for 'C:\Users\Volted User\.gradle\caches\modules-2\files-2.1\androidx.arch.core\core-common\2.2.0\5e1b8b81dfd5f52c56a8d53b18ca759c19a301f3\core-common-2.2.0.jar'
[        ] Caching disabled for DexingOutputSplitTransform: C:\Users\Volted User\.gradle\caches\8.14\transforms\880b9c79d176e0240eff0fb8ea1693f3\transformed\core-runtime-2.2.0-runtime because:
[        ]   Build cache is disabled
[        ]   Caching not enabled.
[  +85 ms] Caching disabled for IdentityTransform: C:\Users\Volted User\.gradle\caches\8.14\transforms\1a23e0d789911f39cb81a75e65cc3b27\transformed\versionedparcelable-1.1.1-runtime.jar because:
[  +11 ms]   Build cache is disabled
[        ]   Caching not enabled.
[        ] Caching disabled for DexingNoClasspathTransform: C:\Users\Volted User\.gradle\caches\8.14\transforms\1a23e0d789911f39cb81a75e65cc3b27\transformed\versionedparcelable-1.1.1-runtime.jar because:
[        ]   Build cache is disabled
[        ] Running dexing transform non-incrementally for 'C:\Users\Volted User\.gradle\caches\8.14\transforms\1a23e0d789911f39cb81a75e65cc3b27\transformed\versionedparcelable-1.1.1-runtime.jar'
[        ] Caching disabled for DexingOutputSplitTransform: C:\Users\Volted User\.gradle\caches\8.14\transforms\0085a47f6bcf39d3112b089340f7a8e4\transformed\core-common-2.2.0 because:
[        ]   Build cache is disabled
[        ]   Caching not enabled.
[ +102 ms] Caching disabled for DexingNoClasspathTransform: C:\Users\Volted User\.gradle\caches\modules-2\files-2.1\androidx.collection\collection\1.1.0\1f27220b47669781457de0d600849a5de0e89909\collection-1.1.0.jar because:
[   +1 ms]   Build cache is disabled
[        ] Running dexing transform non-incrementally for 'C:\Users\Volted User\.gradle\caches\modules-2\files-2.1\androidx.collection\collection\1.1.0\1f27220b47669781457de0d600849a5de0e89909\collection-1.1.0.jar'
[  +84 ms] Caching disabled for DexingOutputSplitTransform: C:\Users\Volted User\.gradle\caches\8.14\transforms\b25e0ce6f8cb3f3faf9df41653e9f8b5\transformed\versionedparcelable-1.1.1-runtime because:
[        ]   Build cache is disabled
[        ]   Caching not enabled.
[ +123 ms] Caching disabled for IdentityTransform: C:\Users\Volted User\.gradle\caches\8.14\transforms\39e90520c1b59ea35753d421861693e0\transformed\interpolator-1.0.0-runtime.jar because:
[        ]   Build cache is disabled
[        ]   Caching not enabled.
[        ] Caching disabled for DexingNoClasspathTransform: C:\Users\Volted User\.gradle\caches\8.14\transforms\39e90520c1b59ea35753d421861693e0\transformed\interpolator-1.0.0-runtime.jar because:
[        ]   Build cache is disabled
[        ] Running dexing transform non-incrementally for 'C:\Users\Volted User\.gradle\caches\8.14\transforms\39e90520c1b59ea35753d421861693e0\transformed\interpolator-1.0.0-runtime.jar'
[        ] Caching disabled for DexingOutputSplitTransform: C:\Users\Volted User\.gradle\caches\8.14\transforms\62b659cc5f26716858b76692d817f504\transformed\collection-1.1.0 because:
[        ]   Build cache is disabled
[        ]   Caching not enabled.
[        ] Caching disabled for DexingOutputSplitTransform: C:\Users\Volted User\.gradle\caches\8.14\transforms\76609435d0cc527a33b34e0c9e783652\transformed\interpolator-1.0.0-runtime because:
[        ]   Build cache is disabled
[        ]   Caching not enabled.
[  +78 ms] Caching disabled for DexingNoClasspathTransform: C:\Users\Volted User\.gradle\caches\modules-2\files-2.1\androidx.concurrent\concurrent-futures\1.1.0\50b7fb98350d5f42a4e49704b03278542293ba48\concurrent-futures-1.1.0.jar because:
[        ]   Build cache is disabled
[        ] Running dexing transform non-incrementally for 'C:\Users\Volted User\.gradle\caches\modules-2\files-2.1\androidx.concurrent\concurrent-futures\1.1.0\50b7fb98350d5f42a4e49704b03278542293ba48\concurrent-futures-1.1.0.jar'
[        ] Caching disabled for IdentityTransform: C:\Users\Volted User\.gradle\caches\8.14\transforms\d38933fa6fe515aff1769b137e19d4ae\transformed\core-1.0.0-runtime.jar because:
[        ]   Build cache is disabled
[        ]   Caching not enabled.
[        ] Caching disabled for DexingNoClasspathTransform: C:\Users\Volted User\.gradle\caches\8.14\transforms\d38933fa6fe515aff1769b137e19d4ae\transformed\core-1.0.0-runtime.jar because:
[        ]   Build cache is disabled
[        ] Running dexing transform non-incrementally for 'C:\Users\Volted User\.gradle\caches\8.14\transforms\d38933fa6fe515aff1769b137e19d4ae\transformed\core-1.0.0-runtime.jar'
[ +105 ms] Caching disabled for DexingOutputSplitTransform: C:\Users\Volted User\.gradle\caches\8.14\transforms\a74912ec0e069c514db81774ac1b5d50\transformed\core-1.0.0-runtime because:
[        ]   Build cache is disabled
[        ]   Caching not enabled.
[        ] Caching disabled for DexingNoClasspathTransform: C:\Users\Volted User\.gradle\caches\modules-2\files-2.1\androidx.annotation\annotation-jvm\1.9.1\b17951747e38bf3986a24431b9ba0d039958aa5f\annotation-jvm-1.9.1.jar because:
[   +4 ms]   Build cache is disabled
[   +4 ms] Running dexing transform non-incrementally for 'C:\Users\Volted User\.gradle\caches\modules-2\files-2.1\androidx.annotation\annotation-jvm\1.9.1\b17951747e38bf3986a24431b9ba0d039958aa5f\annotation-jvm-1.9.1.jar'
[        ] Caching disabled for DexingOutputSplitTransform: C:\Users\Volted User\.gradle\caches\8.14\transforms\618e1968d8d7a7605db3adbf6b93ddc0\transformed\concurrent-futures-1.1.0 because:
[        ]   Build cache is disabled
[        ]   Caching not enabled.
[  +91 ms] Caching disabled for DexingOutputSplitTransform: C:\Users\Volted User\.gradle\caches\8.14\transforms\d6e182c0c4fab69d3a210116b618fcee\transformed\annotation-jvm-1.9.1 because:
[        ]   Build cache is disabled
[        ]   Caching not enabled.
[        ] Caching disabled for IdentityTransform: C:\Users\Volted User\.gradle\caches\8.14\transforms\b997d98c3a8b6ca2e56e59d156f181e2\transformed\annotation-experimental-1.4.0-runtime.jar because:
[        ]   Build cache is disabled
[        ]   Caching not enabled.
[        ] Caching disabled for DexingNoClasspathTransform: C:\Users\Volted User\.gradle\caches\8.14\transforms\b997d98c3a8b6ca2e56e59d156f181e2\transformed\annotation-experimental-1.4.0-runtime.jar because:
[   +1 ms]   Build cache is disabled
[        ] Running dexing transform non-incrementally for 'C:\Users\Volted User\.gradle\caches\8.14\transforms\b997d98c3a8b6ca2e56e59d156f181e2\transformed\annotation-experimental-1.4.0-runtime.jar'
[        ] Caching disabled for DexingNoClasspathTransform: C:\Users\Volted User\.gradle\caches\modules-2\files-2.1\org.jetbrains.kotlinx\kotlinx-coroutines-android\1.7.1\c2d86b569f10b7fc7e28d3f50c0eed97897d77a7\kotlinx-coroutines-android-1.7.1.jar because:
[        ]   Build cache is disabled
[        ] Running dexing transform non-incrementally for 'C:\Users\Volted User\.gradle\caches\modules-2\files-2.1\org.jetbrains.kotlinx\kotlinx-coroutines-android\1.7.1\c2d86b569f10b7fc7e28d3f50c0eed97897d77a7\kotlinx-coroutines-android-1.7.1.jar'
[ +101 ms] Caching disabled for DexingOutputSplitTransform: C:\Users\Volted User\.gradle\caches\8.14\transforms\8c567c28b8c5b301e109b2969f0cbbc6\transformed\annotation-experimental-1.4.0-runtime because:
[        ]   Build cache is disabled
[        ]   Caching not enabled.
[        ] Caching disabled for DexingNoClasspathTransform: C:\Users\Volted User\.gradle\caches\modules-2\files-2.1\org.jetbrains.kotlinx\kotlinx-coroutines-core-jvm\1.7.1\63a0779cf668e2a47d13fda7c3b0c4f8dc7762f4\kotlinx-coroutines-core-jvm-1.7.1.jar because:
[        ]   Build cache is disabled
[        ] Caching disabled for DexingOutputSplitTransform: C:\Users\Volted User\.gradle\caches\8.14\transforms\24fffc8da300bae24cf6f309ccc87ffb\transformed\kotlinx-coroutines-android-1.7.1 because:
[   +2 ms]   Build cache is disabled
[  +10 ms]   Caching not enabled.
[        ] Running dexing transform non-incrementally for 'C:\Users\Volted User\.gradle\caches\modules-2\files-2.1\org.jetbrains.kotlinx\kotlinx-coroutines-core-jvm\1.7.1\63a0779cf668e2a47d13fda7c3b0c4f8dc7762f4\kotlinx-coroutines-core-jvm-1.7.1.jar'
[        ] Caching disabled for DexingNoClasspathTransform: C:\Users\Volted User\.gradle\caches\modules-2\files-2.1\org.jetbrains.kotlin\kotlin-stdlib-jdk8\1.8.20\73576ddf378c5b4f1f6b449fe6b119b8183fc078\kotlin-stdlib-jdk8-1.8.20.jar because:
[        ]   Build cache is disabled
[        ] Running dexing transform non-incrementally for 'C:\Users\Volted User\.gradle\caches\modules-2\files-2.1\org.jetbrains.kotlin\kotlin-stdlib-jdk8\1.8.20\73576ddf378c5b4f1f6b449fe6b119b8183fc078\kotlin-stdlib-jdk8-1.8.20.jar'
[  +74 ms] Caching disabled for DexingOutputSplitTransform: C:\Users\Volted User\.gradle\caches\8.14\transforms\cda11e593138350093b34b5c10f8f0e1\transformed\kotlin-stdlib-jdk8-1.8.20 because:
[        ]   Build cache is disabled
[        ]   Caching not enabled.
[        ] Caching disabled for DexingNoClasspathTransform: C:\Users\Volted User\.gradle\caches\modules-2\files-2.1\org.jetbrains.kotlin\kotlin-stdlib-jdk7\1.8.20\3aa51faf20aae8b31e1a4bc54f8370673d7b7df4\kotlin-stdlib-jdk7-1.8.20.jar because:
[        ]   Build cache is disabled
[        ] Running dexing transform non-incrementally for 'C:\Users\Volted User\.gradle\caches\modules-2\files-2.1\org.jetbrains.kotlin\kotlin-stdlib-jdk7\1.8.20\3aa51faf20aae8b31e1a4bc54f8370673d7b7df4\kotlin-stdlib-jdk7-1.8.20.jar'
[        ] Caching disabled for DexingOutputSplitTransform: C:\Users\Volted User\.gradle\caches\8.14\transforms\80db4d812edd81c57294c90226a6520b\transformed\kotlin-stdlib-jdk7-1.8.20 because:
[        ]   Build cache is disabled
[        ]   Caching not enabled.
[ +103 ms] Caching disabled for DexingNoClasspathTransform: C:\Users\Volted User\.gradle\caches\modules-2\files-2.1\org.jetbrains.kotlin\kotlin-stdlib\2.2.20\5380b19fa1924399b62ce3a1faffebb2b4f82272\kotlin-stdlib-2.2.20.jar because:
[        ]   Build cache is disabled
[        ] Running dexing transform non-incrementally for 'C:\Users\Volted User\.gradle\caches\modules-2\files-2.1\org.jetbrains.kotlin\kotlin-stdlib\2.2.20\5380b19fa1924399b62ce3a1faffebb2b4f82272\kotlin-stdlib-2.2.20.jar'
[+1779 ms] Caching disabled for DexingOutputSplitTransform: C:\Users\Volted User\.gradle\caches\8.14\transforms\a32848eba72cc3c4e67b5018f2f85fe4\transformed\core-1.13.1-runtime because:
[  +14 ms]   Build cache is disabled
[        ]   Caching not enabled.
[        ] Caching disabled for DexingNoClasspathTransform: C:\Users\Volted User\.gradle\caches\modules-2\files-2.1\io.flutter\arm64_v8a_debug\1.0.0-587c18f873b8ab57330422bce09047420d9c7f42\53117dcbf65d610c00b2d5c529bf4e1b1db145be\arm64_v8a_debug-1.0.0-587c18f873b8ab57330422bce09047420d9c7f42.jar because:
[        ]   Build cache is disabled
[        ] Running dexing transform non-incrementally for 'C:\Users\Volted User\.gradle\caches\modules-2\files-2.1\io.flutter\arm64_v8a_debug\1.0.0-587c18f873b8ab57330422bce09047420d9c7f42\53117dcbf65d610c00b2d5c529bf4e1b1db145be\arm64_v8a_debug-1.0.0-587c18f873b8ab57330422bce09047420d9c7f42.jar'
[        ] Caching disabled for DexingNoClasspathTransform: C:\Users\Volted User\.gradle\caches\modules-2\files-2.1\org.jetbrains\annotations\23.0.0\8cc20c07506ec18e0834947b84a864bfc094484e\annotations-23.0.0.jar because:
[        ]   Build cache is disabled
[        ] Running dexing transform non-incrementally for 'C:\Users\Volted User\.gradle\caches\modules-2\files-2.1\org.jetbrains\annotations\23.0.0\8cc20c07506ec18e0834947b84a864bfc094484e\annotations-23.0.0.jar'
[        ] Caching disabled for IdentityTransform: C:\Users\Volted User\.gradle\caches\8.14\transforms\7ff76bf839419b98ec5a37680408ff13\transformed\relinker-1.4.5-runtime.jar because:
[   +1 ms]   Build cache is disabled
[        ]   Caching not enabled.
[        ] Caching disabled for DexingNoClasspathTransform: C:\Users\Volted User\.gradle\caches\modules-2\files-2.1\com.google.guava\listenablefuture\1.0\c949a840a6acbc5268d088e47b04177bf90b3cad\listenablefuture-1.0.jar because:
[        ]   Build cache is disabled
[        ] Running dexing transform non-incrementally for 'C:\Users\Volted User\.gradle\caches\modules-2\files-2.1\com.google.guava\listenablefuture\1.0\c949a840a6acbc5268d088e47b04177bf90b3cad\listenablefuture-1.0.jar'
[        ] Caching disabled for DexingNoClasspathTransform: C:\Users\Volted User\.gradle\caches\8.14\transforms\7ff76bf839419b98ec5a37680408ff13\transformed\relinker-1.4.5-runtime.jar because:
[        ]   Build cache is disabled
[        ] Running dexing transform non-incrementally for 'C:\Users\Volted User\.gradle\caches\8.14\transforms\7ff76bf839419b98ec5a37680408ff13\transformed\relinker-1.4.5-runtime.jar'
[        ] Caching disabled for DexingOutputSplitTransform: C:\Users\Volted User\.gradle\caches\8.14\transforms\59afc30b491cfd24fd92738ee6876021\transformed\annotations-23.0.0 because:
[        ]   Build cache is disabled
[        ]   Caching not enabled.
[ +102 ms] Caching disabled for DexingOutputSplitTransform: C:\Users\Volted User\.gradle\caches\8.14\transforms\44468d451ab8a1be75c8db5577d8a0bf\transformed\arm64_v8a_debug-1.0.0-587c18f873b8ab57330422bce09047420d9c7f42 because:
[        ]   Build cache is disabled
[        ]   Caching not enabled.
[  +91 ms] Caching disabled for DexingOutputSplitTransform: C:\Users\Volted User\.gradle\caches\8.14\transforms\0b5d74d7dfaca25c0b2238b6a87ad1d0\transformed\listenablefuture-1.0 because:
[   +3 ms]   Build cache is disabled
[  +17 ms]   Caching not enabled.
[   +1 ms] Caching disabled for DexingOutputSplitTransform: C:\Users\Volted User\.gradle\caches\8.14\transforms\893d524c749c3805478d8719663b9340\transformed\relinker-1.4.5-runtime because:
[   +7 ms]   Build cache is disabled
[  +27 ms]   Caching not enabled.
[   +2 ms] work action resolve bundleLibRuntimeToDirDebug (project :path_provider_android) (Thread[#171,Execution worker Thread 5,5,main]) started.
[        ] ClassesDirToClassesTransform (Thread[#171,Execution worker Thread 5,5,main]) started.
[  +38 ms] > Transform bundleLibRuntimeToDirDebug (project :path_provider_android) with ClassesDirToClassesTransform
[        ] Caching disabled for ClassesDirToClassesTransform: E:\My Projects\EchoSift\frontend\build\path_provider_android\intermediates\runtime_library_classes_dir\debug\bundleLibRuntimeToDirDebug because:
[        ]   Build cache is disabled
[        ]   Caching not enabled.
[        ] DexingNoClasspathTransform (Thread[#171,Execution worker Thread 5,5,main]) started.
[ +282 ms] > Transform bundleLibRuntimeToDirDebug (project :path_provider_android) with DexingNoClasspathTransform
[        ] Caching disabled for DexingNoClasspathTransform: E:\My Projects\EchoSift\frontend\build\path_provider_android\intermediates\runtime_library_classes_dir\debug\bundleLibRuntimeToDirDebug because:
[        ]   Build cache is disabled
[        ] DexingNoClasspathTransform: E:\My Projects\EchoSift\frontend\build\path_provider_android\intermediates\runtime_library_classes_dir\debug\bundleLibRuntimeToDirDebug is not up-to-date because:
[        ]   No history is available.
[        ] The input changes require a full rebuild for incremental DexingNoClasspathTransform: E:\My Projects\EchoSift\frontend\build\path_provider_android\intermediates\runtime_library_classes_dir\debug\bundleLibRuntimeToDirDebug.
[        ] Running dexing transform non-incrementally for 'E:\My Projects\EchoSift\frontend\build\path_provider_android\intermediates\runtime_library_classes_dir\debug\bundleLibRuntimeToDirDebug'
[        ] DexingOutputSplitTransform (Thread[#171,Execution worker Thread 5,5,main]) started.
[ +121 ms] > Transform bundleLibRuntimeToDirDebug (project :path_provider_android) with DexingOutputSplitTransform
[   +1 ms] Caching disabled for DexingOutputSplitTransform: E:\My Projects\EchoSift\frontend\build\path_provider_android\.transforms\e7990e9b637e7cd0c4d5169a78fa187c\transformed\bundleLibRuntimeToDirDebug because:
[        ]   Build cache is disabled
[        ]   Caching not enabled.
[+4000 ms] > Task :app:mergeExtDexDebug
[        ] INFO: D8: Stripped invalid locals information from 2 methods.
[        ] INFO: C:\Users\Volted User\.gradle\caches\modules-2\files-2.1\org.jetbrains.kotlinx\kotlinx-coroutines-core-jvm\1.7.1\63a0779cf668e2a47d13fda7c3b0c4f8dc7762f4\kotlinx-coroutines-core-jvm-1.7.1.jar: D8: Methods with invalid locals information:
[        ]   java.lang.Object kotlinx.coroutines.flow.FlowKt__BuildersKt$asFlow$$inlined$unsafeFlow$10.collect(kotlinx.coroutines.flow.FlowCollector, kotlin.coroutines.Continuation)
[        ]   Attempt to define local of type long as element$iv:java.lang.Object
[        ] INFO: C:\Users\Volted User\.gradle\caches\modules-2\files-2.1\org.jetbrains.kotlinx\kotlinx-coroutines-core-jvm\1.7.1\63a0779cf668e2a47d13fda7c3b0c4f8dc7762f4\kotlinx-coroutines-core-jvm-1.7.1.jar: D8: Methods with invalid locals information:
[        ]   java.lang.Object kotlinx.coroutines.flow.FlowKt__BuildersKt$asFlow$$inlined$unsafeFlow$9.collect(kotlinx.coroutines.flow.FlowCollector, kotlin.coroutines.Continuation)
[        ]   Attempt to define local of type int as element$iv:java.lang.Object
[        ] INFO: D8: Some warnings are typically a sign of using an outdated Java toolchain. To fix, recompile the source with an updated toolchain.
[  +83 ms] Caching disabled for DexingOutputSplitTransform: C:\Users\Volted User\.gradle\caches\8.14\transforms\17444e6321698fb4153285a8ec616249\transformed\kotlinx-coroutines-core-jvm-1.7.1 because:
[   +1 ms]   Build cache is disabled
[        ]   Caching not enabled.
[+5112 ms] Caching disabled for DexingOutputSplitTransform: C:\Users\Volted User\.gradle\caches\8.14\transforms\9a124eff4b2b5cc2b95110842b964b91\transformed\kotlin-stdlib-2.2.20 because:
[        ]   Build cache is disabled
[   +4 ms]   Caching not enabled.
[  +91 ms] Caching disabled for task ':app:mergeExtDexDebug' because:
[        ]   Build cache is disabled
[        ] Task ':app:mergeExtDexDebug' is not up-to-date because:
[        ]   No history is available.
[        ] The input changes require a full rebuild for incremental task ':app:mergeExtDexDebug'.
[ +108 ms] Resolve mutations for :record_android:compileDebugJavaWithJavac (Thread[#171,Execution worker Thread 5,5,main]) started.
[        ] :record_android:compileDebugJavaWithJavac (Thread[#167,Execution worker,5,main]) started.
[+1795 ms] > Task :app:mergeExtDexDebug
[        ] Merging to 'E:\My Projects\EchoSift\frontend\build\app\intermediates\dex\debug\mergeExtDexDebug' with D8 from all or a subset of dex files in C:\Users\Volted User\.gradle\caches\8.14\transforms\8c6250386244e617694acd6e3a6632a1\transformed\flutter_embedding_debug-1.0.0-587c18f873b8ab57330422bce09047420d9c7f42\flutter_embedding_debug-1.0.0-587c18f873b8ab57330422bce09047420d9c7f42_dex, C:\Users\Volted User\.gradle\caches\8.14\transforms\f3da74049a0a50e2798ba159383b8b81\transformed\fragment-1.7.1-runtime\fragment-1.7.1-runtime_dex, C:\Users\Volted User\.gradle\caches\8.14\transforms\14f29a3a42e8ab03dbc9cb6c60ab11d5\transformed\window-1.2.0-runtime\window-1.2.0-runtime_dex, C:\Users\Volted User\.gradle\caches\8.14\transforms\363b89c1a5d01411b38d5c99167f98ef\transformed\window-java-1.2.0-runtime\window-java-1.2.0-runtime_dex, C:\Users\Volted User\.gradle\caches\8.14\transforms\0f828c6f7895623dd9249db8be68b5c3\transformed\activity-1.8.1-runtime\activity-1.8.1-runtime_dex, C:\Users\Volted User\.gradle\caches\8.14\transforms\16ef9c6a4414cc852240d42a6416233c\transformed\loader-1.0.0-runtime\loader-1.0.0-runtime_dex, C:\Users\Volted User\.gradle\caches\8.14\transforms\f3475db2ad241993497130bca23deb1a\transformed\viewpager-1.0.0-runtime\viewpager-1.0.0-runtime_dex, C:\Users\Volted User\.gradle\caches\8.14\transforms\29dad8fab0f8097488c3f31542c1da20\transformed\lifecycle-livedata-core-ktx-2.7.0-runtime\lifecycle-livedata-core-ktx-2.7.0-runtime_dex, C:\Users\Volted User\.gradle\caches\8.14\transforms\6d176264c3b75d24ae05acafb1d772f1\transformed\lifecycle-livedata-2.7.0-runtime\lifecycle-livedata-2.7.0-runtime_dex, C:\Users\Volted User\.gradle\caches\8.14\transforms\f7c6336640cc52902e5b95cfada9565b\transformed\lifecycle-viewmodel-2.7.0-runtime\lifecycle-viewmodel-2.7.0-runtime_dex, C:\Users\Volted User\.gradle\caches\8.14\transforms\54b655e240720e498f405950b3d5891d\transformed\lifecycle-livedata-core-2.7.0-runtime\lifecycle-livedata-core-2.7.0-runtime_dex, C:\Users\Volted User\.gradle\caches\8.14\transforms\c58dce1c4a3497893ebfebf3185ec822\transformed\lifecycle-viewmodel-savedstate-2.7.0-runtime\lifecycle-viewmodel-savedstate-2.7.0-runtime_dex, C:\Users\Volted User\.gradle\caches\8.14\transforms\87f177d1ecb68c7d75c71526418776e3\transformed\core-ktx-1.13.1-runtime\core-ktx-1.13.1-runtime_dex, C:\Users\Volted User\.gradle\caches\8.14\transforms\91b74a06fa8fa1068c906d0e2d40b848\transformed\customview-1.0.0-runtime\customview-1.0.0-runtime_dex, C:\Users\Volted User\.gradle\caches\8.14\transforms\a32848eba72cc3c4e67b5018f2f85fe4\transformed\core-1.13.1-runtime\core-1.13.1-runtime_dex, C:\Users\Volted User\.gradle\caches\8.14\transforms\11cc5e27ca772d099e97b739c643dbd9\transformed\lifecycle-runtime-2.7.0-runtime\lifecycle-runtime-2.7.0-runtime_dex, C:\Users\Volted User\.gradle\caches\8.14\transforms\bdefe46fb34abeea789f3da1aaae4597\transformed\lifecycle-process-2.7.0-runtime\lifecycle-process-2.7.0-runtime_dex, C:\Users\Volted User\.gradle\caches\8.14\transforms\26d471f4cc998672ff625476524809ce\transformed\savedstate-1.2.1-runtime\savedstate-1.2.1-runtime_dex, C:\Users\Volted User\.gradle\caches\8.14\transforms\adb1274de169c2d2f2911bfae8955d57\transformed\lifecycle-common-2.7.0\lifecycle-common-2.7.0_dex, C:\Users\Volted User\.gradle\caches\8.14\transforms\74ccae718cff3d9df42dac4169111df7\transformed\profileinstaller-1.3.1-runtime\profileinstaller-1.3.1-runtime_dex, C:\Users\Volted User\.gradle\caches\8.14\transforms\4bf740b1cc1c4ab5a07ad87309254814\transformed\startup-runtime-1.1.1-runtime\startup-runtime-1.1.1-runtime_dex, C:\Users\Volted User\.gradle\caches\8.14\transforms\7504e64ead8fe20dc7bce67c69294ab8\transformed\tracing-1.2.0-runtime\tracing-1.2.0-runtime_dex, C:\Users\Volted User\.gradle\caches\8.14\transforms\880b9c79d176e0240eff0fb8ea1693f3\transformed\core-runtime-2.2.0-runtime\core-runtime-2.2.0-runtime_dex, C:\Users\Volted User\.gradle\caches\8.14\transforms\0085a47f6bcf39d3112b089340f7a8e4\transformed\core-common-2.2.0\core-common-2.2.0_dex, C:\Users\Volted User\.gradle\caches\8.14\transforms\b25e0ce6f8cb3f3faf9df41653e9f8b5\transformed\versionedparcelable-1.1.1-runtime\versionedparcelable-1.1.1-runtime_dex, C:\Users\Volted User\.gradle\caches\8.14\transforms\62b659cc5f26716858b76692d817f504\transformed\collection-1.1.0\collection-1.1.0_dex, C:\Users\Volted User\.gradle\caches\8.14\transforms\76609435d0cc527a33b34e0c9e783652\transformed\interpolator-1.0.0-runtime\interpolator-1.0.0-runtime_dex, C:\Users\Volted User\.gradle\caches\8.14\transforms\618e1968d8d7a7605db3adbf6b93ddc0\transformed\concurrent-futures-1.1.0\concurrent-futures-1.1.0_dex, C:\Users\Volted User\.gradle\caches\8.14\transforms\a74912ec0e069c514db81774ac1b5d50\transformed\core-1.0.0-runtime\core-1.0.0-runtime_dex, C:\Users\Volted User\.gradle\caches\8.14\transforms\d6e182c0c4fab69d3a210116b618fcee\transformed\annotation-jvm-1.9.1\annotation-jvm-1.9.1_dex, C:\Users\Volted User\.gradle\caches\8.14\transforms\8c567c28b8c5b301e109b2969f0cbbc6\transformed\annotation-experimental-1.4.0-runtime\annotation-experimental-1.4.0-runtime_dex, C:\Users\Volted User\.gradle\caches\8.14\transforms\24fffc8da300bae24cf6f309ccc87ffb\transformed\kotlinx-coroutines-android-1.7.1\kotlinx-coroutines-android-1.7.1_dex, C:\Users\Volted User\.gradle\caches\8.14\transforms\17444e6321698fb4153285a8ec616249\transformed\kotlinx-coroutines-core-jvm-1.7.1\kotlinx-coroutines-core-jvm-1.7.1_dex, C:\Users\Volted User\.gradle\caches\8.14\transforms\9a124eff4b2b5cc2b95110842b964b91\transformed\kotlin-stdlib-2.2.20\kotlin-stdlib-2.2.20_dex, C:\Users\Volted User\.gradle\caches\8.14\transforms\59afc30b491cfd24fd92738ee6876021\transformed\annotations-23.0.0\annotations-23.0.0_dex, C:\Users\Volted User\.gradle\caches\8.14\transforms\893d524c749c3805478d8719663b9340\transformed\relinker-1.4.5-runtime\relinker-1.4.5-runtime_dex, C:\Users\Volted User\.gradle\caches\8.14\transforms\0b5d74d7dfaca25c0b2238b6a87ad1d0\transformed\listenablefuture-1.0\listenablefuture-1.0_dex, and from all global synthetics files in 
[+1014 ms] > Task :record_android:compileDebugJavaWithJavac
[        ] Custom actions are attached to task ':record_android:compileDebugJavaWithJavac'.
[        ] Caching disabled for task ':record_android:compileDebugJavaWithJavac' because:
[        ]   Build cache is disabled
[        ] Task ':record_android:compileDebugJavaWithJavac' is not up-to-date because:
[        ]   No history is available.
[        ] The input changes require a full rebuild for incremental task ':record_android:compileDebugJavaWithJavac'.
[        ] Compilation mode: in-process compilation
[        ] Full recompilation is required because no incremental change information is available. This is usually caused by clean builds or changing compiler arguments.
[        ] Compiling with toolchain 'E:\Android Studio\jbr'.
[        ] file or directory 'C:\Users\Volted User\AppData\Local\Pub\Cache\hosted\pub.dev\record_android-1.5.0\android\src\main\java', not found
[        ] file or directory 'C:\Users\Volted User\AppData\Local\Pub\Cache\hosted\pub.dev\record_android-1.5.0\android\src\debug\java', not found
[        ] Compiling with JDK Java compiler API.
[        ] Class dependency analysis for incremental compilation took 0.04 secs.
[        ] Created classpath snapshot for incremental compilation in 0.974 secs.
[        ] Resolve mutations for :record_android:bundleLibCompileToJarDebug (Thread[#171,Execution worker Thread 5,5,main]) started.
[        ] :record_android:bundleLibCompileToJarDebug (Thread[#171,Execution worker Thread 5,5,main]) started.
[        ] Resolve mutations for :record_android:bundleLibRuntimeToJarDebug (Thread[#167,Execution worker,5,main]) started.
[        ] :record_android:bundleLibRuntimeToJarDebug (Thread[#167,Execution worker,5,main]) started.
[        ] Resolve mutations for :record_android:processDebugJavaRes (Thread[#166,included builds,5,main]) started.
[        ] :record_android:processDebugJavaRes (Thread[#166,included builds,5,main]) started.
[  +69 ms] > Task :record_android:processDebugJavaRes
[        ] file or directory 'C:\Users\Volted User\AppData\Local\Pub\Cache\hosted\pub.dev\record_android-1.5.0\android\src\main\resources', not found
[        ] file or directory 'C:\Users\Volted User\AppData\Local\Pub\Cache\hosted\pub.dev\record_android-1.5.0\android\src\debug\resources', not found
[        ] file or directory 'C:\Users\Volted User\AppData\Local\Pub\Cache\hosted\pub.dev\record_android-1.5.0\android\src\main\resources', not found
[        ] file or directory 'C:\Users\Volted User\AppData\Local\Pub\Cache\hosted\pub.dev\record_android-1.5.0\android\src\debug\resources', not found
[        ] Caching disabled for task ':record_android:processDebugJavaRes' because:
[        ]   Build cache is disabled
[        ]   Caching has been disabled for the task
[        ] Task ':record_android:processDebugJavaRes' is not up-to-date because:
[        ]   No history is available.
[        ] file or directory 'C:\Users\Volted User\AppData\Local\Pub\Cache\hosted\pub.dev\record_android-1.5.0\android\src\main\resources', not found
[        ] file or directory 'C:\Users\Volted User\AppData\Local\Pub\Cache\hosted\pub.dev\record_android-1.5.0\android\src\debug\resources', not found
[        ] file or directory 'C:\Users\Volted User\AppData\Local\Pub\Cache\hosted\pub.dev\record_android-1.5.0\android\src\main\resources', not found
[        ] file or directory 'C:\Users\Volted User\AppData\Local\Pub\Cache\hosted\pub.dev\record_android-1.5.0\android\src\debug\resources', not found
[        ] work action resolve out (project :record_android) (Thread[#166,included builds,5,main]) started.
[        ] Resolve mutations for :permission_handler_android:bundleLibRuntimeToDirDebug (Thread[#166,included builds,5,main]) started.
[        ] :permission_handler_android:bundleLibRuntimeToDirDebug (Thread[#166,included builds,5,main]) started.
[        ] > Task :record_android:bundleLibRuntimeToJarDebug
[        ] Caching disabled for task ':record_android:bundleLibRuntimeToJarDebug' because:
[        ]   Build cache is disabled
[        ]   Simple merging task
[        ] Task ':record_android:bundleLibRuntimeToJarDebug' is not up-to-date because:
[        ]   No history is available.
[        ] > Task :record_android:bundleLibCompileToJarDebug
[        ] Caching disabled for task ':record_android:bundleLibCompileToJarDebug' because:
[        ]   Build cache is disabled
[        ]   Simple merging task
[        ] Task ':record_android:bundleLibCompileToJarDebug' is not up-to-date because:
[        ]   No history is available.
[ +108 ms] work action resolve classes.jar (project :record_android) (Thread[#171,Execution worker Thread 5,5,main]) started.
[        ] work action resolve classes.jar (project :record_android) (Thread[#171,Execution worker Thread 5,5,main]) started.
[        ] Resolve mutations for :app:compileDebugKotlin (Thread[#171,Execution worker Thread 5,5,main]) started.
[        ] IdentityTransform (Thread[#169,Execution worker Thread 3,5,main]) started.
[        ] :app:compileDebugKotlin (Thread[#171,Execution worker Thread 5,5,main]) started.
[        ] > Transform classes.jar (project :record_android) with IdentityTransform
[        ] Caching disabled for IdentityTransform: E:\My Projects\EchoSift\frontend\build\record_android\intermediates\runtime_library_classes_jar\debug\bundleLibRuntimeToJarDebug\classes.jar because:
[        ]   Build cache is disabled
[        ]   Caching not enabled.
[        ] DexingNoClasspathTransform (Thread[#169,Execution worker Thread 3,5,main]) started.
[ +906 ms] > Transform classes.jar (project :record_android) with DexingNoClasspathTransform
[        ] Caching disabled for DexingNoClasspathTransform: E:\My Projects\EchoSift\frontend\build\record_android\intermediates\runtime_library_classes_jar\debug\bundleLibRuntimeToJarDebug\classes.jar because:
[        ]   Build cache is disabled
[        ] DexingNoClasspathTransform: E:\My Projects\EchoSift\frontend\build\record_android\intermediates\runtime_library_classes_jar\debug\bundleLibRuntimeToJarDebug\classes.jar is not up-to-date because:
[        ]   No history is available.
[        ] The input changes require a full rebuild for incremental DexingNoClasspathTransform: E:\My Projects\EchoSift\frontend\build\record_android\intermediates\runtime_library_classes_jar\debug\bundleLibRuntimeToJarDebug\classes.jar.
[        ] Running dexing transform non-incrementally for 'E:\My Projects\EchoSift\frontend\build\record_android\intermediates\runtime_library_classes_jar\debug\bundleLibRuntimeToJarDebug\classes.jar'
[        ] DexingOutputSplitTransform (Thread[#169,Execution worker Thread 3,5,main]) started.
[        ] > Transform classes.jar (project :record_android) with DexingOutputSplitTransform
[        ] Caching disabled for DexingOutputSplitTransform: E:\My Projects\EchoSift\frontend\build\record_android\.transforms\bcc07ccf6f01fe1b322fa36a0287b2f5\transformed\classes because:
[        ]   Build cache is disabled
[        ]   Caching not enabled.
[ +148 ms] > Task :permission_handler_android:bundleLibRuntimeToDirDebug
[   +2 ms] Caching disabled for task ':permission_handler_android:bundleLibRuntimeToDirDebug' because:
[  +43 ms]   Build cache is disabled
[        ]   Simple merging task
[        ] Task ':permission_handler_android:bundleLibRuntimeToDirDebug' is not up-to-date because:
[        ]   No history is available.
[        ] The input changes require a full rebuild for incremental task ':permission_handler_android:bundleLibRuntimeToDirDebug'.
[        ] work action resolve bundleLibRuntimeToDirDebug (project :permission_handler_android) (Thread[#166,included builds,5,main]) started.
[        ] ClassesDirToClassesTransform (Thread[#166,included builds,5,main]) started.
[ +129 ms] > Transform bundleLibRuntimeToDirDebug (project :permission_handler_android) with ClassesDirToClassesTransform
[        ] Caching disabled for ClassesDirToClassesTransform: E:\My Projects\EchoSift\frontend\build\permission_handler_android\intermediates\runtime_library_classes_dir\debug\bundleLibRuntimeToDirDebug because:
[   +3 ms]   Build cache is disabled
[        ]   Caching not enabled.
[   +1 ms] DexingNoClasspathTransform (Thread[#166,included builds,5,main]) started.
[   +1 ms] Resolve mutations for :record_android:bundleLibRuntimeToDirDebug (Thread[#169,Execution worker Thread 3,5,main]) started.
[   +1 ms] :record_android:bundleLibRuntimeToDirDebug (Thread[#169,Execution worker Thread 3,5,main]) started.
[   +4 ms] Resolve mutations for :app:configureCMakeDebug[arm64-v8a] (Thread[#170,Execution worker Thread 4,5,main]) started.
[        ] :app:configureCMakeDebug[arm64-v8a] (Thread[#170,Execution worker Thread 4,5,main]) started.
[ +663 ms] > Task :app:compileDebugKotlin
[        ] Adding -Xuse-inline-scopes-numbers Kotlin compiler flag for task :app:compileDebugAndroidTestKotlin
[        ] Caching disabled for BuildToolsApiClasspathEntrySnapshotTransform: E:\My Projects\EchoSift\frontend\build\app\intermediates\flutter\debug\libs.jar because:
[        ]   Build cache is disabled
[        ] Caching disabled for BuildToolsApiClasspathEntrySnapshotTransform: E:\My Projects\EchoSift\frontend\build\record_android\intermediates\compile_library_classes_jar\debug\bundleLibCompileToJarDebug\classes.jar because:
[        ]   Build cache is disabled
[        ] Caching disabled for BuildToolsApiClasspathEntrySnapshotTransform: E:\My Projects\EchoSift\frontend\build\app\intermediates\compile_and_runtime_not_namespaced_r_class_jar\debug\processDebugResources\R.jar because:
[        ]   Build cache is disabled
[        ] Caching disabled for BuildToolsApiClasspathEntrySnapshotTransform: C:\Users\Volted User\.gradle\caches\modules-2\files-2.1\io.flutter\arm64_v8a_debug\1.0.0-587c18f873b8ab57330422bce09047420d9c7f42\53117dcbf65d610c00b2d5c529bf4e1b1db145be\arm64_v8a_debug-1.0.0-587c18f873b8ab57330422bce09047420d9c7f42.jar because:
[        ]   Build cache is disabled
[        ] Caching disabled for BuildToolsApiClasspathEntrySnapshotTransform: C:\Users\Volted User\.gradle\caches\modules-2\files-2.1\androidx.annotation\annotation-jvm\1.9.1\b17951747e38bf3986a24431b9ba0d039958aa5f\annotation-jvm-1.9.1.jar because:
[  +18 ms]   Build cache is disabled
[        ] Caching disabled for BuildToolsApiClasspathEntrySnapshotTransform: E:\My Projects\EchoSift\frontend\build\path_provider_android\intermediates\compile_library_classes_jar\debug\bundleLibCompileToJarDebug\classes.jar because:
[        ]   Build cache is disabled
[        ] Caching disabled for BuildToolsApiClasspathEntrySnapshotTransform: E:\My Projects\EchoSift\frontend\build\permission_handler_android\intermediates\compile_library_classes_jar\debug\bundleLibCompileToJarDebug\classes.jar because:
[        ]   Build cache is disabled
[        ] Caching disabled for task ':app:compileDebugKotlin' because:
[        ]   Build cache is disabled
[        ] Task ':app:compileDebugKotlin' is not up-to-date because:
[        ]   No history is available.
[        ] The input changes require a full rebuild for incremental task ':app:compileDebugKotlin'.
[        ] file or directory 'E:\My Projects\EchoSift\frontend\android\app\src\debug\kotlin', not found
[        ] file or directory 'E:\My Projects\EchoSift\frontend\android\app\src\debug\java', not found
[        ] file or directory 'E:\My Projects\EchoSift\frontend\android\app\src\debug\kotlin', not found
[        ] file or directory 'E:\My Projects\EchoSift\frontend\android\app\src\debug\kotlin', not found
[        ] file or directory 'E:\My Projects\EchoSift\frontend\android\app\src\debug\java', not found
[        ] file or directory 'E:\My Projects\EchoSift\frontend\android\app\src\debug\java', not found
[        ] file or directory 'E:\My Projects\EchoSift\frontend\android\app\src\debug\kotlin', not found
[        ] file or directory 'E:\My Projects\EchoSift\frontend\android\app\src\debug\java', not found
[   +6 ms] file or directory 'E:\My Projects\EchoSift\frontend\android\app\src\debug\kotlin', not found
[        ] file or directory 'E:\My Projects\EchoSift\frontend\android\app\src\debug\kotlin', not found
[        ] file or directory 'E:\My Projects\EchoSift\frontend\android\app\src\debug\java', not found
[        ] file or directory 'E:\My Projects\EchoSift\frontend\android\app\src\debug\kotlin', not found
[        ] file or directory 'E:\My Projects\EchoSift\frontend\android\app\src\debug\java', not found
[        ] file or directory 'E:\My Projects\EchoSift\frontend\android\app\src\debug\kotlin', not found
[        ] file or directory 'E:\My Projects\EchoSift\frontend\android\app\src\debug\kotlin', not found
[        ] file or directory 'E:\My Projects\EchoSift\frontend\android\app\src\debug\java', not found
[        ] file or directory 'E:\My Projects\EchoSift\frontend\android\app\src\debug\java', not found
[        ] file or directory 'E:\My Projects\EchoSift\frontend\android\app\src\debug\kotlin', not found
[        ] file or directory 'E:\My Projects\EchoSift\frontend\android\app\src\debug\java', not found
[        ] file or directory 'E:\My Projects\EchoSift\frontend\android\app\src\debug\kotlin', not found
[        ] file or directory 'E:\My Projects\EchoSift\frontend\android\app\src\debug\kotlin', not found
[        ] file or directory 'E:\My Projects\EchoSift\frontend\android\app\src\debug\java', not found
[        ] file or directory 'E:\My Projects\EchoSift\frontend\android\app\src\debug\java', not found
[        ] file or directory 'E:\My Projects\EchoSift\frontend\android\app\src\debug\kotlin', not found
[        ] file or directory 'E:\My Projects\EchoSift\frontend\android\app\src\debug\java', not found
[        ] file or directory 'E:\My Projects\EchoSift\frontend\android\app\src\debug\kotlin', not found
[        ] file or directory 'E:\My Projects\EchoSift\frontend\android\app\src\debug\kotlin', not found
[        ] file or directory 'E:\My Projects\EchoSift\frontend\android\app\src\debug\java', not found
[        ] file or directory 'E:\My Projects\EchoSift\frontend\android\app\src\debug\java', not found
[        ] Kotlin source files: E:\My Projects\EchoSift\frontend\android\app\src\main\kotlin\com\example\echosift\MainActivity.kt
[        ] Java source files: E:\My Projects\EchoSift\frontend\android\app\src\main\java\io\flutter\plugins\GeneratedPluginRegistrant.java
[        ] Script source files: 
[        ] Script file extensions: 
[        ] Using Kotlin/JVM incremental compilation
[        ] [KOTLIN] Kotlin compilation 'jdkHome' argument: null
[        ] Options for KOTLIN DAEMON: IncrementalCompilationOptions(super=CompilationOptions(compilerMode=INCREMENTAL_COMPILER, targetPlatform=JVM, reportCategories=[0, 3], reportSeverity=2, requestedCompilationResults=[0], kotlinScriptExtensions=[]), sourceChanges=org.jetbrains.kotlin.buildtools.api.SourcesChanges$Unknown@7b605151, classpathChanges=NotAvailableForNonIncrementalRun, workingDir=E:\My Projects\EchoSift\frontend\build\app\kotlin\compileDebugKotlin\cacheable, multiModuleICSettings=MultiModuleICSettings(buildHistoryFile=E:\My Projects\EchoSift\frontend\build\app\kotlin\compileDebugKotlin\local-state\build-history.bin, useModuleDetection=true), icFeatures=IncrementalCompilationFeatures(usePreciseJavaTracking=true, withAbiSnapshot=false, preciseCompilationResultsBackup=true, keepIncrementalCompilationCachesInMemory=true, enableUnsafeIncrementalCompilationForMultiplatform=false, enableMonotonousIncrementalCompileSetExpansion=true), outputFiles=[E:\My Projects\EchoSift\frontend\build\app\tmp\kotlin-classes\debug, E:\My Projects\EchoSift\frontend\build\app\kotlin\compileDebugKotlin\cacheable, E:\My Projects\EchoSift\frontend\build\app\kotlin\compileDebugKotlin\local-state])
[ +859 ms] > Transform bundleLibRuntimeToDirDebug (project :permission_handler_android) with DexingNoClasspathTransform
[        ] Caching disabled for DexingNoClasspathTransform: E:\My Projects\EchoSift\frontend\build\permission_handler_android\intermediates\runtime_library_classes_dir\debug\bundleLibRuntimeToDirDebug because:
[   +1 ms]   Build cache is disabled
[        ] DexingNoClasspathTransform: E:\My Projects\EchoSift\frontend\build\permission_handler_android\intermediates\runtime_library_classes_dir\debug\bundleLibRuntimeToDirDebug is not up-to-date because:
[   +2 ms]   No history is available.
[        ] The input changes require a full rebuild for incremental DexingNoClasspathTransform: E:\My Projects\EchoSift\frontend\build\permission_handler_android\intermediates\runtime_library_classes_dir\debug\bundleLibRuntimeToDirDebug.
[        ] Running dexing transform non-incrementally for 'E:\My Projects\EchoSift\frontend\build\permission_handler_android\intermediates\runtime_library_classes_dir\debug\bundleLibRuntimeToDirDebug'
[        ] DexingOutputSplitTransform (Thread[#166,included builds,5,main]) started.
[        ] > Transform bundleLibRuntimeToDirDebug (project :permission_handler_android) with DexingOutputSplitTransform
[        ] Caching disabled for DexingOutputSplitTransform: E:\My Projects\EchoSift\frontend\build\permission_handler_android\.transforms\05d2a1ae817d28bb40b2c688e0139989\transformed\bundleLibRuntimeToDirDebug because:
[        ]   Build cache is disabled
[        ]   Caching not enabled.
[ +390 ms] > Task :record_android:bundleLibRuntimeToDirDebug
[        ] Caching disabled for task ':record_android:bundleLibRuntimeToDirDebug' because:
[        ]   Build cache is disabled
[        ]   Simple merging task
[        ] Task ':record_android:bundleLibRuntimeToDirDebug' is not up-to-date because:
[        ]   No history is available.
[        ] The input changes require a full rebuild for incremental task ':record_android:bundleLibRuntimeToDirDebug'.
[  +99 ms] > Task :app:configureCMakeDebug[arm64-v8a]
[        ] Caching disabled for task ':app:configureCMakeDebug[arm64-v8a]' because:
[        ]   Build cache is disabled
[        ]   Caching has been disabled for the task
[        ] Task ':app:configureCMakeDebug[arm64-v8a]' is not up-to-date because:
[        ]   Task.upToDateWhen is false.
[        ] Checking the license for package CMake 3.22.1 in E:\AndroidSDK\licenses
[        ] License for package CMake 3.22.1 accepted.
[        ] Preparing "Install CMake 3.22.1 v.3.22.1".
[+3096 ms] > Task :app:compileDebugKotlin
[        ] Finished executing kotlin compiler using DAEMON strategy
[+2303 ms] > Task :app:configureCMakeDebug[arm64-v8a]
[        ] "Install CMake 3.22.1 v.3.22.1" ready.
[        ] Installing CMake 3.22.1 in E:\AndroidSDK\cmake\3.22.1
[        ] "Install CMake 3.22.1 v.3.22.1" complete.
[        ] "Install CMake 3.22.1 v.3.22.1" finished.
[ +402 ms] C/C++: E:\flutter\packages\flutter_tools\gradle\src\main\scripts\CMakeLists.txt debug|arm64-v8a : Start JSON generation. Platform version: 24 min SDK version: arm64-v8a
[  +92 ms] C/C++: E:\flutter\packages\flutter_tools\gradle\src\main\scripts\CMakeLists.txt debug|arm64-v8a : rebuilding JSON E:\My Projects\EchoSift\frontend\build\.cxx\debug\ve25f651\arm64-v8a\android_gradle_build.json due to:
[        ] C/C++: E:\flutter\packages\flutter_tools\gradle\src\main\scripts\CMakeLists.txt debug|arm64-v8a : - no fingerprint file, will remove stale configuration folder
[        ] C/C++: E:\flutter\packages\flutter_tools\gradle\src\main\scripts\CMakeLists.txt debug|arm64-v8a : removing stale contents from 'E:\My Projects\EchoSift\frontend\build\.cxx\debug\ve25f651\arm64-v8a'
[        ] C/C++: E:\flutter\packages\flutter_tools\gradle\src\main\scripts\CMakeLists.txt debug|arm64-v8a : created folder 'E:\My Projects\EchoSift\frontend\build\.cxx\debug\ve25f651\arm64-v8a'
[        ] C/C++: E:\flutter\packages\flutter_tools\gradle\src\main\scripts\CMakeLists.txt debug|arm64-v8a : executing cmake @echo off
[        ] "E:\\AndroidSDK\\cmake\\3.22.1\\bin\\cmake.exe" ^
[        ]   "-HE:\\flutter\\packages\\flutter_tools\\gradle\\src\\main\\scripts" ^
[        ]   "-DCMAKE_SYSTEM_NAME=Android" ^
[        ]   "-DCMAKE_EXPORT_COMPILE_COMMANDS=ON" ^
[        ]   "-DCMAKE_SYSTEM_VERSION=24" ^
[        ]   "-DANDROID_PLATFORM=android-24" ^
[        ]   "-DANDROID_ABI=arm64-v8a" ^
[        ]   "-DCMAKE_ANDROID_ARCH_ABI=arm64-v8a" ^
[        ]   "-DANDROID_NDK=E:\\AndroidSDK\\ndk\\28.2.13676358" ^
[        ]   "-DCMAKE_ANDROID_NDK=E:\\AndroidSDK\\ndk\\28.2.13676358" ^
[        ]   "-DCMAKE_TOOLCHAIN_FILE=E:\\AndroidSDK\\ndk\\28.2.13676358\\build\\cmake\\android.toolchain.cmake" ^
[        ]   "-DCMAKE_MAKE_PROGRAM=E:\\AndroidSDK\\cmake\\3.22.1\\bin\\ninja.exe" ^
[        ]   "-DCMAKE_LIBRARY_OUTPUT_DIRECTORY=E:\\My Projects\\EchoSift\\frontend\\build\\app\\intermediates\\cxx\\debug\\ve25f651\\obj\\arm64-v8a" ^
[        ]   "-DCMAKE_RUNTIME_OUTPUT_DIRECTORY=E:\\My Projects\\EchoSift\\frontend\\build\\app\\intermediates\\cxx\\debug\\ve25f651\\obj\\arm64-v8a" ^
[        ]   "-BE:\\My Projects\\EchoSift\\frontend\\build\\.cxx\\debug\\ve25f651\\arm64-v8a" ^
[        ]   -GNinja ^
[        ]   -Wno-dev ^
[        ]   --no-warn-unused-cli ^
[        ]   "-DCMAKE_BUILD_TYPE=debug"
[        ] C/C++: E:\flutter\packages\flutter_tools\gradle\src\main\scripts\CMakeLists.txt debug|arm64-v8a : @echo off
[        ] "E:\\AndroidSDK\\cmake\\3.22.1\\bin\\cmake.exe" ^
[        ]   "-HE:\\flutter\\packages\\flutter_tools\\gradle\\src\\main\\scripts" ^
[        ]   "-DCMAKE_SYSTEM_NAME=Android" ^
[        ]   "-DCMAKE_EXPORT_COMPILE_COMMANDS=ON" ^
[        ]   "-DCMAKE_SYSTEM_VERSION=24" ^
[        ]   "-DANDROID_PLATFORM=android-24" ^
[        ]   "-DANDROID_ABI=arm64-v8a" ^
[        ]   "-DCMAKE_ANDROID_ARCH_ABI=arm64-v8a" ^
[        ]   "-DANDROID_NDK=E:\\AndroidSDK\\ndk\\28.2.13676358" ^
[        ]   "-DCMAKE_ANDROID_NDK=E:\\AndroidSDK\\ndk\\28.2.13676358" ^
[        ]   "-DCMAKE_TOOLCHAIN_FILE=E:\\AndroidSDK\\ndk\\28.2.13676358\\build\\cmake\\android.toolchain.cmake" ^
[        ]   "-DCMAKE_MAKE_PROGRAM=E:\\AndroidSDK\\cmake\\3.22.1\\bin\\ninja.exe" ^
[        ]   "-DCMAKE_LIBRARY_OUTPUT_DIRECTORY=E:\\My Projects\\EchoSift\\frontend\\build\\app\\intermediates\\cxx\\debug\\ve25f651\\obj\\arm64-v8a" ^
[        ]   "-DCMAKE_RUNTIME_OUTPUT_DIRECTORY=E:\\My Projects\\EchoSift\\frontend\\build\\app\\intermediates\\cxx\\debug\\ve25f651\\obj\\arm64-v8a" ^
[        ]   "-BE:\\My Projects\\EchoSift\\frontend\\build\\.cxx\\debug\\ve25f651\\arm64-v8a" ^
[        ]   -GNinja ^
[        ]   -Wno-dev ^
[        ]   --no-warn-unused-cli ^
[        ]   "-DCMAKE_BUILD_TYPE=debug"
[        ] Starting process 'command 'E:\AndroidSDK\cmake\3.22.1\bin\cmake.exe''. Working directory: E:\My Projects\EchoSift\frontend\android\app Command: E:\AndroidSDK\cmake\3.22.1\bin\cmake.exe -HE:\flutter\packages\flutter_tools\gradle\src\main\scripts -DCMAKE_SYSTEM_NAME=Android -DCMAKE_EXPORT_COMPILE_COMMANDS=ON -DCMAKE_SYSTEM_VERSION=24 -DANDROID_PLATFORM=android-24 -DANDROID_ABI=arm64-v8a -DCMAKE_ANDROID_ARCH_ABI=arm64-v8a -DANDROID_NDK=E:\AndroidSDK\ndk\28.2.13676358 -DCMAKE_ANDROID_NDK=E:\AndroidSDK\ndk\28.2.13676358 -DCMAKE_TOOLCHAIN_FILE=E:\AndroidSDK\ndk\28.2.13676358\build\cmake\android.toolchain.cmake -DCMAKE_MAKE_PROGRAM=E:\AndroidSDK\cmake\3.22.1\bin\ninja.exe -DCMAKE_LIBRARY_OUTPUT_DIRECTORY=E:\My Projects\EchoSift\frontend\build\app\intermediates\cxx\debug\ve25f651\obj\arm64-v8a -DCMAKE_RUNTIME_OUTPUT_DIRECTORY=E:\My Projects\EchoSift\frontend\build\app\intermediates\cxx\debug\ve25f651\obj\arm64-v8a -BE:\My Projects\EchoSift\frontend\build\.cxx\debug\ve25f651\arm64-v8a -GNinja -Wno-dev --no-warn-unused-cli -DCMAKE_BUILD_TYPE=debug
[ +801 ms] Successfully started process 'command 'E:\AndroidSDK\cmake\3.22.1\bin\cmake.exe''
[+23496 ms] C/C++: E:\flutter\packages\flutter_tools\gradle\src\main\scripts\CMakeLists.txt debug|arm64-v8a : Received process result: 0
[ +105 ms] C/C++: E:\flutter\packages\flutter_tools\gradle\src\main\scripts\CMakeLists.txt debug|arm64-v8a : E:\My Projects\EchoSift\frontend\build\.cxx\debug\ve25f651\arm64-v8a\compile_commands.json.bin existed but not E:\My Projects\EchoSift\frontend\build\.cxx\debug\ve25f651\arm64-v8a\compile_commands.json
[        ] C/C++: E:\flutter\packages\flutter_tools\gradle\src\main\scripts\CMakeLists.txt debug|arm64-v8a : done executing cmake
[ +107 ms] C/C++: E:\flutter\packages\flutter_tools\gradle\src\main\scripts\CMakeLists.txt debug|arm64-v8a : JSON generation completed without problems
[ +188 ms] C/C++: E:\flutter\packages\flutter_tools\gradle\src\main\scripts\CMakeLists.txt debug|arm64-v8a : Writing build model to E:\My Projects\EchoSift\frontend\build\app\intermediates\cxx\debug\ve25f651\logs\arm64-v8a\build_model.json
[  +93 ms] work action resolve bundleLibRuntimeToDirDebug (project :record_android) (Thread[#170,Execution worker Thread 4,5,main]) started.
[        ] Resolve mutations for :app:compileDebugJavaWithJavac (Thread[#170,Execution worker Thread 4,5,main]) started.
[        ] ClassesDirToClassesTransform (Thread[#169,Execution worker Thread 3,5,main]) started.
[        ] :app:compileDebugJavaWithJavac (Thread[#170,Execution worker Thread 4,5,main]) started.
[        ] > Transform bundleLibRuntimeToDirDebug (project :record_android) with ClassesDirToClassesTransform
[        ] Caching disabled for ClassesDirToClassesTransform: E:\My Projects\EchoSift\frontend\build\record_android\intermediates\runtime_library_classes_dir\debug\bundleLibRuntimeToDirDebug because:
[        ]   Build cache is disabled
[        ]   Caching not enabled.
[        ] DexingNoClasspathTransform (Thread[#169,Execution worker Thread 3,5,main]) started.
[+1596 ms] > Transform bundleLibRuntimeToDirDebug (project :record_android) with DexingNoClasspathTransform
[        ] Caching disabled for DexingNoClasspathTransform: E:\My Projects\EchoSift\frontend\build\record_android\intermediates\runtime_library_classes_dir\debug\bundleLibRuntimeToDirDebug because:
[        ]   Build cache is disabled
[        ] DexingNoClasspathTransform: E:\My Projects\EchoSift\frontend\build\record_android\intermediates\runtime_library_classes_dir\debug\bundleLibRuntimeToDirDebug is not up-to-date because:
[        ]   No history is available.
[        ] The input changes require a full rebuild for incremental DexingNoClasspathTransform: E:\My Projects\EchoSift\frontend\build\record_android\intermediates\runtime_library_classes_dir\debug\bundleLibRuntimeToDirDebug.
[        ] Running dexing transform non-incrementally for 'E:\My Projects\EchoSift\frontend\build\record_android\intermediates\runtime_library_classes_dir\debug\bundleLibRuntimeToDirDebug'
[        ] DexingOutputSplitTransform (Thread[#169,Execution worker Thread 3,5,main]) started.
[        ] > Transform bundleLibRuntimeToDirDebug (project :record_android) with DexingOutputSplitTransform
[        ] Caching disabled for DexingOutputSplitTransform: E:\My Projects\EchoSift\frontend\build\record_android\.transforms\bdd77fae620eb20591da16238a177bd5\transformed\bundleLibRuntimeToDirDebug because:
[        ]   Build cache is disabled
[        ]   Caching not enabled.
[        ] > Task :app:compileDebugJavaWithJavac
[        ] Custom actions are attached to task ':app:compileDebugJavaWithJavac'.
[        ] Caching disabled for task ':app:compileDebugJavaWithJavac' because:
[        ]   Build cache is disabled
[        ] Task ':app:compileDebugJavaWithJavac' is not up-to-date because:
[        ]   No history is available.
[        ] The input changes require a full rebuild for incremental task ':app:compileDebugJavaWithJavac'.
[        ] Compilation mode: in-process compilation
[        ] Full recompilation is required because no incremental change information is available. This is usually caused by clean builds or changing compiler arguments.
[        ] Compiling with toolchain 'E:\Android Studio\jbr'.
[        ] file or directory 'E:\My Projects\EchoSift\frontend\android\app\src\debug\java', not found
[        ] Compiling with JDK Java compiler API.
[        ] Class dependency analysis for incremental compilation took 0.019 secs.
[        ] Created classpath snapshot for incremental compilation in 0.035 secs.
[        ] Resolve mutations for :app:dexBuilderDebug (Thread[#170,Execution worker Thread 4,5,main]) started.
[        ] :app:dexBuilderDebug (Thread[#170,Execution worker Thread 4,5,main]) started.
[ +399 ms] > Task :app:dexBuilderDebug
[        ] Caching disabled for task ':app:dexBuilderDebug' because:
[        ]   Build cache is disabled
[        ] Task ':app:dexBuilderDebug' is not up-to-date because:
[        ]   No history is available.
[        ] The input changes require a full rebuild for incremental task ':app:dexBuilderDebug'.
[        ] Dex builder is incremental : false 
[        ] Processing input E:\My Projects\EchoSift\frontend\build\app\tmp\kotlin-classes\debug
[        ] Processing input E:\My Projects\EchoSift\frontend\build\app\intermediates\javac\debug\compileDebugJavaWithJavac\classes
[        ] Dexing E:\My Projects\EchoSift\frontend\build\app\tmp\kotlin-classes\debug
[        ] Dexing E:\My Projects\EchoSift\frontend\build\app\intermediates\javac\debug\compileDebugJavaWithJavac\classes
[        ] Processing input E:\My Projects\EchoSift\frontend\build\app\intermediates\compile_and_runtime_not_namespaced_r_class_jar\debug\processDebugResources\R.jar
[        ] Dexing E:\My Projects\EchoSift\frontend\build\app\intermediates\compile_and_runtime_not_namespaced_r_class_jar\debug\processDebugResources\R.jar
[        ] Dexing 'E:\My Projects\EchoSift\frontend\build\app\tmp\kotlin-classes\debug' to 'E:\My Projects\EchoSift\frontend\build\app\intermediates\project_dex_archive\debug\dexBuilderDebug\out'
[        ] Dexing 'E:\My Projects\EchoSift\frontend\build\app\intermediates\compile_and_runtime_not_namespaced_r_class_jar\debug\processDebugResources\R.jar' to 'E:\My Projects\EchoSift\frontend\build\app\intermediates\project_dex_archive\debug\dexBuilderDebug\out\f5eca6c0e5f2f4d796e0c0d15b9cf4d1e88fef81c5a1a7757a935f4b21804795_0.jar'
[        ] Dexing 'E:\My Projects\EchoSift\frontend\build\app\tmp\kotlin-classes\debug' to 'E:\My Projects\EchoSift\frontend\build\app\intermediates\project_dex_archive\debug\dexBuilderDebug\out'
[        ] Dexing 'E:\My Projects\EchoSift\frontend\build\app\intermediates\javac\debug\compileDebugJavaWithJavac\classes' to 'E:\My Projects\EchoSift\frontend\build\app\intermediates\project_dex_archive\debug\dexBuilderDebug\out'
[        ] Dexing 'E:\My Projects\EchoSift\frontend\build\app\intermediates\javac\debug\compileDebugJavaWithJavac\classes' to 'E:\My Projects\EchoSift\frontend\build\app\intermediates\project_dex_archive\debug\dexBuilderDebug\out'
[        ] Dexing 'E:\My Projects\EchoSift\frontend\build\app\tmp\kotlin-classes\debug' to 'E:\My Projects\EchoSift\frontend\build\app\intermediates\project_dex_archive\debug\dexBuilderDebug\out'
[        ] Dexing 'E:\My Projects\EchoSift\frontend\build\app\intermediates\javac\debug\compileDebugJavaWithJavac\classes' to 'E:\My Projects\EchoSift\frontend\build\app\intermediates\project_dex_archive\debug\dexBuilderDebug\out'
[        ] Dexing 'E:\My Projects\EchoSift\frontend\build\app\intermediates\compile_and_runtime_not_namespaced_r_class_jar\debug\processDebugResources\R.jar' to 'E:\My Projects\EchoSift\frontend\build\app\intermediates\project_dex_archive\debug\dexBuilderDebug\out\f5eca6c0e5f2f4d796e0c0d15b9cf4d1e88fef81c5a1a7757a935f4b21804795_2.jar'
[        ] Dexing 'E:\My Projects\EchoSift\frontend\build\app\intermediates\compile_and_runtime_not_namespaced_r_class_jar\debug\processDebugResources\R.jar' to 'E:\My Projects\EchoSift\frontend\build\app\intermediates\project_dex_archive\debug\dexBuilderDebug\out\f5eca6c0e5f2f4d796e0c0d15b9cf4d1e88fef81c5a1a7757a935f4b21804795_1.jar'
[        ] Done with all dex archive conversions
[        ] Resolve mutations for :app:mergeDebugGlobalSynthetics (Thread[#170,Execution worker Thread 4,5,main]) started.
[        ] :app:mergeDebugGlobalSynthetics (Thread[#170,Execution worker Thread 4,5,main]) started.
[ +313 ms] Resolve mutations for :app:processDebugJavaRes (Thread[#169,Execution worker Thread 3,5,main]) started.
[        ] :app:processDebugJavaRes (Thread[#169,Execution worker Thread 3,5,main]) started.
[        ] > Task :app:mergeDebugGlobalSynthetics
[        ] Caching disabled for DexingOutputSplitTransform: C:\Users\Volted User\.gradle\caches\8.14\transforms\8c6250386244e617694acd6e3a6632a1\transformed\flutter_embedding_debug-1.0.0-587c18f873b8ab57330422bce09047420d9c7f42 because:
[        ]   Build cache is disabled
[        ]   Caching not enabled.
[        ] Caching disabled for DexingOutputSplitTransform: C:\Users\Volted User\.gradle\caches\8.14\transforms\f3da74049a0a50e2798ba159383b8b81\transformed\fragment-1.7.1-runtime because:
[        ]   Build cache is disabled
[        ]   Caching not enabled.
[        ] Caching disabled for DexingOutputSplitTransform: C:\Users\Volted User\.gradle\caches\8.14\transforms\14f29a3a42e8ab03dbc9cb6c60ab11d5\transformed\window-1.2.0-runtime because:
[        ]   Build cache is disabled
[        ]   Caching not enabled.
[        ] Caching disabled for DexingOutputSplitTransform: C:\Users\Volted User\.gradle\caches\8.14\transforms\363b89c1a5d01411b38d5c99167f98ef\transformed\window-java-1.2.0-runtime because:
[        ]   Build cache is disabled
[        ]   Caching not enabled.
[        ] Caching disabled for DexingOutputSplitTransform: C:\Users\Volted User\.gradle\caches\8.14\transforms\0f828c6f7895623dd9249db8be68b5c3\transformed\activity-1.8.1-runtime because:
[        ]   Build cache is disabled
[        ]   Caching not enabled.
[        ] Caching disabled for DexingOutputSplitTransform: C:\Users\Volted User\.gradle\caches\8.14\transforms\16ef9c6a4414cc852240d42a6416233c\transformed\loader-1.0.0-runtime because:
[        ]   Build cache is disabled
[        ]   Caching not enabled.
[        ] Caching disabled for DexingOutputSplitTransform: C:\Users\Volted User\.gradle\caches\8.14\transforms\f3475db2ad241993497130bca23deb1a\transformed\viewpager-1.0.0-runtime because:
[        ]   Build cache is disabled
[        ]   Caching not enabled.
[        ] Caching disabled for DexingOutputSplitTransform: C:\Users\Volted User\.gradle\caches\8.14\transforms\29dad8fab0f8097488c3f31542c1da20\transformed\lifecycle-livedata-core-ktx-2.7.0-runtime because:
[        ]   Build cache is disabled
[        ]   Caching not enabled.
[        ] Caching disabled for DexingOutputSplitTransform: C:\Users\Volted User\.gradle\caches\8.14\transforms\6d176264c3b75d24ae05acafb1d772f1\transformed\lifecycle-livedata-2.7.0-runtime because:
[        ]   Build cache is disabled
[        ]   Caching not enabled.
[        ] Caching disabled for DexingOutputSplitTransform: C:\Users\Volted User\.gradle\caches\8.14\transforms\f7c6336640cc52902e5b95cfada9565b\transformed\lifecycle-viewmodel-2.7.0-runtime because:
[        ]   Build cache is disabled
[        ]   Caching not enabled.
[        ] Caching disabled for DexingOutputSplitTransform: C:\Users\Volted User\.gradle\caches\8.14\transforms\54b655e240720e498f405950b3d5891d\transformed\lifecycle-livedata-core-2.7.0-runtime because:
[        ]   Build cache is disabled
[        ]   Caching not enabled.
[        ] Caching disabled for DexingOutputSplitTransform: C:\Users\Volted User\.gradle\caches\8.14\transforms\c58dce1c4a3497893ebfebf3185ec822\transformed\lifecycle-viewmodel-savedstate-2.7.0-runtime because:
[        ]   Build cache is disabled
[        ]   Caching not enabled.
[        ] Caching disabled for DexingOutputSplitTransform: C:\Users\Volted User\.gradle\caches\8.14\transforms\87f177d1ecb68c7d75c71526418776e3\transformed\core-ktx-1.13.1-runtime because:
[        ]   Build cache is disabled
[        ]   Caching not enabled.
[        ] Caching disabled for DexingOutputSplitTransform: C:\Users\Volted User\.gradle\caches\8.14\transforms\91b74a06fa8fa1068c906d0e2d40b848\transformed\customview-1.0.0-runtime because:
[        ]   Build cache is disabled
[        ]   Caching not enabled.
[        ] Caching disabled for DexingOutputSplitTransform: C:\Users\Volted User\.gradle\caches\8.14\transforms\a32848eba72cc3c4e67b5018f2f85fe4\transformed\core-1.13.1-runtime because:
[        ]   Build cache is disabled
[        ]   Caching not enabled.
[        ] Caching disabled for DexingOutputSplitTransform: C:\Users\Volted User\.gradle\caches\8.14\transforms\11cc5e27ca772d099e97b739c643dbd9\transformed\lifecycle-runtime-2.7.0-runtime because:
[        ]   Build cache is disabled
[        ]   Caching not enabled.
[        ] Caching disabled for DexingOutputSplitTransform: C:\Users\Volted User\.gradle\caches\8.14\transforms\bdefe46fb34abeea789f3da1aaae4597\transformed\lifecycle-process-2.7.0-runtime because:
[        ]   Build cache is disabled
[        ]   Caching not enabled.
[        ] Caching disabled for DexingOutputSplitTransform: C:\Users\Volted User\.gradle\caches\8.14\transforms\adb1274de169c2d2f2911bfae8955d57\transformed\lifecycle-common-2.7.0 because:
[        ]   Build cache is disabled
[        ]   Caching not enabled.
[        ] Caching disabled for DexingOutputSplitTransform: C:\Users\Volted User\.gradle\caches\8.14\transforms\74ccae718cff3d9df42dac4169111df7\transformed\profileinstaller-1.3.1-runtime because:
[        ]   Build cache is disabled
[        ]   Caching not enabled.
[        ] Caching disabled for DexingOutputSplitTransform: C:\Users\Volted User\.gradle\caches\8.14\transforms\26d471f4cc998672ff625476524809ce\transformed\savedstate-1.2.1-runtime because:
[        ]   Build cache is disabled
[        ]   Caching not enabled.
[        ] Caching disabled for DexingOutputSplitTransform: C:\Users\Volted User\.gradle\caches\8.14\transforms\fb989ddc7caefa08644cd506233e1e49\transformed\lifecycle-common-java8-2.7.0 because:
[        ]   Build cache is disabled
[        ]   Caching not enabled.
[        ] Caching disabled for DexingOutputSplitTransform: C:\Users\Volted User\.gradle\caches\8.14\transforms\4bf740b1cc1c4ab5a07ad87309254814\transformed\startup-runtime-1.1.1-runtime because:
[        ]   Build cache is disabled
[        ]   Caching not enabled.
[   +1 ms] Caching disabled for DexingOutputSplitTransform: C:\Users\Volted User\.gradle\caches\8.14\transforms\7504e64ead8fe20dc7bce67c69294ab8\transformed\tracing-1.2.0-runtime because:
[        ]   Build cache is disabled
[        ]   Caching not enabled.
[        ] Caching disabled for DexingOutputSplitTransform: C:\Users\Volted User\.gradle\caches\8.14\transforms\880b9c79d176e0240eff0fb8ea1693f3\transformed\core-runtime-2.2.0-runtime because:
[        ]   Build cache is disabled
[        ]   Caching not enabled.
[        ] Caching disabled for DexingOutputSplitTransform: C:\Users\Volted User\.gradle\caches\8.14\transforms\0085a47f6bcf39d3112b089340f7a8e4\transformed\core-common-2.2.0 because:
[        ]   Build cache is disabled
[        ]   Caching not enabled.
[        ] Caching disabled for DexingOutputSplitTransform: C:\Users\Volted User\.gradle\caches\8.14\transforms\62b659cc5f26716858b76692d817f504\transformed\collection-1.1.0 because:
[        ]   Build cache is disabled
[        ]   Caching not enabled.
[        ] Caching disabled for DexingOutputSplitTransform: C:\Users\Volted User\.gradle\caches\8.14\transforms\b25e0ce6f8cb3f3faf9df41653e9f8b5\transformed\versionedparcelable-1.1.1-runtime because:
[        ]   Build cache is disabled
[        ]   Caching not enabled.
[        ] Caching disabled for DexingOutputSplitTransform: C:\Users\Volted User\.gradle\caches\8.14\transforms\76609435d0cc527a33b34e0c9e783652\transformed\interpolator-1.0.0-runtime because:
[        ]   Build cache is disabled
[        ]   Caching not enabled.
[        ] Caching disabled for DexingOutputSplitTransform: C:\Users\Volted User\.gradle\caches\8.14\transforms\618e1968d8d7a7605db3adbf6b93ddc0\transformed\concurrent-futures-1.1.0 because:
[        ]   Build cache is disabled
[        ]   Caching not enabled.
[        ] Caching disabled for DexingOutputSplitTransform: C:\Users\Volted User\.gradle\caches\8.14\transforms\a74912ec0e069c514db81774ac1b5d50\transformed\core-1.0.0-runtime because:
[        ]   Build cache is disabled
[        ]   Caching not enabled.
[        ] Caching disabled for DexingOutputSplitTransform: C:\Users\Volted User\.gradle\caches\8.14\transforms\d6e182c0c4fab69d3a210116b618fcee\transformed\annotation-jvm-1.9.1 because:
[        ]   Build cache is disabled
[        ]   Caching not enabled.
[        ] Caching disabled for DexingOutputSplitTransform: C:\Users\Volted User\.gradle\caches\8.14\transforms\24fffc8da300bae24cf6f309ccc87ffb\transformed\kotlinx-coroutines-android-1.7.1 because:
[        ]   Build cache is disabled
[        ]   Caching not enabled.
[        ] Caching disabled for DexingOutputSplitTransform: C:\Users\Volted User\.gradle\caches\8.14\transforms\cda11e593138350093b34b5c10f8f0e1\transformed\kotlin-stdlib-jdk8-1.8.20 because:
[        ]   Build cache is disabled
[        ]   Caching not enabled.
[        ] Caching disabled for DexingOutputSplitTransform: C:\Users\Volted User\.gradle\caches\8.14\transforms\17444e6321698fb4153285a8ec616249\transformed\kotlinx-coroutines-core-jvm-1.7.1 because:
[        ]   Build cache is disabled
[        ]   Caching not enabled.
[        ] Caching disabled for DexingOutputSplitTransform: C:\Users\Volted User\.gradle\caches\8.14\transforms\8c567c28b8c5b301e109b2969f0cbbc6\transformed\annotation-experimental-1.4.0-runtime because:
[        ]   Build cache is disabled
[        ]   Caching not enabled.
[        ] Caching disabled for DexingOutputSplitTransform: C:\Users\Volted User\.gradle\caches\8.14\transforms\80db4d812edd81c57294c90226a6520b\transformed\kotlin-stdlib-jdk7-1.8.20 because:
[        ]   Build cache is disabled
[        ]   Caching not enabled.
[        ] Caching disabled for DexingOutputSplitTransform: C:\Users\Volted User\.gradle\caches\8.14\transforms\9a124eff4b2b5cc2b95110842b964b91\transformed\kotlin-stdlib-2.2.20 because:
[        ]   Build cache is disabled
[        ]   Caching not enabled.
[        ] Caching disabled for DexingOutputSplitTransform: C:\Users\Volted User\.gradle\caches\8.14\transforms\44468d451ab8a1be75c8db5577d8a0bf\transformed\arm64_v8a_debug-1.0.0-587c18f873b8ab57330422bce09047420d9c7f42 because:
[        ]   Build cache is disabled
[        ]   Caching not enabled.
[        ] Caching disabled for DexingOutputSplitTransform: C:\Users\Volted User\.gradle\caches\8.14\transforms\893d524c749c3805478d8719663b9340\transformed\relinker-1.4.5-runtime because:
[        ]   Build cache is disabled
[        ]   Caching not enabled.
[        ] Caching disabled for DexingOutputSplitTransform: C:\Users\Volted User\.gradle\caches\8.14\transforms\59afc30b491cfd24fd92738ee6876021\transformed\annotations-23.0.0 because:
[        ]   Build cache is disabled
[        ]   Caching not enabled.
[        ] Caching disabled for DexingOutputSplitTransform: C:\Users\Volted User\.gradle\caches\8.14\transforms\0b5d74d7dfaca25c0b2238b6a87ad1d0\transformed\listenablefuture-1.0 because:
[        ]   Build cache is disabled
[        ]   Caching not enabled.
[        ] Caching disabled for task ':app:mergeDebugGlobalSynthetics' because:
[        ]   Build cache is disabled
[        ] Task ':app:mergeDebugGlobalSynthetics' is not up-to-date because:
[        ]   No history is available.
[        ] > Task :app:processDebugJavaRes
[        ] file or directory 'E:\My Projects\EchoSift\frontend\android\app\src\main\resources', not found
[        ] file or directory 'E:\My Projects\EchoSift\frontend\android\app\src\debug\resources', not found
[        ] file or directory 'E:\My Projects\EchoSift\frontend\android\app\src\main\resources', not found
[   +1 ms] file or directory 'E:\My Projects\EchoSift\frontend\android\app\src\debug\resources', not found
[        ] Caching disabled for task ':app:processDebugJavaRes' because:
[        ]   Build cache is disabled
[        ]   Caching has been disabled for the task
[        ] Task ':app:processDebugJavaRes' is not up-to-date because:
[        ]   No history is available.
[        ] file or directory 'E:\My Projects\EchoSift\frontend\android\app\src\main\resources', not found
[        ] file or directory 'E:\My Projects\EchoSift\frontend\android\app\src\debug\resources', not found
[        ] file or directory 'E:\My Projects\EchoSift\frontend\android\app\src\main\resources', not found
[        ] file or directory 'E:\My Projects\EchoSift\frontend\android\app\src\debug\resources', not found
[        ] Resolve mutations for :app:mergeDebugJavaResource (Thread[#169,Execution worker Thread 3,5,main]) started.
[        ] :app:mergeDebugJavaResource (Thread[#169,Execution worker Thread 3,5,main]) started.
[+1978 ms] > Task :app:mergeDebugJavaResource
[        ] Caching disabled for AarTransform: C:\Users\Volted User\.gradle\caches\8.14\transforms\7217e782825a2d4d49e286a23835439b\transformed\window-1.2.0 because:
[        ]   Build cache is disabled
[        ]   Caching not enabled.
[        ] Caching disabled for AarTransform: C:\Users\Volted User\.gradle\caches\8.14\transforms\5fb50349239706e8a6594e22cd560397\transformed\fragment-1.7.1 because:
[        ]   Build cache is disabled
[        ]   Caching not enabled.
[        ] Caching disabled for AarTransform: C:\Users\Volted User\.gradle\caches\8.14\transforms\1e42bd289ddf0f442a3fc01efb84d3ba\transformed\activity-1.8.1 because:
[        ]   Build cache is disabled
[        ]   Caching not enabled.
[        ] Caching disabled for AarTransform: C:\Users\Volted User\.gradle\caches\8.14\transforms\684fec45a4a4620be950d54dccaf82cd\transformed\window-java-1.2.0 because:
[        ]   Build cache is disabled
[        ]   Caching not enabled.
[        ] Caching disabled for AarTransform: C:\Users\Volted User\.gradle\caches\8.14\transforms\0b8c65722c66640cf120e60317d42362\transformed\loader-1.0.0 because:
[        ]   Build cache is disabled
[        ]   Caching not enabled.
[        ] Caching disabled for AarTransform: C:\Users\Volted User\.gradle\caches\8.14\transforms\7be6cf4f52d84b0f524b317232df5d4c\transformed\viewpager-1.0.0 because:
[        ]   Build cache is disabled
[        ]   Caching not enabled.
[        ] Caching disabled for AarTransform: C:\Users\Volted User\.gradle\caches\8.14\transforms\95ee91d8a897d16eed1ef302f2de9371\transformed\lifecycle-livedata-core-ktx-2.7.0 because:
[        ]   Build cache is disabled
[        ]   Caching not enabled.
[        ] Caching disabled for AarTransform: C:\Users\Volted User\.gradle\caches\8.14\transforms\ee9028989d5df242a30968eb14819a13\transformed\lifecycle-livedata-2.7.0 because:
[        ]   Build cache is disabled
[        ]   Caching not enabled.
[        ] Caching disabled for AarTransform: C:\Users\Volted User\.gradle\caches\8.14\transforms\608dfc9e2582f51b81c1485fd62d55da\transformed\lifecycle-viewmodel-2.7.0 because:
[        ]   Build cache is disabled
[        ]   Caching not enabled.
[        ] Caching disabled for AarTransform: C:\Users\Volted User\.gradle\caches\8.14\transforms\134d38681951a9cb59e105fa43ce6ab5\transformed\lifecycle-livedata-core-2.7.0 because:
[        ]   Build cache is disabled
[        ]   Caching not enabled.
[        ] Caching disabled for AarTransform: C:\Users\Volted User\.gradle\caches\8.14\transforms\57a4845aed7b5ba78f501c04d4c94c43\transformed\lifecycle-viewmodel-savedstate-2.7.0 because:
[        ]   Build cache is disabled
[        ]   Caching not enabled.
[        ] Caching disabled for AarTransform: C:\Users\Volted User\.gradle\caches\8.14\transforms\bd7e8451c9c7af9c0727ed7672bd833e\transformed\core-ktx-1.13.1 because:
[        ]   Build cache is disabled
[        ]   Caching not enabled.
[        ] Caching disabled for AarTransform: C:\Users\Volted User\.gradle\caches\8.14\transforms\00a453ff382677488707e15bb6af4386\transformed\customview-1.0.0 because:
[        ]   Build cache is disabled
[        ]   Caching not enabled.
[        ] Caching disabled for AarTransform: C:\Users\Volted User\.gradle\caches\8.14\transforms\8cb437de8fdac72e2de918f9ee215ca3\transformed\core-1.13.1 because:
[        ]   Build cache is disabled
[        ]   Caching not enabled.
[        ] Caching disabled for AarTransform: C:\Users\Volted User\.gradle\caches\8.14\transforms\81bfdcaf88a095985faf642cd08a6310\transformed\lifecycle-runtime-2.7.0 because:
[        ]   Build cache is disabled
[        ]   Caching not enabled.
[        ] Caching disabled for AarTransform: C:\Users\Volted User\.gradle\caches\8.14\transforms\70c7f9c93d870d55aa75fb2befc1cc77\transformed\lifecycle-process-2.7.0 because:
[        ]   Build cache is disabled
[        ]   Caching not enabled.
[        ] Caching disabled for AarTransform: C:\Users\Volted User\.gradle\caches\8.14\transforms\a3c4bf2e80a7e6a2d3bfce7149bfaf69\transformed\savedstate-1.2.1 because:
[        ]   Build cache is disabled
[        ]   Caching not enabled.
[        ] Caching disabled for AarTransform: C:\Users\Volted User\.gradle\caches\8.14\transforms\fac3bdbb065ba11aedd38e2ea2c0656c\transformed\startup-runtime-1.1.1 because:
[        ]   Build cache is disabled
[        ]   Caching not enabled.
[        ] Caching disabled for AarTransform: C:\Users\Volted User\.gradle\caches\8.14\transforms\df5ed31f6e2668fd0cb1284d2affc9c1\transformed\profileinstaller-1.3.1 because:
[        ]   Build cache is disabled
[        ]   Caching not enabled.
[        ] Caching disabled for AarTransform: C:\Users\Volted User\.gradle\caches\8.14\transforms\f33585d6fc1e1b2a34e4c1d736d386ca\transformed\tracing-1.2.0 because:
[        ]   Build cache is disabled
[        ]   Caching not enabled.
[        ] Caching disabled for AarTransform: C:\Users\Volted User\.gradle\caches\8.14\transforms\95cdd7ca87255f13e4af9ad26a5e03dc\transformed\core-runtime-2.2.0 because:
[        ]   Build cache is disabled
[        ]   Caching not enabled.
[        ] Caching disabled for AarTransform: C:\Users\Volted User\.gradle\caches\8.14\transforms\75c850d93edffb1f0e79a2b1090091ce\transformed\versionedparcelable-1.1.1 because:
[        ]   Build cache is disabled
[        ]   Caching not enabled.
[        ] Caching disabled for AarTransform: C:\Users\Volted User\.gradle\caches\8.14\transforms\875ffbd89ac9c7dfd0a91922397ce327\transformed\interpolator-1.0.0 because:
[        ]   Build cache is disabled
[        ]   Caching not enabled.
[        ] Caching disabled for AarTransform: C:\Users\Volted User\.gradle\caches\8.14\transforms\8b553870adc7ac07c61aa64705ec7f72\transformed\core-1.0.0 because:
[        ]   Build cache is disabled
[        ]   Caching not enabled.
[        ] Caching disabled for AarTransform: C:\Users\Volted User\.gradle\caches\8.14\transforms\44f201f6ae2e842e99898292414fc732\transformed\annotation-experimental-1.4.0 because:
[        ]   Build cache is disabled
[        ]   Caching not enabled.
[        ] Caching disabled for AarTransform: C:\Users\Volted User\.gradle\caches\8.14\transforms\15a558128bbbec921e6710294f0a125f\transformed\relinker-1.4.5 because:
[        ]   Build cache is disabled
[        ]   Caching not enabled.
[ +801 ms] Caching disabled for task ':app:mergeDebugJavaResource' because:
[        ]   Build cache is disabled
[        ]   Caching has been disabled for the task
[        ] Task ':app:mergeDebugJavaResource' is not up-to-date because:
[        ]   No history is available.
[        ] The input changes require a full rebuild for incremental task ':app:mergeDebugJavaResource'.
[ +108 ms] Resolve mutations for :app:mergeLibDexDebug (Thread[#170,Execution worker Thread 4,5,main]) started.
[        ] :app:mergeLibDexDebug (Thread[#170,Execution worker Thread 4,5,main]) started.
[        ] Resolve mutations for :app:mergeProjectDexDebug (Thread[#171,Execution worker Thread 5,5,main]) started.
[        ] :app:mergeProjectDexDebug (Thread[#171,Execution worker Thread 5,5,main]) started.
[        ] Resolve mutations for :app:buildCMakeDebug[arm64-v8a] (Thread[#166,included builds,5,main]) started.
[        ] :app:buildCMakeDebug[arm64-v8a] (Thread[#166,included builds,5,main]) started.
[  +92 ms] > Task :app:buildCMakeDebug[arm64-v8a]
[        ] Caching disabled for task ':app:buildCMakeDebug[arm64-v8a]' because:
[        ]   Build cache is disabled
[        ]   Caching has been disabled for the task
[        ] Task ':app:buildCMakeDebug[arm64-v8a]' is not up-to-date because:
[        ]   Task.upToDateWhen is false.
[        ] C/C++: starting build
[        ] C/C++: reading expected JSONs
[        ] C/C++: done reading expected JSONs
[        ] C/C++: executing build commands for targets that produce .so files or executables
[        ] C/C++: evaluate miniconfig
[        ] C/C++: no libraries
[        ] Resolve mutations for :app:configureCMakeDebug[armeabi-v7a] (Thread[#166,included builds,5,main]) started.
[        ] :app:configureCMakeDebug[armeabi-v7a] (Thread[#166,included builds,5,main]) started.
[        ] > Task :app:mergeProjectDexDebug
[        ] Caching disabled for task ':app:mergeProjectDexDebug' because:
[        ]   Build cache is disabled
[        ] Task ':app:mergeProjectDexDebug' is not up-to-date because:
[        ]   No history is available.
[        ] The input changes require a full rebuild for incremental task ':app:mergeProjectDexDebug'.
[        ] Merging to 'E:\My Projects\EchoSift\frontend\build\app\intermediates\dex\debug\mergeProjectDexDebug\1' with D8 from all or a subset of dex files in E:\My Projects\EchoSift\frontend\build\app\intermediates\project_dex_archive\debug\dexBuilderDebug\out, and from all global synthetics files in 
[        ] Merging to 'E:\My Projects\EchoSift\frontend\build\app\intermediates\dex\debug\mergeProjectDexDebug\0' with D8 from all or a subset of dex files in E:\My Projects\EchoSift\frontend\build\app\intermediates\project_dex_archive\debug\dexBuilderDebug\out\f5eca6c0e5f2f4d796e0c0d15b9cf4d1e88fef81c5a1a7757a935f4b21804795_0.jar, E:\My Projects\EchoSift\frontend\build\app\intermediates\project_dex_archive\debug\dexBuilderDebug\out\f5eca6c0e5f2f4d796e0c0d15b9cf4d1e88fef81c5a1a7757a935f4b21804795_1.jar, E:\My Projects\EchoSift\frontend\build\app\intermediates\project_dex_archive\debug\dexBuilderDebug\out\f5eca6c0e5f2f4d796e0c0d15b9cf4d1e88fef81c5a1a7757a935f4b21804795_2.jar, and from all global synthetics files in 
[        ] Merging to 'E:\My Projects\EchoSift\frontend\build\app\intermediates\dex\debug\mergeProjectDexDebug\14' with D8 from all or a subset of dex files in E:\My Projects\EchoSift\frontend\build\app\intermediates\project_dex_archive\debug\dexBuilderDebug\out, and from all global synthetics files in 
[ +292 ms] > Task :app:mergeLibDexDebug
[        ] Caching disabled for task ':app:mergeLibDexDebug' because:
[        ]   Build cache is disabled
[        ] Task ':app:mergeLibDexDebug' is not up-to-date because:
[        ]   No history is available.
[        ] The input changes require a full rebuild for incremental task ':app:mergeLibDexDebug'.
[        ] Merging to 'E:\My Projects\EchoSift\frontend\build\app\intermediates\dex\debug\mergeLibDexDebug\1' with D8 from all or a subset of dex files in E:\My Projects\EchoSift\frontend\build\record_android\.transforms\bdd77fae620eb20591da16238a177bd5\transformed\bundleLibRuntimeToDirDebug\bundleLibRuntimeToDirDebug_dex, E:\My Projects\EchoSift\frontend\build\record_android\.transforms\bdd77fae620eb20591da16238a177bd5\transformed\bundleLibRuntimeToDirDebug\bundleLibRuntimeToDirDebug_dex, E:\My Projects\EchoSift\frontend\build\record_android\.transforms\bdd77fae620eb20591da16238a177bd5\transformed\bundleLibRuntimeToDirDebug\bundleLibRuntimeToDirDebug_dex, and from all global synthetics files in 
[        ] Merging to 'E:\My Projects\EchoSift\frontend\build\app\intermediates\dex\debug\mergeLibDexDebug\2' with D8 from all or a subset of dex files in E:\My Projects\EchoSift\frontend\build\record_android\.transforms\bdd77fae620eb20591da16238a177bd5\transformed\bundleLibRuntimeToDirDebug\bundleLibRuntimeToDirDebug_dex, E:\My Projects\EchoSift\frontend\build\record_android\.transforms\bdd77fae620eb20591da16238a177bd5\transformed\bundleLibRuntimeToDirDebug\bundleLibRuntimeToDirDebug_dex, E:\My Projects\EchoSift\frontend\build\record_android\.transforms\bdd77fae620eb20591da16238a177bd5\transformed\bundleLibRuntimeToDirDebug\bundleLibRuntimeToDirDebug_dex, and from all global synthetics files in 
[        ] Merging to 'E:\My Projects\EchoSift\frontend\build\app\intermediates\dex\debug\mergeLibDexDebug\3' with D8 from all or a subset of dex files in E:\My Projects\EchoSift\frontend\build\record_android\.transforms\bdd77fae620eb20591da16238a177bd5\transformed\bundleLibRuntimeToDirDebug\bundleLibRuntimeToDirDebug_dex, E:\My Projects\EchoSift\frontend\build\record_android\.transforms\bdd77fae620eb20591da16238a177bd5\transformed\bundleLibRuntimeToDirDebug\bundleLibRuntimeToDirDebug_dex, E:\My Projects\EchoSift\frontend\build\record_android\.transforms\bdd77fae620eb20591da16238a177bd5\transformed\bundleLibRuntimeToDirDebug\bundleLibRuntimeToDirDebug_dex, E:\My Projects\EchoSift\frontend\build\record_android\.transforms\bdd77fae620eb20591da16238a177bd5\transformed\bundleLibRuntimeToDirDebug\bundleLibRuntimeToDirDebug_dex, E:\My Projects\EchoSift\frontend\build\record_android\.transforms\bdd77fae620eb20591da16238a177bd5\transformed\bundleLibRuntimeToDirDebug\bundleLibRuntimeToDirDebug_dex, E:\My Projects\EchoSift\frontend\build\record_android\.transforms\bdd77fae620eb20591da16238a177bd5\transformed\bundleLibRuntimeToDirDebug\bundleLibRuntimeToDirDebug_dex, E:\My Projects\EchoSift\frontend\build\record_android\.transforms\bdd77fae620eb20591da16238a177bd5\transformed\bundleLibRuntimeToDirDebug\bundleLibRuntimeToDirDebug_dex, E:\My Projects\EchoSift\frontend\build\record_android\.transforms\bdd77fae620eb20591da16238a177bd5\transformed\bundleLibRuntimeToDirDebug\bundleLibRuntimeToDirDebug_dex, and from all global synthetics files in 
[   +1 ms] Merging to 'E:\My Projects\EchoSift\frontend\build\app\intermediates\dex\debug\mergeLibDexDebug\6' with D8 from all or a subset of dex files in E:\My Projects\EchoSift\frontend\build\record_android\.transforms\bdd77fae620eb20591da16238a177bd5\transformed\bundleLibRuntimeToDirDebug\bundleLibRuntimeToDirDebug_dex, E:\My Projects\EchoSift\frontend\build\record_android\.transforms\bdd77fae620eb20591da16238a177bd5\transformed\bundleLibRuntimeToDirDebug\bundleLibRuntimeToDirDebug_dex, E:\My Projects\EchoSift\frontend\build\record_android\.transforms\bdd77fae620eb20591da16238a177bd5\transformed\bundleLibRuntimeToDirDebug\bundleLibRuntimeToDirDebug_dex, E:\My Projects\EchoSift\frontend\build\record_android\.transforms\bdd77fae620eb20591da16238a177bd5\transformed\bundleLibRuntimeToDirDebug\bundleLibRuntimeToDirDebug_dex, E:\My Projects\EchoSift\frontend\build\record_android\.transforms\bdd77fae620eb20591da16238a177bd5\transformed\bundleLibRuntimeToDirDebug\bundleLibRuntimeToDirDebug_dex, E:\My Projects\EchoSift\frontend\build\record_android\.transforms\bdd77fae620eb20591da16238a177bd5\transformed\bundleLibRuntimeToDirDebug\bundleLibRuntimeToDirDebug_dex, E:\My Projects\EchoSift\frontend\build\record_android\.transforms\bdd77fae620eb20591da16238a177bd5\transformed\bundleLibRuntimeToDirDebug\bundleLibRuntimeToDirDebug_dex, E:\My Projects\EchoSift\frontend\build\record_android\.transforms\bdd77fae620eb20591da16238a177bd5\transformed\bundleLibRuntimeToDirDebug\bundleLibRuntimeToDirDebug_dex, E:\My Projects\EchoSift\frontend\build\record_android\.transforms\bdd77fae620eb20591da16238a177bd5\transformed\bundleLibRuntimeToDirDebug\bundleLibRuntimeToDirDebug_dex, E:\My Projects\EchoSift\frontend\build\record_android\.transforms\bdd77fae620eb20591da16238a177bd5\transformed\bundleLibRuntimeToDirDebug\bundleLibRuntimeToDirDebug_dex, E:\My Projects\EchoSift\frontend\build\record_android\.transforms\bdd77fae620eb20591da16238a177bd5\transformed\bundleLibRuntimeToDirDebug\bundleLibRuntimeToDirDebug_dex, E:\My Projects\EchoSift\frontend\build\record_android\.transforms\bdd77fae620eb20591da16238a177bd5\transformed\bundleLibRuntimeToDirDebug\bundleLibRuntimeToDirDebug_dex, E:\My Projects\EchoSift\frontend\build\record_android\.transforms\bdd77fae620eb20591da16238a177bd5\transformed\bundleLibRuntimeToDirDebug\bundleLibRuntimeToDirDebug_dex, E:\My Projects\EchoSift\frontend\build\record_android\.transforms\bdd77fae620eb20591da16238a177bd5\transformed\bundleLibRuntimeToDirDebug\bundleLibRuntimeToDirDebug_dex, E:\My Projects\EchoSift\frontend\build\record_android\.transforms\bdd77fae620eb20591da16238a177bd5\transformed\bundleLibRuntimeToDirDebug\bundleLibRuntimeToDirDebug_dex, E:\My Projects\EchoSift\frontend\build\record_android\.transforms\bdd77fae620eb20591da16238a177bd5\transformed\bundleLibRuntimeToDirDebug\bundleLibRuntimeToDirDebug_dex, E:\My Projects\EchoSift\frontend\build\record_android\.transforms\bdd77fae620eb20591da16238a177bd5\transformed\bundleLibRuntimeToDirDebug\bundleLibRuntimeToDirDebug_dex, E:\My Projects\EchoSift\frontend\build\record_android\.transforms\bdd77fae620eb20591da16238a177bd5\transformed\bundleLibRuntimeToDirDebug\bundleLibRuntimeToDirDebug_dex, and from all global synthetics files in 
[        ] Merging to 'E:\My Projects\EchoSift\frontend\build\app\intermediates\dex\debug\mergeLibDexDebug\7' with D8 from all or a subset of dex files in E:\My Projects\EchoSift\frontend\build\record_android\.transforms\bdd77fae620eb20591da16238a177bd5\transformed\bundleLibRuntimeToDirDebug\bundleLibRuntimeToDirDebug_dex, E:\My Projects\EchoSift\frontend\build\record_android\.transforms\bdd77fae620eb20591da16238a177bd5\transformed\bundleLibRuntimeToDirDebug\bundleLibRuntimeToDirDebug_dex, E:\My Projects\EchoSift\frontend\build\record_android\.transforms\bdd77fae620eb20591da16238a177bd5\transformed\bundleLibRuntimeToDirDebug\bundleLibRuntimeToDirDebug_dex, and from all global synthetics files in 
[        ] Merging to 'E:\My Projects\EchoSift\frontend\build\app\intermediates\dex\debug\mergeLibDexDebug\8' with D8 from all or a subset of dex files in E:\My Projects\EchoSift\frontend\build\record_android\.transforms\bdd77fae620eb20591da16238a177bd5\transformed\bundleLibRuntimeToDirDebug\bundleLibRuntimeToDirDebug_dex, E:\My Projects\EchoSift\frontend\build\record_android\.transforms\bdd77fae620eb20591da16238a177bd5\transformed\bundleLibRuntimeToDirDebug\bundleLibRuntimeToDirDebug_dex, E:\My Projects\EchoSift\frontend\build\record_android\.transforms\bdd77fae620eb20591da16238a177bd5\transformed\bundleLibRuntimeToDirDebug\bundleLibRuntimeToDirDebug_dex, E:\My Projects\EchoSift\frontend\build\record_android\.transforms\bdd77fae620eb20591da16238a177bd5\transformed\bundleLibRuntimeToDirDebug\bundleLibRuntimeToDirDebug_dex, E:\My Projects\EchoSift\frontend\build\record_android\.transforms\bdd77fae620eb20591da16238a177bd5\transformed\bundleLibRuntimeToDirDebug\bundleLibRuntimeToDirDebug_dex, E:\My Projects\EchoSift\frontend\build\record_android\.transforms\bdd77fae620eb20591da16238a177bd5\transformed\bundleLibRuntimeToDirDebug\bundleLibRuntimeToDirDebug_dex, E:\My Projects\EchoSift\frontend\build\record_android\.transforms\bdd77fae620eb20591da16238a177bd5\transformed\bundleLibRuntimeToDirDebug\bundleLibRuntimeToDirDebug_dex, E:\My Projects\EchoSift\frontend\build\record_android\.transforms\bdd77fae620eb20591da16238a177bd5\transformed\bundleLibRuntimeToDirDebug\bundleLibRuntimeToDirDebug_dex, E:\My Projects\EchoSift\frontend\build\record_android\.transforms\bdd77fae620eb20591da16238a177bd5\transformed\bundleLibRuntimeToDirDebug\bundleLibRuntimeToDirDebug_dex, E:\My Projects\EchoSift\frontend\build\record_android\.transforms\bdd77fae620eb20591da16238a177bd5\transformed\bundleLibRuntimeToDirDebug\bundleLibRuntimeToDirDebug_dex, and from all global synthetics files in 
[        ] Merging to 'E:\My Projects\EchoSift\frontend\build\app\intermediates\dex\debug\mergeLibDexDebug\10' with D8 from all or a subset of dex files in E:\My Projects\EchoSift\frontend\build\record_android\.transforms\bdd77fae620eb20591da16238a177bd5\transformed\bundleLibRuntimeToDirDebug\bundleLibRuntimeToDirDebug_dex, E:\My Projects\EchoSift\frontend\build\record_android\.transforms\bdd77fae620eb20591da16238a177bd5\transformed\bundleLibRuntimeToDirDebug\bundleLibRuntimeToDirDebug_dex, E:\My Projects\EchoSift\frontend\build\record_android\.transforms\bdd77fae620eb20591da16238a177bd5\transformed\bundleLibRuntimeToDirDebug\bundleLibRuntimeToDirDebug_dex, E:\My Projects\EchoSift\frontend\build\record_android\.transforms\bdd77fae620eb20591da16238a177bd5\transformed\bundleLibRuntimeToDirDebug\bundleLibRuntimeToDirDebug_dex, E:\My Projects\EchoSift\frontend\build\record_android\.transforms\bdd77fae620eb20591da16238a177bd5\transformed\bundleLibRuntimeToDirDebug\bundleLibRuntimeToDirDebug_dex, E:\My Projects\EchoSift\frontend\build\record_android\.transforms\bdd77fae620eb20591da16238a177bd5\transformed\bundleLibRuntimeToDirDebug\bundleLibRuntimeToDirDebug_dex, E:\My Projects\EchoSift\frontend\build\record_android\.transforms\bdd77fae620eb20591da16238a177bd5\transformed\bundleLibRuntimeToDirDebug\bundleLibRuntimeToDirDebug_dex, and from all global synthetics files in 
[        ] Merging to 'E:\My Projects\EchoSift\frontend\build\app\intermediates\dex\debug\mergeLibDexDebug\11' with D8 from all or a subset of dex files in E:\My Projects\EchoSift\frontend\build\record_android\.transforms\bdd77fae620eb20591da16238a177bd5\transformed\bundleLibRuntimeToDirDebug\bundleLibRuntimeToDirDebug_dex, E:\My Projects\EchoSift\frontend\build\record_android\.transforms\bdd77fae620eb20591da16238a177bd5\transformed\bundleLibRuntimeToDirDebug\bundleLibRuntimeToDirDebug_dex, E:\My Projects\EchoSift\frontend\build\record_android\.transforms\bdd77fae620eb20591da16238a177bd5\transformed\bundleLibRuntimeToDirDebug\bundleLibRuntimeToDirDebug_dex, E:\My Projects\EchoSift\frontend\build\record_android\.transforms\bdd77fae620eb20591da16238a177bd5\transformed\bundleLibRuntimeToDirDebug\bundleLibRuntimeToDirDebug_dex, E:\My Projects\EchoSift\frontend\build\record_android\.transforms\bdd77fae620eb20591da16238a177bd5\transformed\bundleLibRuntimeToDirDebug\bundleLibRuntimeToDirDebug_dex, and from all global synthetics files in 
[        ] Merging to 'E:\My Projects\EchoSift\frontend\build\app\intermediates\dex\debug\mergeLibDexDebug\13' with D8 from all or a subset of dex files in E:\My Projects\EchoSift\frontend\build\record_android\.transforms\bdd77fae620eb20591da16238a177bd5\transformed\bundleLibRuntimeToDirDebug\bundleLibRuntimeToDirDebug_dex, E:\My Projects\EchoSift\frontend\build\record_android\.transforms\bdd77fae620eb20591da16238a177bd5\transformed\bundleLibRuntimeToDirDebug\bundleLibRuntimeToDirDebug_dex, and from all global synthetics files in 
[        ] Merging to 'E:\My Projects\EchoSift\frontend\build\app\intermediates\dex\debug\mergeLibDexDebug\14' with D8 from all or a subset of dex files in E:\My Projects\EchoSift\frontend\build\record_android\.transforms\bdd77fae620eb20591da16238a177bd5\transformed\bundleLibRuntimeToDirDebug\bundleLibRuntimeToDirDebug_dex, E:\My Projects\EchoSift\frontend\build\record_android\.transforms\bdd77fae620eb20591da16238a177bd5\transformed\bundleLibRuntimeToDirDebug\bundleLibRuntimeToDirDebug_dex, E:\My Projects\EchoSift\frontend\build\record_android\.transforms\bdd77fae620eb20591da16238a177bd5\transformed\bundleLibRuntimeToDirDebug\bundleLibRuntimeToDirDebug_dex, E:\My Projects\EchoSift\frontend\build\record_android\.transforms\bdd77fae620eb20591da16238a177bd5\transformed\bundleLibRuntimeToDirDebug\bundleLibRuntimeToDirDebug_dex, E:\My Projects\EchoSift\frontend\build\record_android\.transforms\bdd77fae620eb20591da16238a177bd5\transformed\bundleLibRuntimeToDirDebug\bundleLibRuntimeToDirDebug_dex, and from all global synthetics files in 
[        ] Merging to 'E:\My Projects\EchoSift\frontend\build\app\intermediates\dex\debug\mergeLibDexDebug\15' with D8 from all or a subset of dex files in E:\My Projects\EchoSift\frontend\build\path_provider_android\.transforms\e7990e9b637e7cd0c4d5169a78fa187c\transformed\bundleLibRuntimeToDirDebug\bundleLibRuntimeToDirDebug_dex, E:\My Projects\EchoSift\frontend\build\path_provider_android\.transforms\e7990e9b637e7cd0c4d5169a78fa187c\transformed\bundleLibRuntimeToDirDebug\bundleLibRuntimeToDirDebug_dex, E:\My Projects\EchoSift\frontend\build\path_provider_android\.transforms\e7990e9b637e7cd0c4d5169a78fa187c\transformed\bundleLibRuntimeToDirDebug\bundleLibRuntimeToDirDebug_dex, E:\My Projects\EchoSift\frontend\build\path_provider_android\.transforms\e7990e9b637e7cd0c4d5169a78fa187c\transformed\bundleLibRuntimeToDirDebug\bundleLibRuntimeToDirDebug_dex, E:\My Projects\EchoSift\frontend\build\path_provider_android\.transforms\e7990e9b637e7cd0c4d5169a78fa187c\transformed\bundleLibRuntimeToDirDebug\bundleLibRuntimeToDirDebug_dex, E:\My Projects\EchoSift\frontend\build\path_provider_android\.transforms\e7990e9b637e7cd0c4d5169a78fa187c\transformed\bundleLibRuntimeToDirDebug\bundleLibRuntimeToDirDebug_dex, E:\My Projects\EchoSift\frontend\build\path_provider_android\.transforms\e7990e9b637e7cd0c4d5169a78fa187c\transformed\bundleLibRuntimeToDirDebug\bundleLibRuntimeToDirDebug_dex, and from all global synthetics files in 
[        ] Merging to 'E:\My Projects\EchoSift\frontend\build\app\intermediates\dex\debug\mergeLibDexDebug\12' with D8 from all or a subset of dex files in E:\My Projects\EchoSift\frontend\build\permission_handler_android\.transforms\05d2a1ae817d28bb40b2c688e0139989\transformed\bundleLibRuntimeToDirDebug\bundleLibRuntimeToDirDebug_dex, E:\My Projects\EchoSift\frontend\build\permission_handler_android\.transforms\05d2a1ae817d28bb40b2c688e0139989\transformed\bundleLibRuntimeToDirDebug\bundleLibRuntimeToDirDebug_dex, E:\My Projects\EchoSift\frontend\build\permission_handler_android\.transforms\05d2a1ae817d28bb40b2c688e0139989\transformed\bundleLibRuntimeToDirDebug\bundleLibRuntimeToDirDebug_dex, E:\My Projects\EchoSift\frontend\build\permission_handler_android\.transforms\05d2a1ae817d28bb40b2c688e0139989\transformed\bundleLibRuntimeToDirDebug\bundleLibRuntimeToDirDebug_dex, E:\My Projects\EchoSift\frontend\build\permission_handler_android\.transforms\05d2a1ae817d28bb40b2c688e0139989\transformed\bundleLibRuntimeToDirDebug\bundleLibRuntimeToDirDebug_dex, E:\My Projects\EchoSift\frontend\build\permission_handler_android\.transforms\05d2a1ae817d28bb40b2c688e0139989\transformed\bundleLibRuntimeToDirDebug\bundleLibRuntimeToDirDebug_dex, E:\My Projects\EchoSift\frontend\build\permission_handler_android\.transforms\05d2a1ae817d28bb40b2c688e0139989\transformed\bundleLibRuntimeToDirDebug\bundleLibRuntimeToDirDebug_dex, E:\My Projects\EchoSift\frontend\build\permission_handler_android\.transforms\05d2a1ae817d28bb40b2c688e0139989\transformed\bundleLibRuntimeToDirDebug\bundleLibRuntimeToDirDebug_dex, E:\My Projects\EchoSift\frontend\build\permission_handler_android\.transforms\05d2a1ae817d28bb40b2c688e0139989\transformed\bundleLibRuntimeToDirDebug\bundleLibRuntimeToDirDebug_dex, E:\My Projects\EchoSift\frontend\build\permission_handler_android\.transforms\05d2a1ae817d28bb40b2c688e0139989\transformed\bundleLibRuntimeToDirDebug\bundleLibRuntimeToDirDebug_dex, E:\My Projects\EchoSift\frontend\build\permission_handler_android\.transforms\05d2a1ae817d28bb40b2c688e0139989\transformed\bundleLibRuntimeToDirDebug\bundleLibRuntimeToDirDebug_dex, E:\My Projects\EchoSift\frontend\build\permission_handler_android\.transforms\05d2a1ae817d28bb40b2c688e0139989\transformed\bundleLibRuntimeToDirDebug\bundleLibRuntimeToDirDebug_dex, E:\My Projects\EchoSift\frontend\build\permission_handler_android\.transforms\05d2a1ae817d28bb40b2c688e0139989\transformed\bundleLibRuntimeToDirDebug\bundleLibRuntimeToDirDebug_dex, E:\My Projects\EchoSift\frontend\build\permission_handler_android\.transforms\05d2a1ae817d28bb40b2c688e0139989\transformed\bundleLibRuntimeToDirDebug\bundleLibRuntimeToDirDebug_dex, E:\My Projects\EchoSift\frontend\build\permission_handler_android\.transforms\05d2a1ae817d28bb40b2c688e0139989\transformed\bundleLibRuntimeToDirDebug\bundleLibRuntimeToDirDebug_dex, E:\My Projects\EchoSift\frontend\build\permission_handler_android\.transforms\05d2a1ae817d28bb40b2c688e0139989\transformed\bundleLibRuntimeToDirDebug\bundleLibRuntimeToDirDebug_dex, and from all global synthetics files in 
[+1590 ms] > Task :app:configureCMakeDebug[armeabi-v7a]
[        ] Caching disabled for task ':app:configureCMakeDebug[armeabi-v7a]' because:
[        ]   Build cache is disabled
[        ]   Caching has been disabled for the task
[        ] Task ':app:configureCMakeDebug[armeabi-v7a]' is not up-to-date because:
[        ]   Task.upToDateWhen is false.
[        ] C/C++: E:\flutter\packages\flutter_tools\gradle\src\main\scripts\CMakeLists.txt debug|armeabi-v7a : Start JSON generation. Platform version: 24 min SDK version: armeabi-v7a
[        ] C/C++: E:\flutter\packages\flutter_tools\gradle\src\main\scripts\CMakeLists.txt debug|armeabi-v7a : rebuilding JSON E:\My Projects\EchoSift\frontend\build\.cxx\debug\ve25f651\armeabi-v7a\android_gradle_build.json due to:
[        ] C/C++: E:\flutter\packages\flutter_tools\gradle\src\main\scripts\CMakeLists.txt debug|armeabi-v7a : - no fingerprint file, will remove stale configuration folder
[        ] C/C++: E:\flutter\packages\flutter_tools\gradle\src\main\scripts\CMakeLists.txt debug|armeabi-v7a : removing stale contents from 'E:\My Projects\EchoSift\frontend\build\.cxx\debug\ve25f651\armeabi-v7a'
[        ] C/C++: E:\flutter\packages\flutter_tools\gradle\src\main\scripts\CMakeLists.txt debug|armeabi-v7a : created folder 'E:\My Projects\EchoSift\frontend\build\.cxx\debug\ve25f651\armeabi-v7a'
[        ] C/C++: E:\flutter\packages\flutter_tools\gradle\src\main\scripts\CMakeLists.txt debug|armeabi-v7a : executing cmake @echo off
[        ] "E:\\AndroidSDK\\cmake\\3.22.1\\bin\\cmake.exe" ^
[        ]   "-HE:\\flutter\\packages\\flutter_tools\\gradle\\src\\main\\scripts" ^
[        ]   "-DCMAKE_SYSTEM_NAME=Android" ^
[        ]   "-DCMAKE_EXPORT_COMPILE_COMMANDS=ON" ^
[        ]   "-DCMAKE_SYSTEM_VERSION=24" ^
[        ]   "-DANDROID_PLATFORM=android-24" ^
[        ]   "-DANDROID_ABI=armeabi-v7a" ^
[        ]   "-DCMAKE_ANDROID_ARCH_ABI=armeabi-v7a" ^
[        ]   "-DANDROID_NDK=E:\\AndroidSDK\\ndk\\28.2.13676358" ^
[        ]   "-DCMAKE_ANDROID_NDK=E:\\AndroidSDK\\ndk\\28.2.13676358" ^
[        ]   "-DCMAKE_TOOLCHAIN_FILE=E:\\AndroidSDK\\ndk\\28.2.13676358\\build\\cmake\\android.toolchain.cmake" ^
[        ]   "-DCMAKE_MAKE_PROGRAM=E:\\AndroidSDK\\cmake\\3.22.1\\bin\\ninja.exe" ^
[        ]   "-DCMAKE_LIBRARY_OUTPUT_DIRECTORY=E:\\My Projects\\EchoSift\\frontend\\build\\app\\intermediates\\cxx\\debug\\ve25f651\\obj\\armeabi-v7a" ^
[        ]   "-DCMAKE_RUNTIME_OUTPUT_DIRECTORY=E:\\My Projects\\EchoSift\\frontend\\build\\app\\intermediates\\cxx\\debug\\ve25f651\\obj\\armeabi-v7a" ^
[        ]   "-BE:\\My Projects\\EchoSift\\frontend\\build\\.cxx\\debug\\ve25f651\\armeabi-v7a" ^
[        ]   -GNinja ^
[        ]   -Wno-dev ^
[        ]   --no-warn-unused-cli ^
[        ]   "-DCMAKE_BUILD_TYPE=debug"
[        ] C/C++: E:\flutter\packages\flutter_tools\gradle\src\main\scripts\CMakeLists.txt debug|armeabi-v7a : @echo off
[        ] "E:\\AndroidSDK\\cmake\\3.22.1\\bin\\cmake.exe" ^
[        ]   "-HE:\\flutter\\packages\\flutter_tools\\gradle\\src\\main\\scripts" ^
[        ]   "-DCMAKE_SYSTEM_NAME=Android" ^
[        ]   "-DCMAKE_EXPORT_COMPILE_COMMANDS=ON" ^
[        ]   "-DCMAKE_SYSTEM_VERSION=24" ^
[        ]   "-DANDROID_PLATFORM=android-24" ^
[        ]   "-DANDROID_ABI=armeabi-v7a" ^
[        ]   "-DCMAKE_ANDROID_ARCH_ABI=armeabi-v7a" ^
[        ]   "-DANDROID_NDK=E:\\AndroidSDK\\ndk\\28.2.13676358" ^
[        ]   "-DCMAKE_ANDROID_NDK=E:\\AndroidSDK\\ndk\\28.2.13676358" ^
[        ]   "-DCMAKE_TOOLCHAIN_FILE=E:\\AndroidSDK\\ndk\\28.2.13676358\\build\\cmake\\android.toolchain.cmake" ^
[        ]   "-DCMAKE_MAKE_PROGRAM=E:\\AndroidSDK\\cmake\\3.22.1\\bin\\ninja.exe" ^
[        ]   "-DCMAKE_LIBRARY_OUTPUT_DIRECTORY=E:\\My Projects\\EchoSift\\frontend\\build\\app\\intermediates\\cxx\\debug\\ve25f651\\obj\\armeabi-v7a" ^
[        ]   "-DCMAKE_RUNTIME_OUTPUT_DIRECTORY=E:\\My Projects\\EchoSift\\frontend\\build\\app\\intermediates\\cxx\\debug\\ve25f651\\obj\\armeabi-v7a" ^
[        ]   "-BE:\\My Projects\\EchoSift\\frontend\\build\\.cxx\\debug\\ve25f651\\armeabi-v7a" ^
[        ]   -GNinja ^
[        ]   -Wno-dev ^
[        ]   --no-warn-unused-cli ^
[        ]   "-DCMAKE_BUILD_TYPE=debug"
[        ] Starting process 'command 'E:\AndroidSDK\cmake\3.22.1\bin\cmake.exe''. Working directory: E:\My Projects\EchoSift\frontend\android\app Command: E:\AndroidSDK\cmake\3.22.1\bin\cmake.exe -HE:\flutter\packages\flutter_tools\gradle\src\main\scripts -DCMAKE_SYSTEM_NAME=Android -DCMAKE_EXPORT_COMPILE_COMMANDS=ON -DCMAKE_SYSTEM_VERSION=24 -DANDROID_PLATFORM=android-24 -DANDROID_ABI=armeabi-v7a -DCMAKE_ANDROID_ARCH_ABI=armeabi-v7a -DANDROID_NDK=E:\AndroidSDK\ndk\28.2.13676358 -DCMAKE_ANDROID_NDK=E:\AndroidSDK\ndk\28.2.13676358 -DCMAKE_TOOLCHAIN_FILE=E:\AndroidSDK\ndk\28.2.13676358\build\cmake\android.toolchain.cmake -DCMAKE_MAKE_PROGRAM=E:\AndroidSDK\cmake\3.22.1\bin\ninja.exe -DCMAKE_LIBRARY_OUTPUT_DIRECTORY=E:\My Projects\EchoSift\frontend\build\app\intermediates\cxx\debug\ve25f651\obj\armeabi-v7a -DCMAKE_RUNTIME_OUTPUT_DIRECTORY=E:\My Projects\EchoSift\frontend\build\app\intermediates\cxx\debug\ve25f651\obj\armeabi-v7a -BE:\My Projects\EchoSift\frontend\build\.cxx\debug\ve25f651\armeabi-v7a -GNinja -Wno-dev --no-warn-unused-cli -DCMAKE_BUILD_TYPE=debug
[        ] Successfully started process 'command 'E:\AndroidSDK\cmake\3.22.1\bin\cmake.exe''
[+8692 ms] C/C++: E:\flutter\packages\flutter_tools\gradle\src\main\scripts\CMakeLists.txt debug|armeabi-v7a : Received process result: 0
[        ] C/C++: E:\flutter\packages\flutter_tools\gradle\src\main\scripts\CMakeLists.txt debug|armeabi-v7a : E:\My Projects\EchoSift\frontend\build\.cxx\debug\ve25f651\armeabi-v7a\compile_commands.json.bin existed but not E:\My Projects\EchoSift\frontend\build\.cxx\debug\ve25f651\armeabi-v7a\compile_commands.json
[        ] C/C++: E:\flutter\packages\flutter_tools\gradle\src\main\scripts\CMakeLists.txt debug|armeabi-v7a : done executing cmake
[        ] C/C++: E:\flutter\packages\flutter_tools\gradle\src\main\scripts\CMakeLists.txt debug|armeabi-v7a : JSON generation completed without problems
[        ] C/C++: E:\flutter\packages\flutter_tools\gradle\src\main\scripts\CMakeLists.txt debug|armeabi-v7a : Writing build model to E:\My Projects\EchoSift\frontend\build\app\intermediates\cxx\debug\ve25f651\logs\armeabi-v7a\build_model.json
[ +106 ms] Resolve mutations for :app:buildCMakeDebug[armeabi-v7a] (Thread[#166,included builds,5,main]) started.
[        ] :app:buildCMakeDebug[armeabi-v7a] (Thread[#166,included builds,5,main]) started.
[ +105 ms] > Task :app:buildCMakeDebug[armeabi-v7a]
[        ] Caching disabled for task ':app:buildCMakeDebug[armeabi-v7a]' because:
[        ]   Build cache is disabled
[        ]   Caching has been disabled for the task
[        ] Task ':app:buildCMakeDebug[armeabi-v7a]' is not up-to-date because:
[        ]   Task.upToDateWhen is false.
[        ] C/C++: starting build
[        ] C/C++: reading expected JSONs
[        ] C/C++: done reading expected JSONs
[        ] C/C++: executing build commands for targets that produce .so files or executables
[        ] C/C++: evaluate miniconfig
[        ] C/C++: no libraries
[        ] Resolve mutations for :app:configureCMakeDebug[x86_64] (Thread[#166,included builds,5,main]) started.
[        ] :app:configureCMakeDebug[x86_64] (Thread[#166,included builds,5,main]) started.
[+1989 ms] > Task :app:configureCMakeDebug[x86_64]
[        ] Caching disabled for task ':app:configureCMakeDebug[x86_64]' because:
[        ]   Build cache is disabled
[        ]   Caching has been disabled for the task
[        ] Task ':app:configureCMakeDebug[x86_64]' is not up-to-date because:
[        ]   Task.upToDateWhen is false.
[        ] C/C++: E:\flutter\packages\flutter_tools\gradle\src\main\scripts\CMakeLists.txt debug|x86_64 : Start JSON generation. Platform version: 24 min SDK version: x86_64
[        ] C/C++: E:\flutter\packages\flutter_tools\gradle\src\main\scripts\CMakeLists.txt debug|x86_64 : rebuilding JSON E:\My Projects\EchoSift\frontend\build\.cxx\debug\ve25f651\x86_64\android_gradle_build.json due to:
[        ] C/C++: E:\flutter\packages\flutter_tools\gradle\src\main\scripts\CMakeLists.txt debug|x86_64 : - no fingerprint file, will remove stale configuration folder
[        ] C/C++: E:\flutter\packages\flutter_tools\gradle\src\main\scripts\CMakeLists.txt debug|x86_64 : removing stale contents from 'E:\My Projects\EchoSift\frontend\build\.cxx\debug\ve25f651\x86_64'
[        ] C/C++: E:\flutter\packages\flutter_tools\gradle\src\main\scripts\CMakeLists.txt debug|x86_64 : created folder 'E:\My Projects\EchoSift\frontend\build\.cxx\debug\ve25f651\x86_64'
[        ] C/C++: E:\flutter\packages\flutter_tools\gradle\src\main\scripts\CMakeLists.txt debug|x86_64 : executing cmake @echo off
[        ] "E:\\AndroidSDK\\cmake\\3.22.1\\bin\\cmake.exe" ^
[        ]   "-HE:\\flutter\\packages\\flutter_tools\\gradle\\src\\main\\scripts" ^
[        ]   "-DCMAKE_SYSTEM_NAME=Android" ^
[        ]   "-DCMAKE_EXPORT_COMPILE_COMMANDS=ON" ^
[        ]   "-DCMAKE_SYSTEM_VERSION=24" ^
[        ]   "-DANDROID_PLATFORM=android-24" ^
[        ]   "-DANDROID_ABI=x86_64" ^
[        ]   "-DCMAKE_ANDROID_ARCH_ABI=x86_64" ^
[        ]   "-DANDROID_NDK=E:\\AndroidSDK\\ndk\\28.2.13676358" ^
[        ]   "-DCMAKE_ANDROID_NDK=E:\\AndroidSDK\\ndk\\28.2.13676358" ^
[        ]   "-DCMAKE_TOOLCHAIN_FILE=E:\\AndroidSDK\\ndk\\28.2.13676358\\build\\cmake\\android.toolchain.cmake" ^
[        ]   "-DCMAKE_MAKE_PROGRAM=E:\\AndroidSDK\\cmake\\3.22.1\\bin\\ninja.exe" ^
[        ]   "-DCMAKE_LIBRARY_OUTPUT_DIRECTORY=E:\\My Projects\\EchoSift\\frontend\\build\\app\\intermediates\\cxx\\debug\\ve25f651\\obj\\x86_64" ^
[        ]   "-DCMAKE_RUNTIME_OUTPUT_DIRECTORY=E:\\My Projects\\EchoSift\\frontend\\build\\app\\intermediates\\cxx\\debug\\ve25f651\\obj\\x86_64" ^
[        ]   "-BE:\\My Projects\\EchoSift\\frontend\\build\\.cxx\\debug\\ve25f651\\x86_64" ^
[        ]   -GNinja ^
[        ]   -Wno-dev ^
[        ]   --no-warn-unused-cli ^
[        ]   "-DCMAKE_BUILD_TYPE=debug"
[        ] C/C++: E:\flutter\packages\flutter_tools\gradle\src\main\scripts\CMakeLists.txt debug|x86_64 : @echo off
[        ] "E:\\AndroidSDK\\cmake\\3.22.1\\bin\\cmake.exe" ^
[        ]   "-HE:\\flutter\\packages\\flutter_tools\\gradle\\src\\main\\scripts" ^
[        ]   "-DCMAKE_SYSTEM_NAME=Android" ^
[        ]   "-DCMAKE_EXPORT_COMPILE_COMMANDS=ON" ^
[        ]   "-DCMAKE_SYSTEM_VERSION=24" ^
[        ]   "-DANDROID_PLATFORM=android-24" ^
[        ]   "-DANDROID_ABI=x86_64" ^
[        ]   "-DCMAKE_ANDROID_ARCH_ABI=x86_64" ^
[        ]   "-DANDROID_NDK=E:\\AndroidSDK\\ndk\\28.2.13676358" ^
[        ]   "-DCMAKE_ANDROID_NDK=E:\\AndroidSDK\\ndk\\28.2.13676358" ^
[        ]   "-DCMAKE_TOOLCHAIN_FILE=E:\\AndroidSDK\\ndk\\28.2.13676358\\build\\cmake\\android.toolchain.cmake" ^
[        ]   "-DCMAKE_MAKE_PROGRAM=E:\\AndroidSDK\\cmake\\3.22.1\\bin\\ninja.exe" ^
[        ]   "-DCMAKE_LIBRARY_OUTPUT_DIRECTORY=E:\\My Projects\\EchoSift\\frontend\\build\\app\\intermediates\\cxx\\debug\\ve25f651\\obj\\x86_64" ^
[        ]   "-DCMAKE_RUNTIME_OUTPUT_DIRECTORY=E:\\My Projects\\EchoSift\\frontend\\build\\app\\intermediates\\cxx\\debug\\ve25f651\\obj\\x86_64" ^
[        ]   "-BE:\\My Projects\\EchoSift\\frontend\\build\\.cxx\\debug\\ve25f651\\x86_64" ^
[        ]   -GNinja ^
[        ]   -Wno-dev ^
[        ]   --no-warn-unused-cli ^
[        ]   "-DCMAKE_BUILD_TYPE=debug"
[        ] Starting process 'command 'E:\AndroidSDK\cmake\3.22.1\bin\cmake.exe''. Working directory: E:\My Projects\EchoSift\frontend\android\app Command: E:\AndroidSDK\cmake\3.22.1\bin\cmake.exe -HE:\flutter\packages\flutter_tools\gradle\src\main\scripts -DCMAKE_SYSTEM_NAME=Android -DCMAKE_EXPORT_COMPILE_COMMANDS=ON -DCMAKE_SYSTEM_VERSION=24 -DANDROID_PLATFORM=android-24 -DANDROID_ABI=x86_64 -DCMAKE_ANDROID_ARCH_ABI=x86_64 -DANDROID_NDK=E:\AndroidSDK\ndk\28.2.13676358 -DCMAKE_ANDROID_NDK=E:\AndroidSDK\ndk\28.2.13676358 -DCMAKE_TOOLCHAIN_FILE=E:\AndroidSDK\ndk\28.2.13676358\build\cmake\android.toolchain.cmake -DCMAKE_MAKE_PROGRAM=E:\AndroidSDK\cmake\3.22.1\bin\ninja.exe -DCMAKE_LIBRARY_OUTPUT_DIRECTORY=E:\My Projects\EchoSift\frontend\build\app\intermediates\cxx\debug\ve25f651\obj\x86_64 -DCMAKE_RUNTIME_OUTPUT_DIRECTORY=E:\My Projects\EchoSift\frontend\build\app\intermediates\cxx\debug\ve25f651\obj\x86_64 -BE:\My Projects\EchoSift\frontend\build\.cxx\debug\ve25f651\x86_64 -GNinja -Wno-dev --no-warn-unused-cli -DCMAKE_BUILD_TYPE=debug
[        ] Successfully started process 'command 'E:\AndroidSDK\cmake\3.22.1\bin\cmake.exe''
[+1404 ms] C/C++: E:\flutter\packages\flutter_tools\gradle\src\main\scripts\CMakeLists.txt debug|x86_64 : Received process result: 0
[        ] C/C++: E:\flutter\packages\flutter_tools\gradle\src\main\scripts\CMakeLists.txt debug|x86_64 : E:\My Projects\EchoSift\frontend\build\.cxx\debug\ve25f651\x86_64\compile_commands.json.bin existed but not E:\My Projects\EchoSift\frontend\build\.cxx\debug\ve25f651\x86_64\compile_commands.json
[        ] C/C++: E:\flutter\packages\flutter_tools\gradle\src\main\scripts\CMakeLists.txt debug|x86_64 : done executing cmake
[  +92 ms] C/C++: E:\flutter\packages\flutter_tools\gradle\src\main\scripts\CMakeLists.txt debug|x86_64 : JSON generation completed without problems
[        ] C/C++: E:\flutter\packages\flutter_tools\gradle\src\main\scripts\CMakeLists.txt debug|x86_64 : Writing build model to E:\My Projects\EchoSift\frontend\build\app\intermediates\cxx\debug\ve25f651\logs\x86_64\build_model.json
[ +107 ms] Resolve mutations for :app:buildCMakeDebug[x86_64] (Thread[#166,included builds,5,main]) started.
[        ] :app:buildCMakeDebug[x86_64] (Thread[#166,included builds,5,main]) started.
[        ] > Task :app:buildCMakeDebug[x86_64]
[        ] Caching disabled for task ':app:buildCMakeDebug[x86_64]' because:
[        ]   Build cache is disabled
[        ]   Caching has been disabled for the task
[        ] Task ':app:buildCMakeDebug[x86_64]' is not up-to-date because:
[        ]   Task.upToDateWhen is false.
[        ] C/C++: starting build
[        ] C/C++: reading expected JSONs
[        ] C/C++: done reading expected JSONs
[        ] C/C++: executing build commands for targets that produce .so files or executables
[        ] C/C++: evaluate miniconfig
[        ] C/C++: no libraries
[        ] Resolve mutations for :app:mergeDebugJniLibFolders (Thread[#166,included builds,5,main]) started.
[        ] :app:mergeDebugJniLibFolders (Thread[#166,included builds,5,main]) started.
[        ] > Task :app:mergeDebugJniLibFolders
[        ] Caching disabled for task ':app:mergeDebugJniLibFolders' because:
[        ]   Build cache is disabled
[        ]   Simple merging task
[        ] Task ':app:mergeDebugJniLibFolders' is not up-to-date because:
[        ]   No history is available.
[        ] The input changes require a full rebuild for incremental task ':app:mergeDebugJniLibFolders'.
[        ] Resolve mutations for :path_provider_android:mergeDebugJniLibFolders (Thread[#166,included builds,5,main]) started.
[        ] :path_provider_android:mergeDebugJniLibFolders (Thread[#166,included builds,5,main]) started.
[  +97 ms] > Task :path_provider_android:mergeDebugJniLibFolders
[   +9 ms] Caching disabled for task ':path_provider_android:mergeDebugJniLibFolders' because:
[        ]   Build cache is disabled
[        ]   Simple merging task
[        ] Task ':path_provider_android:mergeDebugJniLibFolders' is not up-to-date because:
[        ]   No history is available.
[        ] The input changes require a full rebuild for incremental task ':path_provider_android:mergeDebugJniLibFolders'.
[        ] Resolve mutations for :path_provider_android:mergeDebugNativeLibs (Thread[#166,included builds,5,main]) started.
[        ] :path_provider_android:mergeDebugNativeLibs (Thread[#166,included builds,5,main]) started.
[        ] > Task :path_provider_android:mergeDebugNativeLibs NO-SOURCE
[        ] Skipping task ':path_provider_android:mergeDebugNativeLibs' as it has no source files and no previous output files.
[        ] Resolve mutations for :path_provider_android:copyDebugJniLibsProjectOnly (Thread[#166,included builds,5,main]) started.
[        ] :path_provider_android:copyDebugJniLibsProjectOnly (Thread[#166,included builds,5,main]) started.
[        ] Resolve mutations for :permission_handler_android:mergeDebugJniLibFolders (Thread[#170,Execution worker Thread 4,5,main]) started.
[        ] :permission_handler_android:mergeDebugJniLibFolders (Thread[#170,Execution worker Thread 4,5,main]) started.
[        ] > Task :permission_handler_android:mergeDebugJniLibFolders
[        ] Caching disabled for task ':permission_handler_android:mergeDebugJniLibFolders' because:
[        ]   Build cache is disabled
[        ]   Simple merging task
[        ] Task ':permission_handler_android:mergeDebugJniLibFolders' is not up-to-date because:
[        ]   No history is available.
[        ] The input changes require a full rebuild for incremental task ':permission_handler_android:mergeDebugJniLibFolders'.
[        ] Resolve mutations for :permission_handler_android:mergeDebugNativeLibs (Thread[#170,Execution worker Thread 4,5,main]) started.
[        ] :permission_handler_android:mergeDebugNativeLibs (Thread[#170,Execution worker Thread 4,5,main]) started.
[        ] > Task :path_provider_android:copyDebugJniLibsProjectOnly
[        ] Caching disabled for task ':path_provider_android:copyDebugJniLibsProjectOnly' because:
[        ]   Build cache is disabled
[        ]   Caching has been disabled for the task
[        ] Task ':path_provider_android:copyDebugJniLibsProjectOnly' is not up-to-date because:
[        ]   No history is available.
[   +2 ms] > Task :permission_handler_android:mergeDebugNativeLibs NO-SOURCE
[        ] Skipping task ':permission_handler_android:mergeDebugNativeLibs' as it has no source files and no previous output files.
[        ] work action resolve jni (project :path_provider_android) (Thread[#170,Execution worker Thread 4,5,main]) started.
[        ] Resolve mutations for :permission_handler_android:copyDebugJniLibsProjectOnly (Thread[#170,Execution worker Thread 4,5,main]) started.
[        ] :permission_handler_android:copyDebugJniLibsProjectOnly (Thread[#170,Execution worker Thread 4,5,main]) started.
[        ] Resolve mutations for :record_android:mergeDebugJniLibFolders (Thread[#166,included builds,5,main]) started.
[        ] :record_android:mergeDebugJniLibFolders (Thread[#166,included builds,5,main]) started.
[        ] > Task :permission_handler_android:copyDebugJniLibsProjectOnly
[        ] Caching disabled for task ':permission_handler_android:copyDebugJniLibsProjectOnly' because:
[        ]   Build cache is disabled
[        ]   Caching has been disabled for the task
[        ] Task ':permission_handler_android:copyDebugJniLibsProjectOnly' is not up-to-date because:
[        ]   No history is available.
[   +2 ms] > Task :record_android:mergeDebugJniLibFolders
[        ] Caching disabled for task ':record_android:mergeDebugJniLibFolders' because:
[        ]   Build cache is disabled
[        ]   Simple merging task
[        ] Task ':record_android:mergeDebugJniLibFolders' is not up-to-date because:
[        ]   No history is available.
[        ] The input changes require a full rebuild for incremental task ':record_android:mergeDebugJniLibFolders'.
[        ] work action resolve jni (project :permission_handler_android) (Thread[#166,included builds,5,main]) started.
[        ] Resolve mutations for :record_android:mergeDebugNativeLibs (Thread[#166,included builds,5,main]) started.
[  +71 ms] :record_android:mergeDebugNativeLibs (Thread[#166,included builds,5,main]) started.
[        ] > Task :record_android:mergeDebugNativeLibs NO-SOURCE
[        ] Skipping task ':record_android:mergeDebugNativeLibs' as it has no source files and no previous output files.
[        ] Resolve mutations for :record_android:copyDebugJniLibsProjectOnly (Thread[#166,included builds,5,main]) started.
[        ] :record_android:copyDebugJniLibsProjectOnly (Thread[#166,included builds,5,main]) started.
[        ] Resolve mutations for :app:validateSigningDebug (Thread[#170,Execution worker Thread 4,5,main]) started.
[        ] :app:validateSigningDebug (Thread[#170,Execution worker Thread 4,5,main]) started.
[        ] > Task :record_android:copyDebugJniLibsProjectOnly
[        ] Caching disabled for task ':record_android:copyDebugJniLibsProjectOnly' because:
[        ]   Build cache is disabled
[        ]   Caching has been disabled for the task
[        ] Task ':record_android:copyDebugJniLibsProjectOnly' is not up-to-date because:
[        ]   No history is available.
[+1418 ms] > Task :app:validateSigningDebug
[        ] Caching disabled for task ':app:validateSigningDebug' because:
[        ]   Build cache is disabled
[        ]   Caching has been disabled for the task
[        ] Task ':app:validateSigningDebug' is not up-to-date because:
[        ]   Task.upToDateWhen is false.
[        ] Creating default debug keystore at C:\Android\.android\debug.keystore
[        ] work action resolve jni (project :record_android) (Thread[#170,Execution worker Thread 4,5,main]) started.
[        ] Resolve mutations for :app:mergeDebugNativeLibs (Thread[#170,Execution worker Thread 4,5,main]) started.
[        ] :app:mergeDebugNativeLibs (Thread[#170,Execution worker Thread 4,5,main]) started.
[+1991 ms] > Task :app:mergeDebugNativeLibs
[        ] Caching disabled for ExtractJniTransform: C:\Users\Volted User\.gradle\caches\modules-2\files-2.1\io.flutter\flutter_embedding_debug\1.0.0-587c18f873b8ab57330422bce09047420d9c7f42\844d91eb6bd17f0200e9343d1c586a03616f706\flutter_embedding_debug-1.0.0-587c18f873b8ab57330422bce09047420d9c7f42.jar because:
[        ]   Build cache is disabled
[        ] Caching disabled for ExtractJniTransform: E:\My Projects\EchoSift\frontend\build\app\intermediates\flutter\debug\libs.jar because:
[        ]   Build cache is disabled
[        ] Caching disabled for AarTransform: C:\Users\Volted User\.gradle\caches\8.14\transforms\684fec45a4a4620be950d54dccaf82cd\transformed\window-java-1.2.0 because:
[        ]   Build cache is disabled
[        ]   Caching not enabled.
[        ] Caching disabled for AarTransform: C:\Users\Volted User\.gradle\caches\8.14\transforms\7217e782825a2d4d49e286a23835439b\transformed\window-1.2.0 because:
[        ]   Build cache is disabled
[        ]   Caching not enabled.
[        ] Caching disabled for AarTransform: C:\Users\Volted User\.gradle\caches\8.14\transforms\5fb50349239706e8a6594e22cd560397\transformed\fragment-1.7.1 because:
[        ]   Build cache is disabled
[        ]   Caching not enabled.
[        ] Caching disabled for AarTransform: C:\Users\Volted User\.gradle\caches\8.14\transforms\1e42bd289ddf0f442a3fc01efb84d3ba\transformed\activity-1.8.1 because:
[        ]   Build cache is disabled
[        ]   Caching not enabled.
[        ] Caching disabled for AarTransform: C:\Users\Volted User\.gradle\caches\8.14\transforms\0b8c65722c66640cf120e60317d42362\transformed\loader-1.0.0 because:
[        ]   Build cache is disabled
[        ]   Caching not enabled.
[        ] Caching disabled for AarTransform: C:\Users\Volted User\.gradle\caches\8.14\transforms\7be6cf4f52d84b0f524b317232df5d4c\transformed\viewpager-1.0.0 because:
[        ]   Build cache is disabled
[        ]   Caching not enabled.
[        ] Caching disabled for AarTransform: C:\Users\Volted User\.gradle\caches\8.14\transforms\ee9028989d5df242a30968eb14819a13\transformed\lifecycle-livedata-2.7.0 because:
[        ]   Build cache is disabled
[        ]   Caching not enabled.
[        ] Caching disabled for AarTransform: C:\Users\Volted User\.gradle\caches\8.14\transforms\95ee91d8a897d16eed1ef302f2de9371\transformed\lifecycle-livedata-core-ktx-2.7.0 because:
[        ]   Build cache is disabled
[        ]   Caching not enabled.
[        ] Caching disabled for AarTransform: C:\Users\Volted User\.gradle\caches\8.14\transforms\608dfc9e2582f51b81c1485fd62d55da\transformed\lifecycle-viewmodel-2.7.0 because:
[        ]   Build cache is disabled
[        ]   Caching not enabled.
[        ] Caching disabled for AarTransform: C:\Users\Volted User\.gradle\caches\8.14\transforms\134d38681951a9cb59e105fa43ce6ab5\transformed\lifecycle-livedata-core-2.7.0 because:
[        ]   Build cache is disabled
[        ]   Caching not enabled.
[        ] Caching disabled for AarTransform: C:\Users\Volted User\.gradle\caches\8.14\transforms\57a4845aed7b5ba78f501c04d4c94c43\transformed\lifecycle-viewmodel-savedstate-2.7.0 because:
[        ]   Build cache is disabled
[        ]   Caching not enabled.
[        ] Caching disabled for AarTransform: C:\Users\Volted User\.gradle\caches\8.14\transforms\bd7e8451c9c7af9c0727ed7672bd833e\transformed\core-ktx-1.13.1 because:
[        ]   Build cache is disabled
[        ]   Caching not enabled.
[        ] Caching disabled for AarTransform: C:\Users\Volted User\.gradle\caches\8.14\transforms\00a453ff382677488707e15bb6af4386\transformed\customview-1.0.0 because:
[        ]   Build cache is disabled
[        ]   Caching not enabled.
[        ] Caching disabled for AarTransform: C:\Users\Volted User\.gradle\caches\8.14\transforms\8cb437de8fdac72e2de918f9ee215ca3\transformed\core-1.13.1 because:
[        ]   Build cache is disabled
[        ]   Caching not enabled.
[        ] Caching disabled for AarTransform: C:\Users\Volted User\.gradle\caches\8.14\transforms\81bfdcaf88a095985faf642cd08a6310\transformed\lifecycle-runtime-2.7.0 because:
[        ]   Build cache is disabled
[        ]   Caching not enabled.
[        ] Caching disabled for AarTransform: C:\Users\Volted User\.gradle\caches\8.14\transforms\70c7f9c93d870d55aa75fb2befc1cc77\transformed\lifecycle-process-2.7.0 because:
[        ]   Build cache is disabled
[        ]   Caching not enabled.
[   +1 ms] Caching disabled for AarTransform: C:\Users\Volted User\.gradle\caches\8.14\transforms\a3c4bf2e80a7e6a2d3bfce7149bfaf69\transformed\savedstate-1.2.1 because:
[        ]   Build cache is disabled
[        ]   Caching not enabled.
[        ] Caching disabled for ExtractJniTransform: C:\Users\Volted User\.gradle\caches\modules-2\files-2.1\androidx.lifecycle\lifecycle-common-java8\2.7.0\2ad14aed781c4a73ed4dbb421966d408a0a06686\lifecycle-common-java8-2.7.0.jar because:
[        ]   Build cache is disabled
[        ] Caching disabled for AarTransform: C:\Users\Volted User\.gradle\caches\8.14\transforms\df5ed31f6e2668fd0cb1284d2affc9c1\transformed\profileinstaller-1.3.1 because:
[        ]   Build cache is disabled
[        ]   Caching not enabled.
[        ] Caching disabled for ExtractJniTransform: C:\Users\Volted User\.gradle\caches\modules-2\files-2.1\androidx.lifecycle\lifecycle-common\2.7.0\85334205d65cca70ed0109c3acbd29e22a2d9cb1\lifecycle-common-2.7.0.jar because:
[        ]   Build cache is disabled
[        ] Caching disabled for AarTransform: C:\Users\Volted User\.gradle\caches\8.14\transforms\fac3bdbb065ba11aedd38e2ea2c0656c\transformed\startup-runtime-1.1.1 because:
[        ]   Build cache is disabled
[        ]   Caching not enabled.
[        ] Caching disabled for AarTransform: C:\Users\Volted User\.gradle\caches\8.14\transforms\f33585d6fc1e1b2a34e4c1d736d386ca\transformed\tracing-1.2.0 because:
[        ]   Build cache is disabled
[        ]   Caching not enabled.
[        ] Caching disabled for AarTransform: C:\Users\Volted User\.gradle\caches\8.14\transforms\75c850d93edffb1f0e79a2b1090091ce\transformed\versionedparcelable-1.1.1 because:
[        ]   Build cache is disabled
[        ]   Caching not enabled.
[        ] Caching disabled for AarTransform: C:\Users\Volted User\.gradle\caches\8.14\transforms\95cdd7ca87255f13e4af9ad26a5e03dc\transformed\core-runtime-2.2.0 because:
[        ]   Build cache is disabled
[        ]   Caching not enabled.
[        ] Caching disabled for ExtractJniTransform: C:\Users\Volted User\.gradle\caches\modules-2\files-2.1\androidx.arch.core\core-common\2.2.0\5e1b8b81dfd5f52c56a8d53b18ca759c19a301f3\core-common-2.2.0.jar because:
[        ]   Build cache is disabled
[        ] Caching disabled for ExtractJniTransform: C:\Users\Volted User\.gradle\caches\modules-2\files-2.1\androidx.collection\collection\1.1.0\1f27220b47669781457de0d600849a5de0e89909\collection-1.1.0.jar because:
[        ]   Build cache is disabled
[        ] Caching disabled for AarTransform: C:\Users\Volted User\.gradle\caches\8.14\transforms\875ffbd89ac9c7dfd0a91922397ce327\transformed\interpolator-1.0.0 because:
[        ]   Build cache is disabled
[        ]   Caching not enabled.
[        ] Caching disabled for AarTransform: C:\Users\Volted User\.gradle\caches\8.14\transforms\8b553870adc7ac07c61aa64705ec7f72\transformed\core-1.0.0 because:
[        ]   Build cache is disabled
[        ]   Caching not enabled.
[        ] Caching disabled for ExtractJniTransform: C:\Users\Volted User\.gradle\caches\modules-2\files-2.1\androidx.concurrent\concurrent-futures\1.1.0\50b7fb98350d5f42a4e49704b03278542293ba48\concurrent-futures-1.1.0.jar because:
[        ]   Build cache is disabled
[        ] Caching disabled for AarTransform: C:\Users\Volted User\.gradle\caches\8.14\transforms\44f201f6ae2e842e99898292414fc732\transformed\annotation-experimental-1.4.0 because:
[        ]   Build cache is disabled
[        ]   Caching not enabled.
[        ] Caching disabled for ExtractJniTransform: C:\Users\Volted User\.gradle\caches\modules-2\files-2.1\androidx.annotation\annotation-jvm\1.9.1\b17951747e38bf3986a24431b9ba0d039958aa5f\annotation-jvm-1.9.1.jar because:
[        ]   Build cache is disabled
[        ] Caching disabled for ExtractJniTransform: C:\Users\Volted User\.gradle\caches\modules-2\files-2.1\org.jetbrains.kotlinx\kotlinx-coroutines-android\1.7.1\c2d86b569f10b7fc7e28d3f50c0eed97897d77a7\kotlinx-coroutines-android-1.7.1.jar because:
[        ]   Build cache is disabled
[        ] Caching disabled for ExtractJniTransform: C:\Users\Volted User\.gradle\caches\modules-2\files-2.1\org.jetbrains.kotlin\kotlin-stdlib-jdk8\1.8.20\73576ddf378c5b4f1f6b449fe6b119b8183fc078\kotlin-stdlib-jdk8-1.8.20.jar because:
[        ]   Build cache is disabled
[        ] Caching disabled for ExtractJniTransform: C:\Users\Volted User\.gradle\caches\modules-2\files-2.1\org.jetbrains.kotlinx\kotlinx-coroutines-core-jvm\1.7.1\63a0779cf668e2a47d13fda7c3b0c4f8dc7762f4\kotlinx-coroutines-core-jvm-1.7.1.jar because:
[        ]   Build cache is disabled
[        ] Caching disabled for ExtractJniTransform: C:\Users\Volted User\.gradle\caches\modules-2\files-2.1\org.jetbrains.kotlin\kotlin-stdlib\2.2.20\5380b19fa1924399b62ce3a1faffebb2b4f82272\kotlin-stdlib-2.2.20.jar because:
[        ]   Build cache is disabled
[        ] Caching disabled for ExtractJniTransform: C:\Users\Volted User\.gradle\caches\modules-2\files-2.1\org.jetbrains.kotlin\kotlin-stdlib-jdk7\1.8.20\3aa51faf20aae8b31e1a4bc54f8370673d7b7df4\kotlin-stdlib-jdk7-1.8.20.jar because:
[        ]   Build cache is disabled
[        ] Caching disabled for ExtractJniTransform: C:\Users\Volted User\.gradle\caches\modules-2\files-2.1\io.flutter\arm64_v8a_debug\1.0.0-587c18f873b8ab57330422bce09047420d9c7f42\53117dcbf65d610c00b2d5c529bf4e1b1db145be\arm64_v8a_debug-1.0.0-587c18f873b8ab57330422bce09047420d9c7f42.jar because:
[        ]   Build cache is disabled
[        ] Caching disabled for AarTransform: C:\Users\Volted User\.gradle\caches\8.14\transforms\15a558128bbbec921e6710294f0a125f\transformed\relinker-1.4.5 because:
[        ]   Build cache is disabled
[        ]   Caching not enabled.
[        ] Caching disabled for ExtractJniTransform: C:\Users\Volted User\.gradle\caches\modules-2\files-2.1\com.google.guava\listenablefuture\1.0\c949a840a6acbc5268d088e47b04177bf90b3cad\listenablefuture-1.0.jar because:
[        ]   Build cache is disabled
[        ] Caching disabled for ExtractJniTransform: C:\Users\Volted User\.gradle\caches\modules-2\files-2.1\org.jetbrains\annotations\23.0.0\8cc20c07506ec18e0834947b84a864bfc094484e\annotations-23.0.0.jar because:
[        ]   Build cache is disabled
[+3586 ms] Caching disabled for task ':app:mergeDebugNativeLibs' because:
[        ]   Build cache is disabled
[        ]   Caching has been disabled for the task
[        ] Task ':app:mergeDebugNativeLibs' is not up-to-date because:
[        ]   No history is available.
[  +92 ms] Resolve mutations for :app:writeDebugAppMetadata (Thread[#171,Execution worker Thread 5,5,main]) started.
[        ] :app:writeDebugAppMetadata (Thread[#171,Execution worker Thread 5,5,main]) started.
[        ] > Task :app:writeDebugAppMetadata
[        ] Caching disabled for task ':app:writeDebugAppMetadata' because:
[        ]   Build cache is disabled
[        ]   Caching has been disabled for the task
[        ] Task ':app:writeDebugAppMetadata' is not up-to-date because:
[        ]   No history is available.
[        ] Resolve mutations for :app:writeDebugSigningConfigVersions (Thread[#171,Execution worker Thread 5,5,main]) started.
[        ] :app:writeDebugSigningConfigVersions (Thread[#171,Execution worker Thread 5,5,main]) started.
[ +240 ms] > Task :app:writeDebugSigningConfigVersions
[        ] Caching disabled for task ':app:writeDebugSigningConfigVersions' because:
[        ]   Build cache is disabled
[        ]   Caching has been disabled for the task
[        ] Task ':app:writeDebugSigningConfigVersions' is not up-to-date because:
[        ]   No history is available.
[        ] Resolve mutations for :path_provider_android:stripDebugDebugSymbols (Thread[#171,Execution worker Thread 5,5,main]) started.
[        ] :path_provider_android:stripDebugDebugSymbols (Thread[#171,Execution worker Thread 5,5,main]) started.
[        ] > Task :path_provider_android:stripDebugDebugSymbols NO-SOURCE
[        ] Skipping task ':path_provider_android:stripDebugDebugSymbols' as it has no source files and no previous output files.
[        ] Resolve mutations for :path_provider_android:copyDebugJniLibsProjectAndLocalJars (Thread[#171,Execution worker Thread 5,5,main]) started.
[        ] :path_provider_android:copyDebugJniLibsProjectAndLocalJars (Thread[#171,Execution worker Thread 5,5,main]) started.
[        ] Resolve mutations for :path_provider_android:extractDebugAnnotations (Thread[#167,Execution worker,5,main]) started.
[        ] > Task :path_provider_android:copyDebugJniLibsProjectAndLocalJars
[        ] Caching disabled for task ':path_provider_android:copyDebugJniLibsProjectAndLocalJars' because:
[        ]   Build cache is disabled
[        ]   Caching has been disabled for the task
[        ] Task ':path_provider_android:copyDebugJniLibsProjectAndLocalJars' is not up-to-date because:
[        ]   No history is available.
[        ] :path_provider_android:extractDebugAnnotations (Thread[#167,Execution worker,5,main]) started.
[+1962 ms] > Task :path_provider_android:extractDebugAnnotations
[        ] Downloading https://dl.google.com/dl/android/maven2/com/android/tools/lint/lint-gradle/31.11.1/lint-gradle-31.11.1.pom to C:\Users\Volted User\.gradle\.tmp\gradle_download4610134015090200332bin
[        ] Downloading https://dl.google.com/dl/android/maven2/com/android/tools/external/org-jetbrains/uast/31.11.1/uast-31.11.1.pom to C:\Users\Volted User\.gradle\.tmp\gradle_download9651336956099786568bin
[        ] Downloading https://dl.google.com/dl/android/maven2/com/android/tools/lint/lint/31.11.1/lint-31.11.1.pom to C:\Users\Volted User\.gradle\.tmp\gradle_download3688780977361008805bin
[        ] Downloading https://dl.google.com/dl/android/maven2/com/android/tools/external/com-intellij/intellij-core/31.11.1/intellij-core-31.11.1.pom to C:\Users\Volted User\.gradle\.tmp\gradle_download13060738368589776854bin
[        ] Resource missing. [HTTP GET: https://dl.google.com/dl/android/maven2/org/codehaus/groovy/groovy/3.0.22/groovy-3.0.22.pom]
[        ] Downloading https://dl.google.com/dl/android/maven2/com/android/tools/external/com-intellij/kotlin-compiler/31.11.1/kotlin-compiler-31.11.1.pom to C:\Users\Volted User\.gradle\.tmp\gradle_download11688309454417216484bin
[        ] Downloading https://repo.maven.apache.org/maven2/org/codehaus/groovy/groovy/3.0.22/groovy-3.0.22.pom to C:\Users\Volted User\.gradle\.tmp\gradle_download14846382086230397596bin
[   +1 ms] Downloading https://dl.google.com/dl/android/maven2/com/android/tools/lint/lint-checks/31.11.1/lint-checks-31.11.1.pom to C:\Users\Volted User\.gradle\.tmp\gradle_download8743969322289104662bin
[        ] Downloading https://dl.google.com/dl/android/maven2/com/android/tools/lint/lint-api/31.11.1/lint-api-31.11.1.pom to C:\Users\Volted User\.gradle\.tmp\gradle_download18229336260737857382bin
[        ] Resource missing. [HTTP GET: https://dl.google.com/dl/android/maven2/com/google/errorprone/error_prone_annotations/2.28.0/error_prone_annotations-2.28.0.pom]
[        ] Downloading https://repo.maven.apache.org/maven2/com/google/errorprone/error_prone_annotations/2.28.0/error_prone_annotations-2.28.0.pom to C:\Users\Volted User\.gradle\.tmp\gradle_download1329627777729653776bin
[        ] Resource missing. [HTTP GET: https://dl.google.com/dl/android/maven2/com/google/errorprone/error_prone_parent/2.28.0/error_prone_parent-2.28.0.pom]
[        ] Downloading https://repo.maven.apache.org/maven2/com/google/errorprone/error_prone_parent/2.28.0/error_prone_parent-2.28.0.pom to C:\Users\Volted User\.gradle\.tmp\gradle_download12683712533824094889bin
[ +397 ms] Downloading https://dl.google.com/dl/android/maven2/com/android/tools/play-sdk-proto/31.11.1/play-sdk-proto-31.11.1.pom to C:\Users\Volted User\.gradle\.tmp\gradle_download6865101898955802871bin
[  +97 ms] Resource missing. [HTTP GET: https://dl.google.com/dl/android/maven2/org/apache/httpcomponents/httpclient/4.5.6/httpclient-4.5.6.pom]
[ +103 ms] Downloading https://repo.maven.apache.org/maven2/org/apache/httpcomponents/httpclient/4.5.6/httpclient-4.5.6.pom to C:\Users\Volted User\.gradle\.tmp\gradle_download11234464318955675215bin
[ +403 ms] Downloading https://dl.google.com/dl/android/maven2/com/android/tools/lint/lint-gradle/31.11.1/lint-gradle-31.11.1.jar to C:\Users\Volted User\.gradle\.tmp\gradle_download7297957938374907521bin
[        ] Downloading https://dl.google.com/dl/android/maven2/com/android/tools/lint/lint-api/31.11.1/lint-api-31.11.1.jar to C:\Users\Volted User\.gradle\.tmp\gradle_download17323963861661983656bin
[        ] Downloading https://dl.google.com/dl/android/maven2/com/android/tools/external/com-intellij/intellij-core/31.11.1/intellij-core-31.11.1.jar to C:\Users\Volted User\.gradle\.tmp\gradle_download6980767577970962657bin
[        ] Downloading https://dl.google.com/dl/android/maven2/com/android/tools/lint/lint/31.11.1/lint-31.11.1.jar to C:\Users\Volted User\.gradle\.tmp\gradle_download4180120592227595882bin
[        ] Downloading https://dl.google.com/dl/android/maven2/com/android/tools/lint/lint-checks/31.11.1/lint-checks-31.11.1.jar to C:\Users\Volted User\.gradle\.tmp\gradle_download15943518586409572265bin
[ +288 ms] Downloading https://dl.google.com/dl/android/maven2/com/android/tools/external/org-jetbrains/uast/31.11.1/uast-31.11.1.jar to C:\Users\Volted User\.gradle\.tmp\gradle_download13816148505934364612bin
[ +814 ms] Downloading https://repo.maven.apache.org/maven2/org/codehaus/groovy/groovy/3.0.22/groovy-3.0.22.jar to C:\Users\Volted User\.gradle\.tmp\gradle_download14104636083697265561bin
[ +691 ms] Downloading https://dl.google.com/dl/android/maven2/com/android/tools/external/com-intellij/kotlin-compiler/31.11.1/kotlin-compiler-31.11.1.jar to C:\Users\Volted User\.gradle\.tmp\gradle_download7980050594205923732bin
[+1194 ms] Downloading https://dl.google.com/dl/android/maven2/com/android/tools/play-sdk-proto/31.11.1/play-sdk-proto-31.11.1.jar to C:\Users\Volted User\.gradle\.tmp\gradle_download14594321681153711614bin
[ +105 ms] Downloading https://repo.maven.apache.org/maven2/com/google/errorprone/error_prone_annotations/2.28.0/error_prone_annotations-2.28.0.jar to C:\Users\Volted User\.gradle\.tmp\gradle_download14480345912032331786bin
[        ] Downloading https://repo.maven.apache.org/maven2/org/apache/httpcomponents/httpclient/4.5.6/httpclient-4.5.6.jar to C:\Users\Volted User\.gradle\.tmp\gradle_download6750135551942681131bin
[ +397 ms] Downloading https://repo.maven.apache.org/maven2/commons-codec/commons-codec/1.10/commons-codec-1.10.jar to C:\Users\Volted User\.gradle\.tmp\gradle_download8743983552393173931bin
[+16800 ms] Caching disabled for task ':path_provider_android:extractDebugAnnotations' because:
[        ]   Build cache is disabled
[        ] Task ':path_provider_android:extractDebugAnnotations' is not up-to-date because:
[        ]   No history is available.
[        ] file or directory 'C:\Users\Volted User\AppData\Local\Pub\Cache\hosted\pub.dev\path_provider_android-2.2.22\android\src\debug\java', not found
[        ] Resolve mutations for :app:stripDebugDebugSymbols (Thread[#167,Execution worker,5,main]) started.
[        ] :app:stripDebugDebugSymbols (Thread[#167,Execution worker,5,main]) started.
[        ] Resolve mutations for :path_provider_android:extractDeepLinksForAarDebug (Thread[#170,Execution worker Thread 4,5,main]) started.
[        ] :path_provider_android:extractDeepLinksForAarDebug (Thread[#170,Execution worker Thread 4,5,main]) started.
[ +153 ms] > Task :path_provider_android:extractDeepLinksForAarDebug
[        ] Caching disabled for task ':path_provider_android:extractDeepLinksForAarDebug' because:
[        ]   Build cache is disabled
[        ] Task ':path_provider_android:extractDeepLinksForAarDebug' is not up-to-date because:
[        ]   No history is available.
[        ] Resolve mutations for :path_provider_android:mergeDebugGeneratedProguardFiles (Thread[#170,Execution worker Thread 4,5,main]) started.
[        ] :path_provider_android:mergeDebugGeneratedProguardFiles (Thread[#170,Execution worker Thread 4,5,main]) started.
[   +2 ms] > Task :path_provider_android:mergeDebugGeneratedProguardFiles
[        ] Caching disabled for task ':path_provider_android:mergeDebugGeneratedProguardFiles' because:
[        ]   Build cache is disabled
[        ]   Simple merging task
[        ] Task ':path_provider_android:mergeDebugGeneratedProguardFiles' is not up-to-date because:
[        ]   No history is available.
[        ] Resolve mutations for :path_provider_android:mergeDebugConsumerProguardFiles (Thread[#170,Execution worker Thread 4,5,main]) started.
[        ] :path_provider_android:mergeDebugConsumerProguardFiles (Thread[#170,Execution worker Thread 4,5,main]) started.
[        ] > Task :path_provider_android:mergeDebugConsumerProguardFiles
[        ] Caching disabled for task ':path_provider_android:mergeDebugConsumerProguardFiles' because:
[        ]   Build cache is disabled
[        ]   Simple merging task
[   +1 ms] Task ':path_provider_android:mergeDebugConsumerProguardFiles' is not up-to-date because:
[        ]   No history is available.
[        ] Resolve mutations for :path_provider_android:prepareDebugArtProfile (Thread[#170,Execution worker Thread 4,5,main]) started.
[        ] :path_provider_android:prepareDebugArtProfile (Thread[#170,Execution worker Thread 4,5,main]) started.
[        ] > Task :path_provider_android:prepareDebugArtProfile
[        ] Caching disabled for task ':path_provider_android:prepareDebugArtProfile' because:
[        ]   Build cache is disabled
[        ]   Caching has been disabled for the task
[        ] Task ':path_provider_android:prepareDebugArtProfile' is not up-to-date because:
[        ]   No history is available.
[        ] Resolve mutations for :path_provider_android:prepareLintJarForPublish (Thread[#170,Execution worker Thread 4,5,main]) started.
[        ] :path_provider_android:prepareLintJarForPublish (Thread[#170,Execution worker Thread 4,5,main]) started.
[        ] Resolve mutations for :path_provider_android:mergeDebugJavaResource (Thread[#171,Execution worker Thread 5,5,main]) started.
[        ] :path_provider_android:mergeDebugJavaResource (Thread[#171,Execution worker Thread 5,5,main]) started.
[        ] > Task :path_provider_android:prepareLintJarForPublish
[        ] Caching disabled for task ':path_provider_android:prepareLintJarForPublish' because:
[        ]   Build cache is disabled
[        ]   Caching has been disabled for the task
[        ] Task ':path_provider_android:prepareLintJarForPublish' is not up-to-date because:
[        ]   No history is available.
[        ] Resolve mutations for :permission_handler_android:stripDebugDebugSymbols (Thread[#170,Execution worker Thread 4,5,main]) started.
[        ] :permission_handler_android:stripDebugDebugSymbols (Thread[#170,Execution worker Thread 4,5,main]) started.
[        ] > Task :permission_handler_android:stripDebugDebugSymbols NO-SOURCE
[        ] Skipping task ':permission_handler_android:stripDebugDebugSymbols' as it has no source files and no previous output files.
[        ] Resolve mutations for :permission_handler_android:copyDebugJniLibsProjectAndLocalJars (Thread[#169,Execution worker Thread 3,5,main]) started.
[        ] :permission_handler_android:copyDebugJniLibsProjectAndLocalJars (Thread[#169,Execution worker Thread 3,5,main]) started.
[        ] Resolve mutations for :permission_handler_android:extractDebugAnnotations (Thread[#170,Execution worker Thread 4,5,main]) started.
[        ] :permission_handler_android:extractDebugAnnotations (Thread[#170,Execution worker Thread 4,5,main]) started.
[        ] > Task :permission_handler_android:copyDebugJniLibsProjectAndLocalJars
[        ] Caching disabled for task ':permission_handler_android:copyDebugJniLibsProjectAndLocalJars' because:
[        ]   Build cache is disabled
[        ]   Caching has been disabled for the task
[        ] Task ':permission_handler_android:copyDebugJniLibsProjectAndLocalJars' is not up-to-date because:
[        ]   No history is available.
[        ] Resolve mutations for :permission_handler_android:extractDeepLinksForAarDebug (Thread[#169,Execution worker Thread 3,5,main]) started.
[        ] :permission_handler_android:extractDeepLinksForAarDebug (Thread[#169,Execution worker Thread 3,5,main]) started.
[        ] > Task :permission_handler_android:extractDeepLinksForAarDebug
[        ] Caching disabled for task ':permission_handler_android:extractDeepLinksForAarDebug' because:
[        ]   Build cache is disabled
[        ] Task ':permission_handler_android:extractDeepLinksForAarDebug' is not up-to-date because:
[        ]   No history is available.
[        ] Resolve mutations for :permission_handler_android:mergeDebugGeneratedProguardFiles (Thread[#169,Execution worker Thread 3,5,main]) started.
[        ] :permission_handler_android:mergeDebugGeneratedProguardFiles (Thread[#169,Execution worker Thread 3,5,main]) started.
[  +51 ms] > Task :path_provider_android:mergeDebugJavaResource
[        ] Caching disabled for task ':path_provider_android:mergeDebugJavaResource' because:
[        ]   Build cache is disabled
[        ]   Caching has been disabled for the task
[        ] Task ':path_provider_android:mergeDebugJavaResource' is not up-to-date because:
[        ]   No history is available.
[        ] The input changes require a full rebuild for incremental task ':path_provider_android:mergeDebugJavaResource'.
[        ] > Task :permission_handler_android:mergeDebugGeneratedProguardFiles
[        ] Caching disabled for task ':permission_handler_android:mergeDebugGeneratedProguardFiles' because:
[        ]   Build cache is disabled
[        ]   Simple merging task
[        ] Task ':permission_handler_android:mergeDebugGeneratedProguardFiles' is not up-to-date because:
[        ]   No history is available.
[        ] Resolve mutations for :path_provider_android:syncDebugLibJars (Thread[#169,Execution worker Thread 3,5,main]) started.
[        ] :path_provider_android:syncDebugLibJars (Thread[#169,Execution worker Thread 3,5,main]) started.
[ +188 ms] > Task :path_provider_android:syncDebugLibJars
[        ] Caching disabled for task ':path_provider_android:syncDebugLibJars' because:
[        ]   Build cache is disabled
[        ] Task ':path_provider_android:syncDebugLibJars' is not up-to-date because:
[        ]   No history is available.
[        ] Resolve mutations for :path_provider_android:bundleDebugAar (Thread[#169,Execution worker Thread 3,5,main]) started.
[        ] :path_provider_android:bundleDebugAar (Thread[#169,Execution worker Thread 3,5,main]) started.
[        ] > Task :path_provider_android:bundleDebugAar
[        ] Caching disabled for task ':path_provider_android:bundleDebugAar' because:
[        ]   Build cache is disabled
[        ]   Caching has been disabled for the task
[        ] Task ':path_provider_android:bundleDebugAar' is not up-to-date because:
[        ]   No history is available.
[        ] file or directory 'E:\My Projects\EchoSift\frontend\build\path_provider_android\intermediates\public_res\debug\packageDebugResources\public.txt', not found
[        ] file or directory 'E:\My Projects\EchoSift\frontend\build\path_provider_android\intermediates\navigation_json_for_aar\debug\extractDeepLinksForAarDebug\navigation.json', not found
[        ] file or directory 'E:\My Projects\EchoSift\frontend\build\path_provider_android\intermediates\annotations_zip\debug\extractDebugAnnotations\annotations.zip', not found
[        ] file or directory 'E:\My Projects\EchoSift\frontend\build\path_provider_android\intermediates\merged_consumer_proguard_file\debug\mergeDebugConsumerProguardFiles\proguard.txt', not found
[        ] file or directory 'E:\My Projects\EchoSift\frontend\build\path_provider_android\intermediates\lint_publish_jar\global\prepareLintJarForPublish\lint.jar', not found
[        ] file or directory 'E:\My Projects\EchoSift\frontend\build\path_provider_android\intermediates\library_art_profile\debug\prepareDebugArtProfile\baseline-prof.txt', not found
[        ] Resolve mutations for :path_provider_android:assembleDebug (Thread[#169,Execution worker Thread 3,5,main]) started.
[        ] :path_provider_android:assembleDebug (Thread[#169,Execution worker Thread 3,5,main]) started.
[        ] > Task :path_provider_android:assembleDebug
[        ] Skipping task ':path_provider_android:assembleDebug' as it has no actions.
[        ] Resolve mutations for :permission_handler_android:mergeDebugConsumerProguardFiles (Thread[#169,Execution worker Thread 3,5,main]) started.
[        ] :permission_handler_android:mergeDebugConsumerProguardFiles (Thread[#169,Execution worker Thread 3,5,main]) started.
[        ] > Task :permission_handler_android:mergeDebugConsumerProguardFiles
[        ] Caching disabled for task ':permission_handler_android:mergeDebugConsumerProguardFiles' because:
[        ]   Build cache is disabled
[        ]   Simple merging task
[        ] Task ':permission_handler_android:mergeDebugConsumerProguardFiles' is not up-to-date because:
[        ]   No history is available.
[        ] Resolve mutations for :permission_handler_android:prepareDebugArtProfile (Thread[#169,Execution worker Thread 3,5,main]) started.
[        ] :permission_handler_android:prepareDebugArtProfile (Thread[#169,Execution worker Thread 3,5,main]) started.
[  +91 ms] > Task :permission_handler_android:prepareDebugArtProfile
[        ] Caching disabled for task ':permission_handler_android:prepareDebugArtProfile' because:
[        ]   Build cache is disabled
[        ]   Caching has been disabled for the task
[        ] Task ':permission_handler_android:prepareDebugArtProfile' is not up-to-date because:
[        ]   No history is available.
[        ] Resolve mutations for :permission_handler_android:prepareLintJarForPublish (Thread[#171,Execution worker Thread 5,5,main]) started.
[        ] :permission_handler_android:prepareLintJarForPublish (Thread[#171,Execution worker Thread 5,5,main]) started.
[        ] Resolve mutations for :permission_handler_android:mergeDebugJavaResource (Thread[#169,Execution worker Thread 3,5,main]) started.
[        ] :permission_handler_android:mergeDebugJavaResource (Thread[#169,Execution worker Thread 3,5,main]) started.
[        ] > Task :permission_handler_android:prepareLintJarForPublish
[        ] Caching disabled for task ':permission_handler_android:prepareLintJarForPublish' because:
[        ]   Build cache is disabled
[        ]   Caching has been disabled for the task
[        ] Task ':permission_handler_android:prepareLintJarForPublish' is not up-to-date because:
[        ]   No history is available.
[        ] Resolve mutations for :record_android:stripDebugDebugSymbols (Thread[#171,Execution worker Thread 5,5,main]) started.
[        ] :record_android:stripDebugDebugSymbols (Thread[#171,Execution worker Thread 5,5,main]) started.
[        ] > Task :record_android:stripDebugDebugSymbols NO-SOURCE
[        ] Skipping task ':record_android:stripDebugDebugSymbols' as it has no source files and no previous output files.
[        ] Resolve mutations for :record_android:copyDebugJniLibsProjectAndLocalJars (Thread[#171,Execution worker Thread 5,5,main]) started.
[        ] :record_android:copyDebugJniLibsProjectAndLocalJars (Thread[#171,Execution worker Thread 5,5,main]) started.
[        ] Resolve mutations for :record_android:extractDebugAnnotations (Thread[#166,included builds,5,main]) started.
[        ] :record_android:extractDebugAnnotations (Thread[#166,included builds,5,main]) started.
[        ] > Task :record_android:copyDebugJniLibsProjectAndLocalJars
[        ] Caching disabled for task ':record_android:copyDebugJniLibsProjectAndLocalJars' because:
[        ]   Build cache is disabled
[        ]   Caching has been disabled for the task
[        ] Task ':record_android:copyDebugJniLibsProjectAndLocalJars' is not up-to-date because:
[        ]   No history is available.
[        ] > Task :permission_handler_android:mergeDebugJavaResource
[        ] Caching disabled for task ':permission_handler_android:mergeDebugJavaResource' because:
[        ]   Build cache is disabled
[        ]   Caching has been disabled for the task
[        ] Task ':permission_handler_android:mergeDebugJavaResource' is not up-to-date because:
[        ]   No history is available.
[        ] The input changes require a full rebuild for incremental task ':permission_handler_android:mergeDebugJavaResource'.
[ +103 ms] > Task :record_android:extractDebugAnnotations
[        ] Caching disabled for task ':record_android:extractDebugAnnotations' because:
[        ]   Build cache is disabled
[        ] Task ':record_android:extractDebugAnnotations' is not up-to-date because:
[        ]   No history is available.
[        ] file or directory 'C:\Users\Volted User\AppData\Local\Pub\Cache\hosted\pub.dev\record_android-1.5.0\android\src\main\java', not found
[        ] file or directory 'C:\Users\Volted User\AppData\Local\Pub\Cache\hosted\pub.dev\record_android-1.5.0\android\src\debug\java', not found
[        ] Resolve mutations for :record_android:extractDeepLinksForAarDebug (Thread[#166,included builds,5,main]) started.
[        ] :record_android:extractDeepLinksForAarDebug (Thread[#166,included builds,5,main]) started.
[        ] > Task :record_android:extractDeepLinksForAarDebug
[        ] Caching disabled for task ':record_android:extractDeepLinksForAarDebug' because:
[        ]   Build cache is disabled
[        ] Task ':record_android:extractDeepLinksForAarDebug' is not up-to-date because:
[        ]   No history is available.
[        ] Resolve mutations for :record_android:mergeDebugGeneratedProguardFiles (Thread[#166,included builds,5,main]) started.
[        ] :record_android:mergeDebugGeneratedProguardFiles (Thread[#166,included builds,5,main]) started.
[        ] > Task :record_android:mergeDebugGeneratedProguardFiles
[        ] Caching disabled for task ':record_android:mergeDebugGeneratedProguardFiles' because:
[        ]   Build cache is disabled
[        ]   Simple merging task
[        ] Task ':record_android:mergeDebugGeneratedProguardFiles' is not up-to-date because:
[        ]   No history is available.
[        ] Resolve mutations for :record_android:mergeDebugConsumerProguardFiles (Thread[#166,included builds,5,main]) started.
[        ] :record_android:mergeDebugConsumerProguardFiles (Thread[#166,included builds,5,main]) started.
[        ] > Task :record_android:mergeDebugConsumerProguardFiles
[        ] Caching disabled for task ':record_android:mergeDebugConsumerProguardFiles' because:
[        ]   Build cache is disabled
[        ]   Simple merging task
[        ] Task ':record_android:mergeDebugConsumerProguardFiles' is not up-to-date because:
[        ]   No history is available.
[        ] Resolve mutations for :record_android:prepareDebugArtProfile (Thread[#166,included builds,5,main]) started.
[        ] :record_android:prepareDebugArtProfile (Thread[#166,included builds,5,main]) started.
[        ] > Task :record_android:prepareDebugArtProfile
[        ] Caching disabled for task ':record_android:prepareDebugArtProfile' because:
[        ]   Build cache is disabled
[        ]   Caching has been disabled for the task
[        ] Task ':record_android:prepareDebugArtProfile' is not up-to-date because:
[        ]   No history is available.
[        ] Resolve mutations for :record_android:prepareLintJarForPublish (Thread[#166,included builds,5,main]) started.
[        ] :record_android:prepareLintJarForPublish (Thread[#166,included builds,5,main]) started.
[        ] Resolve mutations for :record_android:mergeDebugJavaResource (Thread[#169,Execution worker Thread 3,5,main]) started.
[        ] :record_android:mergeDebugJavaResource (Thread[#169,Execution worker Thread 3,5,main]) started.
[        ] > Task :record_android:prepareLintJarForPublish
[        ] Caching disabled for task ':record_android:prepareLintJarForPublish' because:
[        ]   Build cache is disabled
[        ]   Caching has been disabled for the task
[        ] Task ':record_android:prepareLintJarForPublish' is not up-to-date because:
[        ]   No history is available.
[  +96 ms] > Task :record_android:mergeDebugJavaResource
[        ] Caching disabled for task ':record_android:mergeDebugJavaResource' because:
[        ]   Build cache is disabled
[        ]   Caching has been disabled for the task
[        ] Task ':record_android:mergeDebugJavaResource' is not up-to-date because:
[        ]   No history is available.
[        ] The input changes require a full rebuild for incremental task ':record_android:mergeDebugJavaResource'.
[        ] Resolve mutations for :record_android:syncDebugLibJars (Thread[#169,Execution worker Thread 3,5,main]) started.
[        ] :record_android:syncDebugLibJars (Thread[#169,Execution worker Thread 3,5,main]) started.
[  +92 ms] > Task :record_android:syncDebugLibJars
[        ] Caching disabled for task ':record_android:syncDebugLibJars' because:
[        ]   Build cache is disabled
[        ] Task ':record_android:syncDebugLibJars' is not up-to-date because:
[        ]   No history is available.
[        ] Resolve mutations for :record_android:bundleDebugAar (Thread[#169,Execution worker Thread 3,5,main]) started.
[        ] :record_android:bundleDebugAar (Thread[#169,Execution worker Thread 3,5,main]) started.
[ +202 ms] > Task :record_android:bundleDebugAar
[        ] Caching disabled for task ':record_android:bundleDebugAar' because:
[        ]   Build cache is disabled
[        ]   Caching has been disabled for the task
[        ] Task ':record_android:bundleDebugAar' is not up-to-date because:
[        ]   No history is available.
[        ] file or directory 'E:\My Projects\EchoSift\frontend\build\record_android\intermediates\public_res\debug\packageDebugResources\public.txt', not found
[        ] file or directory 'E:\My Projects\EchoSift\frontend\build\record_android\intermediates\navigation_json_for_aar\debug\extractDeepLinksForAarDebug\navigation.json', not found
[        ] file or directory 'E:\My Projects\EchoSift\frontend\build\record_android\intermediates\annotations_zip\debug\extractDebugAnnotations\annotations.zip', not found
[        ] file or directory 'E:\My Projects\EchoSift\frontend\build\record_android\intermediates\merged_consumer_proguard_file\debug\mergeDebugConsumerProguardFiles\proguard.txt', not found
[        ] file or directory 'E:\My Projects\EchoSift\frontend\build\record_android\intermediates\lint_publish_jar\global\prepareLintJarForPublish\lint.jar', not found
[        ] file or directory 'E:\My Projects\EchoSift\frontend\build\record_android\intermediates\library_art_profile\debug\prepareDebugArtProfile\baseline-prof.txt', not found
[        ] Resolve mutations for :record_android:assembleDebug (Thread[#169,Execution worker Thread 3,5,main]) started.
[        ] :record_android:assembleDebug (Thread[#169,Execution worker Thread 3,5,main]) started.
[        ] > Task :record_android:assembleDebug
[        ] Skipping task ':record_android:assembleDebug' as it has no actions.
[ +991 ms] > Task :app:stripDebugDebugSymbols
[        ] Caching disabled for task ':app:stripDebugDebugSymbols' because:
[        ]   Build cache is disabled
[        ]   Caching has been disabled for the task
[        ] Task ':app:stripDebugDebugSymbols' is not up-to-date because:
[        ]   No history is available.
[        ] The input changes require a full rebuild for incremental task ':app:stripDebugDebugSymbols'.
[        ] C/C++: android.ndkVersion from module build.gradle is [28.2.13676358]
[        ] C/C++: android.ndkPath from module build.gradle is not set
[        ] C/C++: ndk.dir in local.properties is not set
[        ] C/C++: Not considering ANDROID_NDK_HOME because support was removed after deprecation period.
[        ] C/C++: sdkFolder is E:\AndroidSDK
[        ] C/C++: android.ndkVersion from module build.gradle is [28.2.13676358]
[        ] C/C++: android.ndkPath from module build.gradle is not set
[        ] C/C++: ndk.dir in local.properties is not set
[        ] C/C++: Not considering ANDROID_NDK_HOME because support was removed after deprecation period.
[        ] C/C++: sdkFolder is E:\AndroidSDK
[        ] Starting process 'command 'E:\AndroidSDK\ndk\28.2.13676358\toolchains\llvm\prebuilt\windows-x86_64\bin\llvm-strip''. Working directory: E:\My Projects\EchoSift\frontend\android\app Command: E:\AndroidSDK\ndk\28.2.13676358\toolchains\llvm\prebuilt\windows-x86_64\bin\llvm-strip --strip-unneeded -o E:\My Projects\EchoSift\frontend\build\app\intermediates\stripped_native_libs\debug\stripDebugDebugSymbols\out\lib\arm64-v8a\libflutter.so E:\My Projects\EchoSift\frontend\build\app\intermediates\merged_native_libs\debug\mergeDebugNativeLibs\out\lib\arm64-v8a\libflutter.so
[        ] Starting process 'command 'E:\AndroidSDK\ndk\28.2.13676358\toolchains\llvm\prebuilt\windows-x86_64\bin\llvm-strip''. Working directory: E:\My Projects\EchoSift\frontend\android\app Command: E:\AndroidSDK\ndk\28.2.13676358\toolchains\llvm\prebuilt\windows-x86_64\bin\llvm-strip --strip-unneeded -o E:\My Projects\EchoSift\frontend\build\app\intermediates\stripped_native_libs\debug\stripDebugDebugSymbols\out\lib\arm64-v8a\libVkLayer_khronos_validation.so E:\My Projects\EchoSift\frontend\build\app\intermediates\merged_native_libs\debug\mergeDebugNativeLibs\out\lib\arm64-v8a\libVkLayer_khronos_validation.so
[        ] Successfully started process 'command 'E:\AndroidSDK\ndk\28.2.13676358\toolchains\llvm\prebuilt\windows-x86_64\bin\llvm-strip''
[        ] Successfully started process 'command 'E:\AndroidSDK\ndk\28.2.13676358\toolchains\llvm\prebuilt\windows-x86_64\bin\llvm-strip''
[ +601 ms] Resolve mutations for :app:packageDebug (Thread[#167,Execution worker,5,main]) started.
[        ] :app:packageDebug (Thread[#167,Execution worker,5,main]) started.
[        ] > Task :permission_handler_android:extractDebugAnnotations
[        ] Caching disabled for task ':permission_handler_android:extractDebugAnnotations' because:
[        ]   Build cache is disabled
[        ] Task ':permission_handler_android:extractDebugAnnotations' is not up-to-date because:
[        ]   No history is available.
[        ] file or directory 'C:\Users\Volted User\AppData\Local\Pub\Cache\hosted\pub.dev\permission_handler_android-13.0.1\android\src\debug\java', not found
[        ] Android Lint: Creating lint class loader 31.11.1_false
[+2304 ms] > Task :app:packageDebug
[        ] Custom actions are attached to task ':app:packageDebug'.
[        ] Caching disabled for task ':app:packageDebug' because:
[        ]   Build cache is disabled
[        ]   Caching has been disabled for the task
[   +1 ms] Task ':app:packageDebug' is not up-to-date because:
[        ]   No history is available.
[        ] The input changes require a full rebuild for incremental task ':app:packageDebug'.
[        ] There are no .so files available to package in the APK for armeabi-v7a, x86_64.
[        ] Resolve mutations for :app:createDebugApkListingFileRedirect (Thread[#167,Execution worker,5,main]) started.
[        ] :app:createDebugApkListingFileRedirect (Thread[#167,Execution worker,5,main]) started.
[        ] > Task :app:createDebugApkListingFileRedirect
[        ] Caching disabled for task ':app:createDebugApkListingFileRedirect' because:
[        ]   Build cache is disabled
[        ]   Caching has been disabled for the task
[        ] Task ':app:createDebugApkListingFileRedirect' is not up-to-date because:
[        ]   No history is available.
[        ] Resolve mutations for :app:assembleDebug (Thread[#167,Execution worker,5,main]) started.
[        ] :app:assembleDebug (Thread[#167,Execution worker,5,main]) started.
[ +399 ms] > Task :app:assembleDebug
[        ] Caching disabled for task ':app:assembleDebug' because:
[        ]   Build cache is disabled
[        ] Task ':app:assembleDebug' is not up-to-date because:
[        ]   Task has not declared any outputs despite executing actions.
[ +495 ms] > Task :permission_handler_android:extractDebugAnnotations
[        ] Extracted 3 Annotations:
[        ]  @IntDef: 3
[        ] Annotations written to E:\My Projects\EchoSift\frontend\build\permission_handler_android\intermediates\annotations_zip\debug\extractDebugAnnotations\annotations.zip
[ +114 ms] Resolve mutations for :permission_handler_android:syncDebugLibJars (Thread[#170,Execution worker Thread 4,5,main]) started.
[   +1 ms] :permission_handler_android:syncDebugLibJars (Thread[#170,Execution worker Thread 4,5,main]) started.
[  +86 ms] > Task :permission_handler_android:syncDebugLibJars
[        ] Caching disabled for task ':permission_handler_android:syncDebugLibJars' because:
[        ]   Build cache is disabled
[        ] Task ':permission_handler_android:syncDebugLibJars' is not up-to-date because:
[        ]   No history is available.
[        ] Resolve mutations for :permission_handler_android:bundleDebugAar (Thread[#170,Execution worker Thread 4,5,main]) started.
[        ] :permission_handler_android:bundleDebugAar (Thread[#170,Execution worker Thread 4,5,main]) started.
[  +92 ms] > Task :permission_handler_android:bundleDebugAar
[        ] Caching disabled for task ':permission_handler_android:bundleDebugAar' because:
[        ]   Build cache is disabled
[        ]   Caching has been disabled for the task
[        ] Task ':permission_handler_android:bundleDebugAar' is not up-to-date because:
[        ]   No history is available.
[        ] file or directory 'E:\My Projects\EchoSift\frontend\build\permission_handler_android\intermediates\public_res\debug\packageDebugResources\public.txt', not found
[        ] file or directory 'E:\My Projects\EchoSift\frontend\build\permission_handler_android\intermediates\navigation_json_for_aar\debug\extractDeepLinksForAarDebug\navigation.json', not found
[        ] file or directory 'E:\My Projects\EchoSift\frontend\build\permission_handler_android\intermediates\merged_consumer_proguard_file\debug\mergeDebugConsumerProguardFiles\proguard.txt', not found
[        ] file or directory 'E:\My Projects\EchoSift\frontend\build\permission_handler_android\intermediates\lint_publish_jar\global\prepareLintJarForPublish\lint.jar', not found
[        ] file or directory 'E:\My Projects\EchoSift\frontend\build\permission_handler_android\intermediates\library_art_profile\debug\prepareDebugArtProfile\baseline-prof.txt', not found
[        ] Resolve mutations for :permission_handler_android:assembleDebug (Thread[#170,Execution worker Thread 4,5,main]) started.
[        ] :permission_handler_android:assembleDebug (Thread[#170,Execution worker Thread 4,5,main]) started.
[        ] > Task :permission_handler_android:assembleDebug
[        ] Skipping task ':permission_handler_android:assembleDebug' as it has no actions.
[ +105 ms] AAPT2 aapt2-8.11.1-12782657-windows Daemon #0: shutdown
[        ] Android Lint: Disposing Uast application environment in lint classloader [31.11.1_false]
[        ] Build ceda366c-98df-4440-a3ad-bfc5d2b215b8 is closed
[        ] [Incubating] Problems report is available at: file:///E:/My%20Projects/EchoSift/frontend/build/reports/problems/problems-report.html
[        ] Deprecated Gradle features were used in this build, making it incompatible with Gradle 9.0.
[        ] You can use '--warning-mode all' to show the individual deprecation warnings and determine if they come from your own scripts or plugins.
[        ] For more on this, please refer to https://docs.gradle.org/8.14/userguide/command_line_interface.html#sec:command_line_warnings in the Gradle documentation.
[        ] BUILD SUCCESSFUL in 5m 11s
[        ] 139 actionable tasks: 134 executed, 5 up-to-date
[        ] Watched directory hierarchies: [E:\flutter\packages\flutter_tools\gradle, E:\My Projects\EchoSift\frontend\android]
[ +702 ms] Running Gradle task 'assembleDebug'... (completed in 311.8s)
[  +98 ms] Calculate SHA1: LocalDirectory: 'E:\My Projects\EchoSift\frontend\build\app\outputs\flutter-apk'/app-debug.apk
[ +903 ms] ΓêÜ Built build\app\outputs\flutter-apk\app-debug.apk
[  +61 ms] executing: E:\AndroidSDK\build-tools\36.1.0\aapt dump xmltree E:\My Projects\EchoSift\frontend\build\app\outputs\flutter-apk\app-debug.apk AndroidManifest.xml
[ +212 ms] Exit code 0 from: E:\AndroidSDK\build-tools\36.1.0\aapt dump xmltree E:\My Projects\EchoSift\frontend\build\app\outputs\flutter-apk\app-debug.apk AndroidManifest.xml
[        ] N: android=http://schemas.android.com/apk/res/android
             E: manifest (line=2)
               A: android:versionCode(0x0101021b)=(type 0x10)0x1
               A: android:versionName(0x0101021c)="1.0.0" (Raw: "1.0.0")
               A: android:compileSdkVersion(0x01010572)=(type 0x10)0x24
               A: android:compileSdkVersionCodename(0x01010573)="16" (Raw: "16")
               A: package="com.example.echosift" (Raw: "com.example.echosift")
               A: platformBuildVersionCode=(type 0x10)0x24
               A: platformBuildVersionName=(type 0x10)0x10
               E: uses-sdk (line=7)
                 A: android:minSdkVersion(0x0101020c)=(type 0x10)0x18
                 A: android:targetSdkVersion(0x01010270)=(type 0x10)0x24
               E: uses-permission (line=15)
                 A: android:name(0x01010003)="android.permission.INTERNET" (Raw: "android.permission.INTERNET")
               E: queries (line=23)
                 E: intent (line=24)
                   E: action (line=25)
                     A: android:name(0x01010003)="android.intent.action.PROCESS_TEXT" (Raw: "android.intent.action.PROCESS_TEXT")
                   E: data (line=27)
                     A: android:mimeType(0x01010026)="text/plain" (Raw: "text/plain")
               E: uses-permission (line=31)
                 A: android:name(0x01010003)="android.permission.RECORD_AUDIO" (Raw: "android.permission.RECORD_AUDIO")
               E: permission (line=33)
                 A: android:name(0x01010003)="com.example.echosift.DYNAMIC_RECEIVER_NOT_EXPORTED_PERMISSION" (Raw: "com.example.echosift.DYNAMIC_RECEIVER_NOT_EXPORTED_PERMISSION")
                 A: android:protectionLevel(0x01010009)=(type 0x11)0x2
               E: uses-permission (line=37)
                 A: android:name(0x01010003)="com.example.echosift.DYNAMIC_RECEIVER_NOT_EXPORTED_PERMISSION" (Raw: "com.example.echosift.DYNAMIC_RECEIVER_NOT_EXPORTED_PERMISSION")
               E: application (line=39)
                 A: android:label(0x01010001)="echosift" (Raw: "echosift")
                 A: android:icon(0x01010002)=@0x7f0a0000
                 A: android:name(0x01010003)="android.app.Application" (Raw: "android.app.Application")
                 A: android:debuggable(0x0101000f)=(type 0x12)0xffffffff
                 A: android:extractNativeLibs(0x010104ea)=(type 0x12)0x0
                 A: android:appComponentFactory(0x0101057a)="androidx.core.app.CoreComponentFactory" (Raw: "androidx.core.app.CoreComponentFactory")
                 E: activity (line=46)
                   A: android:theme(0x01010000)=@0x7f0c0000
                   A: android:name(0x01010003)="com.example.echosift.MainActivity" (Raw: "com.example.echosift.MainActivity")
                   A: android:exported(0x01010010)=(type 0x12)0xffffffff
                   A: android:taskAffinity(0x01010012)="" (Raw: "")
                   A: android:launchMode(0x0101001d)=(type 0x10)0x1
                   A: android:configChanges(0x0101001f)=(type 0x11)0x40003fb4
                   A: android:windowSoftInputMode(0x0101022b)=(type 0x11)0x10
                   A: android:hardwareAccelerated(0x010102d3)=(type 0x12)0xffffffff
                   E: meta-data (line=62)
                     A: android:name(0x01010003)="io.flutter.embedding.android.NormalTheme" (Raw: "io.flutter.embedding.android.NormalTheme")
                     A: android:resource(0x01010025)=@0x7f0c0001
                   E: intent-filter (line=66)
                     E: action (line=67)
                       A: android:name(0x01010003)="android.intent.action.MAIN" (Raw: "android.intent.action.MAIN")
                     E: category (line=69)
                       A: android:name(0x01010003)="android.intent.category.LAUNCHER" (Raw: "android.intent.category.LAUNCHER")
                 E: meta-data (line=76)
                   A: android:name(0x01010003)="flutterEmbedding" (Raw: "flutterEmbedding")
                   A: android:value(0x01010024)=(type 0x10)0x2
                 E: uses-library (line=80)
                   A: android:name(0x01010003)="androidx.window.extensions" (Raw: "androidx.window.extensions")
                   A: android:required(0x0101028e)=(type 0x12)0x0
                 E: uses-library (line=83)
                   A: android:name(0x01010003)="androidx.window.sidecar" (Raw: "androidx.window.sidecar")
                   A: android:required(0x0101028e)=(type 0x12)0x0
                 E: provider (line=87)
                   A: android:name(0x01010003)="androidx.startup.InitializationProvider" (Raw: "androidx.startup.InitializationProvider")
                   A: android:exported(0x01010010)=(type 0x12)0x0
                   A: android:authorities(0x01010018)="com.example.echosift.androidx-startup" (Raw: "com.example.echosift.androidx-startup")
                   E: meta-data (line=91)
                     A: android:name(0x01010003)="androidx.lifecycle.ProcessLifecycleInitializer" (Raw: "androidx.lifecycle.ProcessLifecycleInitializer")
                     A: android:value(0x01010024)="androidx.startup" (Raw: "androidx.startup")
                   E: meta-data (line=94)
                     A: android:name(0x01010003)="androidx.profileinstaller.ProfileInstallerInitializer" (Raw: "androidx.profileinstaller.ProfileInstallerInitializer")
                     A: android:value(0x01010024)="androidx.startup" (Raw: "androidx.startup")
                 E: receiver (line=99)
                   A: android:name(0x01010003)="androidx.profileinstaller.ProfileInstallReceiver" (Raw: "androidx.profileinstaller.ProfileInstallReceiver")
                   A: android:permission(0x01010006)="android.permission.DUMP" (Raw: "android.permission.DUMP")
                   A: android:enabled(0x0101000e)=(type 0x12)0xffffffff
                   A: android:exported(0x01010010)=(type 0x12)0xffffffff
                   A: android:directBootAware(0x01010505)=(type 0x12)0x0
                   E: intent-filter (line=105)
                     E: action (line=106)
                       A: android:name(0x01010003)="androidx.profileinstaller.action.INSTALL_PROFILE" (Raw: "androidx.profileinstaller.action.INSTALL_PROFILE")
                   E: intent-filter (line=108)
                     E: action (line=109)
                       A: android:name(0x01010003)="androidx.profileinstaller.action.SKIP_FILE" (Raw: "androidx.profileinstaller.action.SKIP_FILE")
                   E: intent-filter (line=111)
                     E: action (line=112)
                       A: android:name(0x01010003)="androidx.profileinstaller.action.SAVE_PROFILE" (Raw: "androidx.profileinstaller.action.SAVE_PROFILE")
                   E: intent-filter (line=114)
                     E: action (line=115)
                       A: android:name(0x01010003)="androidx.profileinstaller.action.BENCHMARK_OPERATION" (Raw: "androidx.profileinstaller.action.BENCHMARK_OPERATION")
[   +8 ms] Stopping app 'app-debug.apk' on CPH2487.
[   +1 ms] executing: E:\AndroidSDK\platform-tools\adb.exe -s 1c3d2914 shell am force-stop com.example.echosift
[ +183 ms] Installing APK.
[   +1 ms] Installing build\app\outputs\flutter-apk\app-debug.apk...
[        ] executing: E:\AndroidSDK\platform-tools\adb.exe -s 1c3d2914 install -t -r E:\My Projects\EchoSift\frontend\build\app\outputs\flutter-apk\app-debug.apk
[+4755 ms] Performing Streamed Install
           Success
[        ] Installing build\app\outputs\flutter-apk\app-debug.apk... (completed in 4.8s)
[   +1 ms] executing: E:\AndroidSDK\platform-tools\adb.exe -s 1c3d2914 shell echo -n 1aabd65f13d4621b54a4fd0e078a6d1bc587c68c > /data/local/tmp/sky.com.example.echosift.sha1
[ +100 ms] executing: E:\AndroidSDK\platform-tools\adb.exe -s 1c3d2914 shell -x logcat -v time -t 1
[ +395 ms] --------- beginning of main
           02-10 22:47:41.485 W/Service (26296): setForeground: ignoring old API call on com.oplus.notification.NotificationCenterService
[   +7 ms] executing: E:\AndroidSDK\platform-tools\adb.exe -s 1c3d2914 shell am start -a android.intent.action.MAIN -c android.intent.category.LAUNCHER -f 0x20000000 --ez enable-dart-profiling true --ez enable-checked-mode true --ez verify-entry-points true com.example.echosift/com.example.echosift.MainActivity
[ +302 ms] Starting: Intent { act=android.intent.action.MAIN cat=[android.intent.category.LAUNCHER] flg=0x20000000 cmp=com.example.echosift/.MainActivity (has extras) }
[        ] Waiting for VM Service port to be available...
[ +604 ms] D/FlutterJNI(25489): Beginning load of flutter...
[ +147 ms] D/FlutterJNI(25489): flutter (null) was loaded normally!
[ +810 ms] I/flutter (25489): [IMPORTANT:flutter/shell/platform/android/android_context_vk_impeller.cc(62)] Using the Impeller rendering backend (Vulkan).
[  +14 ms] VM Service URL on device: http://127.0.0.1:43173/fsNN7RzD17A=/
[        ] executing: E:\AndroidSDK\platform-tools\adb.exe -s 1c3d2914 forward tcp:0 tcp:43173
[  +41 ms] 63798
[        ] Forwarded host port 63798 to device port 43173 for VM Service
[   +8 ms] Caching compiled dill
[  +57 ms] Connecting to service protocol: http://127.0.0.1:63798/fsNN7RzD17A=/
[ +189 ms] Launching a Dart Developer Service (DDS) instance at http://127.0.0.1:0, connecting to VM service at http://127.0.0.1:63798/fsNN7RzD17A=/.
[+1190 ms] Successfully connected to service protocol: http://127.0.0.1:63798/fsNN7RzD17A=/
[  +74 ms] DevFS: Creating new filesystem on the device (null)
[  +51 ms] DevFS: Created new filesystem on the device (file:///data/user/0/com.example.echosift/code_cache/frontendAJXDCJ/frontend/)
[   +2 ms] Updating assets for android
[   +1 ms] runHooks() with {TargetFile: E:\My Projects\EchoSift\frontend\lib\main.dart, BuildMode: debug} and TargetPlatform.android_arm64
[        ] runHooks() - will perform dart build
[   +1 ms] Initializing file store
[   +1 ms] dart_build: Starting due to {}
[ +177 ms] Building native assets for android_arm64.
[  +28 ms] D/OplusScrollToTopManager(25489): com.example.echosift/com.example.echosift.MainActivity,This com.android.internal.policy.DecorView{1e39756 V.E...... R....... 0,0-1240,2772 aid=0 alpha=1.0 viewInfo = }[MainActivity] change focus to true
[  +70 ms] input.json contents:
           {
             "assets": {},
             "config": {
               "build_asset_types": [
                 "code_assets/code"
               ],
               "extensions": {
                 "code_assets": {
                   "android": {
                     "target_ndk_api": 24
                   },
                   "c_compiler": {
                     "ar": "E:\\AndroidSDK\\ndk\\28.2.13676358\\toolchains\\llvm\\prebuilt\\windows-x86_64\\bin\\llvm-ar.exe",
                     "cc": "E:\\AndroidSDK\\ndk\\28.2.13676358\\toolchains\\llvm\\prebuilt\\windows-x86_64\\bin\\clang.exe",
                     "ld": "E:\\AndroidSDK\\ndk\\28.2.13676358\\toolchains\\llvm\\prebuilt\\windows-x86_64\\bin\\ld.lld.exe"
                   },
                   "link_mode_preference": "dynamic",
                   "target_architecture": "arm64",
                   "target_os": "android"
                 }
               },
               "linking_enabled": false
             },
             "out_dir_shared": "E:\\My Projects\\EchoSift\\frontend\\.dart_tool\\hooks_runner\\shared\\objective_c\\build\\",
             "out_file": "E:\\My Projects\\EchoSift\\frontend\\.dart_tool\\hooks_runner\\objective_c\\6187729b8094e9659d677de64fe529bb\\output.json",
             "package_name": "objective_c",
             "package_root": "C:\\Users\\Volted User\\AppData\\Local\\Pub\\Cache\\hosted\\pub.dev\\objective_c-9.3.0\\",
             "user_defines": {}
           }
[   +6 ms] output.json contents:
           {
             "assets_for_linking": {},
             "status": "success",
             "timestamp": "2026-02-10 22:43:28.000"
           }
[   +3 ms] Rerunning build for objective_c in E:\My Projects\EchoSift\frontend\.dart_tool\hooks_runner\objective_c\6187729b8094e9659d677de64fe529bb\. Environment variable changed: PATH.
[   +1 ms] input.json contents:
           {
             "assets": {},
             "config": {
               "build_asset_types": [
                 "code_assets/code"
               ],
               "extensions": {
                 "code_assets": {
                   "android": {
                     "target_ndk_api": 24
                   },
                   "c_compiler": {
                     "ar": "E:\\AndroidSDK\\ndk\\28.2.13676358\\toolchains\\llvm\\prebuilt\\windows-x86_64\\bin\\llvm-ar.exe",
                     "cc": "E:\\AndroidSDK\\ndk\\28.2.13676358\\toolchains\\llvm\\prebuilt\\windows-x86_64\\bin\\clang.exe",
                     "ld": "E:\\AndroidSDK\\ndk\\28.2.13676358\\toolchains\\llvm\\prebuilt\\windows-x86_64\\bin\\ld.lld.exe"
                   },
                   "link_mode_preference": "dynamic",
                   "target_architecture": "arm64",
                   "target_os": "android"
                 }
               },
               "linking_enabled": false
             },
             "out_dir_shared": "E:\\My Projects\\EchoSift\\frontend\\.dart_tool\\hooks_runner\\shared\\objective_c\\build\\",
             "out_file": "E:\\My Projects\\EchoSift\\frontend\\.dart_tool\\hooks_runner\\objective_c\\6187729b8094e9659d677de64fe529bb\\output.json",
             "package_name": "objective_c",
             "package_root": "C:\\Users\\Volted User\\AppData\\Local\\Pub\\Cache\\hosted\\pub.dev\\objective_c-9.3.0\\",
             "user_defines": {}
           }
[   +5 ms] Running `(cd C:\Users\Volted User\AppData\Local\Pub\Cache\hosted\pub.dev\objective_c-9.3.0\; PATH=E:\flutter\bin\;c:\Users\Volted User\AppData\Roaming\Code\User\globalStorage\github.copilot-chat\debugCommand;c:\Users\Volted User\AppData\Roaming\Code\User\globalStorage\github.copilot-chat\copilotCli;C:\Python313\Scripts\;C:\Python313\;C:\Program Files\Common Files\Oracle\Java\javapath;C:\Python39\Scripts\;C:\Python39\;C:\Windows\system32;C:\Windows;C:\Windows\System32\Wbem;C:\Windows\System32\WindowsPowerShell\v1.0\;C:\Windows\System32\OpenSSH\;C:\Program Files\NVIDIA Corporation\NVIDIA NvDLISR;C:\Program Files (x86)\NVIDIA Corporation\PhysX\Common;C:\ProgramData\chocolatey\bin;C:\WINDOWS\system32;C:\WINDOWS;C:\WINDOWS\System32\Wbem;C:\WINDOWS\System32\WindowsPowerShell\v1.0\;C:\WINDOWS\System32\OpenSSH\;C:\Android;C:\Program Files\Java\jdk-22\bin;C:\Python39\python.exe;C:\Spark\bin;C:\Spark\spark-3.5.1-bin-hadoop3\;C:\Spark\spark-3.5.1-bin-hadoop3\bin;C:\Program Files\Microsoft SQL Server\150\Tools\Binn\;C:\Program Files\Microsoft SQL Server\Client SDK\ODBC\170\Tools\Binn\;C:\Program Files\dotnet\;C:\Program Files\nodejs\;C:\Program Files\Git\cmd;C:\Program Files\Docker\Docker\resources\bin;C:\Users\Volted User\AppData\Local\Programs\Python\Python310\Scripts\;C:\Users\Volted User\AppData\Local\Programs\Python\Python310\;C:\Program Files\Common Files\Oracle\Java\javapath;C:\Python39\Scripts\;C:\Python39\;C:\Windows\system32;C:\Windows;C:\Windows\System32\Wbem;C:\Windows\System32\WindowsPowerShell\v1.0\;C:\Windows\System32\OpenSSH\;C:\Program Files\NVIDIA Corporation\NVIDIA NvDLISR;C:\Program Files (x86)\NVIDIA Corporation\PhysX\Common;C:\Program Files\nodejs\;C:\ProgramData\chocolatey\bin;C:\WINDOWS\system32;C:\WINDOWS;C:\WINDOWS\System32\Wbem;C:\WINDOWS\System32\WindowsPowerShell\v1.0\;C:\WINDOWS\System32\OpenSSH\;C:\Android;C:\Spark\spark-3.5.1-bin-hadoop3\;C:\Spark\spark-3.5.1-bin-hadoop3\bin;C:\Python39\python.exe;C:\Program Files\Java\jdk-22\bin;C:\Spark\bin;C:\Users\Volted User\anaconda3;C:\Users\Volted User\anaconda3\Library\mingw-w64\bin;C:\Users\Volted User\anaconda3\Library\usr\bin;C:\Users\Volted User\anaconda3\Library\bin;C:\Users\Volted User\anaconda3\Scripts;C:\Users\Volted User;C:\Program Files\JetBrains\PyCharm Community Edition 2024.1\bin;;C:\Users\Volted User\.dotnet\tools;C:\Users\Volted User\AppData\Roaming\npm;C:\Users\Volted User\AppData\Local\Programs\Microsoft VS Code\bin;E:\flutter\bin PROGRAMDATA=C:\ProgramData SYSTEMDRIVE=C: SYSTEMROOT=C:\WINDOWS TEMP=C:\Users\VOLTED~1\AppData\Local\Temp TMP=C:\Users\VOLTED~1\AppData\Local\Temp USERPROFILE=C:\Users\Volted User WINDIR=C:\WINDOWS E:\flutter\bin\cache\dart-sdk\bin\dart '--packages=E:\My Projects\EchoSift\frontend\.dart_tool\package_config.json' 'E:\My Projects\EchoSift\frontend\.dart_tool\hooks_runner\objective_c\6187729b8094e9659d677de64fe529bb\hook.dill' '--config=E:\My Projects\EchoSift\frontend\.dart_tool\hooks_runner\objective_c\6187729b8094e9659d677de64fe529bb\input.json' )`.
[+1196 ms] output.json contents:
           {
             "assets_for_linking": {},
             "status": "success",
             "timestamp": "2026-02-10 22:47:45.000"
           }
[  +23 ms] Building native assets for android_arm64 done.
[   +3 ms] dart_build: Complete
[  +67 ms] Persisting file store
[   +2 ms] Done persisting file store
[   +4 ms] runHooks() - done
[ +241 ms] Syncing files to device CPH2487...
[   +2 ms] Compiling dart to kernel with 0 updated files
[        ] Processing bundle.
[   +1 ms] <- recompile package:echosift/main.dart 5f1f8848-37a5-4d66-b618-d001bb83652f
[        ] <- 5f1f8848-37a5-4d66-b618-d001bb83652f
[  +34 ms] Bundle processing done.
[+1316 ms] Updating files.
[        ] Pending asset builds completed. Writing dirty entries.
[        ] DevFS: Sync finished
[        ] Syncing files to device CPH2487... (completed in 1,356ms)
[        ] Synced 0.0MB.
[   +1 ms] <- accept
[  +12 ms] Connected to _flutterView/0xb4000070e3a85620.
[   +3 ms] Flutter run key commands.
[        ] r Hot reload. 
[        ] R Hot restart.
[        ] h List all available interactive commands.
[        ] d Detach (terminate "flutter run" but leave application running).
[        ] c Clear the screen
[        ] q Quit (terminate the application on the device).
[        ] A Dart VM Service on CPH2487 is available at: http://127.0.0.1:63802/WVExoNgkLBA=/
[   +1 ms] The Flutter DevTools debugger and profiler on CPH2487 is available at: http://127.0.0.1:63802/WVExoNgkLBA=/devtools/?uri=ws://127.0.0.1:63802/WVExoNgkLBA=/ws
[ +939 ms] D/ProfileInstaller(25489): Installing profile for com.example.echosift
[+28347 ms] W/xample.echosift(25489): userfaultfd: MOVE ioctl seems unsupported: Connection timed out
[+90319 ms] E/IJankManager(25489): slideSceneEnd unknown scene 1000 mScene:-1
[        ] V/AutofillManager(25489): requestHideFillUi(null): anchor = null
[        ] D/OplusSystemUINavigationGestureExtImpl(25489): regionString = null
[        ] D/ViewExtract(25489): [OplusViewExtractManager] OplusViewExtractManager init com.example.echosift
[        ] D/OplusSystemUINavigationGestureExtImpl(25489): regionString = null
[  +62 ms] D/OplusInputMethodManagerInternal(25489): get inputMethodManager extension: com.android.internal.view.IInputMethodManager$Stub$Proxy@9f0913e
[        ] D/OplusViewDragTouchViewHelper(25489): dispatchTouchView action = 1
[        ] D/ViewRootImplExtImpl(25489): the up motion event handled by client, just return
[  +19 ms] D/Vibrator(25489): SystemVibrator Created
[  +60 ms] D/VRI[MainActivity](25489): onFocusEvent false
[ +998 ms] D/OplusScrollToTopManager(25489): com.example.echosift/com.example.echosift.MainActivity,This com.android.internal.policy.DecorView{1e39756 V.E...... R....... 0,0-1240,2772 aid=0 alpha=1.0 viewInfo = }[MainActivity] change focus to false
[+1707 ms] D/ActivityThread(25489): ComponentInfo{com.example.echosift/com.example.echosift.MainActivity} checkFinished=false 4
[        ] D/ResourcesManagerExtImpl(25489): applyConfigurationToAppResourcesLocked app.getDisplayId() return callback.displayId:0
[        ] V/AutofillClientController(25489): onActivityResumed()
[        ] V/AutofillClientController(25489): onActivityPostResumed()
[        ] V/AutofillClientController(25489): onActivityPostResumed(): Relayout fix enabled
[        ] V/AutofillClientController(25489): forResume(): Not attempting refill.
[   +6 ms] D/VRI[MainActivity](25489): onFocusEvent true
[  +24 ms] D/InsetsController(25489): hide(ime(), fromIme=false)
[        ] I/ImeTracker(25489): com.example.echosift:3c1ea532: onCancelled at PHASE_CLIENT_ALREADY_HIDDEN
[ +725 ms] D/AudioSystem(25489): onNewService: media.audio_policy service obtained 0xb400006f8d0cc400
[        ] D/AudioSystem(25489): getService: checking for service media.audio_policy: 0xb400006f8d0cc400
[        ] W/AidlConversionCppNdk(25489): aidl2legacy_AudioChannelLayout_audio_channel_mask_t: no legacy output audio_channel_mask_t found for AudioChannelLayout{layoutMask: 16}
[   +3 ms] D/AudioManagerExtImpl(25489): mLastUnFakeScoUid 10435 mFakeScoUid -1
[   +2 ms] D/AudioSystem(25489): onNewServiceWithAdapter: media.audio_flinger service obtained 0xb400006f8a8e1f60
[   +1 ms] D/AudioSystem(25489): getService: checking for service media.audio_flinger: 0xb400006f8d0fe4c0
[   +1 ms] D/AudioManagerExtImpl(25489): getStreamVolume packageName=com.example.echosift, index=11, streamType=4
[   +2 ms] D/AudioManagerExtImpl(25489): getStreamVolume packageName=com.example.echosift, index=10, streamType=8
[   +1 ms] D/AudioManagerExtImpl(25489): getStreamVolume packageName=com.example.echosift, index=100, streamType=3
[   +3 ms] D/AudioManagerExtImpl(25489): getStreamVolume packageName=com.example.echosift, index=16, streamType=5
[        ] D/AudioManagerExtImpl(25489): getStreamVolume packageName=com.example.echosift, index=10, streamType=2
[        ] D/AudioManagerExtImpl(25489): getStreamVolume packageName=com.example.echosift, index=10, streamType=1
[        ] D/AudioManagerExtImpl(25489): getStreamVolume packageName=com.example.echosift, index=4, streamType=0
[        ] D/AudioManager(25489): isSpeakerphoneOn()=false, calling application:com.example.echosift
[        ] W/AudioCapabilities(25489): Unsupported mediaType audio/ffmpeg
[        ] W/AudioCapabilities(25489): Unsupported mediaType audio/alac
[        ] W/AudioCapabilities(25489): Unsupported mediaType audio/x-ape
[        ] W/AudioCapabilities(25489): Unsupported mediaType audio/evrc
[        ] W/AudioCapabilities(25489): Unsupported mediaType audio/qcelp
[        ] W/AudioCapabilities(25489): Unsupported mediaType audio/amr-wb-plus
[        ] W/AudioCapabilities(25489): Unsupported mediaType audio/x-ms-wma
[        ] W/AudioCapabilities(25489): Unsupported mediaType audio/evrc
[        ] W/AudioCapabilities(25489): Unsupported mediaType audio/qcelp
[        ] W/AudioCapabilities(25489): Unsupported mediaType audio/alac
[        ] W/AudioCapabilities(25489): Unsupported mediaType audio/x-ape
[   +1 ms] W/AudioCapabilities(25489): Unsupported mediaType audio/iamf
[   +7 ms] W/VideoCapabilities(25489): Unrecognized profile 8 for video/hevc
[        ] W/VideoCapabilities(25489): Unrecognized profile 8 for video/hevc
[        ] W/VideoCapabilities(25489): Unrecognized profile 8 for video/hevc
[        ] W/VideoCapabilities(25489): Unrecognized profile 8 for video/hevc
[        ] W/VideoCapabilities(25489): Unrecognized profile 8 for video/hevc
[        ] W/VideoCapabilities(25489): Unsupported mime image/vnd.android.heic
[   +1 ms] W/VideoCapabilities(25489): Unsupported mime video/ffmpeg
[        ] W/AudioCapabilities(25489): Unsupported mime audio/ffmpeg
[   +1 ms] W/AudioCapabilities(25489): Unsupported mime audio/alac
[        ] W/AudioCapabilities(25489): Unsupported mime audio/x-ape
[        ] W/AudioCapabilities(25489): Unsupported mime audio/evrc
[        ] W/AudioCapabilities(25489): Unsupported mime audio/qcelp
[        ] W/AudioCapabilities(25489): Unsupported mime audio/amr-wb-plus
[        ] W/AudioCapabilities(25489): Unsupported mime audio/x-ms-wma
[   +3 ms] W/AudioCapabilities(25489): Unsupported mime audio/evrc
[        ] W/AudioCapabilities(25489): Unsupported mime audio/qcelp
[        ] W/AudioCapabilities(25489): Unsupported mime audio/alac
[        ] W/AudioCapabilities(25489): Unsupported mime audio/x-ape
[        ] W/AudioCapabilities(25489): Unsupported mime audio/iamf
[   +2 ms] W/VideoCapabilities(25489): Unrecognized profile 8 for video/hevc
[        ] W/VideoCapabilities(25489): Unrecognized profile 8 for video/hevc
[        ] W/VideoCapabilities(25489): Unrecognized profile 8 for video/hevc
[   +4 ms] W/VideoCapabilities(25489): Unrecognized profile 8 for video/hevc
[        ] W/VideoCapabilities(25489): Unrecognized profile 8 for video/hevc
[        ] W/VideoCapabilities(25489): Unrecognized profile 8 for video/hevc
[   +1 ms] W/VideoCapabilities(25489): Unrecognized profile 8 for video/hevc
[        ] W/VideoCapabilities(25489): Unrecognized profile 8 for video/hevc
[        ] W/VideoCapabilities(25489): Unrecognized profile 8 for video/hevc
[        ] W/VideoCapabilities(25489): Unrecognized profile 8 for video/hevc
[        ] W/VideoCapabilities(25489): Unsupported mime image/vnd.android.heic
[        ] W/VideoCapabilities(25489): Unsupported mime image/vnd.android.heic
[   +4 ms] W/VideoCapabilities(25489): Unsupported mime video/ffmpeg
[        ] D/AudioRecord(25489): getMinFrameCount 1776
[   +1 ms] D/AudioRecordExtImpl(25489): AudioRecordExtImpl init
[        ] D/ExtensionsLoader(25489): createInstance(64bit) : createExtendedFactory
[   +2 ms] D/ExtensionsLoader(25489): Opened libSchedAssistExtImpl.so
[        ] D/AudioRecordExtImpl(25489): audiorecordTest
[        ] D/AudioRecord(25489): set(): inputSource 0, sampleRate 44100, format 0x1, channelMask 0xc, frameCount 3552, notificationFrames 0, sessionId 0, transferType 0, flags 0, attributionSource AttributionSourceState{pid: 25489, uid: 10435, deviceId: 0, packageName: com.example.echosift, attributionTag: (null), token: binder:0xb400006fbbcc4f70, renouncedPermissions: [], next: []}uid -1, pid -1
[   +1 ms] D/AudioRecord(25489): set(): mSessionId 0
[        ] D/AudioRecord(25489): set(): 0xb400006f8a85c500, Create AudioRecordThread, tid = 27203
[        ] D/AudioRecordExtImpl(25489): doSchedBoost, set audioapp task boost, pid=25489, tid=27202, enable=1, ret=0
[  +23 ms] I/AudioRecord(25489): openRecord_l: 0xb400006f8a85c500, mCblk = 0x71714b8000
[   +4 ms] D/AudioRecordExtImpl(25489): doSchedBoost, set audioapp task boost, pid=25489, tid=27202, enable=0, ret=0
[   +4 ms] D/ListServiceUtils(25489): mListServiceUtils::init CallingPid 25489
[        ] D/ListServiceUtils(25489): mListServiceUtils::init this 0xb400006f807e1a00
[        ] D/android.media.AudioRecord(25489): thirdPartyPlaybackCaptureSupported = false
[        ] I/AudioEffect(25489): queryNumberEffects(): *numEffects = 30, ret = 0
[        ] I/AudioEffect(25489): queryNumberEffects(): *numEffects = 30, ret = 0
[        ] W/AidlConversionCppNdk(25489): aidl2legacy_AudioChannelLayout_audio_channel_mask_t: no legacy output audio_channel_mask_t found for AudioChannelLayout{layoutMask: 16}
[   +1 ms] I/AudioEffect(25489): set 0xb400006fbbcd2000 timeLow 7b491460
[   +4 ms] I/AudioEffect(25489): set() 0xb400006fbbcd2000 OK effect: Acoustic Echo Canceler id: 21827 status 0 enabled 0 pid 25489
[   +1 ms] I/AudioEffect(25489): queryNumberEffects(): *numEffects = 30, ret = 0
[   +6 ms] I/AudioEffect(25489): set 0xb400006f7fde2000 timeLow 58b4b260
[   +1 ms] I/AudioEffect(25489): set() 0xb400006f7fde2000 OK effect: Noise Suppression id: 21835 status 0 enabled 0 pid 25489
[        ] D/AudioRecord(25489): start(2716): sync event 0 trigger session 0
[  +23 ms] W/AidlConversionCppNdk(25489): aidl2legacy_AudioChannelLayout_audio_channel_mask_t: no legacy output audio_channel_mask_t found for AudioChannelLayout{layoutMask: 16}
[        ] I/AudioRecord(25489): start(2716): return status 0
[   +1 ms] W/libc    (25489): Access denied finding property "vendor.debug.stagefright.mediacodec.trace"
[        ] W/libc    (25489): Access denied finding property "persist.vendor.media.c2.frameworks.buffercount.trace"
[        ] W/libc    (25489): Access denied finding property "persist.vendor.media.c2.frameworks.buffercount.trace"
[        ] D/IAtlas  (25489): IAtlas::init CallingPid 25489
[        ] D/IAtlas  (25489): IAtlas::init this 0xb400006fbbd839c0
[   +3 ms] W/libc    (25489): Access denied finding property "persist.vendor.media.c2.frameworks.buffercount.trace"
[        ] W/libc    (25489): Access denied finding property "persist.vendor.media.c2.frameworks.buffercount.trace"
[  +15 ms] I/ApexCodecsLazy(25489): Failed to load libcom.android.media.swcodec.apexcodecs.so: dlopen failed: library "libcom.android.media.swcodec.apexcodecs.so" not found
[        ] I/Codec2Client(25489): Available Codec2 services: "default" "default1" "default2" "software"
[  +27 ms] D/CCodecConfig(25489): read media type: audio/mp4a-latm
[   +9 ms] D/ReflectedParamUpdater(25489): extent() != 1 for single value type: algo.buffers.max-count.values
[        ] D/ReflectedParamUpdater(25489): extent() != 1 for single value type: output.subscribed-indices.values
[        ] D/ReflectedParamUpdater(25489): extent() != 1 for single value type: input.buffers.allocator-ids.values
[        ] D/ReflectedParamUpdater(25489): extent() != 1 for single value type: output.buffers.allocator-ids.values
[        ] D/ReflectedParamUpdater(25489): extent() != 1 for single value type: algo.buffers.allocator-ids.values
[        ] D/ReflectedParamUpdater(25489): extent() != 1 for single value type: output.buffers.pool-ids.values
[        ] D/ReflectedParamUpdater(25489): extent() != 1 for single value type: algo.buffers.pool-ids.values
[        ] I/CCodecConfig(25489): query failed after returning 10 values (BAD_INDEX)
[        ] E/MediaCodec(25489): Media Quality Service not found.
[  +31 ms] D/CodecSeeding(25489): Seed: codec c2.android.aac.encoder, mediatype audio/mp4a-latm, overrideable 1
[        ] D/CodecProperties(25489): setFeatureValue(multiple-frames,0)
[        ] D/CodecProperties(25489): setFeatureValue(_vq_eligible.device,1)
[        ] D/CodecProperties(25489): setFeatureValue(_quality.target,1)
[        ] D/CodecSeeding(25489): Seed: codec c2.android.aac.encoder, mediatype audio/mp4a-latm, overrideable 0
[   +6 ms] W/AString (25489): ctor got NULL, using empty string instead
[   +1 ms] W/Codec2Client(25489): query -- param skipped: index = 1107298332.
[        ] I/CCodecConfig(25489): query failed after returning 10 values (BAD_INDEX)
[        ] E/xample.echosift(25489): Failed to query component interface for required system resources: 6
[   +6 ms] W/Codec2Client(25489): query -- param skipped: index = 1342179345.
[        ] W/Codec2Client(25489): query -- param skipped: index = 2415921170.
[        ] W/Codec2Client(25489): query -- param skipped: index = 3254792206.
[        ] W/Codec2Client(25489): query -- param skipped: index = 3254792194.
[   +5 ms] D/C2Store (25489): debug.c2.use_dmabufheaps set, forcing DMABUF Heaps
[        ] D/C2Store (25489): Using DMABUF Heaps
[        ] D/CCodecBuffers(25489): [c2.android.aac.encoder#411:1D-Output.Impl[N]] converted 0 buffers to array mode of 4
[        ] I/DMABUFHEAPS(25489): Using DMA-BUF heap named: system
[   +6 ms] D/OplusMPEG4Writer(25489): OplusMPEG4Writer [79]: 
[        ] E/Utils   (25489): csd0 too small
[        ] E/ExtendedUtils(25489): csd0 too small
[        ] D/OplusMPEG4Writer(25489): start [226]: 
[   +1 ms] D/MediaCodecEncoder(25489): Output format set: {max-bitrate=128000, sample-rate=44100, buffer-batch-max-output-size=0, buffer-batch-threshold-output-size=0, level=0, mime=audio/mp4a-latm, profile=2, channel-count=2, num-input-slots=4, bitrate=128000, num-output-slots=4, csd-0=java.nio.HeapByteBuffer[pos=0 lim=2 cap=2]}
[  +10 ms] D/OplusScrollToTopManager(25489): com.example.echosift/com.example.echosift.MainActivity,This com.android.internal.policy.DecorView{1e39756 V.E...... R....... 0,0-1240,2772 aid=0 alpha=1.0 viewInfo = }[MainActivity] change focus to true
[   +3 ms] W/VRI[MainActivity](25489): handleResized abandoned!
[+5360 ms] D/BufferPoolAccessor2.0(25489): bufferpool2 0xb400006f80993028 : 5(20480 size) total buffers - 4(16384 size) used buffers - 264/269 (recycle/alloc) - 2/529 (fetch/transfer)
[+5174 ms] D/BufferPoolAccessor2.0(25489): bufferpool2 0xb400006f80993028 : 5(20480 size) total buffers - 4(16384 size) used buffers - 523/528 (recycle/alloc) - 3/1048 (fetch/transfer)
[+5291 ms] D/BufferPoolAccessor2.0(25489): bufferpool2 0xb400006f80993028 : 5(20480 size) total buffers - 4(16384 size) used buffers - 784/789 (recycle/alloc) - 4/1569 (fetch/transfer)
[+2854 ms] I/xample.echosift(25489): Background young concurrent mark compact GC freed 9500KB AllocSpace bytes, 151(2416KB) LOS objects, 79% free, 2943KB/14MB, paused 270us,10.096ms total 34.781ms
[+2314 ms] D/BufferPoolAccessor2.0(25489): bufferpool2 0xb400006f80993028 : 5(20480 size) total buffers - 4(16384 size) used buffers - 1043/1048 (recycle/alloc) - 4/2087 (fetch/transfer)
[+5209 ms] D/BufferPoolAccessor2.0(25489): bufferpool2 0xb400006f80993028 : 5(20480 size) total buffers - 4(16384 size) used buffers - 1300/1305 (recycle/alloc) - 4/2601 (fetch/transfer)
[+5193 ms] D/BufferPoolAccessor2.0(25489): bufferpool2 0xb400006f80993028 : 5(20480 size) total buffers - 4(16384 size) used buffers - 1557/1562 (recycle/alloc) - 4/3115 (fetch/transfer)
[+5297 ms] D/BufferPoolAccessor2.0(25489): bufferpool2 0xb400006f80993028 : 5(20480 size) total buffers - 4(16384 size) used buffers - 1820/1825 (recycle/alloc) - 6/3641 (fetch/transfer)
[+5381 ms] D/BufferPoolAccessor2.0(25489): bufferpool2 0xb400006f80993028 : 5(20480 size) total buffers - 4(16384 size) used buffers - 2088/2093 (recycle/alloc) - 6/4177 (fetch/transfer)
[+5182 ms] D/BufferPoolAccessor2.0(25489): bufferpool2 0xb400006f80993028 : 5(20480 size) total buffers - 4(16384 size) used buffers - 2347/2352 (recycle/alloc) - 8/4695 (fetch/transfer)
[+5204 ms] D/BufferPoolAccessor2.0(25489): bufferpool2 0xb400006f80993028 : 5(20480 size) total buffers - 4(16384 size) used buffers - 2604/2609 (recycle/alloc) - 9/5209 (fetch/transfer)
[+3799 ms] E/IJankManager(25489): slideSceneEnd unknown scene 1000 mScene:-1
[        ] V/AutofillManager(25489): requestHideFillUi(null): anchor = null
[  +80 ms] D/OplusViewDragTouchViewHelper(25489): dispatchTouchView action = 1
[        ] D/ViewRootImplExtImpl(25489): the up motion event handled by client, just return
[  +69 ms] D/AudioRecord(25489): stop(2716): mActive:1
[        ] D/AudioRecord(25489): call mAudioRecord->stop()
[  +86 ms] D/AudioRecord(25489): call AudioRecordThread pause()
[        ] D/AudioRecord(25489): stop(2716) done
[   +1 ms] D/AudioRecord(25489): stop(2716): mActive:0
[   +4 ms] I/AudioRecord(25489): ~AudioRecord(2716): mStatus 0
[   +1 ms] D/AudioRecord(25489): stop(2716): mActive:0
[   +1 ms] I/AudioEffect(25489): Destructor 0xb400006fbbcd2000
[        ] I/AudioEffect(25489): Destructor 0xb400006f7fde2000
[        ] W/AudioSystem(25489): ioConfigChanged() closing unknown input 270
[  +25 ms] W/AidlConversionCppNdk(25489): aidl2legacy_AudioChannelLayout_audio_channel_mask_t: no legacy output audio_channel_mask_t found for AudioChannelLayout{layoutMask: 16}
[        ] W/AidlConversionCppNdk(25489): aidl2legacy_AudioChannelLayout_audio_channel_mask_t: no legacy output audio_channel_mask_t found for AudioChannelLayout{layoutMask: 16}
[        ] I/hw-BpHwBinder(25489): onLastStrongRef automatically unlinking death recipients
[        ] V/MediaWriter(25489): Track event err/info msg:101, trackId:1, type:1000,val:-1011
[        ] D/AtlasEventUploadUtils(25489): setEvent event:atlas_event_video_monitor_network_switch
[        ] D/OplusMPEG4Writer(25489): ~OplusMPEG4Writer [87]: 
[        ] E/MPEG4Writer(25489): Stop() called but track is not started or stopped
[+4449 ms] D/BufferPoolAccessor2.0(25489): bufferpool2 0xb400006f80993028 : 0(0 size) total buffers - 0(0 size) used buffers - 2804/2809 (recycle/alloc) - 9/5608 (fetch/transfer)
[        ] D/BufferPoolAccessor2.0(25489): evictor expired: 1, evicted: 1
[+290038 ms] E/IJankManager(25489): slideSceneEnd unknown scene 1003 mScene:-1
[        ] V/AutofillManager(25489): requestHideFillUi(null): anchor = null
[ +510 ms] I/VelocityTracker(25489): LSQ2 speed rezero
[        ] I/VelocityTracker(25489): LSQ2 speed rezero
[        ] D/OplusViewDragTouchViewHelper(25489): dispatchTouchView action = 1
[        ] I/VelocityTracker(25489): LSQ2 speed rezero
[        ] I/VelocityTracker(25489): LSQ2 speed rezero
[        ] D/ViewRootImplExtImpl(25489): the up motion event handled by client, just return
[ +647 ms] D/VRI[MainActivity](25489): onFocusEvent false
[ +928 ms] D/VRI[MainActivity](25489): setWindowStopped stopped:true
[  +10 ms] I/SurfaceView(25489): 52525238 surfaceDestroyed
[        ] D/BufferQueueProducer(25489): [32178b6 SurfaceView[com.example.echosift/com.example.echosift.MainActivity]#1(BLAST Consumer)1](id:639100000001,api:1,p:25489,c:25489) disconnect: api 1
[   +3 ms] D/BufferQueueProducer(25489): [32178b6 SurfaceView[com.example.echosift/com.example.echosift.MainActivity]#1(BLAST Consumer)1](id:639100000001,api:0,p:-1,c:25489) disconnect: api -1
[        ] D/BLASTBufferQueue(25489): [32178b6 SurfaceView[com.example.echosift/com.example.echosift.MainActivity]#1](f:0,a:1) destructor()
[        ] D/BufferQueueConsumer(25489): [32178b6 SurfaceView[com.example.echosift/com.example.echosift.MainActivity]#1(BLAST Consumer)1](id:639100000001,api:0,p:-1,c:25489) disconnect
[   +5 ms] D/OplusScrollToTopManager(25489): com.example.echosift/com.example.echosift.MainActivity,This com.android.internal.policy.DecorView{1e39756 V.E...... R....... 0,0-1240,2772 aid=0 alpha=1.0 viewInfo = }[MainActivity] change focus to false
[  +15 ms] D/HWUI    (25489): RenderProxy::destroy: this=0xb400007091f43000, mContext=0xb400006fbbd51a00
[        ] D/HWUI    (25489): SkiaOpenGLPipeline::setSurface: this=0xb4000070a0549440, surface=NULL
[        ] D/BufferQueueProducer(25489): [VRI[MainActivity]#0(BLAST Consumer)0](id:639100000000,api:1,p:25489,c:25489) disconnect: api 1
[   +1 ms] D/BLASTBufferQueue(25489): [VRI[MainActivity]#0](f:0,a:1) destructor()
[        ] D/BufferQueueConsumer(25489): [VRI[MainActivity]#0(BLAST Consumer)0](id:639100000000,api:0,p:-1,c:25489) disconnect
[   +1 ms] D/ViewRootImplExtImpl(25489): wrapConfigInfoIntoFlags rotation=0, smallestScreenWidthDp=354, residentWS=false, scenario=0, bounds=Rect(0, 0 - 1240, 2772), relayoutAsync=false, flags=0, newFlags=1453337664, title=com.example.echosift/com.example.echosift.MainActivity
[   +9 ms] D/VRI[MainActivity](25489): relayoutWindow result, sizeChanged:false, surfaceControlChanged:true, transformHintChanged:false, mSurfaceSize:Point(1240, 2772), mLastSurfaceSize:Point(1240, 2772), mWidth:1240, mHeight:2772, requestedWidth:1240, requestedHeight:2772, transformHint:0, installOrientation:0, displayRotation:0, isSurfaceValid:false, attr.flag:-2122252032, tmpFrames:ClientWindowFrames{frame=[0,0][1240,2772] display=[0,0][1240,2772] parentFrame=[0,0][0,0]}, relayoutAsync:false, mSyncSeqId:0
[  +33 ms] D/VRI[MainActivity](25489): dispatchAppVisibility visible:false mUpcomingWindowFocus:false
[+4848 ms] D/VRI[MainActivity](25489): dispatchAppVisibility visible:true mUpcomingWindowFocus:false
[   +6 ms] D/HWUI    (25489): RenderThread::destroyRenderingContext: this=0xb4000070e3a74180
[        ] D/HWUI    (25489): SkiaOpenGLPipeline::onContextDestroyed: this=0xb4000070a0549440
[        ] D/HWUI    (25489): EglManager::destroy: mEglDisplay=0xb4000070e3a9c840, mEglContext=0xb4000070a052e800, mCurrentSurface=0x0
[  +10 ms] D/VRI[MainActivity](25489): setWindowStopped stopped:false
[        ] D/ActivityThread(25489): ComponentInfo{com.example.echosift/com.example.echosift.MainActivity} checkFinished=false 2
[  +22 ms] D/ResourcesManagerExtImpl(25489): applyConfigurationToAppResourcesLocked app.getDisplayId() return callback.displayId:0
[        ] V/AutofillClientController(25489): onActivityResumed()
[   +4 ms] V/AutofillClientController(25489): onActivityPostResumed()
[        ] V/AutofillClientController(25489): onActivityPostResumed(): Relayout fix enabled
[        ] V/AutofillClientController(25489): forResume(): Not attempting refill.
[        ] D/ViewRootImplExtImpl(25489): wrapConfigInfoIntoFlags rotation=0, smallestScreenWidthDp=354, residentWS=false, scenario=0, bounds=Rect(0, 0 - 1240, 2772), relayoutAsync=false, flags=0, newFlags=1453337664, title=com.example.echosift/com.example.echosift.MainActivity
[  +13 ms] D/VRI[MainActivity](25489): relayoutWindow result, sizeChanged:false, surfaceControlChanged:true, transformHintChanged:false, mSurfaceSize:Point(1240, 2772), mLastSurfaceSize:Point(1240, 2772), mWidth:1240, mHeight:2772, requestedWidth:1240, requestedHeight:2772, transformHint:0, installOrientation:0, displayRotation:0, isSurfaceValid:true, attr.flag:-2122252032, tmpFrames:ClientWindowFrames{frame=[0,0][1240,2772] display=[0,0][1240,2772] parentFrame=[0,0][0,0]}, relayoutAsync:false, mSyncSeqId:0
[        ] W/VRI[MainActivity](25489): updateBlastSurfaceIfNeeded, surfaceSize:Point(1240, 2772), lastSurfaceSize:Point(1240, 2772), format:-3, blastBufferQueue:null
[        ] W/libc    (25489): Access denied finding property "vendor.display.enable_optimal_refresh_rate"
[        ] D/BufferQueueConsumer(25489): [](id:639100000002,api:0,p:-1,c:25489) connect: controlledByApp=false
[        ] D/BufferQueueConsumer(25489): [VRI[MainActivity]#2(BLAST Consumer)2](id:639100000002,api:0,p:-1,c:25489) setMaxAcquiredBufferCount: 2
[        ] W/libc    (25489): Access denied finding property "vendor.display.enable_optimal_refresh_rate"
[        ] I/AdrenoGLES-0(25489): QUALCOMM build                   : b82916be04, I507ba793b7
[        ] I/AdrenoGLES-0(25489): Build Date                       : 08/06/25
[        ] I/AdrenoGLES-0(25489): OpenGL ES Shader Compiler Version: EV031.36.08.34
[        ] I/AdrenoGLES-0(25489): Local Branch                     : 
[        ] I/AdrenoGLES-0(25489): Remote Branch                    : refs/tags/AU_LINUX_ANDROID_LA.VENDOR.1.0.R1.11.00.00.816.269
[        ] I/AdrenoGLES-0(25489): Remote Branch                    : NONE
[        ] I/AdrenoGLES-0(25489): Reconstruct Branch               : NOTHING
[        ] I/AdrenoGLES-0(25489): Build Config                     : S P 12.1.1 AArch64
[        ] I/AdrenoGLES-0(25489): Driver Path                      : /vendor/lib64/egl/libGLESv2_adreno.so
[        ] I/AdrenoGLES-0(25489): Driver Version                   : 0615.100
[        ] D/SurfaceView(25489): 52525238, SurfaceView[com.example.echosift/com.example.echosift.MainActivity], layerid: 68107 createBlastSurfaceControls
[        ] W/libc    (25489): Access denied finding property "vendor.display.enable_optimal_refresh_rate"
[        ] D/BufferQueueConsumer(25489): [](id:639100000003,api:0,p:-1,c:25489) connect: controlledByApp=false
[        ] I/AdrenoGLES-0(25489): PFP: 0x01730181, ME: 0x00000000
[        ] D/BufferQueueConsumer(25489): [32178b6 SurfaceView[com.example.echosift/com.example.echosift.MainActivity]#3(BLAST Consumer)3](id:639100000003,api:0,p:-1,c:25489) setMaxAcquiredBufferCount: 2
[        ] W/libc    (25489): Access denied finding property "vendor.display.enable_optimal_refresh_rate"
[        ] I/SurfaceView(25489): 52525238 visibleChanged -- surfaceCreated 
[        ] D/BufferQueueProducer(25489): [32178b6 SurfaceView[com.example.echosift/com.example.echosift.MainActivity]#3(BLAST Consumer)3](id:639100000003,api:1,p:25489,c:25489) connect: api=1 producerControlledByApp=true
[        ] D/Surface (25489): Surface::dispatchSetGameApi
[        ] D/Surface (25489): dispatchSetGameApi pid[25489] tid[25918] GameApi[1]
[        ] D/Surface (25489): dispatchSetGameApi res:0
[        ] D/vulkan  (25489): set game api vulkan successfully
[        ] D/BLASTBufferQueue(25489): 32178b6 SurfaceView[com.example.echosift/com.example.echosift.MainActivity]#3 getBufferCacheFlag 0
[        ] D/BLASTBufferQueue(25489): 32178b6 SurfaceView[com.example.echosift/com.example.echosift.MainActivity]#3 getMaxAcquireBufferCount 2
[        ] D/BLASTBufferQueue(25489): 32178b6 SurfaceView[com.example.echosift/com.example.echosift.MainActivity]#3 getOrignalMaxAcquireBufferCount 2
[        ] E/qdgralloc(25489): GetSize: Unrecognized pixel format: 0x38
[        ] E/Gralloc4(25489): isSupported(1, 1, 56, 1, ...) failed with 5
[        ] E/GraphicBufferAllocator(25489): Failed to allocate (4 x 4) layerCount 1 format 56 usage b00: 5
[        ] E/AHardwareBuffer(25489): GraphicBuffer(w=4, h=4, lc=1) failed (Unknown error -5), handle=0x0
[        ] E/qdgralloc(25489): GetSize: Unrecognized pixel format: 0x3b
[        ] E/Gralloc4(25489): isSupported(1, 1, 59, 1, ...) failed with 5
[        ] E/GraphicBufferAllocator(25489): Failed to allocate (4 x 4) layerCount 1 format 59 usage b00: 5
[        ] E/AHardwareBuffer(25489): GraphicBuffer(w=4, h=4, lc=1) failed (Unknown error -5), handle=0x0
[        ] E/qdgralloc(25489): GetSize: Unrecognized pixel format: 0x38
[        ] E/Gralloc4(25489): isSupported(1, 1, 56, 1, ...) failed with 5
[        ] E/GraphicBufferAllocator(25489): Failed to allocate (4 x 4) layerCount 1 format 56 usage b00: 5
[        ] E/AHardwareBuffer(25489): GraphicBuffer(w=4, h=4, lc=1) failed (Unknown error -5), handle=0x0
[        ] E/qdgralloc(25489): GetSize: Unrecognized pixel format: 0x3b
[        ] E/Gralloc4(25489): isSupported(1, 1, 59, 1, ...) failed with 5
[        ] E/GraphicBufferAllocator(25489): Failed to allocate (4 x 4) layerCount 1 format 59 usage b00: 5
[        ] E/AHardwareBuffer(25489): GraphicBuffer(w=4, h=4, lc=1) failed (Unknown error -5), handle=0x0
[        ] D/BLASTBufferQueue(25489): 32178b6 SurfaceView[com.example.echosift/com.example.echosift.MainActivity]#3 getBufferCacheFlag 0
[        ] D/BLASTBufferQueue(25489): 32178b6 SurfaceView[com.example.echosift/com.example.echosift.MainActivity]#3 getMaxAcquireBufferCount 2
[        ] D/BLASTBufferQueue(25489): 32178b6 SurfaceView[com.example.echosift/com.example.echosift.MainActivity]#3 getOrignalMaxAcquireBufferCount 2
[   +2 ms] D/HWUI    (25489): createSurface new attribs array
[        ] D/libEGL  (25489): this is from skia gles
[        ] D/BufferQueueProducer(25489): [VRI[MainActivity]#2(BLAST Consumer)2](id:639100000002,api:1,p:25489,c:25489) connect: api=1 producerControlledByApp=true
[        ] D/SurfaceView(25489): 52525238 handleSyncNoBuffer
[        ] I/SurfaceControl(25489):  setExtendedRangeBrightness sc=Surface(name=com.example.echosift/com.example.echosift.MainActivity)/@0x401f0cb,currentBufferRatio=1.0,desiredRatio=1.0
[        ] D/SurfaceView(25489): 52525238 dispatchDraw mDrawFinished true isAboveParent false (mPrivateFlags & PFLAG_SKIP_DRAW) 128
[        ] D/SurfaceView(25489): 52525238 clearSurfaceViewPort mCornerRadius 0.0
[   +1 ms] D/BLASTBufferQueue(25489): [VRI[MainActivity]#2](f:0,a:1) acquireNextBufferLocked size=1240x2772 mFrameNumber=1 applyTransaction=true mTimestamp=380530262304627(auto) mPendingTransactions.size=0 graphicBufferId=109474421407783 transform=0
[        ] D/VRI[MainActivity](25489): Received frameCommittedCallback lastAttemptedDrawFrameNum=1 didProduceBuffer=true syncBuffer=false
[        ] D/ResourcesManagerExtImpl(25489): applyConfigurationToAppResourcesLocked app.getDisplayId() return callback.displayId:0
[   +3 ms] W/VRI[MainActivity](25489): handleResized, msg:, frameChanged:false, configChanged:false, displayChanged:false, attachedFrameChanged:false, compatScaleChanged:false, pendingDragResizing=false
[   +1 ms] D/VRI[MainActivity](25489): Received frameCommittedCallback lastAttemptedDrawFrameNum=2 didProduceBuffer=false syncBuffer=false
[        ] D/VRI[MainActivity](25489): draw finished. seqId=0
[   +9 ms] D/BLASTBufferQueue(25489): [32178b6 SurfaceView[com.example.echosift/com.example.echosift.MainActivity]#3](f:0,a:1) acquireNextBufferLocked size=1240x2772 mFrameNumber=1 applyTransaction=true mTimestamp=380530277412075(auto) mPendingTransactions.size=0 graphicBufferId=109474421407778 transform=0
[   +1 ms] D/VRI[MainActivity](25489): draw finished. seqId=0
[        ] D/SurfaceView(25489): 52525238 finishedDrawing
[        ] D/SurfaceView(25489): 52525238 performDrawFinished mAttachedToWindow true
[   +4 ms] D/SurfaceView(25489): 52525238 dispatchDraw mDrawFinished true isAboveParent false (mPrivateFlags & PFLAG_SKIP_DRAW) 128
[        ] D/SurfaceView(25489): 52525238 clearSurfaceViewPort mCornerRadius 0.0
[  +13 ms] D/VRI[MainActivity](25489): onFocusEvent true
[   +6 ms] D/InsetsController(25489): hide(ime(), fromIme=false)
[        ] I/ImeTracker(25489): com.example.echosift:6e5a8133: onCancelled at PHASE_CLIENT_ALREADY_HIDDEN
[ +999 ms] D/OplusScrollToTopManager(25489): com.example.echosift/com.example.echosift.MainActivity,This com.android.internal.policy.DecorView{1e39756 V.E...... R....... 0,0-1240,2772 aid=0 alpha=1.0 viewInfo = }[MainActivity] change focus to true
[+229774 ms] D/VRI[MainActivity](25489): onFocusEvent false
[ +839 ms] D/VRI[MainActivity](25489): setWindowStopped stopped:true
[        ] I/SurfaceView(25489): 52525238 surfaceDestroyed
[   +2 ms] D/BufferQueueProducer(25489): [32178b6 SurfaceView[com.example.echosift/com.example.echosift.MainActivity]#3(BLAST Consumer)3](id:639100000003,api:1,p:25489,c:25489) disconnect: api 1
[   +1 ms] D/BufferQueueProducer(25489): [32178b6 SurfaceView[com.example.echosift/com.example.echosift.MainActivity]#3(BLAST Consumer)3](id:639100000003,api:0,p:-1,c:25489) disconnect: api -1
[        ] D/BLASTBufferQueue(25489): [32178b6 SurfaceView[com.example.echosift/com.example.echosift.MainActivity]#3](f:0,a:1) destructor()
[        ] D/BufferQueueConsumer(25489): [32178b6 SurfaceView[com.example.echosift/com.example.echosift.MainActivity]#3(BLAST Consumer)3](id:639100000003,api:0,p:-1,c:25489) disconnect
[  +14 ms] D/HWUI    (25489): RenderProxy::destroy: this=0xb400007091f43000, mContext=0xb400006fbbd51a00
[   +2 ms] D/HWUI    (25489): SkiaOpenGLPipeline::setSurface: this=0xb4000070a0549440, surface=NULL
[        ] D/BufferQueueProducer(25489): [VRI[MainActivity]#2(BLAST Consumer)2](id:639100000002,api:1,p:25489,c:25489) disconnect: api 1
[        ] D/BLASTBufferQueue(25489): [VRI[MainActivity]#2](f:0,a:1) destructor()
[        ] D/BufferQueueConsumer(25489): [VRI[MainActivity]#2(BLAST Consumer)2](id:639100000002,api:0,p:-1,c:25489) disconnect
[        ] D/ViewRootImplExtImpl(25489): wrapConfigInfoIntoFlags rotation=0, smallestScreenWidthDp=354, residentWS=false, scenario=0, bounds=Rect(0, 0 - 1240, 2772), relayoutAsync=false, flags=0, newFlags=1453337664, title=com.example.echosift/com.example.echosift.MainActivity
[   +8 ms] D/VRI[MainActivity](25489): relayoutWindow result, sizeChanged:false, surfaceControlChanged:true, transformHintChanged:false, mSurfaceSize:Point(1240, 2772), mLastSurfaceSize:Point(1240, 2772), mWidth:1240, mHeight:2772, requestedWidth:1240, requestedHeight:2772, transformHint:0, installOrientation:0, displayRotation:0, isSurfaceValid:false, attr.flag:-2122252032, tmpFrames:ClientWindowFrames{frame=[0,0][1240,2772] display=[0,0][1240,2772] parentFrame=[0,0][0,0]}, relayoutAsync:false, mSyncSeqId:0
[   +5 ms] D/VRI[MainActivity](25489): dispatchAppVisibility visible:false mUpcomingWindowFocus:false
[  +89 ms] D/OplusScrollToTopManager(25489): com.example.echosift/com.example.echosift.MainActivity,This com.android.internal.policy.DecorView{1e39756 I.E...... R.....ID 0,0-1240,2772 aid=0 alpha=1.0 viewInfo = }[MainActivity] change focus to false
[ +644 ms] Service protocol connection closed.
[   +1 ms] Lost connection to device.
[  +22 ms] DevFS: Deleting filesystem on the device (file:///data/user/0/com.example.echosift/code_cache/frontendAJXDCJ/frontend/)
[   +7 ms] DevFS: Deleted filesystem on the device (file:///data/user/0/com.example.echosift/code_cache/frontendAJXDCJ/frontend/)
[  +21 ms] "flutter run" took 10,41,659ms.
[  +38 ms] Running 3 shutdown hooks
[   +5 ms] Shutdown hooks complete
[ +192 ms] exiting with code 0
